Mono path[0] = 'C:/Users/Alienware/Documents/范志毅VS赵鹏/范志毅VS赵鹏 PC双人版（32位）/范志毅VS赵鹏 PC双人版（32位）/AI Mod Source/build/ability-test-player-original/FanZhiYi_Data/Managed'
Mono config path = 'C:/Users/Alienware/Documents/范志毅VS赵鹏/范志毅VS赵鹏 PC双人版（32位）/范志毅VS赵鹏 PC双人版（32位）/AI Mod Source/build/ability-test-player-original/MonoBleedingEdge/etc'
AS: AutoStreaming module initializing.Initialize engine version: 2019.4.33f1c1 (c2f94a8bebb3)
[Subsystems] Discovering subsystems at path C:/Users/Alienware/Documents/范志毅VS赵鹏/范志毅VS赵鹏 PC双人版（32位）/范志毅VS赵鹏 PC双人版（32位）/AI Mod Source/build/ability-test-player-original/FanZhiYi_Data/UnitySubsystems
GfxDevice: creating device client; threaded=1
Direct3D:
    Version:  Direct3D 11.0 [level 11.1]
    Renderer: NVIDIA GeForce RTX 5070 Laptop GPU (ID=0x2d58)
    Vendor:   (null)
    VRAM:     3072 MB
    Driver:   32.0.15.9608
Begin MonoManager ReloadAssembly
- Completed reload, in  1.955 seconds
<RI> Initializing input.
<RI> Input initialized.
<RI> Initialized touch support.
UnloadTime: 0.657100 ms
ABILITY PASS default 4/4/4 uses twelve existing points 
(Filename: E:\unity\Runtime/Export/Debug/Debug.bindings.h Line: 39)

ABILITY PASS no free extra points 
(Filename: E:\unity\Runtime/Export/Debug/Debug.bindings.h Line: 39)

ABILITY PASS skill costs exactly two from same budget 
(Filename: E:\unity\Runtime/Export/Debug/Debug.bindings.h Line: 39)

ABILITY PASS overbudget purchase rejected 
(Filename: E:\unity\Runtime/Export/Debug/Debug.bindings.h Line: 39)

ABILITY PASS refund restores budget 
(Filename: E:\unity\Runtime/Export/Debug/Debug.bindings.h Line: 39)

ABILITY PASS 10/1/1 valid and maximum enforced 
(Filename: E:\unity\Runtime/Export/Debug/Debug.bindings.h Line: 39)

ABILITY PASS negative levels rejected 
(Filename: E:\unity\Runtime/Export/Debug/Debug.bindings.h Line: 39)

ABILITY PASS 500 random AI builds respect budget, cap and purchased skills 
(Filename: E:\unity\Runtime/Export/Debug/Debug.bindings.h Line: 39)

ABILITY PASS four is baseline and each redistributed point is ten percent 
(Filename: E:\unity\Runtime/Export/Debug/Debug.bindings.h Line: 39)

ABILITY PASS main menu available 
(Filename: E:\unity\Runtime/Export/Debug/Debug.bindings.h Line: 39)

ABILITY PASS start button available 
(Filename: E:\unity\Runtime/Export/Debug/Debug.bindings.h Line: 39)

ABILITY PASS third game style visible 
(Filename: E:\unity\Runtime/Export/Debug/Debug.bindings.h Line: 39)

ABILITY PASS build mode chooses opponent before allocation 
(Filename: E:\unity\Runtime/Export/Debug/Debug.bindings.h Line: 39)

ABILITY PASS allocation overlay opens before match 
(Filename: E:\unity\Runtime/Export/Debug/Debug.bindings.h Line: 39)

ABILITY PASS both players see all ten cross-character skills 
(Filename: E:\unity\Runtime/Export/Debug/Debug.bindings.h Line: 39)

ABILITY PASS return cancels allocation without loading match 
(Filename: E:\unity\Runtime/Export/Debug/Debug.bindings.h Line: 39)

Unloading 5 Unused Serialized files (Serialized files now loaded: 0)
UnloadTime: 0.266600 ms

Unloading 143 unused Assets to reduce memory usage. Loaded Objects now: 1014.
Total: 0.516100 ms (FindLiveObjects: 0.039400 ms CreateObjectMapping: 0.008800 ms MarkObjects: 0.184000 ms  DeleteObjects: 0.283600 ms)

ABILITY PASS pitch photographed with players, ball and match HUD hidden 
(Filename: E:\unity\Runtime/Export/Debug/Debug.bindings.h Line: 39)

ABILITY PASS zero jump has zero ordinary impulse 
(Filename: E:\unity\Runtime/Export/Debug/Debug.bindings.h Line: 39)

ABILITY PASS zero jump plus aerial fortress still jumps 
(Filename: E:\unity\Runtime/Export/Debug/Debug.bindings.h Line: 39)

ABILITY PASS zero jump plus emergency rescue permits rescue jump 
(Filename: E:\unity\Runtime/Export/Debug/Debug.bindings.h Line: 39)

ABILITY PASS maximum jump rapidly lifts connected physical rig 
(Filename: E:\unity\Runtime/Export/Debug/Debug.bindings.h Line: 39)

ABILITY PASS maximum jump joint safety error=0.0009975032 
(Filename: E:\unity\Runtime/Export/Debug/Debug.bindings.h Line: 39)

ABILITY PASS S triggers rapid descent 
(Filename: E:\unity\Runtime/Export/Debug/Debug.bindings.h Line: 39)

ABILITY PASS descent retains connected skeleton 
(Filename: E:\unity\Runtime/Export/Debug/Debug.bindings.h Line: 39)

Unloading 4 Unused Serialized files (Serialized files now loaded: 0)
UnloadTime: 0.414800 ms

Unloading 37 unused Assets to reduce memory usage. Loaded Objects now: 1058.
Total: 1.516400 ms (FindLiveObjects: 0.039100 ms CreateObjectMapping: 0.008500 ms MarkObjects: 0.243700 ms  DeleteObjects: 1.224800 ms)

ABILITY PASS zero contest falls upon contact 
(Filename: E:\unity\Runtime/Export/Debug/Debug.bindings.h Line: 39)

ABILITY PASS maximum contest remains braced against zero 
(Filename: E:\unity\Runtime/Export/Debug/Debug.bindings.h Line: 39)

ABILITY PASS folded opponent keeps joints connected 
(Filename: E:\unity\Runtime/Export/Debug/Debug.bindings.h Line: 39)

ABILITY PASS purchased tackle works even at zero contest 
(Filename: E:\unity\Runtime/Export/Debug/Debug.bindings.h Line: 39)

Unloading 4 Unused Serialized files (Serialized files now loaded: 0)
UnloadTime: 0.293600 ms

Unloading 2 unused Assets to reduce memory usage. Loaded Objects now: 1058.
Total: 1.283800 ms (FindLiveObjects: 0.031500 ms CreateObjectMapping: 0.007700 ms MarkObjects: 0.190700 ms  DeleteObjects: 1.053500 ms)

ABILITY PASS Fan can buy rescue and start towards left own goal 
(Filename: E:\unity\Runtime/Export/Debug/Debug.bindings.h Line: 39)

ABILITY PASS low rescue waits for jump clearance instead of own-goal shove 
(Filename: E:\unity\Runtime/Export/Debug/Debug.bindings.h Line: 39)

ABILITY PASS adaptive rescue respects double-speed ceiling 
(Filename: E:\unity\Runtime/Export/Debug/Debug.bindings.h Line: 39)

ABILITY PASS mirrored Fan rescue requests low-ball jump 
(Filename: E:\unity\Runtime/Export/Debug/Debug.bindings.h Line: 39)

ABILITY PASS live Fan rescue retreats left 
(Filename: E:\unity\Runtime/Export/Debug/Debug.bindings.h Line: 39)

ABILITY PASS live rescue retains rig error=0.08955087 
(Filename: E:\unity\Runtime/Export/Debug/Debug.bindings.h Line: 39)

ABILITY PASS live mirrored rescue does not score own goal 
(Filename: E:\unity\Runtime/Export/Debug/Debug.bindings.h Line: 39)

ABILITY PASS rally reset clears rescue 
(Filename: E:\unity\Runtime/Export/Debug/Debug.bindings.h Line: 39)

Unloading 4 Unused Serialized files (Serialized files now loaded: 0)
UnloadTime: 0.262500 ms

Unloading 2 unused Assets to reduce memory usage. Loaded Objects now: 1058.
Total: 1.318600 ms (FindLiveObjects: 0.032700 ms CreateObjectMapping: 0.007700 ms MarkObjects: 0.214100 ms  DeleteObjects: 1.063900 ms)

ABILITY PASS zero shooting ordinary ball is weak 
(Filename: E:\unity\Runtime/Export/Debug/Debug.bindings.h Line: 39)

ABILITY PASS zero shooting purchased leaf flight remains armed 
(Filename: E:\unity\Runtime/Export/Debug/Debug.bindings.h Line: 39)

ABILITY PASS zero shooting purchased burst retains skill strength 
(Filename: E:\unity\Runtime/Export/Debug/Debug.bindings.h Line: 39)

ABILITY PASS maximum shooting frequently curves towards opponent upper corner count=43 
(Filename: E:\unity\Runtime/Export/Debug/Debug.bindings.h Line: 39)

ABILITY PASS pause suppresses ability actions 
(Filename: E:\unity\Runtime/Export/Debug/Debug.bindings.h Line: 39)

Unloading 4 Unused Serialized files (Serialized files now loaded: 0)
UnloadTime: 0.255100 ms

Unloading 2 unused Assets to reduce memory usage. Loaded Objects now: 1058.
Total: 1.223100 ms (FindLiveObjects: 0.031600 ms CreateObjectMapping: 0.008200 ms MarkObjects: 0.210700 ms  DeleteObjects: 0.972200 ms)

ABILITY PASS ordinary shot speed, contest gain and jump HEIGHT use equal ten-percent schedule 
(Filename: E:\unity\Runtime/Export/Debug/Debug.bindings.h Line: 39)

ABILITY PASS equal maximum contest does not arbitrarily auto-win 
(Filename: E:\unity\Runtime/Export/Debug/Debug.bindings.h Line: 39)

ABILITY PASS extreme shooting still respects solid crossbar 
(Filename: E:\unity\Runtime/Export/Debug/Debug.bindings.h Line: 39)

Unloading 4 Unused Serialized files (Serialized files now loaded: 0)
UnloadTime: 0.277600 ms

Unloading 2 unused Assets to reduce memory usage. Loaded Objects now: 1058.
Total: 1.270600 ms (FindLiveObjects: 0.056900 ms CreateObjectMapping: 0.008000 ms MarkObjects: 0.279800 ms  DeleteObjects: 0.925300 ms)

ABILITY PASS zero shooting purchased cannon header launches on REAL head collision 
(Filename: E:\unity\Runtime/Export/Debug/Debug.bindings.h Line: 39)

ABILITY PASS purchased header retains connected rig 
(Filename: E:\unity\Runtime/Export/Debug/Debug.bindings.h Line: 39)

Unloading 4 Unused Serialized files (Serialized files now loaded: 0)
UnloadTime: 0.274400 ms

Unloading 4 unused Assets to reduce memory usage. Loaded Objects now: 1058.
Total: 1.133200 ms (FindLiveObjects: 0.030700 ms CreateObjectMapping: 0.008100 ms MarkObjects: 0.181900 ms  DeleteObjects: 0.912100 ms)

ABILITY PASS maximum shooting launches only from REAL eligible leg contact 
(Filename: E:\unity\Runtime/Export/Debug/Debug.bindings.h Line: 39)

ABILITY PASS live maximum shooting keeps physical rig 
(Filename: E:\unity\Runtime/Export/Debug/Debug.bindings.h Line: 39)

Unloading 4 Unused Serialized files (Serialized files now loaded: 0)
UnloadTime: 0.264700 ms

Unloading 3 unused Assets to reduce memory usage. Loaded Objects now: 1058.
Total: 1.309000 ms (FindLiveObjects: 0.031900 ms CreateObjectMapping: 0.008200 ms MarkObjects: 0.249700 ms  DeleteObjects: 1.018800 ms)

ABILITY PASS both actors can buy original physical IK magnetic foot 
(Filename: E:\unity\Runtime/Export/Debug/Debug.bindings.h Line: 39)

ABILITY PASS purchased magnetic foot reaches real near-ground ball actor=Fan 
(Filename: E:\unity\Runtime/Export/Debug/Debug.bindings.h Line: 39)

ABILITY PASS purchased magnetic foot reaches real near-ground ball actor=Zhao 
(Filename: E:\unity\Runtime/Export/Debug/Debug.bindings.h Line: 39)

ABILITY PASS native menu prefab present TeachPanel 
(Filename: E:\unity\Runtime/Export/Debug/Debug.bindings.h Line: 39)

ABILITY PASS empty pitch photo installed in TeachPanel 
(Filename: E:\unity\Runtime/Export/Debug/Debug.bindings.h Line: 39)

ABILITY PASS native menu prefab present SettingPanel 
(Filename: E:\unity\Runtime/Export/Debug/Debug.bindings.h Line: 39)

ABILITY PASS empty pitch photo installed in SettingPanel 
(Filename: E:\unity\Runtime/Export/Debug/Debug.bindings.h Line: 39)

ABILITY PASS native menu prefab present RankPanel 
(Filename: E:\unity\Runtime/Export/Debug/Debug.bindings.h Line: 39)

ABILITY PASS empty pitch photo installed in RankPanel 
(Filename: E:\unity\Runtime/Export/Debug/Debug.bindings.h Line: 39)

ABILITY PASS native menu prefab present PausePanel 
(Filename: E:\unity\Runtime/Export/Debug/Debug.bindings.h Line: 39)

ABILITY PASS empty pitch photo installed in PausePanel 
(Filename: E:\unity\Runtime/Export/Debug/Debug.bindings.h Line: 39)

ABILITY PASS native menu prefab present OverPanel 
(Filename: E:\unity\Runtime/Export/Debug/Debug.bindings.h Line: 39)

ABILITY PASS empty pitch photo installed in OverPanel 
(Filename: E:\unity\Runtime/Export/Debug/Debug.bindings.h Line: 39)

ABILITY PASS native menu prefab present BuyPanel 
(Filename: E:\unity\Runtime/Export/Debug/Debug.bindings.h Line: 39)

ABILITY PASS empty pitch photo installed in BuyPanel 
(Filename: E:\unity\Runtime/Export/Debug/Debug.bindings.h Line: 39)

ABILITY PASS native menu prefab present SavePanel 
(Filename: E:\unity\Runtime/Export/Debug/Debug.bindings.h Line: 39)

ABILITY PASS empty pitch photo installed in SavePanel 
(Filename: E:\unity\Runtime/Export/Debug/Debug.bindings.h Line: 39)

ABILITY PASS cover prefab preserved without replacing artwork 
(Filename: E:\unity\Runtime/Export/Debug/Debug.bindings.h Line: 39)

Unloading 4 Unused Serialized files (Serialized files now loaded: 0)
UnloadTime: 0.332800 ms

Unloading 550 unused Assets to reduce memory usage. Loaded Objects now: 1061.
Total: 1.538000 ms (FindLiveObjects: 0.040200 ms CreateObjectMapping: 0.020200 ms MarkObjects: 0.249800 ms  DeleteObjects: 1.227500 ms)

ABILITY PASS AI reads assigned jump capability 
(Filename: E:\unity\Runtime/Export/Debug/Debug.bindings.h Line: 39)

Unloading 4 Unused Serialized files (Serialized files now loaded: 0)
UnloadTime: 0.262900 ms

Unloading 2 unused Assets to reduce memory usage. Loaded Objects now: 1061.
Total: 1.186100 ms (FindLiveObjects: 0.032100 ms CreateObjectMapping: 0.008500 ms MarkObjects: 0.220100 ms  DeleteObjects: 0.925000 ms)

ABILITY PASS zero-jump AI does not invent ordinary jump height 
(Filename: E:\unity\Runtime/Export/Debug/Debug.bindings.h Line: 39)

Unloading 4 Unused Serialized files (Serialized files now loaded: 0)
UnloadTime: 0.264200 ms

Unloading 2 unused Assets to reduce memory usage. Loaded Objects now: 1061.
Total: 1.269600 ms (FindLiveObjects: 0.045200 ms CreateObjectMapping: 0.017700 ms MarkObjects: 0.246000 ms  DeleteObjects: 0.960400 ms)

ABILITY PASS AI uses ordinary kick to activate purchased leaf skill 
(Filename: E:\unity\Runtime/Export/Debug/Debug.bindings.h Line: 39)

Unloading 4 Unused Serialized files (Serialized files now loaded: 0)
UnloadTime: 0.282100 ms

Unloading 2 unused Assets to reduce memory usage. Loaded Objects now: 1061.
Total: 1.531100 ms (FindLiveObjects: 0.053900 ms CreateObjectMapping: 0.016100 ms MarkObjects: 0.338700 ms  DeleteObjects: 1.121900 ms)

ABILITY PASS maximum-jump AI predicts actual attainable height 
(Filename: E:\unity\Runtime/Export/Debug/Debug.bindings.h Line: 39)

ABILITY PASS classic jump unaffected after leaving allocation mode 
(Filename: E:\unity\Runtime/Export/Debug/Debug.bindings.h Line: 39)

ABILITY PASS classic movement unaffected 
(Filename: E:\unity\Runtime/Export/Debug/Debug.bindings.h Line: 39)

ABILITY COMPLETE checks=72 failures=0 
(Filename: E:\unity\Runtime/Export/Debug/Debug.bindings.h Line: 39)

Setting up 12 worker threads for Enlighten.
  Thread -> id: 3b14 -> priority: 1 
  Thread -> id: 22cc -> priority: 1 
  Thread -> id: 3a98 -> priority: 1 
  Thread -> id: 78b0 -> priority: 1 
  Thread -> id: 87bc -> priority: 1 
  Thread -> id: 88f4 -> priority: 1 
  Thread -> id: 2850 -> priority: 1 
  Thread -> id: 5c4 -> priority: 1 
  Thread -> id: 3eec -> priority: 1 
  Thread -> id: 3e4 -> priority: 1 
  Thread -> id: 9214 -> priority: 1 
  Thread -> id: 47ac -> priority: 1 
Curl error 42: Callback aborted
 
(Filename:  Line: 867)

