Mono path[0] = 'C:/Users/Alienware/Documents/范志毅VS赵鹏/范志毅VS赵鹏 PC双人版（32位）/范志毅VS赵鹏 PC双人版（32位）/AI Mod Source/build/ability-test-player-experiment/FanZhiYi_Data/Managed'
Mono config path = 'C:/Users/Alienware/Documents/范志毅VS赵鹏/范志毅VS赵鹏 PC双人版（32位）/范志毅VS赵鹏 PC双人版（32位）/AI Mod Source/build/ability-test-player-experiment/MonoBleedingEdge/etc'
AS: AutoStreaming module initializing.Initialize engine version: 2019.4.33f1c1 (c2f94a8bebb3)
[Subsystems] Discovering subsystems at path C:/Users/Alienware/Documents/范志毅VS赵鹏/范志毅VS赵鹏 PC双人版（32位）/范志毅VS赵鹏 PC双人版（32位）/AI Mod Source/build/ability-test-player-experiment/FanZhiYi_Data/UnitySubsystems
GfxDevice: creating device client; threaded=1
Direct3D:
    Version:  Direct3D 11.0 [level 11.1]
    Renderer: NVIDIA GeForce RTX 5070 Laptop GPU (ID=0x2d58)
    Vendor:   (null)
    VRAM:     3072 MB
    Driver:   32.0.15.9608
Begin MonoManager ReloadAssembly
- Completed reload, in  0.091 seconds
<RI> Initializing input.
<RI> Input initialized.
<RI> Initialized touch support.
UnloadTime: 0.510300 ms
Unloading 5 Unused Serialized files (Serialized files now loaded: 0)
UnloadTime: 0.162300 ms

Unloading 143 unused Assets to reduce memory usage. Loaded Objects now: 1013.
Total: 0.585500 ms (FindLiveObjects: 0.058100 ms CreateObjectMapping: 0.019000 ms MarkObjects: 0.238200 ms  DeleteObjects: 0.269600 ms)

BURSTRANGE PASS keypad 0 selects kick, never header 
(Filename: E:\unity\Runtime/Export/Debug/Debug.bindings.h Line: 39)

BURSTRANGE PASS right Shift selects header, never kick 
(Filename: E:\unity\Runtime/Export/Debug/Debug.bindings.h Line: 39)

BURSTRANGE PASS L selects Fan powered native kick 
(Filename: E:\unity\Runtime/Export/Debug/Debug.bindings.h Line: 39)

BURSTRANGE PASS double ordinary shooting no longer arms burst 
(Filename: E:\unity\Runtime/Export/Debug/Debug.bindings.h Line: 39)

BURSTRANGE PASS round reset clears powered shooting request 
(Filename: E:\unity\Runtime/Export/Debug/Debug.bindings.h Line: 39)

Unloading 4 Unused Serialized files (Serialized files now loaded: 0)
UnloadTime: 0.713200 ms

Unloading 37 unused Assets to reduce memory usage. Loaded Objects now: 1063.
Total: 1.150000 ms (FindLiveObjects: 0.061300 ms CreateObjectMapping: 0.012600 ms MarkObjects: 0.183700 ms  DeleteObjects: 0.892100 ms)

BURSTRANGE CONTACT R_LowLeg height=-0.2616196 accepted=True 
(Filename: E:\unity\Runtime/Export/Debug/Debug.bindings.h Line: 39)

BURSTRANGE PASS native kick action actually ran Fan powered=False skills=False 
(Filename: E:\unity\Runtime/Export/Debug/Debug.bindings.h Line: 39)

BURSTRANGE PASS one real contact launch, ordinary shot has none Fan powered=False launches=0 skills=False 
(Filename: E:\unity\Runtime/Export/Debug/Debug.bindings.h Line: 39)

BURSTRANGE PASS shooting keeps the connected skeleton Fan error=0.06852366 
(Filename: E:\unity\Runtime/Export/Debug/Debug.bindings.h Line: 39)

BURSTRANGE PASS classic power shot requires no special skill component 
(Filename: E:\unity\Runtime/Export/Debug/Debug.bindings.h Line: 39)

Unloading 4 Unused Serialized files (Serialized files now loaded: 0)
UnloadTime: 0.276500 ms

Unloading 3 unused Assets to reduce memory usage. Loaded Objects now: 1063.
Total: 1.244600 ms (FindLiveObjects: 0.055200 ms CreateObjectMapping: 0.016900 ms MarkObjects: 0.221800 ms  DeleteObjects: 0.950300 ms)

BURSTRANGE CONTACT R_LowLeg height=-0.2616196 accepted=True 
(Filename: E:\unity\Runtime/Export/Debug/Debug.bindings.h Line: 39)

BURSTRANGE PASS native kick action actually ran Fan powered=True skills=False 
(Filename: E:\unity\Runtime/Export/Debug/Debug.bindings.h Line: 39)

BURSTRANGE PASS one real contact launch, ordinary shot has none Fan powered=True launches=1 skills=False 
(Filename: E:\unity\Runtime/Export/Debug/Debug.bindings.h Line: 39)

BURSTRANGE PASS Fan real collision ball speed +20% ratio=1.2 
(Filename: E:\unity\Runtime/Export/Debug/Debug.bindings.h Line: 39)

BURSTRANGE PASS shooting keeps the connected skeleton Fan error=0.06852366 
(Filename: E:\unity\Runtime/Export/Debug/Debug.bindings.h Line: 39)

BURSTRANGE PASS classic power shot requires no special skill component 
(Filename: E:\unity\Runtime/Export/Debug/Debug.bindings.h Line: 39)

Unloading 4 Unused Serialized files (Serialized files now loaded: 0)
UnloadTime: 0.315700 ms

Unloading 3 unused Assets to reduce memory usage. Loaded Objects now: 1063.
Total: 1.191700 ms (FindLiveObjects: 0.034100 ms CreateObjectMapping: 0.008100 ms MarkObjects: 0.183500 ms  DeleteObjects: 0.965700 ms)

BURSTRANGE CONTACT L_LowLeg height=-0.2446062 accepted=True 
(Filename: E:\unity\Runtime/Export/Debug/Debug.bindings.h Line: 39)

BURSTRANGE PASS native kick action actually ran Zhao powered=False skills=False 
(Filename: E:\unity\Runtime/Export/Debug/Debug.bindings.h Line: 39)

BURSTRANGE PASS one real contact launch, ordinary shot has none Zhao powered=False launches=0 skills=False 
(Filename: E:\unity\Runtime/Export/Debug/Debug.bindings.h Line: 39)

BURSTRANGE PASS shooting keeps the connected skeleton Zhao error=0.1011824 
(Filename: E:\unity\Runtime/Export/Debug/Debug.bindings.h Line: 39)

BURSTRANGE PASS classic power shot requires no special skill component 
(Filename: E:\unity\Runtime/Export/Debug/Debug.bindings.h Line: 39)

Unloading 4 Unused Serialized files (Serialized files now loaded: 0)
UnloadTime: 0.273500 ms

Unloading 3 unused Assets to reduce memory usage. Loaded Objects now: 1063.
Total: 1.107800 ms (FindLiveObjects: 0.032400 ms CreateObjectMapping: 0.008100 ms MarkObjects: 0.180700 ms  DeleteObjects: 0.886200 ms)

BURSTRANGE CONTACT L_LowLeg height=-0.2446062 accepted=True 
(Filename: E:\unity\Runtime/Export/Debug/Debug.bindings.h Line: 39)

BURSTRANGE CONTACT R_LowLeg height=-0.05102587 accepted=True 
(Filename: E:\unity\Runtime/Export/Debug/Debug.bindings.h Line: 39)

BURSTRANGE PASS native kick action actually ran Zhao powered=True skills=False 
(Filename: E:\unity\Runtime/Export/Debug/Debug.bindings.h Line: 39)

BURSTRANGE PASS one real contact launch, ordinary shot has none Zhao powered=True launches=1 skills=False 
(Filename: E:\unity\Runtime/Export/Debug/Debug.bindings.h Line: 39)

BURSTRANGE PASS Zhao real contact power speed skills=False vx=-20.4 expected=20.4 
(Filename: E:\unity\Runtime/Export/Debug/Debug.bindings.h Line: 39)

BURSTRANGE PASS Zhao powered shot is driven low even in air vy=-9.274949 
(Filename: E:\unity\Runtime/Export/Debug/Debug.bindings.h Line: 39)

BURSTRANGE PASS shooting keeps the connected skeleton Zhao error=0.1011824 
(Filename: E:\unity\Runtime/Export/Debug/Debug.bindings.h Line: 39)

BURSTRANGE PASS classic power shot requires no special skill component 
(Filename: E:\unity\Runtime/Export/Debug/Debug.bindings.h Line: 39)

Unloading 4 Unused Serialized files (Serialized files now loaded: 0)
UnloadTime: 0.285800 ms

Unloading 3 unused Assets to reduce memory usage. Loaded Objects now: 1063.
Total: 1.140100 ms (FindLiveObjects: 0.032800 ms CreateObjectMapping: 0.008400 ms MarkObjects: 0.180600 ms  DeleteObjects: 0.918000 ms)

BURSTRANGE CONTACT R_LowLeg height=-0.2616196 accepted=True 
(Filename: E:\unity\Runtime/Export/Debug/Debug.bindings.h Line: 39)

BURSTRANGE PASS native kick action actually ran Fan powered=False skills=True 
(Filename: E:\unity\Runtime/Export/Debug/Debug.bindings.h Line: 39)

BURSTRANGE PASS one real contact launch, ordinary shot has none Fan powered=False launches=0 skills=True 
(Filename: E:\unity\Runtime/Export/Debug/Debug.bindings.h Line: 39)

BURSTRANGE PASS shooting keeps the connected skeleton Fan error=0.06852366 
(Filename: E:\unity\Runtime/Export/Debug/Debug.bindings.h Line: 39)

Unloading 4 Unused Serialized files (Serialized files now loaded: 0)
UnloadTime: 0.305500 ms

Unloading 3 unused Assets to reduce memory usage. Loaded Objects now: 1063.
Total: 1.140200 ms (FindLiveObjects: 0.031200 ms CreateObjectMapping: 0.007900 ms MarkObjects: 0.234400 ms  DeleteObjects: 0.866100 ms)

BURSTRANGE CONTACT R_LowLeg height=-0.2613069 accepted=True 
(Filename: E:\unity\Runtime/Export/Debug/Debug.bindings.h Line: 39)

BURSTRANGE PASS native kick action actually ran Fan powered=True skills=True 
(Filename: E:\unity\Runtime/Export/Debug/Debug.bindings.h Line: 39)

BURSTRANGE PASS one real contact launch, ordinary shot has none Fan powered=True launches=1 skills=True 
(Filename: E:\unity\Runtime/Export/Debug/Debug.bindings.h Line: 39)

BURSTRANGE PASS Fan real collision ball speed +20% ratio=1.2 
(Filename: E:\unity\Runtime/Export/Debug/Debug.bindings.h Line: 39)

BURSTRANGE PASS shooting keeps the connected skeleton Fan error=0.06836654 
(Filename: E:\unity\Runtime/Export/Debug/Debug.bindings.h Line: 39)

Unloading 4 Unused Serialized files (Serialized files now loaded: 0)
UnloadTime: 0.270000 ms

Unloading 3 unused Assets to reduce memory usage. Loaded Objects now: 1063.
Total: 1.180000 ms (FindLiveObjects: 0.029000 ms CreateObjectMapping: 0.007500 ms MarkObjects: 0.240900 ms  DeleteObjects: 0.902400 ms)

BURSTRANGE CONTACT L_LowLeg height=-0.2447845 accepted=True 
(Filename: E:\unity\Runtime/Export/Debug/Debug.bindings.h Line: 39)

BURSTRANGE PASS native kick action actually ran Zhao powered=False skills=True 
(Filename: E:\unity\Runtime/Export/Debug/Debug.bindings.h Line: 39)

BURSTRANGE PASS one real contact launch, ordinary shot has none Zhao powered=False launches=0 skills=True 
(Filename: E:\unity\Runtime/Export/Debug/Debug.bindings.h Line: 39)

BURSTRANGE PASS shooting keeps the connected skeleton Zhao error=0.1032937 
(Filename: E:\unity\Runtime/Export/Debug/Debug.bindings.h Line: 39)

Unloading 4 Unused Serialized files (Serialized files now loaded: 0)
UnloadTime: 0.263400 ms

Unloading 3 unused Assets to reduce memory usage. Loaded Objects now: 1063.
Total: 1.259700 ms (FindLiveObjects: 0.052700 ms CreateObjectMapping: 0.071400 ms MarkObjects: 0.233700 ms  DeleteObjects: 0.901300 ms)

BURSTRANGE CONTACT L_LowLeg height=-0.2446062 accepted=True 
(Filename: E:\unity\Runtime/Export/Debug/Debug.bindings.h Line: 39)

BURSTRANGE CONTACT R_LowLeg height=-0.04640729 accepted=True 
(Filename: E:\unity\Runtime/Export/Debug/Debug.bindings.h Line: 39)

BURSTRANGE PASS native kick action actually ran Zhao powered=True skills=True 
(Filename: E:\unity\Runtime/Export/Debug/Debug.bindings.h Line: 39)

BURSTRANGE PASS one real contact launch, ordinary shot has none Zhao powered=True launches=1 skills=True 
(Filename: E:\unity\Runtime/Export/Debug/Debug.bindings.h Line: 39)

BURSTRANGE PASS Zhao real contact power speed skills=True vx=-22.44 expected=22.44 
(Filename: E:\unity\Runtime/Export/Debug/Debug.bindings.h Line: 39)

BURSTRANGE PASS Zhao powered shot is driven low even in air vy=-9.274949 
(Filename: E:\unity\Runtime/Export/Debug/Debug.bindings.h Line: 39)

BURSTRANGE PASS keypad 0 displays burst skill/highlight 
(Filename: E:\unity\Runtime/Export/Debug/Debug.bindings.h Line: 39)

BURSTRANGE PASS shooting keeps the connected skeleton Zhao error=0.1011824 
(Filename: E:\unity\Runtime/Export/Debug/Debug.bindings.h Line: 39)

Unloading 4 Unused Serialized files (Serialized files now loaded: 0)
UnloadTime: 0.253500 ms

Unloading 3 unused Assets to reduce memory usage. Loaded Objects now: 1063.
Total: 1.059800 ms (FindLiveObjects: 0.030000 ms CreateObjectMapping: 0.007800 ms MarkObjects: 0.165400 ms  DeleteObjects: 0.856400 ms)

BURSTRANGE PASS same curve at 90% speed, spatial sample=0.15 
(Filename: E:\unity\Runtime/Export/Debug/Debug.bindings.h Line: 39)

BURSTRANGE PASS same curve at 90% speed, spatial sample=0.3 
(Filename: E:\unity\Runtime/Export/Debug/Debug.bindings.h Line: 39)

BURSTRANGE PASS same curve at 90% speed, spatial sample=0.45 
(Filename: E:\unity\Runtime/Export/Debug/Debug.bindings.h Line: 39)

BURSTRANGE CONTACT L_Up_Arm height=0.2438156 accepted=False 
(Filename: E:\unity\Runtime/Export/Debug/Debug.bindings.h Line: 39)

BURSTRANGE CONTACT solid=L_Up_Arm 
(Filename: E:\unity\Runtime/Export/Debug/Debug.bindings.h Line: 39)

BURSTRANGE PASS leaf ball physically hits opponent body 
(Filename: E:\unity\Runtime/Export/Debug/Debug.bindings.h Line: 39)

BURSTRANGE PASS leaf ball never tunnels through body 
(Filename: E:\unity\Runtime/Export/Debug/Debug.bindings.h Line: 39)

BURSTRANGE PASS solid collision ends curve drive instead of pushing through 
(Filename: E:\unity\Runtime/Export/Debug/Debug.bindings.h Line: 39)

BURSTRANGE PASS skill ball uses continuous detection 
(Filename: E:\unity\Runtime/Export/Debug/Debug.bindings.h Line: 39)

Unloading 4 Unused Serialized files (Serialized files now loaded: 0)
UnloadTime: 0.274600 ms

Unloading 3 unused Assets to reduce memory usage. Loaded Objects now: 1064.
Total: 1.204600 ms (FindLiveObjects: 0.030800 ms CreateObjectMapping: 0.056600 ms MarkObjects: 0.177400 ms  DeleteObjects: 0.939400 ms)

BURSTRANGE PASS emergency retreat keeps moving at real speed=3.894181 
(Filename: E:\unity\Runtime/Export/Debug/Debug.bindings.h Line: 39)

BURSTRANGE PASS emergency retreat remains balanced deviation=9.534261 
(Filename: E:\unity\Runtime/Export/Debug/Debug.bindings.h Line: 39)

BURSTRANGE PASS retreat limbs remain joined error=0.03405087 
(Filename: E:\unity\Runtime/Export/Debug/Debug.bindings.h Line: 39)

Unloading 4 Unused Serialized files (Serialized files now loaded: 0)
UnloadTime: 0.266400 ms

Unloading 2 unused Assets to reduce memory usage. Loaded Objects now: 1064.
Total: 1.268000 ms (FindLiveObjects: 0.031500 ms CreateObjectMapping: 0.015500 ms MarkObjects: 0.213500 ms  DeleteObjects: 1.007000 ms)

BURSTRANGE PASS stronger tackle uses real body contact air=False 
(Filename: E:\unity\Runtime/Export/Debug/Debug.bindings.h Line: 39)

BURSTRANGE PASS 30% stronger impact keeps skeleton joined error=0.06224596 
(Filename: E:\unity\Runtime/Export/Debug/Debug.bindings.h Line: 39)

BURSTRANGE PASS impact does not fold Fan body angle=35.8238 
(Filename: E:\unity\Runtime/Export/Debug/Debug.bindings.h Line: 39)

BURSTRANGE PASS balance recovers promptly after impact 
(Filename: E:\unity\Runtime/Export/Debug/Debug.bindings.h Line: 39)

Unloading 4 Unused Serialized files (Serialized files now loaded: 0)
UnloadTime: 0.260700 ms

Unloading 2 unused Assets to reduce memory usage. Loaded Objects now: 1064.
Total: 1.236100 ms (FindLiveObjects: 0.031700 ms CreateObjectMapping: 0.008200 ms MarkObjects: 0.178000 ms  DeleteObjects: 1.017800 ms)

BURSTRANGE PASS stronger tackle uses real body contact air=True 
(Filename: E:\unity\Runtime/Export/Debug/Debug.bindings.h Line: 39)

BURSTRANGE PASS 30% stronger impact keeps skeleton joined error=0.09089874 
(Filename: E:\unity\Runtime/Export/Debug/Debug.bindings.h Line: 39)

BURSTRANGE PASS impact does not fold Fan body angle=34.7019 
(Filename: E:\unity\Runtime/Export/Debug/Debug.bindings.h Line: 39)

BURSTRANGE PASS balance recovers promptly after impact 
(Filename: E:\unity\Runtime/Export/Debug/Debug.bindings.h Line: 39)

BURSTRANGE PASS tackle strength +30%, duration unchanged 
(Filename: E:\unity\Runtime/Export/Debug/Debug.bindings.h Line: 39)

Unloading 4 Unused Serialized files (Serialized files now loaded: 0)
UnloadTime: 0.254700 ms

Unloading 2 unused Assets to reduce memory usage. Loaded Objects now: 1064.
Total: 1.237800 ms (FindLiveObjects: 0.032000 ms CreateObjectMapping: 0.008000 ms MarkObjects: 0.166500 ms  DeleteObjects: 1.030700 ms)

BURSTRANGE PASS same Fan/Zhao contact region L_LowLeg height=-0.49 normal=(-1.0, 0.0) 
(Filename: E:\unity\Runtime/Export/Debug/Debug.bindings.h Line: 39)

BURSTRANGE PASS same Fan/Zhao contact region L_LowLeg height=-0.49 normal=(1.0, 0.0) 
(Filename: E:\unity\Runtime/Export/Debug/Debug.bindings.h Line: 39)

BURSTRANGE PASS same Fan/Zhao contact region L_LowLeg height=-0.49 normal=(0.0, -1.0) 
(Filename: E:\unity\Runtime/Export/Debug/Debug.bindings.h Line: 39)

BURSTRANGE PASS same Fan/Zhao contact region L_LowLeg height=-0.49 normal=(0.4, -0.9) 
(Filename: E:\unity\Runtime/Export/Debug/Debug.bindings.h Line: 39)

BURSTRANGE PASS same Fan/Zhao contact region L_LowLeg height=-0.45 normal=(-1.0, 0.0) 
(Filename: E:\unity\Runtime/Export/Debug/Debug.bindings.h Line: 39)

BURSTRANGE PASS same Fan/Zhao contact region L_LowLeg height=-0.45 normal=(1.0, 0.0) 
(Filename: E:\unity\Runtime/Export/Debug/Debug.bindings.h Line: 39)

BURSTRANGE PASS same Fan/Zhao contact region L_LowLeg height=-0.45 normal=(0.0, -1.0) 
(Filename: E:\unity\Runtime/Export/Debug/Debug.bindings.h Line: 39)

BURSTRANGE PASS same Fan/Zhao contact region L_LowLeg height=-0.45 normal=(0.4, -0.9) 
(Filename: E:\unity\Runtime/Export/Debug/Debug.bindings.h Line: 39)

BURSTRANGE PASS same Fan/Zhao contact region L_LowLeg height=-0.3 normal=(-1.0, 0.0) 
(Filename: E:\unity\Runtime/Export/Debug/Debug.bindings.h Line: 39)

BURSTRANGE PASS same Fan/Zhao contact region L_LowLeg height=-0.3 normal=(1.0, 0.0) 
(Filename: E:\unity\Runtime/Export/Debug/Debug.bindings.h Line: 39)

BURSTRANGE PASS same Fan/Zhao contact region L_LowLeg height=-0.3 normal=(0.0, -1.0) 
(Filename: E:\unity\Runtime/Export/Debug/Debug.bindings.h Line: 39)

BURSTRANGE PASS same Fan/Zhao contact region L_LowLeg height=-0.3 normal=(0.4, -0.9) 
(Filename: E:\unity\Runtime/Export/Debug/Debug.bindings.h Line: 39)

BURSTRANGE PASS same Fan/Zhao contact region L_LowLeg height=0 normal=(-1.0, 0.0) 
(Filename: E:\unity\Runtime/Export/Debug/Debug.bindings.h Line: 39)

BURSTRANGE PASS same Fan/Zhao contact region L_LowLeg height=0 normal=(1.0, 0.0) 
(Filename: E:\unity\Runtime/Export/Debug/Debug.bindings.h Line: 39)

BURSTRANGE PASS same Fan/Zhao contact region L_LowLeg height=0 normal=(0.0, -1.0) 
(Filename: E:\unity\Runtime/Export/Debug/Debug.bindings.h Line: 39)

BURSTRANGE PASS same Fan/Zhao contact region L_LowLeg height=0 normal=(0.4, -0.9) 
(Filename: E:\unity\Runtime/Export/Debug/Debug.bindings.h Line: 39)

BURSTRANGE PASS same Fan/Zhao contact region L_LowLeg height=0.19 normal=(-1.0, 0.0) 
(Filename: E:\unity\Runtime/Export/Debug/Debug.bindings.h Line: 39)

BURSTRANGE PASS same Fan/Zhao contact region L_LowLeg height=0.19 normal=(1.0, 0.0) 
(Filename: E:\unity\Runtime/Export/Debug/Debug.bindings.h Line: 39)

BURSTRANGE PASS same Fan/Zhao contact region L_LowLeg height=0.19 normal=(0.0, -1.0) 
(Filename: E:\unity\Runtime/Export/Debug/Debug.bindings.h Line: 39)

BURSTRANGE PASS same Fan/Zhao contact region L_LowLeg height=0.19 normal=(0.4, -0.9) 
(Filename: E:\unity\Runtime/Export/Debug/Debug.bindings.h Line: 39)

BURSTRANGE PASS same Fan/Zhao contact region L_LowLeg height=0.3 normal=(-1.0, 0.0) 
(Filename: E:\unity\Runtime/Export/Debug/Debug.bindings.h Line: 39)

BURSTRANGE PASS same Fan/Zhao contact region L_LowLeg height=0.3 normal=(1.0, 0.0) 
(Filename: E:\unity\Runtime/Export/Debug/Debug.bindings.h Line: 39)

BURSTRANGE PASS same Fan/Zhao contact region L_LowLeg height=0.3 normal=(0.0, -1.0) 
(Filename: E:\unity\Runtime/Export/Debug/Debug.bindings.h Line: 39)

BURSTRANGE PASS same Fan/Zhao contact region L_LowLeg height=0.3 normal=(0.4, -0.9) 
(Filename: E:\unity\Runtime/Export/Debug/Debug.bindings.h Line: 39)

BURSTRANGE PASS same Fan/Zhao contact region L_LowLeg height=0.45 normal=(-1.0, 0.0) 
(Filename: E:\unity\Runtime/Export/Debug/Debug.bindings.h Line: 39)

BURSTRANGE PASS same Fan/Zhao contact region L_LowLeg height=0.45 normal=(1.0, 0.0) 
(Filename: E:\unity\Runtime/Export/Debug/Debug.bindings.h Line: 39)

BURSTRANGE PASS same Fan/Zhao contact region L_LowLeg height=0.45 normal=(0.0, -1.0) 
(Filename: E:\unity\Runtime/Export/Debug/Debug.bindings.h Line: 39)

BURSTRANGE PASS same Fan/Zhao contact region L_LowLeg height=0.45 normal=(0.4, -0.9) 
(Filename: E:\unity\Runtime/Export/Debug/Debug.bindings.h Line: 39)

BURSTRANGE PASS same Fan/Zhao contact region L_LowLeg height=0.49 normal=(-1.0, 0.0) 
(Filename: E:\unity\Runtime/Export/Debug/Debug.bindings.h Line: 39)

BURSTRANGE PASS same Fan/Zhao contact region L_LowLeg height=0.49 normal=(1.0, 0.0) 
(Filename: E:\unity\Runtime/Export/Debug/Debug.bindings.h Line: 39)

BURSTRANGE PASS same Fan/Zhao contact region L_LowLeg height=0.49 normal=(0.0, -1.0) 
(Filename: E:\unity\Runtime/Export/Debug/Debug.bindings.h Line: 39)

BURSTRANGE PASS same Fan/Zhao contact region L_LowLeg height=0.49 normal=(0.4, -0.9) 
(Filename: E:\unity\Runtime/Export/Debug/Debug.bindings.h Line: 39)

BURSTRANGE PASS expanded shin accepted L_LowLeg 
(Filename: E:\unity\Runtime/Export/Debug/Debug.bindings.h Line: 39)

BURSTRANGE PASS classic shin range unchanged L_LowLeg 
(Filename: E:\unity\Runtime/Export/Debug/Debug.bindings.h Line: 39)

BURSTRANGE PASS same Fan/Zhao contact region R_LowLeg height=-0.49 normal=(-1.0, 0.0) 
(Filename: E:\unity\Runtime/Export/Debug/Debug.bindings.h Line: 39)

BURSTRANGE PASS same Fan/Zhao contact region R_LowLeg height=-0.49 normal=(1.0, 0.0) 
(Filename: E:\unity\Runtime/Export/Debug/Debug.bindings.h Line: 39)

BURSTRANGE PASS same Fan/Zhao contact region R_LowLeg height=-0.49 normal=(0.0, -1.0) 
(Filename: E:\unity\Runtime/Export/Debug/Debug.bindings.h Line: 39)

BURSTRANGE PASS same Fan/Zhao contact region R_LowLeg height=-0.49 normal=(0.4, -0.9) 
(Filename: E:\unity\Runtime/Export/Debug/Debug.bindings.h Line: 39)

BURSTRANGE PASS same Fan/Zhao contact region R_LowLeg height=-0.45 normal=(-1.0, 0.0) 
(Filename: E:\unity\Runtime/Export/Debug/Debug.bindings.h Line: 39)

BURSTRANGE PASS same Fan/Zhao contact region R_LowLeg height=-0.45 normal=(1.0, 0.0) 
(Filename: E:\unity\Runtime/Export/Debug/Debug.bindings.h Line: 39)

BURSTRANGE PASS same Fan/Zhao contact region R_LowLeg height=-0.45 normal=(0.0, -1.0) 
(Filename: E:\unity\Runtime/Export/Debug/Debug.bindings.h Line: 39)

BURSTRANGE PASS same Fan/Zhao contact region R_LowLeg height=-0.45 normal=(0.4, -0.9) 
(Filename: E:\unity\Runtime/Export/Debug/Debug.bindings.h Line: 39)

BURSTRANGE PASS same Fan/Zhao contact region R_LowLeg height=-0.3 normal=(-1.0, 0.0) 
(Filename: E:\unity\Runtime/Export/Debug/Debug.bindings.h Line: 39)

BURSTRANGE PASS same Fan/Zhao contact region R_LowLeg height=-0.3 normal=(1.0, 0.0) 
(Filename: E:\unity\Runtime/Export/Debug/Debug.bindings.h Line: 39)

BURSTRANGE PASS same Fan/Zhao contact region R_LowLeg height=-0.3 normal=(0.0, -1.0) 
(Filename: E:\unity\Runtime/Export/Debug/Debug.bindings.h Line: 39)

BURSTRANGE PASS same Fan/Zhao contact region R_LowLeg height=-0.3 normal=(0.4, -0.9) 
(Filename: E:\unity\Runtime/Export/Debug/Debug.bindings.h Line: 39)

BURSTRANGE PASS same Fan/Zhao contact region R_LowLeg height=0 normal=(-1.0, 0.0) 
(Filename: E:\unity\Runtime/Export/Debug/Debug.bindings.h Line: 39)

BURSTRANGE PASS same Fan/Zhao contact region R_LowLeg height=0 normal=(1.0, 0.0) 
(Filename: E:\unity\Runtime/Export/Debug/Debug.bindings.h Line: 39)

BURSTRANGE PASS same Fan/Zhao contact region R_LowLeg height=0 normal=(0.0, -1.0) 
(Filename: E:\unity\Runtime/Export/Debug/Debug.bindings.h Line: 39)

BURSTRANGE PASS same Fan/Zhao contact region R_LowLeg height=0 normal=(0.4, -0.9) 
(Filename: E:\unity\Runtime/Export/Debug/Debug.bindings.h Line: 39)

BURSTRANGE PASS same Fan/Zhao contact region R_LowLeg height=0.19 normal=(-1.0, 0.0) 
(Filename: E:\unity\Runtime/Export/Debug/Debug.bindings.h Line: 39)

BURSTRANGE PASS same Fan/Zhao contact region R_LowLeg height=0.19 normal=(1.0, 0.0) 
(Filename: E:\unity\Runtime/Export/Debug/Debug.bindings.h Line: 39)

BURSTRANGE PASS same Fan/Zhao contact region R_LowLeg height=0.19 normal=(0.0, -1.0) 
(Filename: E:\unity\Runtime/Export/Debug/Debug.bindings.h Line: 39)

BURSTRANGE PASS same Fan/Zhao contact region R_LowLeg height=0.19 normal=(0.4, -0.9) 
(Filename: E:\unity\Runtime/Export/Debug/Debug.bindings.h Line: 39)

BURSTRANGE PASS same Fan/Zhao contact region R_LowLeg height=0.3 normal=(-1.0, 0.0) 
(Filename: E:\unity\Runtime/Export/Debug/Debug.bindings.h Line: 39)

BURSTRANGE PASS same Fan/Zhao contact region R_LowLeg height=0.3 normal=(1.0, 0.0) 
(Filename: E:\unity\Runtime/Export/Debug/Debug.bindings.h Line: 39)

BURSTRANGE PASS same Fan/Zhao contact region R_LowLeg height=0.3 normal=(0.0, -1.0) 
(Filename: E:\unity\Runtime/Export/Debug/Debug.bindings.h Line: 39)

BURSTRANGE PASS same Fan/Zhao contact region R_LowLeg height=0.3 normal=(0.4, -0.9) 
(Filename: E:\unity\Runtime/Export/Debug/Debug.bindings.h Line: 39)

BURSTRANGE PASS same Fan/Zhao contact region R_LowLeg height=0.45 normal=(-1.0, 0.0) 
(Filename: E:\unity\Runtime/Export/Debug/Debug.bindings.h Line: 39)

BURSTRANGE PASS same Fan/Zhao contact region R_LowLeg height=0.45 normal=(1.0, 0.0) 
(Filename: E:\unity\Runtime/Export/Debug/Debug.bindings.h Line: 39)

BURSTRANGE PASS same Fan/Zhao contact region R_LowLeg height=0.45 normal=(0.0, -1.0) 
(Filename: E:\unity\Runtime/Export/Debug/Debug.bindings.h Line: 39)

BURSTRANGE PASS same Fan/Zhao contact region R_LowLeg height=0.45 normal=(0.4, -0.9) 
(Filename: E:\unity\Runtime/Export/Debug/Debug.bindings.h Line: 39)

BURSTRANGE PASS same Fan/Zhao contact region R_LowLeg height=0.49 normal=(-1.0, 0.0) 
(Filename: E:\unity\Runtime/Export/Debug/Debug.bindings.h Line: 39)

BURSTRANGE PASS same Fan/Zhao contact region R_LowLeg height=0.49 normal=(1.0, 0.0) 
(Filename: E:\unity\Runtime/Export/Debug/Debug.bindings.h Line: 39)

BURSTRANGE PASS same Fan/Zhao contact region R_LowLeg height=0.49 normal=(0.0, -1.0) 
(Filename: E:\unity\Runtime/Export/Debug/Debug.bindings.h Line: 39)

BURSTRANGE PASS same Fan/Zhao contact region R_LowLeg height=0.49 normal=(0.4, -0.9) 
(Filename: E:\unity\Runtime/Export/Debug/Debug.bindings.h Line: 39)

BURSTRANGE PASS expanded shin accepted R_LowLeg 
(Filename: E:\unity\Runtime/Export/Debug/Debug.bindings.h Line: 39)

BURSTRANGE PASS classic shin range unchanged R_LowLeg 
(Filename: E:\unity\Runtime/Export/Debug/Debug.bindings.h Line: 39)

BURSTRANGE PASS reject body/head/thigh Body 
(Filename: E:\unity\Runtime/Export/Debug/Debug.bindings.h Line: 39)

BURSTRANGE PASS reject body/head/thigh Head 
(Filename: E:\unity\Runtime/Export/Debug/Debug.bindings.h Line: 39)

BURSTRANGE PASS reject body/head/thigh L_Up_Leg 
(Filename: E:\unity\Runtime/Export/Debug/Debug.bindings.h Line: 39)

BURSTRANGE PASS reject body/head/thigh R_Up_Leg 
(Filename: E:\unity\Runtime/Export/Debug/Debug.bindings.h Line: 39)

BURSTRANGE PASS independent instep accepted 
(Filename: E:\unity\Runtime/Export/Debug/Debug.bindings.h Line: 39)

BURSTRANGE PASS independent sole rejected 
(Filename: E:\unity\Runtime/Export/Debug/Debug.bindings.h Line: 39)

BURSTRANGE PASS classic independent foot unchanged 
(Filename: E:\unity\Runtime/Export/Debug/Debug.bindings.h Line: 39)

BURSTRANGE PASS opponent limb cannot trigger skill 
(Filename: E:\unity\Runtime/Export/Debug/Debug.bindings.h Line: 39)

Unloading 4 Unused Serialized files (Serialized files now loaded: 0)
UnloadTime: 0.286000 ms

Unloading 2 unused Assets to reduce memory usage. Loaded Objects now: 1064.
Total: 1.205400 ms (FindLiveObjects: 0.050600 ms CreateObjectMapping: 0.015700 ms MarkObjects: 0.204200 ms  DeleteObjects: 0.934500 ms)

BURSTRANGE PASS expanded collision uses keypad 0 native kick skills=False 
(Filename: E:\unity\Runtime/Export/Debug/Debug.bindings.h Line: 39)

BURSTRANGE CONTACT L_Up_Leg height=-0.5029329 accepted=False 
(Filename: E:\unity\Runtime/Export/Debug/Debug.bindings.h Line: 39)

BURSTRANGE CONTACT L_LowLeg height=0.3399998 accepted=True 
(Filename: E:\unity\Runtime/Export/Debug/Debug.bindings.h Line: 39)

BURSTRANGE PASS real collision in newly eligible shin band skills=False 
(Filename: E:\unity\Runtime/Export/Debug/Debug.bindings.h Line: 39)

BURSTRANGE PASS upper shin activates only burst, once skills=False launches=0 
(Filename: E:\unity\Runtime/Export/Debug/Debug.bindings.h Line: 39)

Unloading 4 Unused Serialized files (Serialized files now loaded: 0)
UnloadTime: 0.291300 ms

Unloading 3 unused Assets to reduce memory usage. Loaded Objects now: 1064.
Total: 1.177300 ms (FindLiveObjects: 0.031800 ms CreateObjectMapping: 0.008400 ms MarkObjects: 0.229200 ms  DeleteObjects: 0.907500 ms)

BURSTRANGE PASS expanded collision uses keypad 0 native kick skills=True 
(Filename: E:\unity\Runtime/Export/Debug/Debug.bindings.h Line: 39)

BURSTRANGE CONTACT L_Up_Leg height=-0.5029329 accepted=False 
(Filename: E:\unity\Runtime/Export/Debug/Debug.bindings.h Line: 39)

BURSTRANGE CONTACT L_LowLeg height=0.3400004 accepted=True 
(Filename: E:\unity\Runtime/Export/Debug/Debug.bindings.h Line: 39)

BURSTRANGE PASS real collision in newly eligible shin band skills=True 
(Filename: E:\unity\Runtime/Export/Debug/Debug.bindings.h Line: 39)

BURSTRANGE PASS upper shin activates only burst, once skills=True launches=1 
(Filename: E:\unity\Runtime/Export/Debug/Debug.bindings.h Line: 39)

BURSTRANGE PASS expanded contact keeps burst speed 
(Filename: E:\unity\Runtime/Export/Debug/Debug.bindings.h Line: 39)

BURSTRANGE PASS expanded airborne contact keeps low flight 
(Filename: E:\unity\Runtime/Export/Debug/Debug.bindings.h Line: 39)

BURSTRANGE PASS expanded contact shows burst highlight 
(Filename: E:\unity\Runtime/Export/Debug/Debug.bindings.h Line: 39)

Unloading 4 Unused Serialized files (Serialized files now loaded: 0)
UnloadTime: 0.305000 ms

Unloading 3 unused Assets to reduce memory usage. Loaded Objects now: 1064.
Total: 1.200200 ms (FindLiveObjects: 0.033000 ms CreateObjectMapping: 0.008300 ms MarkObjects: 0.184700 ms  DeleteObjects: 0.973700 ms)

BURSTRANGE PASS expanded range still requires powered instruction 
(Filename: E:\unity\Runtime/Export/Debug/Debug.bindings.h Line: 39)

BURSTRANGE PASS behind player cannot launch 
(Filename: E:\unity\Runtime/Export/Debug/Debug.bindings.h Line: 39)

BURSTRANGE PASS contest cannot launch expanded skill 
(Filename: E:\unity\Runtime/Export/Debug/Debug.bindings.h Line: 39)

BURSTRANGE PASS powered sole contact still rejected 
(Filename: E:\unity\Runtime/Export/Debug/Debug.bindings.h Line: 39)

BURSTRANGE PASS expired contact window rejected 
(Filename: E:\unity\Runtime/Export/Debug/Debug.bindings.h Line: 39)

BURSTRANGE COMPLETE checks=149 failures=0 
(Filename: E:\unity\Runtime/Export/Debug/Debug.bindings.h Line: 39)

Setting up 12 worker threads for Enlighten.
  Thread -> id: 1410 -> priority: 1 
  Thread -> id: 7410 -> priority: 1 
  Thread -> id: 2d64 -> priority: 1 
  Thread -> id: 9404 -> priority: 1 
  Thread -> id: 3d54 -> priority: 1 
  Thread -> id: 58b8 -> priority: 1 
  Thread -> id: a218 -> priority: 1 
  Thread -> id: 2240 -> priority: 1 
  Thread -> id: a08c -> priority: 1 
  Thread -> id: 63f4 -> priority: 1 
  Thread -> id: 5008 -> priority: 1 
  Thread -> id: 2980 -> priority: 1 
Curl error 42: Callback aborted
 
(Filename:  Line: 867)

