Mono path[0] = 'C:/Users/Alienware/Documents/范志毅VS赵鹏/范志毅VS赵鹏 PC双人版（32位）/范志毅VS赵鹏 PC双人版（32位）/AI Mod Source/build/ability-test-player-original/FanZhiYi_Data/Managed'
Mono config path = 'C:/Users/Alienware/Documents/范志毅VS赵鹏/范志毅VS赵鹏 PC双人版（32位）/范志毅VS赵鹏 PC双人版（32位）/AI Mod Source/build/ability-test-player-original/MonoBleedingEdge/etc'
AS: AutoStreaming module initializing.Initialize engine version: 2019.4.33f1c1 (c2f94a8bebb3)
[Subsystems] Discovering subsystems at path C:/Users/Alienware/Documents/范志毅VS赵鹏/范志毅VS赵鹏 PC双人版（32位）/范志毅VS赵鹏 PC双人版（32位）/AI Mod Source/build/ability-test-player-original/FanZhiYi_Data/UnitySubsystems
GfxDevice: creating device client; threaded=1
Direct3D:
    Version:  Direct3D 11.0 [level 11.1]
    Renderer: NVIDIA GeForce RTX 5070 Laptop GPU (ID=0x2d58)
    Vendor:   (null)
    VRAM:     3072 MB
    Driver:   32.0.15.9608
Begin MonoManager ReloadAssembly
- Completed reload, in  0.114 seconds
<RI> Initializing input.
<RI> Input initialized.
<RI> Initialized touch support.
UnloadTime: 0.529500 ms
CONTROLS PASS start menu offers binding settings 
(Filename: E:\unity\Runtime/Export/Debug/Debug.bindings.h Line: 39)

CONTROLS PASS menu button opens settings overlay 
(Filename: E:\unity\Runtime/Export/Debug/Debug.bindings.h Line: 39)

CONTROLS PASS all fourteen default slots include Zhao right Shift header 
(Filename: E:\unity\Runtime/Export/Debug/Debug.bindings.h Line: 39)

CONTROLS PASS settings buttons remain inside viewport (1280.0, 720.0) 
(Filename: E:\unity\Runtime/Export/Debug/Debug.bindings.h Line: 39)

CONTROLS PASS settings screenshot captured 1280 
(Filename: E:\unity\Runtime/Export/Debug/Debug.bindings.h Line: 39)

CONTROLS PASS settings buttons remain inside viewport (800.0, 600.0) 
(Filename: E:\unity\Runtime/Export/Debug/Debug.bindings.h Line: 39)

CONTROLS PASS settings screenshot captured 800 
(Filename: E:\unity\Runtime/Export/Debug/Debug.bindings.h Line: 39)

CONTROLS PASS UI rejects another player's occupied key 
(Filename: E:\unity\Runtime/Export/Debug/Debug.bindings.h Line: 39)

CONTROLS PASS UI captures and displays new key 
(Filename: E:\unity\Runtime/Export/Debug/Debug.bindings.h Line: 39)

CONTROLS PASS UI binding persists after reload 
(Filename: E:\unity\Runtime/Export/Debug/Debug.bindings.h Line: 39)

CONTROLS PASS UI restores current defaults 
(Filename: E:\unity\Runtime/Export/Debug/Debug.bindings.h Line: 39)

CONTROLS PASS done closes overlay 
(Filename: E:\unity\Runtime/Export/Debug/Debug.bindings.h Line: 39)

Unloading 5 Unused Serialized files (Serialized files now loaded: 0)
UnloadTime: 0.241700 ms

Unloading 143 unused Assets to reduce memory usage. Loaded Objects now: 1016.
Total: 0.596400 ms (FindLiveObjects: 0.044500 ms CreateObjectMapping: 0.010200 ms MarkObjects: 0.206200 ms  DeleteObjects: 0.335000 ms)

CONTROLS PASS default binding p=0 action=0 
(Filename: E:\unity\Runtime/Export/Debug/Debug.bindings.h Line: 39)

CONTROLS PASS default binding p=0 action=1 
(Filename: E:\unity\Runtime/Export/Debug/Debug.bindings.h Line: 39)

CONTROLS PASS default binding p=0 action=2 
(Filename: E:\unity\Runtime/Export/Debug/Debug.bindings.h Line: 39)

CONTROLS PASS default binding p=0 action=3 
(Filename: E:\unity\Runtime/Export/Debug/Debug.bindings.h Line: 39)

CONTROLS PASS default binding p=0 action=4 
(Filename: E:\unity\Runtime/Export/Debug/Debug.bindings.h Line: 39)

CONTROLS PASS default binding p=0 action=5 
(Filename: E:\unity\Runtime/Export/Debug/Debug.bindings.h Line: 39)

CONTROLS PASS default binding p=0 action=6 
(Filename: E:\unity\Runtime/Export/Debug/Debug.bindings.h Line: 39)

CONTROLS PASS default binding p=1 action=0 
(Filename: E:\unity\Runtime/Export/Debug/Debug.bindings.h Line: 39)

CONTROLS PASS default binding p=1 action=1 
(Filename: E:\unity\Runtime/Export/Debug/Debug.bindings.h Line: 39)

CONTROLS PASS default binding p=1 action=2 
(Filename: E:\unity\Runtime/Export/Debug/Debug.bindings.h Line: 39)

CONTROLS PASS default binding p=1 action=3 
(Filename: E:\unity\Runtime/Export/Debug/Debug.bindings.h Line: 39)

CONTROLS PASS default binding p=1 action=4 
(Filename: E:\unity\Runtime/Export/Debug/Debug.bindings.h Line: 39)

CONTROLS PASS default binding p=1 action=5 
(Filename: E:\unity\Runtime/Export/Debug/Debug.bindings.h Line: 39)

CONTROLS PASS default binding p=1 action=6 
(Filename: E:\unity\Runtime/Export/Debug/Debug.bindings.h Line: 39)

CONTROLS PASS custom left drives native movement 
(Filename: E:\unity\Runtime/Export/Debug/Debug.bindings.h Line: 39)

CONTROLS PASS opposite movement keys cancel 
(Filename: E:\unity\Runtime/Export/Debug/Debug.bindings.h Line: 39)

CONTROLS PASS custom right drives native movement 
(Filename: E:\unity\Runtime/Export/Debug/Debug.bindings.h Line: 39)

CONTROLS PASS custom shooting key reaches native Kick slot 
(Filename: E:\unity\Runtime/Export/Debug/Debug.bindings.h Line: 39)

CONTROLS PASS old shooting key stops after rebinding 
(Filename: E:\unity\Runtime/Export/Debug/Debug.bindings.h Line: 39)

CONTROLS PASS custom down reaches Fan quick drop 
(Filename: E:\unity\Runtime/Export/Debug/Debug.bindings.h Line: 39)

CONTROLS PASS custom jump reaches native jump slot 
(Filename: E:\unity\Runtime/Export/Debug/Debug.bindings.h Line: 39)

CONTROLS PASS both players' changes persist 
(Filename: E:\unity\Runtime/Export/Debug/Debug.bindings.h Line: 39)

CONTROLS PASS cross-player key conflicts rejected 
(Filename: E:\unity\Runtime/Export/Debug/Debug.bindings.h Line: 39)

Unloading 4 Unused Serialized files (Serialized files now loaded: 0)
UnloadTime: 0.497800 ms

Unloading 35 unused Assets to reduce memory usage. Loaded Objects now: 1060.
Total: 1.580800 ms (FindLiveObjects: 0.035800 ms CreateObjectMapping: 0.008900 ms MarkObjects: 0.303100 ms  DeleteObjects: 1.232600 ms)

CONTROLS PASS native Zhao head slot assigned skills=False 
(Filename: E:\unity\Runtime/Export/Debug/Debug.bindings.h Line: 39)

CONTROLS CLIPS Zhao Kick,Jump,Walk,Idle,BackWalk,Head, 
(Filename: E:\unity\Runtime/Export/Debug/Debug.bindings.h Line: 39)

HEADER LIVE frame=0 head=-8.46 body=-24.31 headRot=6.085323 ballV=(0.0, 0.0) 
(Filename: E:\unity\Runtime/Export/Debug/Debug.bindings.h Line: 39)

HEADER LIVE frame=3 head=50.09767 body=11.37803 headRot=4.873328 ballV=(0.0, 0.0) 
(Filename: E:\unity\Runtime/Export/Debug/Debug.bindings.h Line: 39)

HEADER LIVE frame=6 head=81.28952 body=30.51939 headRot=38.46452 ballV=(-5.1, -0.8) 
(Filename: E:\unity\Runtime/Export/Debug/Debug.bindings.h Line: 39)

HEADER LIVE frame=9 head=72.93118 body=27.22513 headRot=50.48272 ballV=(-4.5, -0.8) 
(Filename: E:\unity\Runtime/Export/Debug/Debug.bindings.h Line: 39)

HEADER LIVE frame=12 head=57.89238 body=21.2979 headRot=61.98755 ballV=(-4.5, -0.8) 
(Filename: E:\unity\Runtime/Export/Debug/Debug.bindings.h Line: 39)

HEADER LIVE frame=15 head=39.5213 body=14.05733 headRot=61.64347 ballV=(-4.5, -0.8) 
(Filename: E:\unity\Runtime/Export/Debug/Debug.bindings.h Line: 39)

HEADER LIVE frame=18 head=21.45737 body=6.937807 headRot=45.07107 ballV=(-4.5, -0.8) 
(Filename: E:\unity\Runtime/Export/Debug/Debug.bindings.h Line: 39)

HEADER LIVE frame=21 head=6.906883 body=1.203045 headRot=11.47217 ballV=(-4.5, -0.8) 
(Filename: E:\unity\Runtime/Export/Debug/Debug.bindings.h Line: 39)

CONTROLS PASS human key executes Zhao header animation skills=False remapped=False 
(Filename: E:\unity\Runtime/Export/Debug/Debug.bindings.h Line: 39)

CONTROLS PASS header keeps Zhao lower-body sprite scale and facing 
(Filename: E:\unity\Runtime/Export/Debug/Debug.bindings.h Line: 39)

CONTROLS PASS header has real varying neck targets range=90.36 
(Filename: E:\unity\Runtime/Export/Debug/Debug.bindings.h Line: 39)

CONTROLS PASS header visibly swings physical head degrees=59.5723 
(Filename: E:\unity\Runtime/Export/Debug/Debug.bindings.h Line: 39)

CONTROLS PASS stationary front ball headed toward opponent vx=-5.051153 
(Filename: E:\unity\Runtime/Export/Debug/Debug.bindings.h Line: 39)

CONTROLS PASS header preserves actual head-ball collision skills=False remapped=False 
(Filename: E:\unity\Runtime/Export/Debug/Debug.bindings.h Line: 39)

CONTROLS PASS header retains connected model error=0.03500398 
(Filename: E:\unity\Runtime/Export/Debug/Debug.bindings.h Line: 39)

CONTROLS PASS header returns to normal state 
(Filename: E:\unity\Runtime/Export/Debug/Debug.bindings.h Line: 39)

CONTROLS PASS header releases mirrored goals after recovery idle=4.96 actual=4.96 
(Filename: E:\unity\Runtime/Export/Debug/Debug.bindings.h Line: 39)

CONTROLS PASS next heading command swings again degrees=65.09679 
(Filename: E:\unity\Runtime/Export/Debug/Debug.bindings.h Line: 39)

Unloading 4 Unused Serialized files (Serialized files now loaded: 0)
UnloadTime: 0.313600 ms

Unloading 3 unused Assets to reduce memory usage. Loaded Objects now: 1065.
Total: 1.350800 ms (FindLiveObjects: 0.042200 ms CreateObjectMapping: 0.009600 ms MarkObjects: 0.243600 ms  DeleteObjects: 1.054800 ms)

CONTROLS PASS native Zhao head slot assigned skills=True 
(Filename: E:\unity\Runtime/Export/Debug/Debug.bindings.h Line: 39)

CONTROLS CLIPS Zhao Kick,Jump,Walk,Idle,BackWalk,Head, 
(Filename: E:\unity\Runtime/Export/Debug/Debug.bindings.h Line: 39)

HEADER LIVE frame=0 head=-8.46 body=-24.31 headRot=6.085323 ballV=(0.0, 0.0) 
(Filename: E:\unity\Runtime/Export/Debug/Debug.bindings.h Line: 39)

HEADER LIVE frame=3 head=50.17992 body=11.42816 headRot=4.918437 ballV=(0.0, 0.0) 
(Filename: E:\unity\Runtime/Export/Debug/Debug.bindings.h Line: 39)

HEADER LIVE frame=6 head=81.29331 body=30.52089 headRot=42.16249 ballV=(-5.4, -0.5) 
(Filename: E:\unity\Runtime/Export/Debug/Debug.bindings.h Line: 39)

HEADER LIVE frame=9 head=73.22089 body=27.33931 headRot=51.88839 ballV=(-4.9, -0.4) 
(Filename: E:\unity\Runtime/Export/Debug/Debug.bindings.h Line: 39)

HEADER LIVE frame=12 head=58.25739 body=21.44176 headRot=62.54303 ballV=(-4.9, -0.4) 
(Filename: E:\unity\Runtime/Export/Debug/Debug.bindings.h Line: 39)

HEADER LIVE frame=15 head=40.04268 body=14.26282 headRot=61.2929 ballV=(-4.9, -0.4) 
(Filename: E:\unity\Runtime/Export/Debug/Debug.bindings.h Line: 39)

HEADER LIVE frame=18 head=21.58334 body=6.987459 headRot=43.13635 ballV=(-4.9, -0.4) 
(Filename: E:\unity\Runtime/Export/Debug/Debug.bindings.h Line: 39)

HEADER LIVE frame=21 head=6.993942 body=1.23736 headRot=10.41075 ballV=(-4.9, -0.4) 
(Filename: E:\unity\Runtime/Export/Debug/Debug.bindings.h Line: 39)

CONTROLS PASS human key executes Zhao header animation skills=True remapped=False 
(Filename: E:\unity\Runtime/Export/Debug/Debug.bindings.h Line: 39)

CONTROLS PASS header keeps Zhao lower-body sprite scale and facing 
(Filename: E:\unity\Runtime/Export/Debug/Debug.bindings.h Line: 39)

CONTROLS PASS header has real varying neck targets range=90.35999 
(Filename: E:\unity\Runtime/Export/Debug/Debug.bindings.h Line: 39)

CONTROLS PASS header visibly swings physical head degrees=57.93559 
(Filename: E:\unity\Runtime/Export/Debug/Debug.bindings.h Line: 39)

CONTROLS PASS stationary front ball headed toward opponent vx=-5.422378 
(Filename: E:\unity\Runtime/Export/Debug/Debug.bindings.h Line: 39)

CONTROLS PASS header preserves actual head-ball collision skills=True remapped=False 
(Filename: E:\unity\Runtime/Export/Debug/Debug.bindings.h Line: 39)

CONTROLS PASS header retains connected model error=0.03500398 
(Filename: E:\unity\Runtime/Export/Debug/Debug.bindings.h Line: 39)

CONTROLS PASS header returns to normal state 
(Filename: E:\unity\Runtime/Export/Debug/Debug.bindings.h Line: 39)

CONTROLS PASS header releases mirrored goals after recovery idle=4.96 actual=4.96 
(Filename: E:\unity\Runtime/Export/Debug/Debug.bindings.h Line: 39)

CONTROLS PASS next heading command swings again degrees=65.22034 
(Filename: E:\unity\Runtime/Export/Debug/Debug.bindings.h Line: 39)

Unloading 4 Unused Serialized files (Serialized files now loaded: 0)
UnloadTime: 0.713800 ms

Unloading 3 unused Assets to reduce memory usage. Loaded Objects now: 1071.
Total: 1.475900 ms (FindLiveObjects: 0.035400 ms CreateObjectMapping: 0.010100 ms MarkObjects: 0.257800 ms  DeleteObjects: 1.172300 ms)

CONTROLS PASS native Zhao head slot assigned skills=True 
(Filename: E:\unity\Runtime/Export/Debug/Debug.bindings.h Line: 39)

CONTROLS CLIPS Zhao Kick,Jump,Walk,Idle,BackWalk,Head, 
(Filename: E:\unity\Runtime/Export/Debug/Debug.bindings.h Line: 39)

HEADER LIVE frame=0 head=-8.46 body=-24.31 headRot=6.085323 ballV=(0.0, 0.0) 
(Filename: E:\unity\Runtime/Export/Debug/Debug.bindings.h Line: 39)

HEADER LIVE frame=3 head=51.2255 body=12.06539 headRot=359.9065 ballV=(0.0, 0.0) 
(Filename: E:\unity\Runtime/Export/Debug/Debug.bindings.h Line: 39)

HEADER LIVE frame=6 head=81.23053 body=30.49614 headRot=37.98003 ballV=(-4.4, 0.0) 
(Filename: E:\unity\Runtime/Export/Debug/Debug.bindings.h Line: 39)

HEADER LIVE frame=9 head=73.03474 body=27.26595 headRot=58.06297 ballV=(-4.0, 0.0) 
(Filename: E:\unity\Runtime/Export/Debug/Debug.bindings.h Line: 39)

HEADER LIVE frame=12 head=58.16246 body=21.40435 headRot=67.04076 ballV=(-4.0, 0.0) 
(Filename: E:\unity\Runtime/Export/Debug/Debug.bindings.h Line: 39)

HEADER LIVE frame=15 head=39.88234 body=14.19963 headRot=61.67319 ballV=(-4.0, 0.0) 
(Filename: E:\unity\Runtime/Export/Debug/Debug.bindings.h Line: 39)

HEADER LIVE frame=18 head=21.65024 body=7.013824 headRot=39.02975 ballV=(-4.0, 0.0) 
(Filename: E:\unity\Runtime/Export/Debug/Debug.bindings.h Line: 39)

HEADER LIVE frame=21 head=7.040726 body=1.255796 headRot=9.65914 ballV=(-4.0, 0.0) 
(Filename: E:\unity\Runtime/Export/Debug/Debug.bindings.h Line: 39)

CONTROLS PASS human key executes Zhao header animation skills=True remapped=True 
(Filename: E:\unity\Runtime/Export/Debug/Debug.bindings.h Line: 39)

CONTROLS PASS header keeps Zhao lower-body sprite scale and facing 
(Filename: E:\unity\Runtime/Export/Debug/Debug.bindings.h Line: 39)

CONTROLS PASS header has real varying neck targets range=90.35812 
(Filename: E:\unity\Runtime/Export/Debug/Debug.bindings.h Line: 39)

CONTROLS PASS header visibly swings physical head degrees=61.32303 
(Filename: E:\unity\Runtime/Export/Debug/Debug.bindings.h Line: 39)

CONTROLS PASS stationary front ball headed toward opponent vx=-4.398153 
(Filename: E:\unity\Runtime/Export/Debug/Debug.bindings.h Line: 39)

CONTROLS PASS header preserves actual head-ball collision skills=True remapped=True 
(Filename: E:\unity\Runtime/Export/Debug/Debug.bindings.h Line: 39)

CONTROLS PASS header retains connected model error=0.0593735 
(Filename: E:\unity\Runtime/Export/Debug/Debug.bindings.h Line: 39)

CONTROLS PASS header returns to normal state 
(Filename: E:\unity\Runtime/Export/Debug/Debug.bindings.h Line: 39)

CONTROLS PASS header releases mirrored goals after recovery idle=4.96 actual=4.96 
(Filename: E:\unity\Runtime/Export/Debug/Debug.bindings.h Line: 39)

CONTROLS PASS next heading command swings again degrees=64.86642 
(Filename: E:\unity\Runtime/Export/Debug/Debug.bindings.h Line: 39)

CONTROLS COMPLETE checks=68 failures=0 
(Filename: E:\unity\Runtime/Export/Debug/Debug.bindings.h Line: 39)

Setting up 12 worker threads for Enlighten.
  Thread -> id: aa0 -> priority: 1 
  Thread -> id: a0dc -> priority: 1 
  Thread -> id: 8d18 -> priority: 1 
  Thread -> id: a6bc -> priority: 1 
  Thread -> id: 87f8 -> priority: 1 
  Thread -> id: 4b30 -> priority: 1 
  Thread -> id: 3a60 -> priority: 1 
  Thread -> id: a07c -> priority: 1 
  Thread -> id: 6604 -> priority: 1 
  Thread -> id: 3a0c -> priority: 1 
  Thread -> id: 8fec -> priority: 1 
  Thread -> id: 4350 -> priority: 1 
Curl error 42: Callback aborted
 
(Filename:  Line: 867)

