Mono path[0] = 'C:/Users/Alienware/Documents/范志毅VS赵鹏/范志毅VS赵鹏 PC双人版（32位）/鑼冨織姣匳S璧甸箯 PC鍙屼汉鐗堬紙32浣嶏級/AI Mod Source/build/ability-test-player-original/FanZhiYi_Data/Managed'
Mono config path = 'C:/Users/Alienware/Documents/范志毅VS赵鹏/范志毅VS赵鹏 PC双人版（32位）/鑼冨織姣匳S璧甸箯 PC鍙屼汉鐗堬紙32浣嶏級/AI Mod Source/build/ability-test-player-original/MonoBleedingEdge/etc'
AS: AutoStreaming module initializing.Initialize engine version: 2019.4.33f1c1 (c2f94a8bebb3)
[Subsystems] Discovering subsystems at path C:/Users/Alienware/Documents/范志毅VS赵鹏/范志毅VS赵鹏 PC双人版（32位）/鑼冨織姣匳S璧甸箯 PC鍙屼汉鐗堬紙32浣嶏級/AI Mod Source/build/ability-test-player-original/FanZhiYi_Data/UnitySubsystems
GfxDevice: creating device client; threaded=1
Direct3D:
    Version:  Direct3D 11.0 [level 11.1]
    Renderer: NVIDIA GeForce RTX 5070 Laptop GPU (ID=0x2d58)
    Vendor:   (null)
    VRAM:     3072 MB
    Driver:   32.0.15.9608
Begin MonoManager ReloadAssembly
- Completed reload, in  0.091 seconds
<RI> Initializing input.
<RI> Input initialized.
<RI> Initialized touch support.
UnloadTime: 0.528000 ms
VISUAL PASS permanent bottom mode and allocation summaries removed from assembly 
(Filename: E:\unity\Runtime/Export/Debug/Debug.bindings.h Line: 39)

Unloading 5 Unused Serialized files (Serialized files now loaded: 0)
UnloadTime: 0.159000 ms

Unloading 143 unused Assets to reduce memory usage. Loaded Objects now: 1013.
Total: 0.558500 ms (FindLiveObjects: 0.052300 ms CreateObjectMapping: 0.017000 ms MarkObjects: 0.222700 ms  DeleteObjects: 0.266200 ms)

VISUAL UI style=0 name=txt_Zhao_Score text=00 
(Filename: E:\unity\Runtime/Export/Debug/Debug.bindings.h Line: 39)

VISUAL UI style=0 name=txt_Fan_Score text=00 
(Filename: E:\unity\Runtime/Export/Debug/Debug.bindings.h Line: 39)

VISUAL UI style=0 name=Text text=II 
(Filename: E:\unity\Runtime/Export/Debug/Debug.bindings.h Line: 39)

VISUAL PASS game independently loads in mode=0 
(Filename: E:\unity\Runtime/Export/Debug/Debug.bindings.h Line: 39)

Unloading 4 Unused Serialized files (Serialized files now loaded: 0)
UnloadTime: 0.389900 ms

Unloading 37 unused Assets to reduce memory usage. Loaded Objects now: 1055.
Total: 1.264400 ms (FindLiveObjects: 0.032500 ms CreateObjectMapping: 0.008600 ms MarkObjects: 0.184200 ms  DeleteObjects: 1.039000 ms)

VISUAL UI style=1 name=txt_Zhao_Score text=00 
(Filename: E:\unity\Runtime/Export/Debug/Debug.bindings.h Line: 39)

VISUAL UI style=1 name=txt_Fan_Score text=00 
(Filename: E:\unity\Runtime/Export/Debug/Debug.bindings.h Line: 39)

VISUAL UI style=1 name=Text text=II 
(Filename: E:\unity\Runtime/Export/Debug/Debug.bindings.h Line: 39)

VISUAL PASS game independently loads in mode=1 
(Filename: E:\unity\Runtime/Export/Debug/Debug.bindings.h Line: 39)

Unloading 4 Unused Serialized files (Serialized files now loaded: 0)
UnloadTime: 0.672900 ms

Unloading 2 unused Assets to reduce memory usage. Loaded Objects now: 1061.
Total: 1.039300 ms (FindLiveObjects: 0.030600 ms CreateObjectMapping: 0.007800 ms MarkObjects: 0.200400 ms  DeleteObjects: 0.800300 ms)

VISUAL UI style=2 name=txt_Zhao_Score text=00 
(Filename: E:\unity\Runtime/Export/Debug/Debug.bindings.h Line: 39)

VISUAL UI style=2 name=txt_Fan_Score text=00 
(Filename: E:\unity\Runtime/Export/Debug/Debug.bindings.h Line: 39)

VISUAL UI style=2 name=Text text=II 
(Filename: E:\unity\Runtime/Export/Debug/Debug.bindings.h Line: 39)

VISUAL PASS game independently loads in mode=2 
(Filename: E:\unity\Runtime/Export/Debug/Debug.bindings.h Line: 39)

Unloading 4 Unused Serialized files (Serialized files now loaded: 0)
UnloadTime: 0.339700 ms

Unloading 2 unused Assets to reduce memory usage. Loaded Objects now: 1063.
Total: 1.091400 ms (FindLiveObjects: 0.053600 ms CreateObjectMapping: 0.016000 ms MarkObjects: 0.168700 ms  DeleteObjects: 0.852700 ms)

VISUAL ACTIVE actor=Fan skill=0 animation=True highlight=False 
(Filename: E:\unity\Runtime/Export/Debug/Debug.bindings.h Line: 39)

VISUAL PASS real gameplay activates original animation actor=Fan skill=旋风盘带 
(Filename: E:\unity\Runtime/Export/Debug/Debug.bindings.h Line: 39)

VISUAL PASS unbought animation stays absent actor=Fan index=1 
(Filename: E:\unity\Runtime/Export/Debug/Debug.bindings.h Line: 39)

VISUAL PASS unbought animation stays absent actor=Fan index=2 
(Filename: E:\unity\Runtime/Export/Debug/Debug.bindings.h Line: 39)

VISUAL PASS unbought animation stays absent actor=Fan index=3 
(Filename: E:\unity\Runtime/Export/Debug/Debug.bindings.h Line: 39)

VISUAL PASS unbought animation stays absent actor=Fan index=4 
(Filename: E:\unity\Runtime/Export/Debug/Debug.bindings.h Line: 39)

VISUAL PASS unbought animation stays absent actor=Fan index=5 
(Filename: E:\unity\Runtime/Export/Debug/Debug.bindings.h Line: 39)

VISUAL PASS unbought animation stays absent actor=Fan index=6 
(Filename: E:\unity\Runtime/Export/Debug/Debug.bindings.h Line: 39)

VISUAL PASS unbought animation stays absent actor=Fan index=7 
(Filename: E:\unity\Runtime/Export/Debug/Debug.bindings.h Line: 39)

VISUAL PASS unbought animation stays absent actor=Fan index=8 
(Filename: E:\unity\Runtime/Export/Debug/Debug.bindings.h Line: 39)

VISUAL PASS unbought animation stays absent actor=Fan index=9 
(Filename: E:\unity\Runtime/Export/Debug/Debug.bindings.h Line: 39)

VISUAL PASS pause clears purchased animation actor=Fan skill=0 
(Filename: E:\unity\Runtime/Export/Debug/Debug.bindings.h Line: 39)

VISUAL PASS rally clears animation actor=Fan skill=0 
(Filename: E:\unity\Runtime/Export/Debug/Debug.bindings.h Line: 39)

Unloading 4 Unused Serialized files (Serialized files now loaded: 0)
UnloadTime: 0.268900 ms

Unloading 2 unused Assets to reduce memory usage. Loaded Objects now: 1063.
Total: 1.051300 ms (FindLiveObjects: 0.030800 ms CreateObjectMapping: 0.007400 ms MarkObjects: 0.166600 ms  DeleteObjects: 0.846300 ms)

VISUAL ACTIVE actor=Zhao skill=0 animation=True highlight=False 
(Filename: E:\unity\Runtime/Export/Debug/Debug.bindings.h Line: 39)

VISUAL PASS real gameplay activates original animation actor=Zhao skill=旋风盘带 
(Filename: E:\unity\Runtime/Export/Debug/Debug.bindings.h Line: 39)

VISUAL PASS unbought animation stays absent actor=Zhao index=1 
(Filename: E:\unity\Runtime/Export/Debug/Debug.bindings.h Line: 39)

VISUAL PASS unbought animation stays absent actor=Zhao index=2 
(Filename: E:\unity\Runtime/Export/Debug/Debug.bindings.h Line: 39)

VISUAL PASS unbought animation stays absent actor=Zhao index=3 
(Filename: E:\unity\Runtime/Export/Debug/Debug.bindings.h Line: 39)

VISUAL PASS unbought animation stays absent actor=Zhao index=4 
(Filename: E:\unity\Runtime/Export/Debug/Debug.bindings.h Line: 39)

VISUAL PASS unbought animation stays absent actor=Zhao index=5 
(Filename: E:\unity\Runtime/Export/Debug/Debug.bindings.h Line: 39)

VISUAL PASS unbought animation stays absent actor=Zhao index=6 
(Filename: E:\unity\Runtime/Export/Debug/Debug.bindings.h Line: 39)

VISUAL PASS unbought animation stays absent actor=Zhao index=7 
(Filename: E:\unity\Runtime/Export/Debug/Debug.bindings.h Line: 39)

VISUAL PASS unbought animation stays absent actor=Zhao index=8 
(Filename: E:\unity\Runtime/Export/Debug/Debug.bindings.h Line: 39)

VISUAL PASS unbought animation stays absent actor=Zhao index=9 
(Filename: E:\unity\Runtime/Export/Debug/Debug.bindings.h Line: 39)

VISUAL PASS pause clears purchased animation actor=Zhao skill=0 
(Filename: E:\unity\Runtime/Export/Debug/Debug.bindings.h Line: 39)

VISUAL PASS rally clears animation actor=Zhao skill=0 
(Filename: E:\unity\Runtime/Export/Debug/Debug.bindings.h Line: 39)

Unloading 4 Unused Serialized files (Serialized files now loaded: 0)
UnloadTime: 0.270600 ms

Unloading 2 unused Assets to reduce memory usage. Loaded Objects now: 1063.
Total: 1.100000 ms (FindLiveObjects: 0.030400 ms CreateObjectMapping: 0.007200 ms MarkObjects: 0.169600 ms  DeleteObjects: 0.892600 ms)

VISUAL ACTIVE actor=Fan skill=1 animation=True highlight=True 
(Filename: E:\unity\Runtime/Export/Debug/Debug.bindings.h Line: 39)

VISUAL PASS real gameplay activates original animation actor=Fan skill=炮弹式头球 
(Filename: E:\unity\Runtime/Export/Debug/Debug.bindings.h Line: 39)

VISUAL PASS real strike activates football glow and trail actor=Fan skill=1 
(Filename: E:\unity\Runtime/Export/Debug/Debug.bindings.h Line: 39)

VISUAL PASS unbought animation stays absent actor=Fan index=0 
(Filename: E:\unity\Runtime/Export/Debug/Debug.bindings.h Line: 39)

VISUAL PASS unbought animation stays absent actor=Fan index=2 
(Filename: E:\unity\Runtime/Export/Debug/Debug.bindings.h Line: 39)

VISUAL PASS unbought animation stays absent actor=Fan index=3 
(Filename: E:\unity\Runtime/Export/Debug/Debug.bindings.h Line: 39)

VISUAL PASS unbought animation stays absent actor=Fan index=4 
(Filename: E:\unity\Runtime/Export/Debug/Debug.bindings.h Line: 39)

VISUAL PASS unbought animation stays absent actor=Fan index=5 
(Filename: E:\unity\Runtime/Export/Debug/Debug.bindings.h Line: 39)

VISUAL PASS unbought animation stays absent actor=Fan index=6 
(Filename: E:\unity\Runtime/Export/Debug/Debug.bindings.h Line: 39)

VISUAL PASS unbought animation stays absent actor=Fan index=7 
(Filename: E:\unity\Runtime/Export/Debug/Debug.bindings.h Line: 39)

VISUAL PASS unbought animation stays absent actor=Fan index=8 
(Filename: E:\unity\Runtime/Export/Debug/Debug.bindings.h Line: 39)

VISUAL PASS unbought animation stays absent actor=Fan index=9 
(Filename: E:\unity\Runtime/Export/Debug/Debug.bindings.h Line: 39)

VISUAL PASS pause clears purchased animation actor=Fan skill=1 
(Filename: E:\unity\Runtime/Export/Debug/Debug.bindings.h Line: 39)

VISUAL PASS rally clears animation actor=Fan skill=1 
(Filename: E:\unity\Runtime/Export/Debug/Debug.bindings.h Line: 39)

Unloading 4 Unused Serialized files (Serialized files now loaded: 0)
UnloadTime: 0.280800 ms

Unloading 4 unused Assets to reduce memory usage. Loaded Objects now: 1063.
Total: 1.410200 ms (FindLiveObjects: 0.058300 ms CreateObjectMapping: 0.008500 ms MarkObjects: 0.227300 ms  DeleteObjects: 1.115500 ms)

VISUAL ACTIVE actor=Zhao skill=1 animation=True highlight=True 
(Filename: E:\unity\Runtime/Export/Debug/Debug.bindings.h Line: 39)

VISUAL PASS real gameplay activates original animation actor=Zhao skill=炮弹式头球 
(Filename: E:\unity\Runtime/Export/Debug/Debug.bindings.h Line: 39)

VISUAL PASS real strike activates football glow and trail actor=Zhao skill=1 
(Filename: E:\unity\Runtime/Export/Debug/Debug.bindings.h Line: 39)

VISUAL PASS unbought animation stays absent actor=Zhao index=0 
(Filename: E:\unity\Runtime/Export/Debug/Debug.bindings.h Line: 39)

VISUAL PASS unbought animation stays absent actor=Zhao index=2 
(Filename: E:\unity\Runtime/Export/Debug/Debug.bindings.h Line: 39)

VISUAL PASS unbought animation stays absent actor=Zhao index=3 
(Filename: E:\unity\Runtime/Export/Debug/Debug.bindings.h Line: 39)

VISUAL PASS unbought animation stays absent actor=Zhao index=4 
(Filename: E:\unity\Runtime/Export/Debug/Debug.bindings.h Line: 39)

VISUAL PASS unbought animation stays absent actor=Zhao index=5 
(Filename: E:\unity\Runtime/Export/Debug/Debug.bindings.h Line: 39)

VISUAL PASS unbought animation stays absent actor=Zhao index=6 
(Filename: E:\unity\Runtime/Export/Debug/Debug.bindings.h Line: 39)

VISUAL PASS unbought animation stays absent actor=Zhao index=7 
(Filename: E:\unity\Runtime/Export/Debug/Debug.bindings.h Line: 39)

VISUAL PASS unbought animation stays absent actor=Zhao index=8 
(Filename: E:\unity\Runtime/Export/Debug/Debug.bindings.h Line: 39)

VISUAL PASS unbought animation stays absent actor=Zhao index=9 
(Filename: E:\unity\Runtime/Export/Debug/Debug.bindings.h Line: 39)

VISUAL PASS pause clears purchased animation actor=Zhao skill=1 
(Filename: E:\unity\Runtime/Export/Debug/Debug.bindings.h Line: 39)

VISUAL PASS rally clears animation actor=Zhao skill=1 
(Filename: E:\unity\Runtime/Export/Debug/Debug.bindings.h Line: 39)

Unloading 4 Unused Serialized files (Serialized files now loaded: 0)
UnloadTime: 0.259200 ms

Unloading 4 unused Assets to reduce memory usage. Loaded Objects now: 1067.
Total: 1.059100 ms (FindLiveObjects: 0.033200 ms CreateObjectMapping: 0.007900 ms MarkObjects: 0.179200 ms  DeleteObjects: 0.838500 ms)

VISUAL ACTIVE actor=Fan skill=2 animation=True highlight=False 
(Filename: E:\unity\Runtime/Export/Debug/Debug.bindings.h Line: 39)

VISUAL PASS real gameplay activates original animation actor=Fan skill=空中堡垒 
(Filename: E:\unity\Runtime/Export/Debug/Debug.bindings.h Line: 39)

VISUAL PASS unbought animation stays absent actor=Fan index=0 
(Filename: E:\unity\Runtime/Export/Debug/Debug.bindings.h Line: 39)

VISUAL PASS unbought animation stays absent actor=Fan index=1 
(Filename: E:\unity\Runtime/Export/Debug/Debug.bindings.h Line: 39)

VISUAL PASS unbought animation stays absent actor=Fan index=3 
(Filename: E:\unity\Runtime/Export/Debug/Debug.bindings.h Line: 39)

VISUAL PASS unbought animation stays absent actor=Fan index=4 
(Filename: E:\unity\Runtime/Export/Debug/Debug.bindings.h Line: 39)

VISUAL PASS unbought animation stays absent actor=Fan index=5 
(Filename: E:\unity\Runtime/Export/Debug/Debug.bindings.h Line: 39)

VISUAL PASS unbought animation stays absent actor=Fan index=6 
(Filename: E:\unity\Runtime/Export/Debug/Debug.bindings.h Line: 39)

VISUAL PASS unbought animation stays absent actor=Fan index=7 
(Filename: E:\unity\Runtime/Export/Debug/Debug.bindings.h Line: 39)

VISUAL PASS unbought animation stays absent actor=Fan index=8 
(Filename: E:\unity\Runtime/Export/Debug/Debug.bindings.h Line: 39)

VISUAL PASS unbought animation stays absent actor=Fan index=9 
(Filename: E:\unity\Runtime/Export/Debug/Debug.bindings.h Line: 39)

VISUAL PASS pause clears purchased animation actor=Fan skill=2 
(Filename: E:\unity\Runtime/Export/Debug/Debug.bindings.h Line: 39)

VISUAL PASS rally clears animation actor=Fan skill=2 
(Filename: E:\unity\Runtime/Export/Debug/Debug.bindings.h Line: 39)

Unloading 4 Unused Serialized files (Serialized files now loaded: 0)
UnloadTime: 0.239500 ms

Unloading 2 unused Assets to reduce memory usage. Loaded Objects now: 1063.
Total: 1.256900 ms (FindLiveObjects: 0.054000 ms CreateObjectMapping: 0.016500 ms MarkObjects: 0.182300 ms  DeleteObjects: 1.003500 ms)

VISUAL ACTIVE actor=Zhao skill=2 animation=True highlight=False 
(Filename: E:\unity\Runtime/Export/Debug/Debug.bindings.h Line: 39)

VISUAL PASS real gameplay activates original animation actor=Zhao skill=空中堡垒 
(Filename: E:\unity\Runtime/Export/Debug/Debug.bindings.h Line: 39)

VISUAL PASS unbought animation stays absent actor=Zhao index=0 
(Filename: E:\unity\Runtime/Export/Debug/Debug.bindings.h Line: 39)

VISUAL PASS unbought animation stays absent actor=Zhao index=1 
(Filename: E:\unity\Runtime/Export/Debug/Debug.bindings.h Line: 39)

VISUAL PASS unbought animation stays absent actor=Zhao index=3 
(Filename: E:\unity\Runtime/Export/Debug/Debug.bindings.h Line: 39)

VISUAL PASS unbought animation stays absent actor=Zhao index=4 
(Filename: E:\unity\Runtime/Export/Debug/Debug.bindings.h Line: 39)

VISUAL PASS unbought animation stays absent actor=Zhao index=5 
(Filename: E:\unity\Runtime/Export/Debug/Debug.bindings.h Line: 39)

VISUAL PASS unbought animation stays absent actor=Zhao index=6 
(Filename: E:\unity\Runtime/Export/Debug/Debug.bindings.h Line: 39)

VISUAL PASS unbought animation stays absent actor=Zhao index=7 
(Filename: E:\unity\Runtime/Export/Debug/Debug.bindings.h Line: 39)

VISUAL PASS unbought animation stays absent actor=Zhao index=8 
(Filename: E:\unity\Runtime/Export/Debug/Debug.bindings.h Line: 39)

VISUAL PASS unbought animation stays absent actor=Zhao index=9 
(Filename: E:\unity\Runtime/Export/Debug/Debug.bindings.h Line: 39)

VISUAL PASS pause clears purchased animation actor=Zhao skill=2 
(Filename: E:\unity\Runtime/Export/Debug/Debug.bindings.h Line: 39)

VISUAL PASS rally clears animation actor=Zhao skill=2 
(Filename: E:\unity\Runtime/Export/Debug/Debug.bindings.h Line: 39)

Unloading 4 Unused Serialized files (Serialized files now loaded: 0)
UnloadTime: 0.292200 ms

Unloading 2 unused Assets to reduce memory usage. Loaded Objects now: 1063.
Total: 1.321200 ms (FindLiveObjects: 0.030700 ms CreateObjectMapping: 0.008200 ms MarkObjects: 0.279600 ms  DeleteObjects: 1.002400 ms)

VISUAL ACTIVE actor=Fan skill=3 animation=True highlight=False 
(Filename: E:\unity\Runtime/Export/Debug/Debug.bindings.h Line: 39)

VISUAL PASS real gameplay activates original animation actor=Fan skill=强力抢断 
(Filename: E:\unity\Runtime/Export/Debug/Debug.bindings.h Line: 39)

VISUAL PASS unbought animation stays absent actor=Fan index=0 
(Filename: E:\unity\Runtime/Export/Debug/Debug.bindings.h Line: 39)

VISUAL PASS unbought animation stays absent actor=Fan index=1 
(Filename: E:\unity\Runtime/Export/Debug/Debug.bindings.h Line: 39)

VISUAL PASS unbought animation stays absent actor=Fan index=2 
(Filename: E:\unity\Runtime/Export/Debug/Debug.bindings.h Line: 39)

VISUAL PASS unbought animation stays absent actor=Fan index=4 
(Filename: E:\unity\Runtime/Export/Debug/Debug.bindings.h Line: 39)

VISUAL PASS unbought animation stays absent actor=Fan index=5 
(Filename: E:\unity\Runtime/Export/Debug/Debug.bindings.h Line: 39)

VISUAL PASS unbought animation stays absent actor=Fan index=6 
(Filename: E:\unity\Runtime/Export/Debug/Debug.bindings.h Line: 39)

VISUAL PASS unbought animation stays absent actor=Fan index=7 
(Filename: E:\unity\Runtime/Export/Debug/Debug.bindings.h Line: 39)

VISUAL PASS unbought animation stays absent actor=Fan index=8 
(Filename: E:\unity\Runtime/Export/Debug/Debug.bindings.h Line: 39)

VISUAL PASS unbought animation stays absent actor=Fan index=9 
(Filename: E:\unity\Runtime/Export/Debug/Debug.bindings.h Line: 39)

VISUAL PASS pause clears purchased animation actor=Fan skill=3 
(Filename: E:\unity\Runtime/Export/Debug/Debug.bindings.h Line: 39)

VISUAL PASS rally clears animation actor=Fan skill=3 
(Filename: E:\unity\Runtime/Export/Debug/Debug.bindings.h Line: 39)

Unloading 4 Unused Serialized files (Serialized files now loaded: 0)
UnloadTime: 0.332400 ms

Unloading 2 unused Assets to reduce memory usage. Loaded Objects now: 1063.
Total: 1.243100 ms (FindLiveObjects: 0.034100 ms CreateObjectMapping: 0.008400 ms MarkObjects: 0.273800 ms  DeleteObjects: 0.926300 ms)

VISUAL ACTIVE actor=Zhao skill=3 animation=True highlight=False 
(Filename: E:\unity\Runtime/Export/Debug/Debug.bindings.h Line: 39)

VISUAL PASS real gameplay activates original animation actor=Zhao skill=强力抢断 
(Filename: E:\unity\Runtime/Export/Debug/Debug.bindings.h Line: 39)

VISUAL PASS unbought animation stays absent actor=Zhao index=0 
(Filename: E:\unity\Runtime/Export/Debug/Debug.bindings.h Line: 39)

VISUAL PASS unbought animation stays absent actor=Zhao index=1 
(Filename: E:\unity\Runtime/Export/Debug/Debug.bindings.h Line: 39)

VISUAL PASS unbought animation stays absent actor=Zhao index=2 
(Filename: E:\unity\Runtime/Export/Debug/Debug.bindings.h Line: 39)

VISUAL PASS unbought animation stays absent actor=Zhao index=4 
(Filename: E:\unity\Runtime/Export/Debug/Debug.bindings.h Line: 39)

VISUAL PASS unbought animation stays absent actor=Zhao index=5 
(Filename: E:\unity\Runtime/Export/Debug/Debug.bindings.h Line: 39)

VISUAL PASS unbought animation stays absent actor=Zhao index=6 
(Filename: E:\unity\Runtime/Export/Debug/Debug.bindings.h Line: 39)

VISUAL PASS unbought animation stays absent actor=Zhao index=7 
(Filename: E:\unity\Runtime/Export/Debug/Debug.bindings.h Line: 39)

VISUAL PASS unbought animation stays absent actor=Zhao index=8 
(Filename: E:\unity\Runtime/Export/Debug/Debug.bindings.h Line: 39)

VISUAL PASS unbought animation stays absent actor=Zhao index=9 
(Filename: E:\unity\Runtime/Export/Debug/Debug.bindings.h Line: 39)

VISUAL PASS pause clears purchased animation actor=Zhao skill=3 
(Filename: E:\unity\Runtime/Export/Debug/Debug.bindings.h Line: 39)

VISUAL PASS rally clears animation actor=Zhao skill=3 
(Filename: E:\unity\Runtime/Export/Debug/Debug.bindings.h Line: 39)

Unloading 4 Unused Serialized files (Serialized files now loaded: 0)
UnloadTime: 0.255700 ms

Unloading 2 unused Assets to reduce memory usage. Loaded Objects now: 1063.
Total: 1.261100 ms (FindLiveObjects: 0.054200 ms CreateObjectMapping: 0.035900 ms MarkObjects: 0.177600 ms  DeleteObjects: 0.993000 ms)

VISUAL ACTIVE actor=Fan skill=4 animation=True highlight=True 
(Filename: E:\unity\Runtime/Export/Debug/Debug.bindings.h Line: 39)

VISUAL PASS real gameplay activates original animation actor=Fan skill=掠地瞬击 
(Filename: E:\unity\Runtime/Export/Debug/Debug.bindings.h Line: 39)

VISUAL PASS real strike activates football glow and trail actor=Fan skill=4 
(Filename: E:\unity\Runtime/Export/Debug/Debug.bindings.h Line: 39)

VISUAL PASS unbought animation stays absent actor=Fan index=0 
(Filename: E:\unity\Runtime/Export/Debug/Debug.bindings.h Line: 39)

VISUAL PASS unbought animation stays absent actor=Fan index=1 
(Filename: E:\unity\Runtime/Export/Debug/Debug.bindings.h Line: 39)

VISUAL PASS unbought animation stays absent actor=Fan index=2 
(Filename: E:\unity\Runtime/Export/Debug/Debug.bindings.h Line: 39)

VISUAL PASS unbought animation stays absent actor=Fan index=3 
(Filename: E:\unity\Runtime/Export/Debug/Debug.bindings.h Line: 39)

VISUAL PASS unbought animation stays absent actor=Fan index=5 
(Filename: E:\unity\Runtime/Export/Debug/Debug.bindings.h Line: 39)

VISUAL PASS unbought animation stays absent actor=Fan index=6 
(Filename: E:\unity\Runtime/Export/Debug/Debug.bindings.h Line: 39)

VISUAL PASS unbought animation stays absent actor=Fan index=7 
(Filename: E:\unity\Runtime/Export/Debug/Debug.bindings.h Line: 39)

VISUAL PASS unbought animation stays absent actor=Fan index=8 
(Filename: E:\unity\Runtime/Export/Debug/Debug.bindings.h Line: 39)

VISUAL PASS unbought animation stays absent actor=Fan index=9 
(Filename: E:\unity\Runtime/Export/Debug/Debug.bindings.h Line: 39)

VISUAL PASS pause clears purchased animation actor=Fan skill=4 
(Filename: E:\unity\Runtime/Export/Debug/Debug.bindings.h Line: 39)

VISUAL PASS rally clears animation actor=Fan skill=4 
(Filename: E:\unity\Runtime/Export/Debug/Debug.bindings.h Line: 39)

Unloading 4 Unused Serialized files (Serialized files now loaded: 0)
UnloadTime: 0.273500 ms

Unloading 3 unused Assets to reduce memory usage. Loaded Objects now: 1063.
Total: 1.331500 ms (FindLiveObjects: 0.031500 ms CreateObjectMapping: 0.007600 ms MarkObjects: 0.187000 ms  DeleteObjects: 1.105200 ms)

VISUAL ACTIVE actor=Zhao skill=4 animation=True highlight=True 
(Filename: E:\unity\Runtime/Export/Debug/Debug.bindings.h Line: 39)

VISUAL PASS real gameplay activates original animation actor=Zhao skill=掠地瞬击 
(Filename: E:\unity\Runtime/Export/Debug/Debug.bindings.h Line: 39)

VISUAL PASS real strike activates football glow and trail actor=Zhao skill=4 
(Filename: E:\unity\Runtime/Export/Debug/Debug.bindings.h Line: 39)

VISUAL PASS unbought animation stays absent actor=Zhao index=0 
(Filename: E:\unity\Runtime/Export/Debug/Debug.bindings.h Line: 39)

VISUAL PASS unbought animation stays absent actor=Zhao index=1 
(Filename: E:\unity\Runtime/Export/Debug/Debug.bindings.h Line: 39)

VISUAL PASS unbought animation stays absent actor=Zhao index=2 
(Filename: E:\unity\Runtime/Export/Debug/Debug.bindings.h Line: 39)

VISUAL PASS unbought animation stays absent actor=Zhao index=3 
(Filename: E:\unity\Runtime/Export/Debug/Debug.bindings.h Line: 39)

VISUAL PASS unbought animation stays absent actor=Zhao index=5 
(Filename: E:\unity\Runtime/Export/Debug/Debug.bindings.h Line: 39)

VISUAL PASS unbought animation stays absent actor=Zhao index=6 
(Filename: E:\unity\Runtime/Export/Debug/Debug.bindings.h Line: 39)

VISUAL PASS unbought animation stays absent actor=Zhao index=7 
(Filename: E:\unity\Runtime/Export/Debug/Debug.bindings.h Line: 39)

VISUAL PASS unbought animation stays absent actor=Zhao index=8 
(Filename: E:\unity\Runtime/Export/Debug/Debug.bindings.h Line: 39)

VISUAL PASS unbought animation stays absent actor=Zhao index=9 
(Filename: E:\unity\Runtime/Export/Debug/Debug.bindings.h Line: 39)

VISUAL PASS pause clears purchased animation actor=Zhao skill=4 
(Filename: E:\unity\Runtime/Export/Debug/Debug.bindings.h Line: 39)

VISUAL PASS rally clears animation actor=Zhao skill=4 
(Filename: E:\unity\Runtime/Export/Debug/Debug.bindings.h Line: 39)

Unloading 4 Unused Serialized files (Serialized files now loaded: 0)
UnloadTime: 0.250300 ms

Unloading 3 unused Assets to reduce memory usage. Loaded Objects now: 1063.
Total: 1.251500 ms (FindLiveObjects: 0.054100 ms CreateObjectMapping: 0.012700 ms MarkObjects: 0.177300 ms  DeleteObjects: 1.007200 ms)

VISUAL ACTIVE actor=Fan skill=5 animation=True highlight=True 
(Filename: E:\unity\Runtime/Export/Debug/Debug.bindings.h Line: 39)

VISUAL PASS real gameplay activates original animation actor=Fan skill=弧线落叶射门 
(Filename: E:\unity\Runtime/Export/Debug/Debug.bindings.h Line: 39)

VISUAL PASS real strike activates football glow and trail actor=Fan skill=5 
(Filename: E:\unity\Runtime/Export/Debug/Debug.bindings.h Line: 39)

VISUAL PASS unbought animation stays absent actor=Fan index=0 
(Filename: E:\unity\Runtime/Export/Debug/Debug.bindings.h Line: 39)

VISUAL PASS unbought animation stays absent actor=Fan index=1 
(Filename: E:\unity\Runtime/Export/Debug/Debug.bindings.h Line: 39)

VISUAL PASS unbought animation stays absent actor=Fan index=2 
(Filename: E:\unity\Runtime/Export/Debug/Debug.bindings.h Line: 39)

VISUAL PASS unbought animation stays absent actor=Fan index=3 
(Filename: E:\unity\Runtime/Export/Debug/Debug.bindings.h Line: 39)

VISUAL PASS unbought animation stays absent actor=Fan index=4 
(Filename: E:\unity\Runtime/Export/Debug/Debug.bindings.h Line: 39)

VISUAL PASS unbought animation stays absent actor=Fan index=6 
(Filename: E:\unity\Runtime/Export/Debug/Debug.bindings.h Line: 39)

VISUAL PASS unbought animation stays absent actor=Fan index=7 
(Filename: E:\unity\Runtime/Export/Debug/Debug.bindings.h Line: 39)

VISUAL PASS unbought animation stays absent actor=Fan index=8 
(Filename: E:\unity\Runtime/Export/Debug/Debug.bindings.h Line: 39)

VISUAL PASS unbought animation stays absent actor=Fan index=9 
(Filename: E:\unity\Runtime/Export/Debug/Debug.bindings.h Line: 39)

VISUAL PASS pause clears purchased animation actor=Fan skill=5 
(Filename: E:\unity\Runtime/Export/Debug/Debug.bindings.h Line: 39)

VISUAL PASS rally clears animation actor=Fan skill=5 
(Filename: E:\unity\Runtime/Export/Debug/Debug.bindings.h Line: 39)

Unloading 4 Unused Serialized files (Serialized files now loaded: 0)
UnloadTime: 0.254000 ms

Unloading 3 unused Assets to reduce memory usage. Loaded Objects now: 1063.
Total: 1.154900 ms (FindLiveObjects: 0.033300 ms CreateObjectMapping: 0.008100 ms MarkObjects: 0.179300 ms  DeleteObjects: 0.933900 ms)

VISUAL ACTIVE actor=Zhao skill=5 animation=True highlight=True 
(Filename: E:\unity\Runtime/Export/Debug/Debug.bindings.h Line: 39)

VISUAL PASS real gameplay activates original animation actor=Zhao skill=弧线落叶射门 
(Filename: E:\unity\Runtime/Export/Debug/Debug.bindings.h Line: 39)

VISUAL PASS real strike activates football glow and trail actor=Zhao skill=5 
(Filename: E:\unity\Runtime/Export/Debug/Debug.bindings.h Line: 39)

VISUAL PASS unbought animation stays absent actor=Zhao index=0 
(Filename: E:\unity\Runtime/Export/Debug/Debug.bindings.h Line: 39)

VISUAL PASS unbought animation stays absent actor=Zhao index=1 
(Filename: E:\unity\Runtime/Export/Debug/Debug.bindings.h Line: 39)

VISUAL PASS unbought animation stays absent actor=Zhao index=2 
(Filename: E:\unity\Runtime/Export/Debug/Debug.bindings.h Line: 39)

VISUAL PASS unbought animation stays absent actor=Zhao index=3 
(Filename: E:\unity\Runtime/Export/Debug/Debug.bindings.h Line: 39)

VISUAL PASS unbought animation stays absent actor=Zhao index=4 
(Filename: E:\unity\Runtime/Export/Debug/Debug.bindings.h Line: 39)

VISUAL PASS unbought animation stays absent actor=Zhao index=6 
(Filename: E:\unity\Runtime/Export/Debug/Debug.bindings.h Line: 39)

VISUAL PASS unbought animation stays absent actor=Zhao index=7 
(Filename: E:\unity\Runtime/Export/Debug/Debug.bindings.h Line: 39)

VISUAL PASS unbought animation stays absent actor=Zhao index=8 
(Filename: E:\unity\Runtime/Export/Debug/Debug.bindings.h Line: 39)

VISUAL PASS unbought animation stays absent actor=Zhao index=9 
(Filename: E:\unity\Runtime/Export/Debug/Debug.bindings.h Line: 39)

VISUAL PASS pause clears purchased animation actor=Zhao skill=5 
(Filename: E:\unity\Runtime/Export/Debug/Debug.bindings.h Line: 39)

VISUAL PASS rally clears animation actor=Zhao skill=5 
(Filename: E:\unity\Runtime/Export/Debug/Debug.bindings.h Line: 39)

Unloading 4 Unused Serialized files (Serialized files now loaded: 0)
UnloadTime: 0.259000 ms

Unloading 3 unused Assets to reduce memory usage. Loaded Objects now: 1063.
Total: 1.373200 ms (FindLiveObjects: 0.048300 ms CreateObjectMapping: 0.009400 ms MarkObjects: 0.260500 ms  DeleteObjects: 1.054600 ms)

VISUAL ACTIVE actor=Fan skill=6 animation=True highlight=False 
(Filename: E:\unity\Runtime/Export/Debug/Debug.bindings.h Line: 39)

VISUAL PASS real gameplay activates original animation actor=Fan skill=紧急回防 
(Filename: E:\unity\Runtime/Export/Debug/Debug.bindings.h Line: 39)

VISUAL PASS unbought animation stays absent actor=Fan index=0 
(Filename: E:\unity\Runtime/Export/Debug/Debug.bindings.h Line: 39)

VISUAL PASS unbought animation stays absent actor=Fan index=1 
(Filename: E:\unity\Runtime/Export/Debug/Debug.bindings.h Line: 39)

VISUAL PASS unbought animation stays absent actor=Fan index=2 
(Filename: E:\unity\Runtime/Export/Debug/Debug.bindings.h Line: 39)

VISUAL PASS unbought animation stays absent actor=Fan index=3 
(Filename: E:\unity\Runtime/Export/Debug/Debug.bindings.h Line: 39)

VISUAL PASS unbought animation stays absent actor=Fan index=4 
(Filename: E:\unity\Runtime/Export/Debug/Debug.bindings.h Line: 39)

VISUAL PASS unbought animation stays absent actor=Fan index=5 
(Filename: E:\unity\Runtime/Export/Debug/Debug.bindings.h Line: 39)

VISUAL PASS unbought animation stays absent actor=Fan index=7 
(Filename: E:\unity\Runtime/Export/Debug/Debug.bindings.h Line: 39)

VISUAL PASS unbought animation stays absent actor=Fan index=8 
(Filename: E:\unity\Runtime/Export/Debug/Debug.bindings.h Line: 39)

VISUAL PASS unbought animation stays absent actor=Fan index=9 
(Filename: E:\unity\Runtime/Export/Debug/Debug.bindings.h Line: 39)

VISUAL PASS pause clears purchased animation actor=Fan skill=6 
(Filename: E:\unity\Runtime/Export/Debug/Debug.bindings.h Line: 39)

VISUAL PASS rally clears animation actor=Fan skill=6 
(Filename: E:\unity\Runtime/Export/Debug/Debug.bindings.h Line: 39)

Unloading 4 Unused Serialized files (Serialized files now loaded: 0)
UnloadTime: 0.284100 ms

Unloading 2 unused Assets to reduce memory usage. Loaded Objects now: 1063.
Total: 1.470400 ms (FindLiveObjects: 0.046900 ms CreateObjectMapping: 0.009500 ms MarkObjects: 0.288100 ms  DeleteObjects: 1.125400 ms)

VISUAL ACTIVE actor=Zhao skill=6 animation=True highlight=False 
(Filename: E:\unity\Runtime/Export/Debug/Debug.bindings.h Line: 39)

VISUAL PASS real gameplay activates original animation actor=Zhao skill=紧急回防 
(Filename: E:\unity\Runtime/Export/Debug/Debug.bindings.h Line: 39)

VISUAL PASS unbought animation stays absent actor=Zhao index=0 
(Filename: E:\unity\Runtime/Export/Debug/Debug.bindings.h Line: 39)

VISUAL PASS unbought animation stays absent actor=Zhao index=1 
(Filename: E:\unity\Runtime/Export/Debug/Debug.bindings.h Line: 39)

VISUAL PASS unbought animation stays absent actor=Zhao index=2 
(Filename: E:\unity\Runtime/Export/Debug/Debug.bindings.h Line: 39)

VISUAL PASS unbought animation stays absent actor=Zhao index=3 
(Filename: E:\unity\Runtime/Export/Debug/Debug.bindings.h Line: 39)

VISUAL PASS unbought animation stays absent actor=Zhao index=4 
(Filename: E:\unity\Runtime/Export/Debug/Debug.bindings.h Line: 39)

VISUAL PASS unbought animation stays absent actor=Zhao index=5 
(Filename: E:\unity\Runtime/Export/Debug/Debug.bindings.h Line: 39)

VISUAL PASS unbought animation stays absent actor=Zhao index=7 
(Filename: E:\unity\Runtime/Export/Debug/Debug.bindings.h Line: 39)

VISUAL PASS unbought animation stays absent actor=Zhao index=8 
(Filename: E:\unity\Runtime/Export/Debug/Debug.bindings.h Line: 39)

VISUAL PASS unbought animation stays absent actor=Zhao index=9 
(Filename: E:\unity\Runtime/Export/Debug/Debug.bindings.h Line: 39)

VISUAL PASS pause clears purchased animation actor=Zhao skill=6 
(Filename: E:\unity\Runtime/Export/Debug/Debug.bindings.h Line: 39)

VISUAL PASS rally clears animation actor=Zhao skill=6 
(Filename: E:\unity\Runtime/Export/Debug/Debug.bindings.h Line: 39)

Unloading 4 Unused Serialized files (Serialized files now loaded: 0)
UnloadTime: 0.294400 ms

Unloading 2 unused Assets to reduce memory usage. Loaded Objects now: 1063.
Total: 1.151200 ms (FindLiveObjects: 0.035300 ms CreateObjectMapping: 0.008000 ms MarkObjects: 0.194100 ms  DeleteObjects: 0.913600 ms)

VISUAL ACTIVE actor=Fan skill=7 animation=True highlight=False 
(Filename: E:\unity\Runtime/Export/Debug/Debug.bindings.h Line: 39)

VISUAL PASS real gameplay activates original animation actor=Fan skill=进攻提速 
(Filename: E:\unity\Runtime/Export/Debug/Debug.bindings.h Line: 39)

VISUAL PASS unbought animation stays absent actor=Fan index=0 
(Filename: E:\unity\Runtime/Export/Debug/Debug.bindings.h Line: 39)

VISUAL PASS unbought animation stays absent actor=Fan index=1 
(Filename: E:\unity\Runtime/Export/Debug/Debug.bindings.h Line: 39)

VISUAL PASS unbought animation stays absent actor=Fan index=2 
(Filename: E:\unity\Runtime/Export/Debug/Debug.bindings.h Line: 39)

VISUAL PASS unbought animation stays absent actor=Fan index=3 
(Filename: E:\unity\Runtime/Export/Debug/Debug.bindings.h Line: 39)

VISUAL PASS unbought animation stays absent actor=Fan index=4 
(Filename: E:\unity\Runtime/Export/Debug/Debug.bindings.h Line: 39)

VISUAL PASS unbought animation stays absent actor=Fan index=5 
(Filename: E:\unity\Runtime/Export/Debug/Debug.bindings.h Line: 39)

VISUAL PASS unbought animation stays absent actor=Fan index=6 
(Filename: E:\unity\Runtime/Export/Debug/Debug.bindings.h Line: 39)

VISUAL PASS unbought animation stays absent actor=Fan index=8 
(Filename: E:\unity\Runtime/Export/Debug/Debug.bindings.h Line: 39)

VISUAL PASS unbought animation stays absent actor=Fan index=9 
(Filename: E:\unity\Runtime/Export/Debug/Debug.bindings.h Line: 39)

VISUAL PASS pause clears purchased animation actor=Fan skill=7 
(Filename: E:\unity\Runtime/Export/Debug/Debug.bindings.h Line: 39)

VISUAL PASS rally clears animation actor=Fan skill=7 
(Filename: E:\unity\Runtime/Export/Debug/Debug.bindings.h Line: 39)

Unloading 4 Unused Serialized files (Serialized files now loaded: 0)
UnloadTime: 0.253700 ms

Unloading 2 unused Assets to reduce memory usage. Loaded Objects now: 1063.
Total: 1.050700 ms (FindLiveObjects: 0.055000 ms CreateObjectMapping: 0.008000 ms MarkObjects: 0.193200 ms  DeleteObjects: 0.794200 ms)

VISUAL ACTIVE actor=Zhao skill=7 animation=True highlight=False 
(Filename: E:\unity\Runtime/Export/Debug/Debug.bindings.h Line: 39)

VISUAL PASS real gameplay activates original animation actor=Zhao skill=进攻提速 
(Filename: E:\unity\Runtime/Export/Debug/Debug.bindings.h Line: 39)

VISUAL PASS unbought animation stays absent actor=Zhao index=0 
(Filename: E:\unity\Runtime/Export/Debug/Debug.bindings.h Line: 39)

VISUAL PASS unbought animation stays absent actor=Zhao index=1 
(Filename: E:\unity\Runtime/Export/Debug/Debug.bindings.h Line: 39)

VISUAL PASS unbought animation stays absent actor=Zhao index=2 
(Filename: E:\unity\Runtime/Export/Debug/Debug.bindings.h Line: 39)

VISUAL PASS unbought animation stays absent actor=Zhao index=3 
(Filename: E:\unity\Runtime/Export/Debug/Debug.bindings.h Line: 39)

VISUAL PASS unbought animation stays absent actor=Zhao index=4 
(Filename: E:\unity\Runtime/Export/Debug/Debug.bindings.h Line: 39)

VISUAL PASS unbought animation stays absent actor=Zhao index=5 
(Filename: E:\unity\Runtime/Export/Debug/Debug.bindings.h Line: 39)

VISUAL PASS unbought animation stays absent actor=Zhao index=6 
(Filename: E:\unity\Runtime/Export/Debug/Debug.bindings.h Line: 39)

VISUAL PASS unbought animation stays absent actor=Zhao index=8 
(Filename: E:\unity\Runtime/Export/Debug/Debug.bindings.h Line: 39)

VISUAL PASS unbought animation stays absent actor=Zhao index=9 
(Filename: E:\unity\Runtime/Export/Debug/Debug.bindings.h Line: 39)

VISUAL PASS pause clears purchased animation actor=Zhao skill=7 
(Filename: E:\unity\Runtime/Export/Debug/Debug.bindings.h Line: 39)

VISUAL PASS rally clears animation actor=Zhao skill=7 
(Filename: E:\unity\Runtime/Export/Debug/Debug.bindings.h Line: 39)

Unloading 4 Unused Serialized files (Serialized files now loaded: 0)
UnloadTime: 0.284500 ms

Unloading 2 unused Assets to reduce memory usage. Loaded Objects now: 1063.
Total: 1.249300 ms (FindLiveObjects: 0.063900 ms CreateObjectMapping: 0.015900 ms MarkObjects: 0.194000 ms  DeleteObjects: 0.975000 ms)

VISUAL ACTIVE actor=Fan skill=8 animation=True highlight=False 
(Filename: E:\unity\Runtime/Export/Debug/Debug.bindings.h Line: 39)

VISUAL PASS real gameplay activates original animation actor=Fan skill=磁力脚 
(Filename: E:\unity\Runtime/Export/Debug/Debug.bindings.h Line: 39)

VISUAL PASS unbought animation stays absent actor=Fan index=0 
(Filename: E:\unity\Runtime/Export/Debug/Debug.bindings.h Line: 39)

VISUAL PASS unbought animation stays absent actor=Fan index=1 
(Filename: E:\unity\Runtime/Export/Debug/Debug.bindings.h Line: 39)

VISUAL PASS unbought animation stays absent actor=Fan index=2 
(Filename: E:\unity\Runtime/Export/Debug/Debug.bindings.h Line: 39)

VISUAL PASS unbought animation stays absent actor=Fan index=3 
(Filename: E:\unity\Runtime/Export/Debug/Debug.bindings.h Line: 39)

VISUAL PASS unbought animation stays absent actor=Fan index=4 
(Filename: E:\unity\Runtime/Export/Debug/Debug.bindings.h Line: 39)

VISUAL PASS unbought animation stays absent actor=Fan index=5 
(Filename: E:\unity\Runtime/Export/Debug/Debug.bindings.h Line: 39)

VISUAL PASS unbought animation stays absent actor=Fan index=6 
(Filename: E:\unity\Runtime/Export/Debug/Debug.bindings.h Line: 39)

VISUAL PASS unbought animation stays absent actor=Fan index=7 
(Filename: E:\unity\Runtime/Export/Debug/Debug.bindings.h Line: 39)

VISUAL PASS unbought animation stays absent actor=Fan index=9 
(Filename: E:\unity\Runtime/Export/Debug/Debug.bindings.h Line: 39)

VISUAL PASS pause clears purchased animation actor=Fan skill=8 
(Filename: E:\unity\Runtime/Export/Debug/Debug.bindings.h Line: 39)

VISUAL PASS rally clears animation actor=Fan skill=8 
(Filename: E:\unity\Runtime/Export/Debug/Debug.bindings.h Line: 39)

Unloading 4 Unused Serialized files (Serialized files now loaded: 0)
UnloadTime: 0.294100 ms

Unloading 2 unused Assets to reduce memory usage. Loaded Objects now: 1063.
Total: 1.356100 ms (FindLiveObjects: 0.036200 ms CreateObjectMapping: 0.008200 ms MarkObjects: 0.220600 ms  DeleteObjects: 1.090900 ms)

VISUAL ACTIVE actor=Zhao skill=8 animation=True highlight=False 
(Filename: E:\unity\Runtime/Export/Debug/Debug.bindings.h Line: 39)

VISUAL PASS real gameplay activates original animation actor=Zhao skill=磁力脚 
(Filename: E:\unity\Runtime/Export/Debug/Debug.bindings.h Line: 39)

VISUAL PASS unbought animation stays absent actor=Zhao index=0 
(Filename: E:\unity\Runtime/Export/Debug/Debug.bindings.h Line: 39)

VISUAL PASS unbought animation stays absent actor=Zhao index=1 
(Filename: E:\unity\Runtime/Export/Debug/Debug.bindings.h Line: 39)

VISUAL PASS unbought animation stays absent actor=Zhao index=2 
(Filename: E:\unity\Runtime/Export/Debug/Debug.bindings.h Line: 39)

VISUAL PASS unbought animation stays absent actor=Zhao index=3 
(Filename: E:\unity\Runtime/Export/Debug/Debug.bindings.h Line: 39)

VISUAL PASS unbought animation stays absent actor=Zhao index=4 
(Filename: E:\unity\Runtime/Export/Debug/Debug.bindings.h Line: 39)

VISUAL PASS unbought animation stays absent actor=Zhao index=5 
(Filename: E:\unity\Runtime/Export/Debug/Debug.bindings.h Line: 39)

VISUAL PASS unbought animation stays absent actor=Zhao index=6 
(Filename: E:\unity\Runtime/Export/Debug/Debug.bindings.h Line: 39)

VISUAL PASS unbought animation stays absent actor=Zhao index=7 
(Filename: E:\unity\Runtime/Export/Debug/Debug.bindings.h Line: 39)

VISUAL PASS unbought animation stays absent actor=Zhao index=9 
(Filename: E:\unity\Runtime/Export/Debug/Debug.bindings.h Line: 39)

VISUAL PASS pause clears purchased animation actor=Zhao skill=8 
(Filename: E:\unity\Runtime/Export/Debug/Debug.bindings.h Line: 39)

VISUAL PASS rally clears animation actor=Zhao skill=8 
(Filename: E:\unity\Runtime/Export/Debug/Debug.bindings.h Line: 39)

Unloading 4 Unused Serialized files (Serialized files now loaded: 0)
UnloadTime: 0.367600 ms

Unloading 2 unused Assets to reduce memory usage. Loaded Objects now: 1063.
Total: 1.128200 ms (FindLiveObjects: 0.034100 ms CreateObjectMapping: 0.008300 ms MarkObjects: 0.193400 ms  DeleteObjects: 0.892300 ms)

VISUAL ACTIVE actor=Fan skill=9 animation=True highlight=False 
(Filename: E:\unity\Runtime/Export/Debug/Debug.bindings.h Line: 39)

VISUAL PASS real gameplay activates original animation actor=Fan skill=伸脚抢截 
(Filename: E:\unity\Runtime/Export/Debug/Debug.bindings.h Line: 39)

VISUAL PASS unbought animation stays absent actor=Fan index=0 
(Filename: E:\unity\Runtime/Export/Debug/Debug.bindings.h Line: 39)

VISUAL PASS unbought animation stays absent actor=Fan index=1 
(Filename: E:\unity\Runtime/Export/Debug/Debug.bindings.h Line: 39)

VISUAL PASS unbought animation stays absent actor=Fan index=2 
(Filename: E:\unity\Runtime/Export/Debug/Debug.bindings.h Line: 39)

VISUAL PASS unbought animation stays absent actor=Fan index=3 
(Filename: E:\unity\Runtime/Export/Debug/Debug.bindings.h Line: 39)

VISUAL PASS unbought animation stays absent actor=Fan index=4 
(Filename: E:\unity\Runtime/Export/Debug/Debug.bindings.h Line: 39)

VISUAL PASS unbought animation stays absent actor=Fan index=5 
(Filename: E:\unity\Runtime/Export/Debug/Debug.bindings.h Line: 39)

VISUAL PASS unbought animation stays absent actor=Fan index=6 
(Filename: E:\unity\Runtime/Export/Debug/Debug.bindings.h Line: 39)

VISUAL PASS unbought animation stays absent actor=Fan index=7 
(Filename: E:\unity\Runtime/Export/Debug/Debug.bindings.h Line: 39)

VISUAL PASS unbought animation stays absent actor=Fan index=8 
(Filename: E:\unity\Runtime/Export/Debug/Debug.bindings.h Line: 39)

VISUAL PASS pause clears purchased animation actor=Fan skill=9 
(Filename: E:\unity\Runtime/Export/Debug/Debug.bindings.h Line: 39)

VISUAL PASS rally clears animation actor=Fan skill=9 
(Filename: E:\unity\Runtime/Export/Debug/Debug.bindings.h Line: 39)

Unloading 4 Unused Serialized files (Serialized files now loaded: 0)
UnloadTime: 0.261000 ms

Unloading 2 unused Assets to reduce memory usage. Loaded Objects now: 1063.
Total: 1.228400 ms (FindLiveObjects: 0.030900 ms CreateObjectMapping: 0.008000 ms MarkObjects: 0.167100 ms  DeleteObjects: 1.022000 ms)

VISUAL ACTIVE actor=Zhao skill=9 animation=True highlight=False 
(Filename: E:\unity\Runtime/Export/Debug/Debug.bindings.h Line: 39)

VISUAL PASS real gameplay activates original animation actor=Zhao skill=伸脚抢截 
(Filename: E:\unity\Runtime/Export/Debug/Debug.bindings.h Line: 39)

VISUAL PASS unbought animation stays absent actor=Zhao index=0 
(Filename: E:\unity\Runtime/Export/Debug/Debug.bindings.h Line: 39)

VISUAL PASS unbought animation stays absent actor=Zhao index=1 
(Filename: E:\unity\Runtime/Export/Debug/Debug.bindings.h Line: 39)

VISUAL PASS unbought animation stays absent actor=Zhao index=2 
(Filename: E:\unity\Runtime/Export/Debug/Debug.bindings.h Line: 39)

VISUAL PASS unbought animation stays absent actor=Zhao index=3 
(Filename: E:\unity\Runtime/Export/Debug/Debug.bindings.h Line: 39)

VISUAL PASS unbought animation stays absent actor=Zhao index=4 
(Filename: E:\unity\Runtime/Export/Debug/Debug.bindings.h Line: 39)

VISUAL PASS unbought animation stays absent actor=Zhao index=5 
(Filename: E:\unity\Runtime/Export/Debug/Debug.bindings.h Line: 39)

VISUAL PASS unbought animation stays absent actor=Zhao index=6 
(Filename: E:\unity\Runtime/Export/Debug/Debug.bindings.h Line: 39)

VISUAL PASS unbought animation stays absent actor=Zhao index=7 
(Filename: E:\unity\Runtime/Export/Debug/Debug.bindings.h Line: 39)

VISUAL PASS unbought animation stays absent actor=Zhao index=8 
(Filename: E:\unity\Runtime/Export/Debug/Debug.bindings.h Line: 39)

VISUAL PASS pause clears purchased animation actor=Zhao skill=9 
(Filename: E:\unity\Runtime/Export/Debug/Debug.bindings.h Line: 39)

VISUAL PASS rally clears animation actor=Zhao skill=9 
(Filename: E:\unity\Runtime/Export/Debug/Debug.bindings.h Line: 39)

Unloading 4 Unused Serialized files (Serialized files now loaded: 0)
UnloadTime: 0.271800 ms

Unloading 2 unused Assets to reduce memory usage. Loaded Objects now: 1063.
Total: 1.165200 ms (FindLiveObjects: 0.032000 ms CreateObjectMapping: 0.008200 ms MarkObjects: 0.184500 ms  DeleteObjects: 0.940000 ms)

VISUAL PASS original skill mode still activates same fortress animation 
(Filename: E:\unity\Runtime/Export/Debug/Debug.bindings.h Line: 39)

Unloading 4 Unused Serialized files (Serialized files now loaded: 0)
UnloadTime: 0.274800 ms

Unloading 2 unused Assets to reduce memory usage. Loaded Objects now: 1063.
Total: 1.260100 ms (FindLiveObjects: 0.051100 ms CreateObjectMapping: 0.015500 ms MarkObjects: 0.250800 ms  DeleteObjects: 0.942100 ms)

VISUAL PASS classic has no purchased visual or physics module 
(Filename: E:\unity\Runtime/Export/Debug/Debug.bindings.h Line: 39)

VISUAL COMPLETE checks=252 failures=0 
(Filename: E:\unity\Runtime/Export/Debug/Debug.bindings.h Line: 39)

Setting up 12 worker threads for Enlighten.
  Thread -> id: 6a68 -> priority: 1 
  Thread -> id: 338 -> priority: 1 
  Thread -> id: 9438 -> priority: 1 
  Thread -> id: 7fcc -> priority: 1 
  Thread -> id: 7488 -> priority: 1 
  Thread -> id: dd0 -> priority: 1 
  Thread -> id: 2d10 -> priority: 1 
  Thread -> id: 24f4 -> priority: 1 
  Thread -> id: 95d0 -> priority: 1 
  Thread -> id: 444 -> priority: 1 
  Thread -> id: a480 -> priority: 1 
  Thread -> id: 651c -> priority: 1 
Curl error 42: Callback aborted
 
(Filename:  Line: 867)

