Mono path[0] = 'C:/Users/Alienware/Documents/范志毅VS赵鹏/范志毅VS赵鹏 PC双人版（32位）/鑼冨織姣匳S璧甸箯 PC鍙屼汉鐗堬紙32浣嶏級/AI Mod Source/build/ability-test-player-experiment/FanZhiYi_Data/Managed'
Mono config path = 'C:/Users/Alienware/Documents/范志毅VS赵鹏/范志毅VS赵鹏 PC双人版（32位）/鑼冨織姣匳S璧甸箯 PC鍙屼汉鐗堬紙32浣嶏級/AI Mod Source/build/ability-test-player-experiment/MonoBleedingEdge/etc'
AS: AutoStreaming module initializing.Initialize engine version: 2019.4.33f1c1 (c2f94a8bebb3)
[Subsystems] Discovering subsystems at path C:/Users/Alienware/Documents/范志毅VS赵鹏/范志毅VS赵鹏 PC双人版（32位）/鑼冨織姣匳S璧甸箯 PC鍙屼汉鐗堬紙32浣嶏級/AI Mod Source/build/ability-test-player-experiment/FanZhiYi_Data/UnitySubsystems
GfxDevice: creating device client; threaded=1
Direct3D:
    Version:  Direct3D 11.0 [level 11.1]
    Renderer: NVIDIA GeForce RTX 5070 Laptop GPU (ID=0x2d58)
    Vendor:   (null)
    VRAM:     3072 MB
    Driver:   32.0.15.9608
Begin MonoManager ReloadAssembly
- Completed reload, in  0.093 seconds
<RI> Initializing input.
<RI> Input initialized.
<RI> Initialized touch support.
UnloadTime: 0.536300 ms
VISUAL PASS permanent bottom mode and allocation summaries removed from assembly 
(Filename: E:\unity\Runtime/Export/Debug/Debug.bindings.h Line: 39)

Unloading 5 Unused Serialized files (Serialized files now loaded: 0)
UnloadTime: 0.167600 ms

Unloading 143 unused Assets to reduce memory usage. Loaded Objects now: 1013.
Total: 0.684900 ms (FindLiveObjects: 0.108100 ms CreateObjectMapping: 0.010400 ms MarkObjects: 0.219400 ms  DeleteObjects: 0.346600 ms)

VISUAL UI style=0 name=txt_Zhao_Score text=00 
(Filename: E:\unity\Runtime/Export/Debug/Debug.bindings.h Line: 39)

VISUAL UI style=0 name=txt_Fan_Score text=00 
(Filename: E:\unity\Runtime/Export/Debug/Debug.bindings.h Line: 39)

VISUAL UI style=0 name=Text text=II 
(Filename: E:\unity\Runtime/Export/Debug/Debug.bindings.h Line: 39)

VISUAL PASS game independently loads in mode=0 
(Filename: E:\unity\Runtime/Export/Debug/Debug.bindings.h Line: 39)

Unloading 4 Unused Serialized files (Serialized files now loaded: 0)
UnloadTime: 0.339600 ms

Unloading 37 unused Assets to reduce memory usage. Loaded Objects now: 1057.
Total: 1.175300 ms (FindLiveObjects: 0.032300 ms CreateObjectMapping: 0.008100 ms MarkObjects: 0.250300 ms  DeleteObjects: 0.884300 ms)

VISUAL UI style=1 name=txt_Zhao_Score text=00 
(Filename: E:\unity\Runtime/Export/Debug/Debug.bindings.h Line: 39)

VISUAL UI style=1 name=txt_Fan_Score text=00 
(Filename: E:\unity\Runtime/Export/Debug/Debug.bindings.h Line: 39)

VISUAL UI style=1 name=Text text=II 
(Filename: E:\unity\Runtime/Export/Debug/Debug.bindings.h Line: 39)

VISUAL PASS game independently loads in mode=1 
(Filename: E:\unity\Runtime/Export/Debug/Debug.bindings.h Line: 39)

Unloading 4 Unused Serialized files (Serialized files now loaded: 0)
UnloadTime: 0.638700 ms

Unloading 2 unused Assets to reduce memory usage. Loaded Objects now: 1063.
Total: 1.313800 ms (FindLiveObjects: 0.030400 ms CreateObjectMapping: 0.007500 ms MarkObjects: 0.192700 ms  DeleteObjects: 1.082800 ms)

VISUAL UI style=2 name=txt_Zhao_Score text=00 
(Filename: E:\unity\Runtime/Export/Debug/Debug.bindings.h Line: 39)

VISUAL UI style=2 name=txt_Fan_Score text=00 
(Filename: E:\unity\Runtime/Export/Debug/Debug.bindings.h Line: 39)

VISUAL UI style=2 name=Text text=II 
(Filename: E:\unity\Runtime/Export/Debug/Debug.bindings.h Line: 39)

VISUAL PASS game independently loads in mode=2 
(Filename: E:\unity\Runtime/Export/Debug/Debug.bindings.h Line: 39)

Unloading 4 Unused Serialized files (Serialized files now loaded: 0)
UnloadTime: 0.366600 ms

Unloading 2 unused Assets to reduce memory usage. Loaded Objects now: 1065.
Total: 1.099300 ms (FindLiveObjects: 0.051500 ms CreateObjectMapping: 0.015400 ms MarkObjects: 0.179300 ms  DeleteObjects: 0.852800 ms)

VISUAL ACTIVE actor=Fan skill=0 animation=True highlight=False 
(Filename: E:\unity\Runtime/Export/Debug/Debug.bindings.h Line: 39)

VISUAL PASS real gameplay activates original animation actor=Fan skill=旋风盘带 
(Filename: E:\unity\Runtime/Export/Debug/Debug.bindings.h Line: 39)

VISUAL PASS unbought animation stays absent actor=Fan index=1 
(Filename: E:\unity\Runtime/Export/Debug/Debug.bindings.h Line: 39)

VISUAL PASS unbought animation stays absent actor=Fan index=2 
(Filename: E:\unity\Runtime/Export/Debug/Debug.bindings.h Line: 39)

VISUAL PASS unbought animation stays absent actor=Fan index=3 
(Filename: E:\unity\Runtime/Export/Debug/Debug.bindings.h Line: 39)

VISUAL PASS unbought animation stays absent actor=Fan index=4 
(Filename: E:\unity\Runtime/Export/Debug/Debug.bindings.h Line: 39)

VISUAL PASS unbought animation stays absent actor=Fan index=5 
(Filename: E:\unity\Runtime/Export/Debug/Debug.bindings.h Line: 39)

VISUAL PASS unbought animation stays absent actor=Fan index=6 
(Filename: E:\unity\Runtime/Export/Debug/Debug.bindings.h Line: 39)

VISUAL PASS unbought animation stays absent actor=Fan index=7 
(Filename: E:\unity\Runtime/Export/Debug/Debug.bindings.h Line: 39)

VISUAL PASS unbought animation stays absent actor=Fan index=8 
(Filename: E:\unity\Runtime/Export/Debug/Debug.bindings.h Line: 39)

VISUAL PASS unbought animation stays absent actor=Fan index=9 
(Filename: E:\unity\Runtime/Export/Debug/Debug.bindings.h Line: 39)

VISUAL PASS pause clears purchased animation actor=Fan skill=0 
(Filename: E:\unity\Runtime/Export/Debug/Debug.bindings.h Line: 39)

VISUAL PASS rally clears animation actor=Fan skill=0 
(Filename: E:\unity\Runtime/Export/Debug/Debug.bindings.h Line: 39)

Unloading 4 Unused Serialized files (Serialized files now loaded: 0)
UnloadTime: 0.274800 ms

Unloading 2 unused Assets to reduce memory usage. Loaded Objects now: 1065.
Total: 1.394800 ms (FindLiveObjects: 0.052200 ms CreateObjectMapping: 0.011200 ms MarkObjects: 0.346200 ms  DeleteObjects: 0.984300 ms)

VISUAL ACTIVE actor=Zhao skill=0 animation=True highlight=False 
(Filename: E:\unity\Runtime/Export/Debug/Debug.bindings.h Line: 39)

VISUAL PASS real gameplay activates original animation actor=Zhao skill=旋风盘带 
(Filename: E:\unity\Runtime/Export/Debug/Debug.bindings.h Line: 39)

VISUAL PASS unbought animation stays absent actor=Zhao index=1 
(Filename: E:\unity\Runtime/Export/Debug/Debug.bindings.h Line: 39)

VISUAL PASS unbought animation stays absent actor=Zhao index=2 
(Filename: E:\unity\Runtime/Export/Debug/Debug.bindings.h Line: 39)

VISUAL PASS unbought animation stays absent actor=Zhao index=3 
(Filename: E:\unity\Runtime/Export/Debug/Debug.bindings.h Line: 39)

VISUAL PASS unbought animation stays absent actor=Zhao index=4 
(Filename: E:\unity\Runtime/Export/Debug/Debug.bindings.h Line: 39)

VISUAL PASS unbought animation stays absent actor=Zhao index=5 
(Filename: E:\unity\Runtime/Export/Debug/Debug.bindings.h Line: 39)

VISUAL PASS unbought animation stays absent actor=Zhao index=6 
(Filename: E:\unity\Runtime/Export/Debug/Debug.bindings.h Line: 39)

VISUAL PASS unbought animation stays absent actor=Zhao index=7 
(Filename: E:\unity\Runtime/Export/Debug/Debug.bindings.h Line: 39)

VISUAL PASS unbought animation stays absent actor=Zhao index=8 
(Filename: E:\unity\Runtime/Export/Debug/Debug.bindings.h Line: 39)

VISUAL PASS unbought animation stays absent actor=Zhao index=9 
(Filename: E:\unity\Runtime/Export/Debug/Debug.bindings.h Line: 39)

VISUAL PASS pause clears purchased animation actor=Zhao skill=0 
(Filename: E:\unity\Runtime/Export/Debug/Debug.bindings.h Line: 39)

VISUAL PASS rally clears animation actor=Zhao skill=0 
(Filename: E:\unity\Runtime/Export/Debug/Debug.bindings.h Line: 39)

Unloading 4 Unused Serialized files (Serialized files now loaded: 0)
UnloadTime: 0.253100 ms

Unloading 2 unused Assets to reduce memory usage. Loaded Objects now: 1065.
Total: 1.172300 ms (FindLiveObjects: 0.033900 ms CreateObjectMapping: 0.008500 ms MarkObjects: 0.193500 ms  DeleteObjects: 0.935900 ms)

VISUAL ACTIVE actor=Fan skill=1 animation=True highlight=True 
(Filename: E:\unity\Runtime/Export/Debug/Debug.bindings.h Line: 39)

VISUAL PASS real gameplay activates original animation actor=Fan skill=炮弹式头球 
(Filename: E:\unity\Runtime/Export/Debug/Debug.bindings.h Line: 39)

VISUAL PASS real strike activates football glow and trail actor=Fan skill=1 
(Filename: E:\unity\Runtime/Export/Debug/Debug.bindings.h Line: 39)

VISUAL PASS unbought animation stays absent actor=Fan index=0 
(Filename: E:\unity\Runtime/Export/Debug/Debug.bindings.h Line: 39)

VISUAL PASS unbought animation stays absent actor=Fan index=2 
(Filename: E:\unity\Runtime/Export/Debug/Debug.bindings.h Line: 39)

VISUAL PASS unbought animation stays absent actor=Fan index=3 
(Filename: E:\unity\Runtime/Export/Debug/Debug.bindings.h Line: 39)

VISUAL PASS unbought animation stays absent actor=Fan index=4 
(Filename: E:\unity\Runtime/Export/Debug/Debug.bindings.h Line: 39)

VISUAL PASS unbought animation stays absent actor=Fan index=5 
(Filename: E:\unity\Runtime/Export/Debug/Debug.bindings.h Line: 39)

VISUAL PASS unbought animation stays absent actor=Fan index=6 
(Filename: E:\unity\Runtime/Export/Debug/Debug.bindings.h Line: 39)

VISUAL PASS unbought animation stays absent actor=Fan index=7 
(Filename: E:\unity\Runtime/Export/Debug/Debug.bindings.h Line: 39)

VISUAL PASS unbought animation stays absent actor=Fan index=8 
(Filename: E:\unity\Runtime/Export/Debug/Debug.bindings.h Line: 39)

VISUAL PASS unbought animation stays absent actor=Fan index=9 
(Filename: E:\unity\Runtime/Export/Debug/Debug.bindings.h Line: 39)

VISUAL PASS pause clears purchased animation actor=Fan skill=1 
(Filename: E:\unity\Runtime/Export/Debug/Debug.bindings.h Line: 39)

VISUAL PASS rally clears animation actor=Fan skill=1 
(Filename: E:\unity\Runtime/Export/Debug/Debug.bindings.h Line: 39)

Unloading 4 Unused Serialized files (Serialized files now loaded: 0)
UnloadTime: 0.254800 ms

Unloading 4 unused Assets to reduce memory usage. Loaded Objects now: 1065.
Total: 1.401900 ms (FindLiveObjects: 0.056700 ms CreateObjectMapping: 0.017300 ms MarkObjects: 0.213900 ms  DeleteObjects: 1.113500 ms)

VISUAL ACTIVE actor=Zhao skill=1 animation=True highlight=True 
(Filename: E:\unity\Runtime/Export/Debug/Debug.bindings.h Line: 39)

VISUAL PASS real gameplay activates original animation actor=Zhao skill=炮弹式头球 
(Filename: E:\unity\Runtime/Export/Debug/Debug.bindings.h Line: 39)

VISUAL PASS real strike activates football glow and trail actor=Zhao skill=1 
(Filename: E:\unity\Runtime/Export/Debug/Debug.bindings.h Line: 39)

VISUAL PASS unbought animation stays absent actor=Zhao index=0 
(Filename: E:\unity\Runtime/Export/Debug/Debug.bindings.h Line: 39)

VISUAL PASS unbought animation stays absent actor=Zhao index=2 
(Filename: E:\unity\Runtime/Export/Debug/Debug.bindings.h Line: 39)

VISUAL PASS unbought animation stays absent actor=Zhao index=3 
(Filename: E:\unity\Runtime/Export/Debug/Debug.bindings.h Line: 39)

VISUAL PASS unbought animation stays absent actor=Zhao index=4 
(Filename: E:\unity\Runtime/Export/Debug/Debug.bindings.h Line: 39)

VISUAL PASS unbought animation stays absent actor=Zhao index=5 
(Filename: E:\unity\Runtime/Export/Debug/Debug.bindings.h Line: 39)

VISUAL PASS unbought animation stays absent actor=Zhao index=6 
(Filename: E:\unity\Runtime/Export/Debug/Debug.bindings.h Line: 39)

VISUAL PASS unbought animation stays absent actor=Zhao index=7 
(Filename: E:\unity\Runtime/Export/Debug/Debug.bindings.h Line: 39)

VISUAL PASS unbought animation stays absent actor=Zhao index=8 
(Filename: E:\unity\Runtime/Export/Debug/Debug.bindings.h Line: 39)

VISUAL PASS unbought animation stays absent actor=Zhao index=9 
(Filename: E:\unity\Runtime/Export/Debug/Debug.bindings.h Line: 39)

VISUAL PASS pause clears purchased animation actor=Zhao skill=1 
(Filename: E:\unity\Runtime/Export/Debug/Debug.bindings.h Line: 39)

VISUAL PASS rally clears animation actor=Zhao skill=1 
(Filename: E:\unity\Runtime/Export/Debug/Debug.bindings.h Line: 39)

Unloading 4 Unused Serialized files (Serialized files now loaded: 0)
UnloadTime: 0.280800 ms

Unloading 4 unused Assets to reduce memory usage. Loaded Objects now: 1069.
Total: 1.200200 ms (FindLiveObjects: 0.053700 ms CreateObjectMapping: 0.016500 ms MarkObjects: 0.204600 ms  DeleteObjects: 0.924700 ms)

VISUAL ACTIVE actor=Fan skill=2 animation=True highlight=False 
(Filename: E:\unity\Runtime/Export/Debug/Debug.bindings.h Line: 39)

VISUAL PASS real gameplay activates original animation actor=Fan skill=空中堡垒 
(Filename: E:\unity\Runtime/Export/Debug/Debug.bindings.h Line: 39)

VISUAL PASS unbought animation stays absent actor=Fan index=0 
(Filename: E:\unity\Runtime/Export/Debug/Debug.bindings.h Line: 39)

VISUAL PASS unbought animation stays absent actor=Fan index=1 
(Filename: E:\unity\Runtime/Export/Debug/Debug.bindings.h Line: 39)

VISUAL PASS unbought animation stays absent actor=Fan index=3 
(Filename: E:\unity\Runtime/Export/Debug/Debug.bindings.h Line: 39)

VISUAL PASS unbought animation stays absent actor=Fan index=4 
(Filename: E:\unity\Runtime/Export/Debug/Debug.bindings.h Line: 39)

VISUAL PASS unbought animation stays absent actor=Fan index=5 
(Filename: E:\unity\Runtime/Export/Debug/Debug.bindings.h Line: 39)

VISUAL PASS unbought animation stays absent actor=Fan index=6 
(Filename: E:\unity\Runtime/Export/Debug/Debug.bindings.h Line: 39)

VISUAL PASS unbought animation stays absent actor=Fan index=7 
(Filename: E:\unity\Runtime/Export/Debug/Debug.bindings.h Line: 39)

VISUAL PASS unbought animation stays absent actor=Fan index=8 
(Filename: E:\unity\Runtime/Export/Debug/Debug.bindings.h Line: 39)

VISUAL PASS unbought animation stays absent actor=Fan index=9 
(Filename: E:\unity\Runtime/Export/Debug/Debug.bindings.h Line: 39)

VISUAL PASS pause clears purchased animation actor=Fan skill=2 
(Filename: E:\unity\Runtime/Export/Debug/Debug.bindings.h Line: 39)

VISUAL PASS rally clears animation actor=Fan skill=2 
(Filename: E:\unity\Runtime/Export/Debug/Debug.bindings.h Line: 39)

Unloading 4 Unused Serialized files (Serialized files now loaded: 0)
UnloadTime: 0.269500 ms

Unloading 2 unused Assets to reduce memory usage. Loaded Objects now: 1065.
Total: 1.230500 ms (FindLiveObjects: 0.033300 ms CreateObjectMapping: 0.008400 ms MarkObjects: 0.179500 ms  DeleteObjects: 1.008900 ms)

VISUAL ACTIVE actor=Zhao skill=2 animation=True highlight=False 
(Filename: E:\unity\Runtime/Export/Debug/Debug.bindings.h Line: 39)

VISUAL PASS real gameplay activates original animation actor=Zhao skill=空中堡垒 
(Filename: E:\unity\Runtime/Export/Debug/Debug.bindings.h Line: 39)

VISUAL PASS unbought animation stays absent actor=Zhao index=0 
(Filename: E:\unity\Runtime/Export/Debug/Debug.bindings.h Line: 39)

VISUAL PASS unbought animation stays absent actor=Zhao index=1 
(Filename: E:\unity\Runtime/Export/Debug/Debug.bindings.h Line: 39)

VISUAL PASS unbought animation stays absent actor=Zhao index=3 
(Filename: E:\unity\Runtime/Export/Debug/Debug.bindings.h Line: 39)

VISUAL PASS unbought animation stays absent actor=Zhao index=4 
(Filename: E:\unity\Runtime/Export/Debug/Debug.bindings.h Line: 39)

VISUAL PASS unbought animation stays absent actor=Zhao index=5 
(Filename: E:\unity\Runtime/Export/Debug/Debug.bindings.h Line: 39)

VISUAL PASS unbought animation stays absent actor=Zhao index=6 
(Filename: E:\unity\Runtime/Export/Debug/Debug.bindings.h Line: 39)

VISUAL PASS unbought animation stays absent actor=Zhao index=7 
(Filename: E:\unity\Runtime/Export/Debug/Debug.bindings.h Line: 39)

VISUAL PASS unbought animation stays absent actor=Zhao index=8 
(Filename: E:\unity\Runtime/Export/Debug/Debug.bindings.h Line: 39)

VISUAL PASS unbought animation stays absent actor=Zhao index=9 
(Filename: E:\unity\Runtime/Export/Debug/Debug.bindings.h Line: 39)

VISUAL PASS pause clears purchased animation actor=Zhao skill=2 
(Filename: E:\unity\Runtime/Export/Debug/Debug.bindings.h Line: 39)

VISUAL PASS rally clears animation actor=Zhao skill=2 
(Filename: E:\unity\Runtime/Export/Debug/Debug.bindings.h Line: 39)

Unloading 4 Unused Serialized files (Serialized files now loaded: 0)
UnloadTime: 0.278900 ms

Unloading 2 unused Assets to reduce memory usage. Loaded Objects now: 1065.
Total: 1.027200 ms (FindLiveObjects: 0.030400 ms CreateObjectMapping: 0.008400 ms MarkObjects: 0.169200 ms  DeleteObjects: 0.818900 ms)

VISUAL ACTIVE actor=Fan skill=3 animation=True highlight=False 
(Filename: E:\unity\Runtime/Export/Debug/Debug.bindings.h Line: 39)

VISUAL PASS real gameplay activates original animation actor=Fan skill=强力抢断 
(Filename: E:\unity\Runtime/Export/Debug/Debug.bindings.h Line: 39)

VISUAL PASS unbought animation stays absent actor=Fan index=0 
(Filename: E:\unity\Runtime/Export/Debug/Debug.bindings.h Line: 39)

VISUAL PASS unbought animation stays absent actor=Fan index=1 
(Filename: E:\unity\Runtime/Export/Debug/Debug.bindings.h Line: 39)

VISUAL PASS unbought animation stays absent actor=Fan index=2 
(Filename: E:\unity\Runtime/Export/Debug/Debug.bindings.h Line: 39)

VISUAL PASS unbought animation stays absent actor=Fan index=4 
(Filename: E:\unity\Runtime/Export/Debug/Debug.bindings.h Line: 39)

VISUAL PASS unbought animation stays absent actor=Fan index=5 
(Filename: E:\unity\Runtime/Export/Debug/Debug.bindings.h Line: 39)

VISUAL PASS unbought animation stays absent actor=Fan index=6 
(Filename: E:\unity\Runtime/Export/Debug/Debug.bindings.h Line: 39)

VISUAL PASS unbought animation stays absent actor=Fan index=7 
(Filename: E:\unity\Runtime/Export/Debug/Debug.bindings.h Line: 39)

VISUAL PASS unbought animation stays absent actor=Fan index=8 
(Filename: E:\unity\Runtime/Export/Debug/Debug.bindings.h Line: 39)

VISUAL PASS unbought animation stays absent actor=Fan index=9 
(Filename: E:\unity\Runtime/Export/Debug/Debug.bindings.h Line: 39)

VISUAL PASS pause clears purchased animation actor=Fan skill=3 
(Filename: E:\unity\Runtime/Export/Debug/Debug.bindings.h Line: 39)

VISUAL PASS rally clears animation actor=Fan skill=3 
(Filename: E:\unity\Runtime/Export/Debug/Debug.bindings.h Line: 39)

Unloading 4 Unused Serialized files (Serialized files now loaded: 0)
UnloadTime: 0.284500 ms

Unloading 2 unused Assets to reduce memory usage. Loaded Objects now: 1065.
Total: 1.357900 ms (FindLiveObjects: 0.053400 ms CreateObjectMapping: 0.016100 ms MarkObjects: 0.273100 ms  DeleteObjects: 1.014700 ms)

VISUAL ACTIVE actor=Zhao skill=3 animation=True highlight=False 
(Filename: E:\unity\Runtime/Export/Debug/Debug.bindings.h Line: 39)

VISUAL PASS real gameplay activates original animation actor=Zhao skill=强力抢断 
(Filename: E:\unity\Runtime/Export/Debug/Debug.bindings.h Line: 39)

VISUAL PASS unbought animation stays absent actor=Zhao index=0 
(Filename: E:\unity\Runtime/Export/Debug/Debug.bindings.h Line: 39)

VISUAL PASS unbought animation stays absent actor=Zhao index=1 
(Filename: E:\unity\Runtime/Export/Debug/Debug.bindings.h Line: 39)

VISUAL PASS unbought animation stays absent actor=Zhao index=2 
(Filename: E:\unity\Runtime/Export/Debug/Debug.bindings.h Line: 39)

VISUAL PASS unbought animation stays absent actor=Zhao index=4 
(Filename: E:\unity\Runtime/Export/Debug/Debug.bindings.h Line: 39)

VISUAL PASS unbought animation stays absent actor=Zhao index=5 
(Filename: E:\unity\Runtime/Export/Debug/Debug.bindings.h Line: 39)

VISUAL PASS unbought animation stays absent actor=Zhao index=6 
(Filename: E:\unity\Runtime/Export/Debug/Debug.bindings.h Line: 39)

VISUAL PASS unbought animation stays absent actor=Zhao index=7 
(Filename: E:\unity\Runtime/Export/Debug/Debug.bindings.h Line: 39)

VISUAL PASS unbought animation stays absent actor=Zhao index=8 
(Filename: E:\unity\Runtime/Export/Debug/Debug.bindings.h Line: 39)

VISUAL PASS unbought animation stays absent actor=Zhao index=9 
(Filename: E:\unity\Runtime/Export/Debug/Debug.bindings.h Line: 39)

VISUAL PASS pause clears purchased animation actor=Zhao skill=3 
(Filename: E:\unity\Runtime/Export/Debug/Debug.bindings.h Line: 39)

VISUAL PASS rally clears animation actor=Zhao skill=3 
(Filename: E:\unity\Runtime/Export/Debug/Debug.bindings.h Line: 39)

Unloading 4 Unused Serialized files (Serialized files now loaded: 0)
UnloadTime: 0.274400 ms

Unloading 2 unused Assets to reduce memory usage. Loaded Objects now: 1065.
Total: 1.204300 ms (FindLiveObjects: 0.032400 ms CreateObjectMapping: 0.008400 ms MarkObjects: 0.172500 ms  DeleteObjects: 0.990800 ms)

VISUAL ACTIVE actor=Fan skill=4 animation=True highlight=True 
(Filename: E:\unity\Runtime/Export/Debug/Debug.bindings.h Line: 39)

VISUAL PASS real gameplay activates original animation actor=Fan skill=掠地瞬击 
(Filename: E:\unity\Runtime/Export/Debug/Debug.bindings.h Line: 39)

VISUAL PASS real strike activates football glow and trail actor=Fan skill=4 
(Filename: E:\unity\Runtime/Export/Debug/Debug.bindings.h Line: 39)

VISUAL PASS unbought animation stays absent actor=Fan index=0 
(Filename: E:\unity\Runtime/Export/Debug/Debug.bindings.h Line: 39)

VISUAL PASS unbought animation stays absent actor=Fan index=1 
(Filename: E:\unity\Runtime/Export/Debug/Debug.bindings.h Line: 39)

VISUAL PASS unbought animation stays absent actor=Fan index=2 
(Filename: E:\unity\Runtime/Export/Debug/Debug.bindings.h Line: 39)

VISUAL PASS unbought animation stays absent actor=Fan index=3 
(Filename: E:\unity\Runtime/Export/Debug/Debug.bindings.h Line: 39)

VISUAL PASS unbought animation stays absent actor=Fan index=5 
(Filename: E:\unity\Runtime/Export/Debug/Debug.bindings.h Line: 39)

VISUAL PASS unbought animation stays absent actor=Fan index=6 
(Filename: E:\unity\Runtime/Export/Debug/Debug.bindings.h Line: 39)

VISUAL PASS unbought animation stays absent actor=Fan index=7 
(Filename: E:\unity\Runtime/Export/Debug/Debug.bindings.h Line: 39)

VISUAL PASS unbought animation stays absent actor=Fan index=8 
(Filename: E:\unity\Runtime/Export/Debug/Debug.bindings.h Line: 39)

VISUAL PASS unbought animation stays absent actor=Fan index=9 
(Filename: E:\unity\Runtime/Export/Debug/Debug.bindings.h Line: 39)

VISUAL PASS pause clears purchased animation actor=Fan skill=4 
(Filename: E:\unity\Runtime/Export/Debug/Debug.bindings.h Line: 39)

VISUAL PASS rally clears animation actor=Fan skill=4 
(Filename: E:\unity\Runtime/Export/Debug/Debug.bindings.h Line: 39)

Unloading 4 Unused Serialized files (Serialized files now loaded: 0)
UnloadTime: 0.257900 ms

Unloading 3 unused Assets to reduce memory usage. Loaded Objects now: 1065.
Total: 1.074700 ms (FindLiveObjects: 0.030700 ms CreateObjectMapping: 0.015500 ms MarkObjects: 0.170700 ms  DeleteObjects: 0.857600 ms)

VISUAL ACTIVE actor=Zhao skill=4 animation=True highlight=True 
(Filename: E:\unity\Runtime/Export/Debug/Debug.bindings.h Line: 39)

VISUAL PASS real gameplay activates original animation actor=Zhao skill=掠地瞬击 
(Filename: E:\unity\Runtime/Export/Debug/Debug.bindings.h Line: 39)

VISUAL PASS real strike activates football glow and trail actor=Zhao skill=4 
(Filename: E:\unity\Runtime/Export/Debug/Debug.bindings.h Line: 39)

VISUAL PASS unbought animation stays absent actor=Zhao index=0 
(Filename: E:\unity\Runtime/Export/Debug/Debug.bindings.h Line: 39)

VISUAL PASS unbought animation stays absent actor=Zhao index=1 
(Filename: E:\unity\Runtime/Export/Debug/Debug.bindings.h Line: 39)

VISUAL PASS unbought animation stays absent actor=Zhao index=2 
(Filename: E:\unity\Runtime/Export/Debug/Debug.bindings.h Line: 39)

VISUAL PASS unbought animation stays absent actor=Zhao index=3 
(Filename: E:\unity\Runtime/Export/Debug/Debug.bindings.h Line: 39)

VISUAL PASS unbought animation stays absent actor=Zhao index=5 
(Filename: E:\unity\Runtime/Export/Debug/Debug.bindings.h Line: 39)

VISUAL PASS unbought animation stays absent actor=Zhao index=6 
(Filename: E:\unity\Runtime/Export/Debug/Debug.bindings.h Line: 39)

VISUAL PASS unbought animation stays absent actor=Zhao index=7 
(Filename: E:\unity\Runtime/Export/Debug/Debug.bindings.h Line: 39)

VISUAL PASS unbought animation stays absent actor=Zhao index=8 
(Filename: E:\unity\Runtime/Export/Debug/Debug.bindings.h Line: 39)

VISUAL PASS unbought animation stays absent actor=Zhao index=9 
(Filename: E:\unity\Runtime/Export/Debug/Debug.bindings.h Line: 39)

VISUAL PASS pause clears purchased animation actor=Zhao skill=4 
(Filename: E:\unity\Runtime/Export/Debug/Debug.bindings.h Line: 39)

VISUAL PASS rally clears animation actor=Zhao skill=4 
(Filename: E:\unity\Runtime/Export/Debug/Debug.bindings.h Line: 39)

Unloading 4 Unused Serialized files (Serialized files now loaded: 0)
UnloadTime: 0.256400 ms

Unloading 3 unused Assets to reduce memory usage. Loaded Objects now: 1065.
Total: 1.100900 ms (FindLiveObjects: 0.065700 ms CreateObjectMapping: 0.015900 ms MarkObjects: 0.178600 ms  DeleteObjects: 0.840100 ms)

VISUAL ACTIVE actor=Fan skill=5 animation=True highlight=True 
(Filename: E:\unity\Runtime/Export/Debug/Debug.bindings.h Line: 39)

VISUAL PASS real gameplay activates original animation actor=Fan skill=弧线落叶射门 
(Filename: E:\unity\Runtime/Export/Debug/Debug.bindings.h Line: 39)

VISUAL PASS real strike activates football glow and trail actor=Fan skill=5 
(Filename: E:\unity\Runtime/Export/Debug/Debug.bindings.h Line: 39)

VISUAL PASS unbought animation stays absent actor=Fan index=0 
(Filename: E:\unity\Runtime/Export/Debug/Debug.bindings.h Line: 39)

VISUAL PASS unbought animation stays absent actor=Fan index=1 
(Filename: E:\unity\Runtime/Export/Debug/Debug.bindings.h Line: 39)

VISUAL PASS unbought animation stays absent actor=Fan index=2 
(Filename: E:\unity\Runtime/Export/Debug/Debug.bindings.h Line: 39)

VISUAL PASS unbought animation stays absent actor=Fan index=3 
(Filename: E:\unity\Runtime/Export/Debug/Debug.bindings.h Line: 39)

VISUAL PASS unbought animation stays absent actor=Fan index=4 
(Filename: E:\unity\Runtime/Export/Debug/Debug.bindings.h Line: 39)

VISUAL PASS unbought animation stays absent actor=Fan index=6 
(Filename: E:\unity\Runtime/Export/Debug/Debug.bindings.h Line: 39)

VISUAL PASS unbought animation stays absent actor=Fan index=7 
(Filename: E:\unity\Runtime/Export/Debug/Debug.bindings.h Line: 39)

VISUAL PASS unbought animation stays absent actor=Fan index=8 
(Filename: E:\unity\Runtime/Export/Debug/Debug.bindings.h Line: 39)

VISUAL PASS unbought animation stays absent actor=Fan index=9 
(Filename: E:\unity\Runtime/Export/Debug/Debug.bindings.h Line: 39)

VISUAL PASS pause clears purchased animation actor=Fan skill=5 
(Filename: E:\unity\Runtime/Export/Debug/Debug.bindings.h Line: 39)

VISUAL PASS rally clears animation actor=Fan skill=5 
(Filename: E:\unity\Runtime/Export/Debug/Debug.bindings.h Line: 39)

Unloading 4 Unused Serialized files (Serialized files now loaded: 0)
UnloadTime: 0.241700 ms

Unloading 4 unused Assets to reduce memory usage. Loaded Objects now: 1065.
Total: 1.263100 ms (FindLiveObjects: 0.053300 ms CreateObjectMapping: 0.008100 ms MarkObjects: 0.196500 ms  DeleteObjects: 1.005000 ms)

VISUAL ACTIVE actor=Zhao skill=5 animation=True highlight=True 
(Filename: E:\unity\Runtime/Export/Debug/Debug.bindings.h Line: 39)

VISUAL PASS real gameplay activates original animation actor=Zhao skill=弧线落叶射门 
(Filename: E:\unity\Runtime/Export/Debug/Debug.bindings.h Line: 39)

VISUAL PASS real strike activates football glow and trail actor=Zhao skill=5 
(Filename: E:\unity\Runtime/Export/Debug/Debug.bindings.h Line: 39)

VISUAL PASS unbought animation stays absent actor=Zhao index=0 
(Filename: E:\unity\Runtime/Export/Debug/Debug.bindings.h Line: 39)

VISUAL PASS unbought animation stays absent actor=Zhao index=1 
(Filename: E:\unity\Runtime/Export/Debug/Debug.bindings.h Line: 39)

VISUAL PASS unbought animation stays absent actor=Zhao index=2 
(Filename: E:\unity\Runtime/Export/Debug/Debug.bindings.h Line: 39)

VISUAL PASS unbought animation stays absent actor=Zhao index=3 
(Filename: E:\unity\Runtime/Export/Debug/Debug.bindings.h Line: 39)

VISUAL PASS unbought animation stays absent actor=Zhao index=4 
(Filename: E:\unity\Runtime/Export/Debug/Debug.bindings.h Line: 39)

VISUAL PASS unbought animation stays absent actor=Zhao index=6 
(Filename: E:\unity\Runtime/Export/Debug/Debug.bindings.h Line: 39)

VISUAL PASS unbought animation stays absent actor=Zhao index=7 
(Filename: E:\unity\Runtime/Export/Debug/Debug.bindings.h Line: 39)

VISUAL PASS unbought animation stays absent actor=Zhao index=8 
(Filename: E:\unity\Runtime/Export/Debug/Debug.bindings.h Line: 39)

VISUAL PASS unbought animation stays absent actor=Zhao index=9 
(Filename: E:\unity\Runtime/Export/Debug/Debug.bindings.h Line: 39)

VISUAL PASS pause clears purchased animation actor=Zhao skill=5 
(Filename: E:\unity\Runtime/Export/Debug/Debug.bindings.h Line: 39)

VISUAL PASS rally clears animation actor=Zhao skill=5 
(Filename: E:\unity\Runtime/Export/Debug/Debug.bindings.h Line: 39)

Unloading 4 Unused Serialized files (Serialized files now loaded: 0)
UnloadTime: 0.300900 ms

Unloading 3 unused Assets to reduce memory usage. Loaded Objects now: 1065.
Total: 1.042800 ms (FindLiveObjects: 0.031000 ms CreateObjectMapping: 0.008400 ms MarkObjects: 0.173000 ms  DeleteObjects: 0.830300 ms)

VISUAL ACTIVE actor=Fan skill=6 animation=True highlight=False 
(Filename: E:\unity\Runtime/Export/Debug/Debug.bindings.h Line: 39)

VISUAL PASS real gameplay activates original animation actor=Fan skill=紧急回防 
(Filename: E:\unity\Runtime/Export/Debug/Debug.bindings.h Line: 39)

VISUAL PASS unbought animation stays absent actor=Fan index=0 
(Filename: E:\unity\Runtime/Export/Debug/Debug.bindings.h Line: 39)

VISUAL PASS unbought animation stays absent actor=Fan index=1 
(Filename: E:\unity\Runtime/Export/Debug/Debug.bindings.h Line: 39)

VISUAL PASS unbought animation stays absent actor=Fan index=2 
(Filename: E:\unity\Runtime/Export/Debug/Debug.bindings.h Line: 39)

VISUAL PASS unbought animation stays absent actor=Fan index=3 
(Filename: E:\unity\Runtime/Export/Debug/Debug.bindings.h Line: 39)

VISUAL PASS unbought animation stays absent actor=Fan index=4 
(Filename: E:\unity\Runtime/Export/Debug/Debug.bindings.h Line: 39)

VISUAL PASS unbought animation stays absent actor=Fan index=5 
(Filename: E:\unity\Runtime/Export/Debug/Debug.bindings.h Line: 39)

VISUAL PASS unbought animation stays absent actor=Fan index=7 
(Filename: E:\unity\Runtime/Export/Debug/Debug.bindings.h Line: 39)

VISUAL PASS unbought animation stays absent actor=Fan index=8 
(Filename: E:\unity\Runtime/Export/Debug/Debug.bindings.h Line: 39)

VISUAL PASS unbought animation stays absent actor=Fan index=9 
(Filename: E:\unity\Runtime/Export/Debug/Debug.bindings.h Line: 39)

VISUAL PASS pause clears purchased animation actor=Fan skill=6 
(Filename: E:\unity\Runtime/Export/Debug/Debug.bindings.h Line: 39)

VISUAL PASS rally clears animation actor=Fan skill=6 
(Filename: E:\unity\Runtime/Export/Debug/Debug.bindings.h Line: 39)

Unloading 4 Unused Serialized files (Serialized files now loaded: 0)
UnloadTime: 0.259100 ms

Unloading 2 unused Assets to reduce memory usage. Loaded Objects now: 1065.
Total: 1.270400 ms (FindLiveObjects: 0.057700 ms CreateObjectMapping: 0.017100 ms MarkObjects: 0.234000 ms  DeleteObjects: 0.960900 ms)

VISUAL ACTIVE actor=Zhao skill=6 animation=True highlight=False 
(Filename: E:\unity\Runtime/Export/Debug/Debug.bindings.h Line: 39)

VISUAL PASS real gameplay activates original animation actor=Zhao skill=紧急回防 
(Filename: E:\unity\Runtime/Export/Debug/Debug.bindings.h Line: 39)

VISUAL PASS unbought animation stays absent actor=Zhao index=0 
(Filename: E:\unity\Runtime/Export/Debug/Debug.bindings.h Line: 39)

VISUAL PASS unbought animation stays absent actor=Zhao index=1 
(Filename: E:\unity\Runtime/Export/Debug/Debug.bindings.h Line: 39)

VISUAL PASS unbought animation stays absent actor=Zhao index=2 
(Filename: E:\unity\Runtime/Export/Debug/Debug.bindings.h Line: 39)

VISUAL PASS unbought animation stays absent actor=Zhao index=3 
(Filename: E:\unity\Runtime/Export/Debug/Debug.bindings.h Line: 39)

VISUAL PASS unbought animation stays absent actor=Zhao index=4 
(Filename: E:\unity\Runtime/Export/Debug/Debug.bindings.h Line: 39)

VISUAL PASS unbought animation stays absent actor=Zhao index=5 
(Filename: E:\unity\Runtime/Export/Debug/Debug.bindings.h Line: 39)

VISUAL PASS unbought animation stays absent actor=Zhao index=7 
(Filename: E:\unity\Runtime/Export/Debug/Debug.bindings.h Line: 39)

VISUAL PASS unbought animation stays absent actor=Zhao index=8 
(Filename: E:\unity\Runtime/Export/Debug/Debug.bindings.h Line: 39)

VISUAL PASS unbought animation stays absent actor=Zhao index=9 
(Filename: E:\unity\Runtime/Export/Debug/Debug.bindings.h Line: 39)

VISUAL PASS pause clears purchased animation actor=Zhao skill=6 
(Filename: E:\unity\Runtime/Export/Debug/Debug.bindings.h Line: 39)

VISUAL PASS rally clears animation actor=Zhao skill=6 
(Filename: E:\unity\Runtime/Export/Debug/Debug.bindings.h Line: 39)

Unloading 4 Unused Serialized files (Serialized files now loaded: 0)
UnloadTime: 0.232400 ms

Unloading 2 unused Assets to reduce memory usage. Loaded Objects now: 1065.
Total: 1.246500 ms (FindLiveObjects: 0.029700 ms CreateObjectMapping: 0.008100 ms MarkObjects: 0.169000 ms  DeleteObjects: 1.039500 ms)

VISUAL ACTIVE actor=Fan skill=7 animation=True highlight=False 
(Filename: E:\unity\Runtime/Export/Debug/Debug.bindings.h Line: 39)

VISUAL PASS real gameplay activates original animation actor=Fan skill=进攻提速 
(Filename: E:\unity\Runtime/Export/Debug/Debug.bindings.h Line: 39)

VISUAL PASS unbought animation stays absent actor=Fan index=0 
(Filename: E:\unity\Runtime/Export/Debug/Debug.bindings.h Line: 39)

VISUAL PASS unbought animation stays absent actor=Fan index=1 
(Filename: E:\unity\Runtime/Export/Debug/Debug.bindings.h Line: 39)

VISUAL PASS unbought animation stays absent actor=Fan index=2 
(Filename: E:\unity\Runtime/Export/Debug/Debug.bindings.h Line: 39)

VISUAL PASS unbought animation stays absent actor=Fan index=3 
(Filename: E:\unity\Runtime/Export/Debug/Debug.bindings.h Line: 39)

VISUAL PASS unbought animation stays absent actor=Fan index=4 
(Filename: E:\unity\Runtime/Export/Debug/Debug.bindings.h Line: 39)

VISUAL PASS unbought animation stays absent actor=Fan index=5 
(Filename: E:\unity\Runtime/Export/Debug/Debug.bindings.h Line: 39)

VISUAL PASS unbought animation stays absent actor=Fan index=6 
(Filename: E:\unity\Runtime/Export/Debug/Debug.bindings.h Line: 39)

VISUAL PASS unbought animation stays absent actor=Fan index=8 
(Filename: E:\unity\Runtime/Export/Debug/Debug.bindings.h Line: 39)

VISUAL PASS unbought animation stays absent actor=Fan index=9 
(Filename: E:\unity\Runtime/Export/Debug/Debug.bindings.h Line: 39)

VISUAL PASS pause clears purchased animation actor=Fan skill=7 
(Filename: E:\unity\Runtime/Export/Debug/Debug.bindings.h Line: 39)

VISUAL PASS rally clears animation actor=Fan skill=7 
(Filename: E:\unity\Runtime/Export/Debug/Debug.bindings.h Line: 39)

Unloading 4 Unused Serialized files (Serialized files now loaded: 0)
UnloadTime: 0.251500 ms

Unloading 2 unused Assets to reduce memory usage. Loaded Objects now: 1065.
Total: 1.256900 ms (FindLiveObjects: 0.057400 ms CreateObjectMapping: 0.016200 ms MarkObjects: 0.237500 ms  DeleteObjects: 0.945100 ms)

VISUAL ACTIVE actor=Zhao skill=7 animation=True highlight=False 
(Filename: E:\unity\Runtime/Export/Debug/Debug.bindings.h Line: 39)

VISUAL PASS real gameplay activates original animation actor=Zhao skill=进攻提速 
(Filename: E:\unity\Runtime/Export/Debug/Debug.bindings.h Line: 39)

VISUAL PASS unbought animation stays absent actor=Zhao index=0 
(Filename: E:\unity\Runtime/Export/Debug/Debug.bindings.h Line: 39)

VISUAL PASS unbought animation stays absent actor=Zhao index=1 
(Filename: E:\unity\Runtime/Export/Debug/Debug.bindings.h Line: 39)

VISUAL PASS unbought animation stays absent actor=Zhao index=2 
(Filename: E:\unity\Runtime/Export/Debug/Debug.bindings.h Line: 39)

VISUAL PASS unbought animation stays absent actor=Zhao index=3 
(Filename: E:\unity\Runtime/Export/Debug/Debug.bindings.h Line: 39)

VISUAL PASS unbought animation stays absent actor=Zhao index=4 
(Filename: E:\unity\Runtime/Export/Debug/Debug.bindings.h Line: 39)

VISUAL PASS unbought animation stays absent actor=Zhao index=5 
(Filename: E:\unity\Runtime/Export/Debug/Debug.bindings.h Line: 39)

VISUAL PASS unbought animation stays absent actor=Zhao index=6 
(Filename: E:\unity\Runtime/Export/Debug/Debug.bindings.h Line: 39)

VISUAL PASS unbought animation stays absent actor=Zhao index=8 
(Filename: E:\unity\Runtime/Export/Debug/Debug.bindings.h Line: 39)

VISUAL PASS unbought animation stays absent actor=Zhao index=9 
(Filename: E:\unity\Runtime/Export/Debug/Debug.bindings.h Line: 39)

VISUAL PASS pause clears purchased animation actor=Zhao skill=7 
(Filename: E:\unity\Runtime/Export/Debug/Debug.bindings.h Line: 39)

VISUAL PASS rally clears animation actor=Zhao skill=7 
(Filename: E:\unity\Runtime/Export/Debug/Debug.bindings.h Line: 39)

Unloading 4 Unused Serialized files (Serialized files now loaded: 0)
UnloadTime: 0.265700 ms

Unloading 3 unused Assets to reduce memory usage. Loaded Objects now: 1065.
Total: 1.114600 ms (FindLiveObjects: 0.039300 ms CreateObjectMapping: 0.008400 ms MarkObjects: 0.176500 ms  DeleteObjects: 0.890100 ms)

VISUAL ACTIVE actor=Fan skill=8 animation=True highlight=False 
(Filename: E:\unity\Runtime/Export/Debug/Debug.bindings.h Line: 39)

VISUAL PASS real gameplay activates original animation actor=Fan skill=磁力脚 
(Filename: E:\unity\Runtime/Export/Debug/Debug.bindings.h Line: 39)

VISUAL PASS unbought animation stays absent actor=Fan index=0 
(Filename: E:\unity\Runtime/Export/Debug/Debug.bindings.h Line: 39)

VISUAL PASS unbought animation stays absent actor=Fan index=1 
(Filename: E:\unity\Runtime/Export/Debug/Debug.bindings.h Line: 39)

VISUAL PASS unbought animation stays absent actor=Fan index=2 
(Filename: E:\unity\Runtime/Export/Debug/Debug.bindings.h Line: 39)

VISUAL PASS unbought animation stays absent actor=Fan index=3 
(Filename: E:\unity\Runtime/Export/Debug/Debug.bindings.h Line: 39)

VISUAL PASS unbought animation stays absent actor=Fan index=4 
(Filename: E:\unity\Runtime/Export/Debug/Debug.bindings.h Line: 39)

VISUAL PASS unbought animation stays absent actor=Fan index=5 
(Filename: E:\unity\Runtime/Export/Debug/Debug.bindings.h Line: 39)

VISUAL PASS unbought animation stays absent actor=Fan index=6 
(Filename: E:\unity\Runtime/Export/Debug/Debug.bindings.h Line: 39)

VISUAL PASS unbought animation stays absent actor=Fan index=7 
(Filename: E:\unity\Runtime/Export/Debug/Debug.bindings.h Line: 39)

VISUAL PASS unbought animation stays absent actor=Fan index=9 
(Filename: E:\unity\Runtime/Export/Debug/Debug.bindings.h Line: 39)

VISUAL PASS pause clears purchased animation actor=Fan skill=8 
(Filename: E:\unity\Runtime/Export/Debug/Debug.bindings.h Line: 39)

VISUAL PASS rally clears animation actor=Fan skill=8 
(Filename: E:\unity\Runtime/Export/Debug/Debug.bindings.h Line: 39)

Unloading 4 Unused Serialized files (Serialized files now loaded: 0)
UnloadTime: 0.247800 ms

Unloading 2 unused Assets to reduce memory usage. Loaded Objects now: 1065.
Total: 1.279500 ms (FindLiveObjects: 0.032000 ms CreateObjectMapping: 0.007700 ms MarkObjects: 0.173200 ms  DeleteObjects: 1.066300 ms)

VISUAL ACTIVE actor=Zhao skill=8 animation=True highlight=False 
(Filename: E:\unity\Runtime/Export/Debug/Debug.bindings.h Line: 39)

VISUAL PASS real gameplay activates original animation actor=Zhao skill=磁力脚 
(Filename: E:\unity\Runtime/Export/Debug/Debug.bindings.h Line: 39)

VISUAL PASS unbought animation stays absent actor=Zhao index=0 
(Filename: E:\unity\Runtime/Export/Debug/Debug.bindings.h Line: 39)

VISUAL PASS unbought animation stays absent actor=Zhao index=1 
(Filename: E:\unity\Runtime/Export/Debug/Debug.bindings.h Line: 39)

VISUAL PASS unbought animation stays absent actor=Zhao index=2 
(Filename: E:\unity\Runtime/Export/Debug/Debug.bindings.h Line: 39)

VISUAL PASS unbought animation stays absent actor=Zhao index=3 
(Filename: E:\unity\Runtime/Export/Debug/Debug.bindings.h Line: 39)

VISUAL PASS unbought animation stays absent actor=Zhao index=4 
(Filename: E:\unity\Runtime/Export/Debug/Debug.bindings.h Line: 39)

VISUAL PASS unbought animation stays absent actor=Zhao index=5 
(Filename: E:\unity\Runtime/Export/Debug/Debug.bindings.h Line: 39)

VISUAL PASS unbought animation stays absent actor=Zhao index=6 
(Filename: E:\unity\Runtime/Export/Debug/Debug.bindings.h Line: 39)

VISUAL PASS unbought animation stays absent actor=Zhao index=7 
(Filename: E:\unity\Runtime/Export/Debug/Debug.bindings.h Line: 39)

VISUAL PASS unbought animation stays absent actor=Zhao index=9 
(Filename: E:\unity\Runtime/Export/Debug/Debug.bindings.h Line: 39)

VISUAL PASS pause clears purchased animation actor=Zhao skill=8 
(Filename: E:\unity\Runtime/Export/Debug/Debug.bindings.h Line: 39)

VISUAL PASS rally clears animation actor=Zhao skill=8 
(Filename: E:\unity\Runtime/Export/Debug/Debug.bindings.h Line: 39)

Unloading 4 Unused Serialized files (Serialized files now loaded: 0)
UnloadTime: 0.281000 ms

Unloading 2 unused Assets to reduce memory usage. Loaded Objects now: 1065.
Total: 1.182800 ms (FindLiveObjects: 0.050800 ms CreateObjectMapping: 0.015000 ms MarkObjects: 0.168900 ms  DeleteObjects: 0.947800 ms)

VISUAL ACTIVE actor=Fan skill=9 animation=True highlight=False 
(Filename: E:\unity\Runtime/Export/Debug/Debug.bindings.h Line: 39)

VISUAL PASS real gameplay activates original animation actor=Fan skill=伸脚抢截 
(Filename: E:\unity\Runtime/Export/Debug/Debug.bindings.h Line: 39)

VISUAL PASS unbought animation stays absent actor=Fan index=0 
(Filename: E:\unity\Runtime/Export/Debug/Debug.bindings.h Line: 39)

VISUAL PASS unbought animation stays absent actor=Fan index=1 
(Filename: E:\unity\Runtime/Export/Debug/Debug.bindings.h Line: 39)

VISUAL PASS unbought animation stays absent actor=Fan index=2 
(Filename: E:\unity\Runtime/Export/Debug/Debug.bindings.h Line: 39)

VISUAL PASS unbought animation stays absent actor=Fan index=3 
(Filename: E:\unity\Runtime/Export/Debug/Debug.bindings.h Line: 39)

VISUAL PASS unbought animation stays absent actor=Fan index=4 
(Filename: E:\unity\Runtime/Export/Debug/Debug.bindings.h Line: 39)

VISUAL PASS unbought animation stays absent actor=Fan index=5 
(Filename: E:\unity\Runtime/Export/Debug/Debug.bindings.h Line: 39)

VISUAL PASS unbought animation stays absent actor=Fan index=6 
(Filename: E:\unity\Runtime/Export/Debug/Debug.bindings.h Line: 39)

VISUAL PASS unbought animation stays absent actor=Fan index=7 
(Filename: E:\unity\Runtime/Export/Debug/Debug.bindings.h Line: 39)

VISUAL PASS unbought animation stays absent actor=Fan index=8 
(Filename: E:\unity\Runtime/Export/Debug/Debug.bindings.h Line: 39)

VISUAL PASS pause clears purchased animation actor=Fan skill=9 
(Filename: E:\unity\Runtime/Export/Debug/Debug.bindings.h Line: 39)

VISUAL PASS rally clears animation actor=Fan skill=9 
(Filename: E:\unity\Runtime/Export/Debug/Debug.bindings.h Line: 39)

Unloading 4 Unused Serialized files (Serialized files now loaded: 0)
UnloadTime: 0.246400 ms

Unloading 2 unused Assets to reduce memory usage. Loaded Objects now: 1065.
Total: 1.199400 ms (FindLiveObjects: 0.051600 ms CreateObjectMapping: 0.014000 ms MarkObjects: 0.184500 ms  DeleteObjects: 0.949100 ms)

VISUAL ACTIVE actor=Zhao skill=9 animation=True highlight=False 
(Filename: E:\unity\Runtime/Export/Debug/Debug.bindings.h Line: 39)

VISUAL PASS real gameplay activates original animation actor=Zhao skill=伸脚抢截 
(Filename: E:\unity\Runtime/Export/Debug/Debug.bindings.h Line: 39)

VISUAL PASS unbought animation stays absent actor=Zhao index=0 
(Filename: E:\unity\Runtime/Export/Debug/Debug.bindings.h Line: 39)

VISUAL PASS unbought animation stays absent actor=Zhao index=1 
(Filename: E:\unity\Runtime/Export/Debug/Debug.bindings.h Line: 39)

VISUAL PASS unbought animation stays absent actor=Zhao index=2 
(Filename: E:\unity\Runtime/Export/Debug/Debug.bindings.h Line: 39)

VISUAL PASS unbought animation stays absent actor=Zhao index=3 
(Filename: E:\unity\Runtime/Export/Debug/Debug.bindings.h Line: 39)

VISUAL PASS unbought animation stays absent actor=Zhao index=4 
(Filename: E:\unity\Runtime/Export/Debug/Debug.bindings.h Line: 39)

VISUAL PASS unbought animation stays absent actor=Zhao index=5 
(Filename: E:\unity\Runtime/Export/Debug/Debug.bindings.h Line: 39)

VISUAL PASS unbought animation stays absent actor=Zhao index=6 
(Filename: E:\unity\Runtime/Export/Debug/Debug.bindings.h Line: 39)

VISUAL PASS unbought animation stays absent actor=Zhao index=7 
(Filename: E:\unity\Runtime/Export/Debug/Debug.bindings.h Line: 39)

VISUAL PASS unbought animation stays absent actor=Zhao index=8 
(Filename: E:\unity\Runtime/Export/Debug/Debug.bindings.h Line: 39)

VISUAL PASS pause clears purchased animation actor=Zhao skill=9 
(Filename: E:\unity\Runtime/Export/Debug/Debug.bindings.h Line: 39)

VISUAL PASS rally clears animation actor=Zhao skill=9 
(Filename: E:\unity\Runtime/Export/Debug/Debug.bindings.h Line: 39)

Unloading 4 Unused Serialized files (Serialized files now loaded: 0)
UnloadTime: 0.272300 ms

Unloading 2 unused Assets to reduce memory usage. Loaded Objects now: 1065.
Total: 1.147200 ms (FindLiveObjects: 0.032000 ms CreateObjectMapping: 0.008000 ms MarkObjects: 0.194300 ms  DeleteObjects: 0.912300 ms)

VISUAL PASS original skill mode still activates same fortress animation 
(Filename: E:\unity\Runtime/Export/Debug/Debug.bindings.h Line: 39)

Unloading 4 Unused Serialized files (Serialized files now loaded: 0)
UnloadTime: 0.336400 ms

Unloading 2 unused Assets to reduce memory usage. Loaded Objects now: 1065.
Total: 1.162900 ms (FindLiveObjects: 0.034700 ms CreateObjectMapping: 0.007900 ms MarkObjects: 0.257200 ms  DeleteObjects: 0.862700 ms)

VISUAL PASS classic has no purchased visual or physics module 
(Filename: E:\unity\Runtime/Export/Debug/Debug.bindings.h Line: 39)

VISUAL COMPLETE checks=252 failures=0 
(Filename: E:\unity\Runtime/Export/Debug/Debug.bindings.h Line: 39)

Setting up 12 worker threads for Enlighten.
  Thread -> id: 7a70 -> priority: 1 
  Thread -> id: 98fc -> priority: 1 
  Thread -> id: 4ee8 -> priority: 1 
  Thread -> id: 2c30 -> priority: 1 
  Thread -> id: a51c -> priority: 1 
  Thread -> id: 4988 -> priority: 1 
  Thread -> id: 78fc -> priority: 1 
  Thread -> id: 848c -> priority: 1 
  Thread -> id: 367c -> priority: 1 
  Thread -> id: 42d8 -> priority: 1 
  Thread -> id: a224 -> priority: 1 
  Thread -> id: 1588 -> priority: 1 
Curl error 42: Callback aborted
 
(Filename:  Line: 867)

