Mono path[0] = 'C:/Users/Alienware/Documents/范志毅VS赵鹏/范志毅VS赵鹏 PC双人版（32位）/范志毅VS赵鹏 PC双人版（32位）/AI Mod Source/build/ability-test-player-original/FanZhiYi_Data/Managed'
Mono config path = 'C:/Users/Alienware/Documents/范志毅VS赵鹏/范志毅VS赵鹏 PC双人版（32位）/范志毅VS赵鹏 PC双人版（32位）/AI Mod Source/build/ability-test-player-original/MonoBleedingEdge/etc'
AS: AutoStreaming module initializing.Initialize engine version: 2019.4.33f1c1 (c2f94a8bebb3)
[Subsystems] Discovering subsystems at path C:/Users/Alienware/Documents/范志毅VS赵鹏/范志毅VS赵鹏 PC双人版（32位）/范志毅VS赵鹏 PC双人版（32位）/AI Mod Source/build/ability-test-player-original/FanZhiYi_Data/UnitySubsystems
GfxDevice: creating device client; threaded=1
Direct3D:
    Version:  Direct3D 11.0 [level 11.1]
    Renderer: NVIDIA GeForce RTX 5070 Laptop GPU (ID=0x2d58)
    Vendor:   (null)
    VRAM:     3072 MB
    Driver:   32.0.15.9608
Begin MonoManager ReloadAssembly
- Completed reload, in  2.059 seconds
<RI> Initializing input.
<RI> Input initialized.
<RI> Initialized touch support.
UnloadTime: 0.564700 ms
Unloading 5 Unused Serialized files (Serialized files now loaded: 0)
UnloadTime: 0.197400 ms

Unloading 143 unused Assets to reduce memory usage. Loaded Objects now: 1013.
Total: 0.575200 ms (FindLiveObjects: 0.039400 ms CreateObjectMapping: 0.010200 ms MarkObjects: 0.217000 ms  DeleteObjects: 0.308300 ms)

MAGNETIC MUSCLE 6 L_Up_Leg 
(Filename: E:\unity\Runtime/Export/Debug/Debug.bindings.h Line: 39)

MAGNETIC MUSCLE 7 L_LowLeg 
(Filename: E:\unity\Runtime/Export/Debug/Debug.bindings.h Line: 39)

MAGNETIC MUSCLE 8 R_Up_Leg 
(Filename: E:\unity\Runtime/Export/Debug/Debug.bindings.h Line: 39)

MAGNETIC MUSCLE 9 R_LowLeg 
(Filename: E:\unity\Runtime/Export/Debug/Debug.bindings.h Line: 39)

MAGNETIC PASS classic has no magnetic skill 
(Filename: E:\unity\Runtime/Export/Debug/Debug.bindings.h Line: 39)

MAGNETIC PASS classic forward speed remains unchanged 
(Filename: E:\unity\Runtime/Export/Debug/Debug.bindings.h Line: 39)

MAGNETIC PASS classic native shooting rate 
(Filename: E:\unity\Runtime/Export/Debug/Debug.bindings.h Line: 39)

Unloading 4 Unused Serialized files (Serialized files now loaded: 0)
UnloadTime: 0.397400 ms

Unloading 37 unused Assets to reduce memory usage. Loaded Objects now: 1055.
Total: 1.255600 ms (FindLiveObjects: 0.034600 ms CreateObjectMapping: 0.010100 ms MarkObjects: 0.199700 ms  DeleteObjects: 1.010900 ms)

MAGNETIC MUSCLE 6 L_Up_Leg 
(Filename: E:\unity\Runtime/Export/Debug/Debug.bindings.h Line: 39)

MAGNETIC MUSCLE 7 L_LowLeg 
(Filename: E:\unity\Runtime/Export/Debug/Debug.bindings.h Line: 39)

MAGNETIC MUSCLE 8 R_Up_Leg 
(Filename: E:\unity\Runtime/Export/Debug/Debug.bindings.h Line: 39)

MAGNETIC MUSCLE 9 R_LowLeg 
(Filename: E:\unity\Runtime/Export/Debug/Debug.bindings.h Line: 39)

MAGNETIC PASS only Zhao receives skill 
(Filename: E:\unity\Runtime/Export/Debug/Debug.bindings.h Line: 39)

MAGNETIC PASS distant ball never triggers skill 
(Filename: E:\unity\Runtime/Export/Debug/Debug.bindings.h Line: 39)

MAGNETIC PASS inactive forward speed stays at baseline 
(Filename: E:\unity\Runtime/Export/Debug/Debug.bindings.h Line: 39)

MAGNETIC PASS backward speed stays unchanged 
(Filename: E:\unity\Runtime/Export/Debug/Debug.bindings.h Line: 39)

MAGNETIC PASS no attraction or remote ball motion 
(Filename: E:\unity\Runtime/Export/Debug/Debug.bindings.h Line: 39)

MAGNETIC PASS behind ball not retrieved 
(Filename: E:\unity\Runtime/Export/Debug/Debug.bindings.h Line: 39)

MAGNETIC PASS explicit Kick releases technique 
(Filename: E:\unity\Runtime/Export/Debug/Debug.bindings.h Line: 39)

MAGNETIC PASS removed old +25% quick shot acceleration 
(Filename: E:\unity\Runtime/Export/Debug/Debug.bindings.h Line: 39)

MAGNETIC PASS explicit Head releases technique 
(Filename: E:\unity\Runtime/Export/Debug/Debug.bindings.h Line: 39)

MAGNETIC PASS explicit Jump releases technique 
(Filename: E:\unity\Runtime/Export/Debug/Debug.bindings.h Line: 39)

MAGNETIC PASS pause releases foot 
(Filename: E:\unity\Runtime/Export/Debug/Debug.bindings.h Line: 39)

MAGNETIC PASS goal/out stopping releases foot 
(Filename: E:\unity\Runtime/Export/Debug/Debug.bindings.h Line: 39)

MAGNETIC PASS round reset releases foot 
(Filename: E:\unity\Runtime/Export/Debug/Debug.bindings.h Line: 39)

MAGNETIC PASS native leg gains restored after reset 
(Filename: E:\unity\Runtime/Export/Debug/Debug.bindings.h Line: 39)

MAGNETIC PASS no ball tether or added skeleton joints 
(Filename: E:\unity\Runtime/Export/Debug/Debug.bindings.h Line: 39)

MAGNETIC PASS fast incoming shot cannot be magically caught 
(Filename: E:\unity\Runtime/Export/Debug/Debug.bindings.h Line: 39)

Unloading 4 Unused Serialized files (Serialized files now loaded: 0)
UnloadTime: 0.846100 ms

Unloading 2 unused Assets to reduce memory usage. Loaded Objects now: 1065.
Total: 1.479800 ms (FindLiveObjects: 0.046500 ms CreateObjectMapping: 0.010800 ms MarkObjects: 0.288600 ms  DeleteObjects: 1.133300 ms)

MAGNETIC MUSCLE 6 L_Up_Leg 
(Filename: E:\unity\Runtime/Export/Debug/Debug.bindings.h Line: 39)

MAGNETIC MUSCLE 7 L_LowLeg 
(Filename: E:\unity\Runtime/Export/Debug/Debug.bindings.h Line: 39)

MAGNETIC MUSCLE 8 R_Up_Leg 
(Filename: E:\unity\Runtime/Export/Debug/Debug.bindings.h Line: 39)

MAGNETIC MUSCLE 9 R_LowLeg 
(Filename: E:\unity\Runtime/Export/Debug/Debug.bindings.h Line: 39)

MAGNETIC TRACE dribble i=0 ahead=0.6275746 ball=(1.3, -1.5) velocity=(0.0, 0.0) active=True legs=14.55972,2.916131 targets=15.06002,0 scale=(0.8, 0.8, 1.0) 
(Filename: E:\unity\Runtime/Export/Debug/Debug.bindings.h Line: 39)

MAGNETIC TRACE dribble i=10 ahead=0.5582834 ball=(1.2, -1.5) velocity=(-1.1, 0.0) active=True legs=29.12065,5.635719 targets=22,0 scale=(0.8, 0.8, 1.0) 
(Filename: E:\unity\Runtime/Export/Debug/Debug.bindings.h Line: 39)

MAGNETIC TRACE dribble i=20 ahead=0.5373552 ball=(1.0, -1.5) velocity=(-1.7, 0.0) active=True legs=25.52885,19.77135 targets=22,0 scale=(0.8, 0.8, 1.0) 
(Filename: E:\unity\Runtime/Export/Debug/Debug.bindings.h Line: 39)

MAGNETIC TRACE dribble i=30 ahead=0.6261639 ball=(0.5, -1.5) velocity=(-2.4, 0.0) active=True legs=21.14841,27.97033 targets=20.9807,0 scale=(0.8, 0.8, 1.0) 
(Filename: E:\unity\Runtime/Export/Debug/Debug.bindings.h Line: 39)

MAGNETIC TRACE dribble i=40 ahead=0.7748255 ball=(0.0, -1.5) velocity=(-2.4, 0.0) active=True legs=13.57163,39.98034 targets=3.823192,0 scale=(0.8, 0.8, 1.0) 
(Filename: E:\unity\Runtime/Export/Debug/Debug.bindings.h Line: 39)

MAGNETIC TRACE dribble i=50 ahead=1.0286 ball=(-0.5, -1.5) velocity=(-2.4, 0.0) active=False legs=7.261252,49.1194 targets=13.4323,6.232114 scale=(0.8, 0.8, 1.0) 
(Filename: E:\unity\Runtime/Export/Debug/Debug.bindings.h Line: 39)

MAGNETIC TRACE dribble i=60 ahead=1.124023 ball=(-0.9, -1.5) velocity=(-2.4, 0.0) active=False legs=23.26069,-12.95995 targets=16.1576,7.77891 scale=(0.8, 0.8, 1.0) 
(Filename: E:\unity\Runtime/Export/Debug/Debug.bindings.h Line: 39)

MAGNETIC TRACE dribble i=70 ahead=0.8960029 ball=(-1.4, -1.5) velocity=(-1.7, 0.0) active=False legs=-20.66893,17.0703 targets=11.79557,5.303162 scale=(0.8, 0.8, 1.0) 
(Filename: E:\unity\Runtime/Export/Debug/Debug.bindings.h Line: 39)

MAGNETIC PASS multiple real eligible magnetic forward samples dribble 
(Filename: E:\unity\Runtime/Export/Debug/Debug.bindings.h Line: 39)

MAGNETIC PASS active magnetic forward cap equals Fan without sprint dribble 
(Filename: E:\unity\Runtime/Export/Debug/Debug.bindings.h Line: 39)

MAGNETIC PASS active ordinary movement force equals Fan; contest pressure retained dribble 
(Filename: E:\unity\Runtime/Export/Debug/Debug.bindings.h Line: 39)

MAGNETIC SPEED scenario=dribble maxActiveSpeed=1.994767 fanLimit=4 
(Filename: E:\unity\Runtime/Export/Debug/Debug.bindings.h Line: 39)

MAGNETIC RUN dribble minAhead=0.3970187 maxGap=1.198946 active=44 contacts=21 tilt=24.97705 error=0.05311734 travel=-3.257506 
(Filename: E:\unity\Runtime/Export/Debug/Debug.bindings.h Line: 39)

MAGNETIC PASS technique activates on nearby ball dribble 
(Filename: E:\unity\Runtime/Export/Debug/Debug.bindings.h Line: 39)

MAGNETIC PASS physical instep contact dribble 
(Filename: E:\unity\Runtime/Export/Debug/Debug.bindings.h Line: 39)

MAGNETIC PASS never stamps ball behind own body dribble ahead=0.3970187 
(Filename: E:\unity\Runtime/Export/Debug/Debug.bindings.h Line: 39)

MAGNETIC PASS connected skeleton dribble error=0.05311734 
(Filename: E:\unity\Runtime/Export/Debug/Debug.bindings.h Line: 39)

MAGNETIC PASS torso follows native posture dribble deviation=24.97705 
(Filename: E:\unity\Runtime/Export/Debug/Debug.bindings.h Line: 39)

MAGNETIC PASS magnetic foot animation appears dribble 
(Filename: E:\unity\Runtime/Export/Debug/Debug.bindings.h Line: 39)

MAGNETIC PASS dribbles through real movement dribble 
(Filename: E:\unity\Runtime/Export/Debug/Debug.bindings.h Line: 39)

MAGNETIC PASS support leg prevents deep kneeling dribble crouch=0.2605302 
(Filename: E:\unity\Runtime/Export/Debug/Debug.bindings.h Line: 39)

MAGNETIC PASS knees do not fold onto thighs dribble bend=81.88459 
(Filename: E:\unity\Runtime/Export/Debug/Debug.bindings.h Line: 39)

Unloading 4 Unused Serialized files (Serialized files now loaded: 0)
UnloadTime: 0.415300 ms

Unloading 2 unused Assets to reduce memory usage. Loaded Objects now: 1062.
Total: 1.702600 ms (FindLiveObjects: 0.059300 ms CreateObjectMapping: 0.018200 ms MarkObjects: 0.376900 ms  DeleteObjects: 1.247600 ms)

MAGNETIC MUSCLE 6 L_Up_Leg 
(Filename: E:\unity\Runtime/Export/Debug/Debug.bindings.h Line: 39)

MAGNETIC MUSCLE 7 L_LowLeg 
(Filename: E:\unity\Runtime/Export/Debug/Debug.bindings.h Line: 39)

MAGNETIC MUSCLE 8 R_Up_Leg 
(Filename: E:\unity\Runtime/Export/Debug/Debug.bindings.h Line: 39)

MAGNETIC MUSCLE 9 R_LowLeg 
(Filename: E:\unity\Runtime/Export/Debug/Debug.bindings.h Line: 39)

MAGNETIC TRACE dribble-close i=0 ahead=0.5193177 ball=(1.4, -1.5) velocity=(0.0, 0.0) active=True legs=23.22952,1.219038 targets=15.51604,0 scale=(0.8, 0.8, 1.0) 
(Filename: E:\unity\Runtime/Export/Debug/Debug.bindings.h Line: 39)

MAGNETIC TRACE dribble-close i=10 ahead=0.5623766 ball=(1.3, -1.5) velocity=(-1.5, 0.0) active=True legs=25.0692,2.178578 targets=22,0 scale=(0.8, 0.8, 1.0) 
(Filename: E:\unity\Runtime/Export/Debug/Debug.bindings.h Line: 39)

MAGNETIC TRACE dribble-close i=20 ahead=0.567093 ball=(0.9, -1.5) velocity=(-2.0, 0.0) active=True legs=24.0069,21.94865 targets=21.90597,0 scale=(0.8, 0.8, 1.0) 
(Filename: E:\unity\Runtime/Export/Debug/Debug.bindings.h Line: 39)

MAGNETIC TRACE dribble-close i=30 ahead=0.6126449 ball=(0.4, -1.5) velocity=(-2.6, 0.0) active=True legs=21.97784,26.23093 targets=20.44543,0 scale=(0.8, 0.8, 1.0) 
(Filename: E:\unity\Runtime/Export/Debug/Debug.bindings.h Line: 39)

MAGNETIC TRACE dribble-close i=40 ahead=0.723828 ball=(-0.1, -1.5) velocity=(-2.6, 0.0) active=True legs=22.28461,38.00276 targets=10.85534,0 scale=(0.8, 0.8, 1.0) 
(Filename: E:\unity\Runtime/Export/Debug/Debug.bindings.h Line: 39)

MAGNETIC TRACE dribble-close i=50 ahead=0.9815838 ball=(-0.6, -1.5) velocity=(-2.6, 0.0) active=False legs=7.543936,42.78117 targets=13.10635,6.047118 scale=(0.8, 0.8, 1.0) 
(Filename: E:\unity\Runtime/Export/Debug/Debug.bindings.h Line: 39)

MAGNETIC TRACE dribble-close i=60 ahead=1.085537 ball=(-1.2, -1.5) velocity=(-2.6, 0.0) active=False legs=23.79758,-16.13907 targets=16.17766,7.790293 scale=(0.8, 0.8, 1.0) 
(Filename: E:\unity\Runtime/Export/Debug/Debug.bindings.h Line: 39)

MAGNETIC TRACE dribble-close i=70 ahead=0.8751025 ball=(-1.6, -1.5) velocity=(-1.3, 0.0) active=False legs=-28.87361,9.899548 targets=11.79445,5.302528 scale=(0.8, 0.8, 1.0) 
(Filename: E:\unity\Runtime/Export/Debug/Debug.bindings.h Line: 39)

MAGNETIC PASS multiple real eligible magnetic forward samples dribble-close 
(Filename: E:\unity\Runtime/Export/Debug/Debug.bindings.h Line: 39)

MAGNETIC PASS active magnetic forward cap equals Fan without sprint dribble-close 
(Filename: E:\unity\Runtime/Export/Debug/Debug.bindings.h Line: 39)

MAGNETIC PASS active ordinary movement force equals Fan; contest pressure retained dribble-close 
(Filename: E:\unity\Runtime/Export/Debug/Debug.bindings.h Line: 39)

MAGNETIC SPEED scenario=dribble-close maxActiveSpeed=2.374278 fanLimit=4 
(Filename: E:\unity\Runtime/Export/Debug/Debug.bindings.h Line: 39)

MAGNETIC RUN dribble-close minAhead=0.002848268 maxGap=1.140552 active=47 contacts=33 tilt=27.94632 error=0.1649785 travel=-3.486759 
(Filename: E:\unity\Runtime/Export/Debug/Debug.bindings.h Line: 39)

MAGNETIC PASS technique activates on nearby ball dribble-close 
(Filename: E:\unity\Runtime/Export/Debug/Debug.bindings.h Line: 39)

MAGNETIC PASS physical instep contact dribble-close 
(Filename: E:\unity\Runtime/Export/Debug/Debug.bindings.h Line: 39)

MAGNETIC PASS never stamps ball behind own body dribble-close ahead=0.002848268 
(Filename: E:\unity\Runtime/Export/Debug/Debug.bindings.h Line: 39)

MAGNETIC PASS connected skeleton dribble-close error=0.1649785 
(Filename: E:\unity\Runtime/Export/Debug/Debug.bindings.h Line: 39)

MAGNETIC PASS torso follows native posture dribble-close deviation=27.94632 
(Filename: E:\unity\Runtime/Export/Debug/Debug.bindings.h Line: 39)

MAGNETIC PASS magnetic foot animation appears dribble-close 
(Filename: E:\unity\Runtime/Export/Debug/Debug.bindings.h Line: 39)

MAGNETIC PASS dribbles through real movement dribble-close 
(Filename: E:\unity\Runtime/Export/Debug/Debug.bindings.h Line: 39)

MAGNETIC PASS support leg prevents deep kneeling dribble-close crouch=0.2677218 
(Filename: E:\unity\Runtime/Export/Debug/Debug.bindings.h Line: 39)

MAGNETIC PASS knees do not fold onto thighs dribble-close bend=76.26469 
(Filename: E:\unity\Runtime/Export/Debug/Debug.bindings.h Line: 39)

Unloading 4 Unused Serialized files (Serialized files now loaded: 0)
UnloadTime: 0.349300 ms

Unloading 2 unused Assets to reduce memory usage. Loaded Objects now: 1062.
Total: 1.337800 ms (FindLiveObjects: 0.051400 ms CreateObjectMapping: 0.016200 ms MarkObjects: 0.299100 ms  DeleteObjects: 0.970400 ms)

MAGNETIC MUSCLE 6 L_Up_Leg 
(Filename: E:\unity\Runtime/Export/Debug/Debug.bindings.h Line: 39)

MAGNETIC MUSCLE 7 L_LowLeg 
(Filename: E:\unity\Runtime/Export/Debug/Debug.bindings.h Line: 39)

MAGNETIC MUSCLE 8 R_Up_Leg 
(Filename: E:\unity\Runtime/Export/Debug/Debug.bindings.h Line: 39)

MAGNETIC MUSCLE 9 R_LowLeg 
(Filename: E:\unity\Runtime/Export/Debug/Debug.bindings.h Line: 39)

MAGNETIC TRACE dribble-roll i=0 ahead=0.6556469 ball=(1.3, -1.5) velocity=(-1.4, 0.0) active=True legs=14.62126,2.029878 targets=15.74486,0 scale=(0.8, 0.8, 1.0) 
(Filename: E:\unity\Runtime/Export/Debug/Debug.bindings.h Line: 39)

MAGNETIC TRACE dribble-roll i=10 ahead=0.7560073 ball=(1.0, -1.5) velocity=(-1.8, 0.0) active=True legs=8.055758,4.368773 targets=5.830666,0 scale=(0.8, 0.8, 1.0) 
(Filename: E:\unity\Runtime/Export/Debug/Debug.bindings.h Line: 39)

MAGNETIC TRACE dribble-roll i=20 ahead=0.7051935 ball=(0.7, -1.5) velocity=(-1.8, 0.0) active=True legs=11.21763,24.64432 targets=10.78321,0 scale=(0.8, 0.8, 1.0) 
(Filename: E:\unity\Runtime/Export/Debug/Debug.bindings.h Line: 39)

MAGNETIC TRACE dribble-roll i=30 ahead=0.5998729 ball=(0.3, -1.5) velocity=(-2.1, 0.0) active=True legs=23.59672,37.61011 targets=22,0 scale=(0.8, 0.8, 1.0) 
(Filename: E:\unity\Runtime/Export/Debug/Debug.bindings.h Line: 39)

MAGNETIC TRACE dribble-roll i=40 ahead=0.6100869 ball=(-0.1, -1.5) velocity=(-2.2, 0.0) active=True legs=28.02083,35.30512 targets=20.34847,0 scale=(0.8, 0.8, 1.0) 
(Filename: E:\unity\Runtime/Export/Debug/Debug.bindings.h Line: 39)

MAGNETIC TRACE dribble-roll i=50 ahead=0.7133449 ball=(-0.6, -1.5) velocity=(-2.2, 0.0) active=True legs=21.59209,39.94976 targets=13.83678,0 scale=(0.8, 0.8, 1.0) 
(Filename: E:\unity\Runtime/Export/Debug/Debug.bindings.h Line: 39)

MAGNETIC TRACE dribble-roll i=60 ahead=0.8500597 ball=(-1.0, -1.5) velocity=(-2.2, 0.0) active=True legs=0.8772641,29.8898 targets=0.5430137,0 scale=(0.8, 0.8, 1.0) 
(Filename: E:\unity\Runtime/Export/Debug/Debug.bindings.h Line: 39)

MAGNETIC TRACE dribble-roll i=70 ahead=0.918327 ball=(-1.5, -1.5) velocity=(-2.5, 0.0) active=True legs=-8.232401,16.52516 targets=-10.04184,0 scale=(0.8, 0.8, 1.0) 
(Filename: E:\unity\Runtime/Export/Debug/Debug.bindings.h Line: 39)

MAGNETIC PASS multiple real eligible magnetic forward samples dribble-roll 
(Filename: E:\unity\Runtime/Export/Debug/Debug.bindings.h Line: 39)

MAGNETIC PASS active magnetic forward cap equals Fan without sprint dribble-roll 
(Filename: E:\unity\Runtime/Export/Debug/Debug.bindings.h Line: 39)

MAGNETIC PASS active ordinary movement force equals Fan; contest pressure retained dribble-roll 
(Filename: E:\unity\Runtime/Export/Debug/Debug.bindings.h Line: 39)

MAGNETIC SPEED scenario=dribble-roll maxActiveSpeed=2.569267 fanLimit=4 
(Filename: E:\unity\Runtime/Export/Debug/Debug.bindings.h Line: 39)

MAGNETIC RUN dribble-roll minAhead=0.584894 maxGap=0.9370208 active=80 contacts=40 tilt=18.69949 error=0.02577146 travel=-2.998839 
(Filename: E:\unity\Runtime/Export/Debug/Debug.bindings.h Line: 39)

MAGNETIC PASS technique activates on nearby ball dribble-roll 
(Filename: E:\unity\Runtime/Export/Debug/Debug.bindings.h Line: 39)

MAGNETIC PASS physical instep contact dribble-roll 
(Filename: E:\unity\Runtime/Export/Debug/Debug.bindings.h Line: 39)

MAGNETIC PASS never stamps ball behind own body dribble-roll ahead=0.584894 
(Filename: E:\unity\Runtime/Export/Debug/Debug.bindings.h Line: 39)

MAGNETIC PASS connected skeleton dribble-roll error=0.02577146 
(Filename: E:\unity\Runtime/Export/Debug/Debug.bindings.h Line: 39)

MAGNETIC PASS torso follows native posture dribble-roll deviation=18.69949 
(Filename: E:\unity\Runtime/Export/Debug/Debug.bindings.h Line: 39)

MAGNETIC PASS magnetic foot animation appears dribble-roll 
(Filename: E:\unity\Runtime/Export/Debug/Debug.bindings.h Line: 39)

MAGNETIC PASS dribbles through real movement dribble-roll 
(Filename: E:\unity\Runtime/Export/Debug/Debug.bindings.h Line: 39)

MAGNETIC PASS support leg prevents deep kneeling dribble-roll crouch=0.2861884 
(Filename: E:\unity\Runtime/Export/Debug/Debug.bindings.h Line: 39)

MAGNETIC PASS knees do not fold onto thighs dribble-roll bend=78.29724 
(Filename: E:\unity\Runtime/Export/Debug/Debug.bindings.h Line: 39)

Unloading 4 Unused Serialized files (Serialized files now loaded: 0)
UnloadTime: 0.349400 ms

Unloading 3 unused Assets to reduce memory usage. Loaded Objects now: 1062.
Total: 1.446600 ms (FindLiveObjects: 0.039700 ms CreateObjectMapping: 0.009600 ms MarkObjects: 0.227000 ms  DeleteObjects: 1.170000 ms)

MAGNETIC MUSCLE 6 L_Up_Leg 
(Filename: E:\unity\Runtime/Export/Debug/Debug.bindings.h Line: 39)

MAGNETIC MUSCLE 7 L_LowLeg 
(Filename: E:\unity\Runtime/Export/Debug/Debug.bindings.h Line: 39)

MAGNETIC MUSCLE 8 R_Up_Leg 
(Filename: E:\unity\Runtime/Export/Debug/Debug.bindings.h Line: 39)

MAGNETIC MUSCLE 9 R_LowLeg 
(Filename: E:\unity\Runtime/Export/Debug/Debug.bindings.h Line: 39)

MAGNETIC TRACE receive i=0 ahead=0.5972191 ball=(1.4, -1.5) velocity=(1.8, 0.0) active=True legs=15.11981,3.090238 targets=15.74486,0 scale=(0.8, 0.8, 1.0) 
(Filename: E:\unity\Runtime/Export/Debug/Debug.bindings.h Line: 39)

MAGNETIC TRACE receive i=10 ahead=0.6053113 ball=(1.4, -1.5) velocity=(-0.7, 0.0) active=True legs=29.00885,-1.636759 targets=22,0 scale=(0.8, 0.8, 1.0) 
(Filename: E:\unity\Runtime/Export/Debug/Debug.bindings.h Line: 39)

MAGNETIC TRACE receive i=20 ahead=0.7648389 ball=(1.3, -1.5) velocity=(-0.8, 0.0) active=True legs=13.96323,0.1214146 targets=14.32795,0 scale=(0.8, 0.8, 1.0) 
(Filename: E:\unity\Runtime/Export/Debug/Debug.bindings.h Line: 39)

MAGNETIC TRACE receive i=30 ahead=0.9247684 ball=(1.1, -1.5) velocity=(-0.8, 0.0) active=True legs=-5.334598,0.1076138 targets=-5.482605,0 scale=(0.8, 0.8, 1.0) 
(Filename: E:\unity\Runtime/Export/Debug/Debug.bindings.h Line: 39)

MAGNETIC TRACE receive i=40 ahead=1.060849 ball=(0.9, -1.5) velocity=(-0.9, 0.0) active=False legs=-14.40432,0.2803241 targets=-3.9,2.59 scale=(0.8, 0.8, 1.0) 
(Filename: E:\unity\Runtime/Export/Debug/Debug.bindings.h Line: 39)

MAGNETIC TRACE receive i=50 ahead=1.22382 ball=(0.8, -1.5) velocity=(-0.9, 0.0) active=False legs=2.632329,0.1441413 targets=-3.9,2.59 scale=(0.8, 0.8, 1.0) 
(Filename: E:\unity\Runtime/Export/Debug/Debug.bindings.h Line: 39)

MAGNETIC TRACE receive i=60 ahead=1.43656 ball=(0.6, -1.5) velocity=(-0.9, 0.0) active=False legs=0.07584489,0.2115709 targets=-3.9,2.59 scale=(0.8, 0.8, 1.0) 
(Filename: E:\unity\Runtime/Export/Debug/Debug.bindings.h Line: 39)

MAGNETIC TRACE receive i=70 ahead=1.663331 ball=(0.4, -1.5) velocity=(-0.9, 0.0) active=False legs=-3.915005,0.2341682 targets=-3.9,2.59 scale=(0.8, 0.8, 1.0) 
(Filename: E:\unity\Runtime/Export/Debug/Debug.bindings.h Line: 39)

MAGNETIC RUN receive minAhead=0.551823 maxGap=1.807447 active=38 contacts=15 tilt=9.211182 error=0.02594044 travel=0.1060456 
(Filename: E:\unity\Runtime/Export/Debug/Debug.bindings.h Line: 39)

MAGNETIC PASS technique activates on nearby ball receive 
(Filename: E:\unity\Runtime/Export/Debug/Debug.bindings.h Line: 39)

MAGNETIC PASS physical instep contact receive 
(Filename: E:\unity\Runtime/Export/Debug/Debug.bindings.h Line: 39)

MAGNETIC PASS never stamps ball behind own body receive ahead=0.551823 
(Filename: E:\unity\Runtime/Export/Debug/Debug.bindings.h Line: 39)

MAGNETIC PASS connected skeleton receive error=0.02594044 
(Filename: E:\unity\Runtime/Export/Debug/Debug.bindings.h Line: 39)

MAGNETIC PASS torso follows native posture receive deviation=9.211182 
(Filename: E:\unity\Runtime/Export/Debug/Debug.bindings.h Line: 39)

MAGNETIC PASS magnetic foot animation appears receive 
(Filename: E:\unity\Runtime/Export/Debug/Debug.bindings.h Line: 39)

Unloading 4 Unused Serialized files (Serialized files now loaded: 0)
UnloadTime: 0.326300 ms

Unloading 2 unused Assets to reduce memory usage. Loaded Objects now: 1062.
Total: 1.524000 ms (FindLiveObjects: 0.050500 ms CreateObjectMapping: 0.015300 ms MarkObjects: 0.394500 ms  DeleteObjects: 1.063000 ms)

MAGNETIC MUSCLE 6 L_Up_Leg 
(Filename: E:\unity\Runtime/Export/Debug/Debug.bindings.h Line: 39)

MAGNETIC MUSCLE 7 L_LowLeg 
(Filename: E:\unity\Runtime/Export/Debug/Debug.bindings.h Line: 39)

MAGNETIC MUSCLE 8 R_Up_Leg 
(Filename: E:\unity\Runtime/Export/Debug/Debug.bindings.h Line: 39)

MAGNETIC MUSCLE 9 R_LowLeg 
(Filename: E:\unity\Runtime/Export/Debug/Debug.bindings.h Line: 39)

MAGNETIC TRACE contest i=0 ahead=0.6626915 ball=(1.3, -1.5) velocity=(0.0, 0.0) active=True legs=10.45674,2.95802 targets=15.74486,0 scale=(0.8, 0.8, 1.0) 
(Filename: E:\unity\Runtime/Export/Debug/Debug.bindings.h Line: 39)

MAGNETIC TRACE contest i=10 ahead=0.849685 ball=(1.3, -1.5) velocity=(-0.5, 0.0) active=True legs=1.154686,-4.763806 targets=0.3750935,0 scale=(0.8, 0.8, 1.0) 
(Filename: E:\unity\Runtime/Export/Debug/Debug.bindings.h Line: 39)

MAGNETIC TRACE contest i=20 ahead=0.7226241 ball=(1.1, -1.5) velocity=(-0.5, 0.0) active=True legs=9.553205,2.132432 targets=9.968128,0 scale=(0.8, 0.8, 1.0) 
(Filename: E:\unity\Runtime/Export/Debug/Debug.bindings.h Line: 39)

MAGNETIC TRACE contest i=30 ahead=0.4781761 ball=(0.9, -1.5) velocity=(-1.7, 0.0) active=True legs=35.52591,18.41001 targets=22,0 scale=(0.8, 0.8, 1.0) 
(Filename: E:\unity\Runtime/Export/Debug/Debug.bindings.h Line: 39)

MAGNETIC TRACE contest i=40 ahead=0.3930224 ball=(0.6, -1.5) velocity=(-0.7, 0.0) active=True legs=38.92042,24.11459 targets=22,0 scale=(0.8, 0.8, 1.0) 
(Filename: E:\unity\Runtime/Export/Debug/Debug.bindings.h Line: 39)

MAGNETIC TRACE contest i=50 ahead=0.3668176 ball=(0.4, -1.5) velocity=(0.7, 0.0) active=True legs=44.86436,2.665602 targets=22,0 scale=(0.8, 0.8, 1.0) 
(Filename: E:\unity\Runtime/Export/Debug/Debug.bindings.h Line: 39)

MAGNETIC TRACE contest i=60 ahead=0.6069793 ball=(0.4, -1.5) velocity=(-0.8, 0.0) active=True legs=27.20341,-1.88939 targets=22,0 scale=(0.8, 0.8, 1.0) 
(Filename: E:\unity\Runtime/Export/Debug/Debug.bindings.h Line: 39)

MAGNETIC TRACE contest i=70 ahead=0.9019679 ball=(0.3, -1.5) velocity=(-0.8, 0.0) active=True legs=-3.404238,-3.624534 targets=-3.166565,0 scale=(0.8, 0.8, 1.0) 
(Filename: E:\unity\Runtime/Export/Debug/Debug.bindings.h Line: 39)

MAGNETIC PASS multiple real eligible magnetic forward samples contest 
(Filename: E:\unity\Runtime/Export/Debug/Debug.bindings.h Line: 39)

MAGNETIC PASS active magnetic forward cap equals Fan without sprint contest 
(Filename: E:\unity\Runtime/Export/Debug/Debug.bindings.h Line: 39)

MAGNETIC PASS active ordinary movement force equals Fan; contest pressure retained contest 
(Filename: E:\unity\Runtime/Export/Debug/Debug.bindings.h Line: 39)

MAGNETIC SPEED scenario=contest maxActiveSpeed=2.480931 fanLimit=4 
(Filename: E:\unity\Runtime/Export/Debug/Debug.bindings.h Line: 39)

MAGNETIC RUN contest minAhead=0.3350244 maxGap=0.9078122 active=80 contacts=28 tilt=18.94986 error=0.04339576 travel=-1.041478 
(Filename: E:\unity\Runtime/Export/Debug/Debug.bindings.h Line: 39)

MAGNETIC PASS technique activates on nearby ball contest 
(Filename: E:\unity\Runtime/Export/Debug/Debug.bindings.h Line: 39)

MAGNETIC PASS physical instep contact contest 
(Filename: E:\unity\Runtime/Export/Debug/Debug.bindings.h Line: 39)

MAGNETIC PASS never stamps ball behind own body contest ahead=0.3350244 
(Filename: E:\unity\Runtime/Export/Debug/Debug.bindings.h Line: 39)

MAGNETIC PASS connected skeleton contest error=0.04339576 
(Filename: E:\unity\Runtime/Export/Debug/Debug.bindings.h Line: 39)

MAGNETIC PASS torso follows native posture contest deviation=18.94986 
(Filename: E:\unity\Runtime/Export/Debug/Debug.bindings.h Line: 39)

MAGNETIC PASS magnetic foot animation appears contest 
(Filename: E:\unity\Runtime/Export/Debug/Debug.bindings.h Line: 39)

Unloading 4 Unused Serialized files (Serialized files now loaded: 0)
UnloadTime: 0.321400 ms

Unloading 3 unused Assets to reduce memory usage. Loaded Objects now: 1062.
Total: 1.267900 ms (FindLiveObjects: 0.033300 ms CreateObjectMapping: 0.008500 ms MarkObjects: 0.199100 ms  DeleteObjects: 1.026700 ms)

MAGNETIC MUSCLE 6 L_Up_Leg 
(Filename: E:\unity\Runtime/Export/Debug/Debug.bindings.h Line: 39)

MAGNETIC MUSCLE 7 L_LowLeg 
(Filename: E:\unity\Runtime/Export/Debug/Debug.bindings.h Line: 39)

MAGNETIC MUSCLE 8 R_Up_Leg 
(Filename: E:\unity\Runtime/Export/Debug/Debug.bindings.h Line: 39)

MAGNETIC MUSCLE 9 R_LowLeg 
(Filename: E:\unity\Runtime/Export/Debug/Debug.bindings.h Line: 39)

MAGNETIC TRACE air i=0 ahead=0.6740476 ball=(1.3, -1.0) velocity=(0.0, -0.2) active=True legs=4.495993,0.7498506 targets=10.20945,0 scale=(0.8, 0.8, 1.0) 
(Filename: E:\unity\Runtime/Export/Debug/Debug.bindings.h Line: 39)

MAGNETIC TRACE air i=10 ahead=0.6378133 ball=(1.4, -1.5) velocity=(0.2, -3.2) active=False legs=-2.100217,0.09744671 targets=-3.9,2.59 scale=(0.8, 0.8, 1.0) 
(Filename: E:\unity\Runtime/Export/Debug/Debug.bindings.h Line: 39)

MAGNETIC TRACE air i=20 ahead=0.6885904 ball=(1.4, -1.5) velocity=(0.0, 0.0) active=True legs=15.12003,0.1337005 targets=18.09281,0 scale=(0.8, 0.8, 1.0) 
(Filename: E:\unity\Runtime/Export/Debug/Debug.bindings.h Line: 39)

MAGNETIC TRACE air i=30 ahead=0.6242273 ball=(1.4, -1.5) velocity=(0.0, 0.0) active=True legs=23.10864,-2.696424 targets=22,0 scale=(0.8, 0.8, 1.0) 
(Filename: E:\unity\Runtime/Export/Debug/Debug.bindings.h Line: 39)

MAGNETIC TRACE air i=40 ahead=0.7854915 ball=(1.3, -1.5) velocity=(-0.9, 0.0) active=True legs=11.93437,5.097889 targets=12.41416,0 scale=(0.8, 0.8, 1.0) 
(Filename: E:\unity\Runtime/Export/Debug/Debug.bindings.h Line: 39)

MAGNETIC TRACE air i=50 ahead=0.9420851 ball=(1.1, -1.5) velocity=(0.0, 0.0) active=True legs=-9.049577,-0.1426024 targets=-11.33359,0 scale=(0.8, 0.8, 1.0) 
(Filename: E:\unity\Runtime/Export/Debug/Debug.bindings.h Line: 39)

MAGNETIC TRACE air i=60 ahead=0.8856592 ball=(1.2, -1.5) velocity=(0.0, 0.0) active=True legs=3.783315,0.04636164 targets=1.24707,0 scale=(0.8, 0.8, 1.0) 
(Filename: E:\unity\Runtime/Export/Debug/Debug.bindings.h Line: 39)

MAGNETIC TRACE air i=70 ahead=0.8856566 ball=(1.2, -1.5) velocity=(0.0, 0.0) active=True legs=-3.404973,0.02245735 targets=-3.526306,0 scale=(0.8, 0.8, 1.0) 
(Filename: E:\unity\Runtime/Export/Debug/Debug.bindings.h Line: 39)

MAGNETIC RUN air minAhead=0.5970391 maxGap=0.942271 active=68 contacts=31 tilt=20.85059 error=0.02215452 travel=0.1025347 
(Filename: E:\unity\Runtime/Export/Debug/Debug.bindings.h Line: 39)

MAGNETIC PASS technique activates on nearby ball air 
(Filename: E:\unity\Runtime/Export/Debug/Debug.bindings.h Line: 39)

MAGNETIC PASS physical instep contact air 
(Filename: E:\unity\Runtime/Export/Debug/Debug.bindings.h Line: 39)

MAGNETIC PASS never stamps ball behind own body air ahead=0.5970391 
(Filename: E:\unity\Runtime/Export/Debug/Debug.bindings.h Line: 39)

MAGNETIC PASS connected skeleton air error=0.02215452 
(Filename: E:\unity\Runtime/Export/Debug/Debug.bindings.h Line: 39)

MAGNETIC PASS torso follows native posture air deviation=20.85059 
(Filename: E:\unity\Runtime/Export/Debug/Debug.bindings.h Line: 39)

MAGNETIC PASS magnetic foot animation appears air 
(Filename: E:\unity\Runtime/Export/Debug/Debug.bindings.h Line: 39)

MAGNETIC COMPLETE checks=76 failures=0 
(Filename: E:\unity\Runtime/Export/Debug/Debug.bindings.h Line: 39)

Setting up 12 worker threads for Enlighten.
  Thread -> id: 43fc -> priority: 1 
  Thread -> id: 1970 -> priority: 1 
  Thread -> id: 20c0 -> priority: 1 
  Thread -> id: 4640 -> priority: 1 
  Thread -> id: 1550 -> priority: 1 
  Thread -> id: a33c -> priority: 1 
  Thread -> id: 415c -> priority: 1 
  Thread -> id: c6c -> priority: 1 
  Thread -> id: 7c18 -> priority: 1 
  Thread -> id: 441c -> priority: 1 
  Thread -> id: 3c18 -> priority: 1 
  Thread -> id: 9f48 -> priority: 1 
Curl error 42: Callback aborted
 
(Filename:  Line: 867)

