Mono path[0] = 'C:/Users/Alienware/Documents/范志毅VS赵鹏/范志毅VS赵鹏 PC双人版（32位）/范志毅VS赵鹏 PC双人版（32位）/AI Mod Source/build/ability-test-player-original/FanZhiYi_Data/Managed'
Mono config path = 'C:/Users/Alienware/Documents/范志毅VS赵鹏/范志毅VS赵鹏 PC双人版（32位）/范志毅VS赵鹏 PC双人版（32位）/AI Mod Source/build/ability-test-player-original/MonoBleedingEdge/etc'
AS: AutoStreaming module initializing.Initialize engine version: 2019.4.33f1c1 (c2f94a8bebb3)
[Subsystems] Discovering subsystems at path C:/Users/Alienware/Documents/范志毅VS赵鹏/范志毅VS赵鹏 PC双人版（32位）/范志毅VS赵鹏 PC双人版（32位）/AI Mod Source/build/ability-test-player-original/FanZhiYi_Data/UnitySubsystems
GfxDevice: creating device client; threaded=1
Direct3D:
    Version:  Direct3D 11.0 [level 11.1]
    Renderer: NVIDIA GeForce RTX 5070 Laptop GPU (ID=0x2d58)
    Vendor:   (null)
    VRAM:     3072 MB
    Driver:   32.0.15.9608
Begin MonoManager ReloadAssembly
- Completed reload, in  0.090 seconds
<RI> Initializing input.
<RI> Input initialized.
<RI> Initialized touch support.
UnloadTime: 0.507700 ms
Unloading 5 Unused Serialized files (Serialized files now loaded: 0)
UnloadTime: 0.160800 ms

Unloading 143 unused Assets to reduce memory usage. Loaded Objects now: 1013.
Total: 0.586800 ms (FindLiveObjects: 0.051200 ms CreateObjectMapping: 0.010500 ms MarkObjects: 0.252600 ms  DeleteObjects: 0.272100 ms)

BURSTRANGE PASS keypad 0 selects kick, never header 
(Filename: E:\unity\Runtime/Export/Debug/Debug.bindings.h Line: 39)

BURSTRANGE PASS right Shift selects header, never kick 
(Filename: E:\unity\Runtime/Export/Debug/Debug.bindings.h Line: 39)

BURSTRANGE PASS L selects Fan powered native kick 
(Filename: E:\unity\Runtime/Export/Debug/Debug.bindings.h Line: 39)

BURSTRANGE PASS double ordinary shooting no longer arms burst 
(Filename: E:\unity\Runtime/Export/Debug/Debug.bindings.h Line: 39)

BURSTRANGE PASS round reset clears powered shooting request 
(Filename: E:\unity\Runtime/Export/Debug/Debug.bindings.h Line: 39)

Unloading 4 Unused Serialized files (Serialized files now loaded: 0)
UnloadTime: 0.805600 ms

Unloading 37 unused Assets to reduce memory usage. Loaded Objects now: 1061.
Total: 1.319600 ms (FindLiveObjects: 0.067400 ms CreateObjectMapping: 0.009900 ms MarkObjects: 0.236000 ms  DeleteObjects: 1.006000 ms)

BURSTRANGE CONTACT R_LowLeg height=-0.259309 accepted=True 
(Filename: E:\unity\Runtime/Export/Debug/Debug.bindings.h Line: 39)

BURSTRANGE PASS native kick action actually ran Fan powered=False skills=False 
(Filename: E:\unity\Runtime/Export/Debug/Debug.bindings.h Line: 39)

BURSTRANGE PASS one real contact launch, ordinary shot has none Fan powered=False launches=0 skills=False 
(Filename: E:\unity\Runtime/Export/Debug/Debug.bindings.h Line: 39)

BURSTRANGE PASS shooting keeps the connected skeleton Fan error=0.08955482 
(Filename: E:\unity\Runtime/Export/Debug/Debug.bindings.h Line: 39)

BURSTRANGE PASS classic power shot requires no special skill component 
(Filename: E:\unity\Runtime/Export/Debug/Debug.bindings.h Line: 39)

Unloading 4 Unused Serialized files (Serialized files now loaded: 0)
UnloadTime: 0.260300 ms

Unloading 3 unused Assets to reduce memory usage. Loaded Objects now: 1061.
Total: 1.140100 ms (FindLiveObjects: 0.032400 ms CreateObjectMapping: 0.007700 ms MarkObjects: 0.180800 ms  DeleteObjects: 0.918900 ms)

BURSTRANGE CONTACT R_LowLeg height=-0.259309 accepted=True 
(Filename: E:\unity\Runtime/Export/Debug/Debug.bindings.h Line: 39)

BURSTRANGE PASS native kick action actually ran Fan powered=True skills=False 
(Filename: E:\unity\Runtime/Export/Debug/Debug.bindings.h Line: 39)

BURSTRANGE PASS one real contact launch, ordinary shot has none Fan powered=True launches=1 skills=False 
(Filename: E:\unity\Runtime/Export/Debug/Debug.bindings.h Line: 39)

BURSTRANGE PASS Fan real collision ball speed +20% ratio=1.2 
(Filename: E:\unity\Runtime/Export/Debug/Debug.bindings.h Line: 39)

BURSTRANGE PASS shooting keeps the connected skeleton Fan error=0.08955482 
(Filename: E:\unity\Runtime/Export/Debug/Debug.bindings.h Line: 39)

BURSTRANGE PASS classic power shot requires no special skill component 
(Filename: E:\unity\Runtime/Export/Debug/Debug.bindings.h Line: 39)

Unloading 4 Unused Serialized files (Serialized files now loaded: 0)
UnloadTime: 0.257000 ms

Unloading 3 unused Assets to reduce memory usage. Loaded Objects now: 1061.
Total: 1.265600 ms (FindLiveObjects: 0.032400 ms CreateObjectMapping: 0.008000 ms MarkObjects: 0.252900 ms  DeleteObjects: 0.971800 ms)

BURSTRANGE CONTACT L_LowLeg height=-0.2411162 accepted=True 
(Filename: E:\unity\Runtime/Export/Debug/Debug.bindings.h Line: 39)

BURSTRANGE PASS native kick action actually ran Zhao powered=False skills=False 
(Filename: E:\unity\Runtime/Export/Debug/Debug.bindings.h Line: 39)

BURSTRANGE PASS one real contact launch, ordinary shot has none Zhao powered=False launches=0 skills=False 
(Filename: E:\unity\Runtime/Export/Debug/Debug.bindings.h Line: 39)

BURSTRANGE PASS shooting keeps the connected skeleton Zhao error=0.1446633 
(Filename: E:\unity\Runtime/Export/Debug/Debug.bindings.h Line: 39)

BURSTRANGE PASS classic power shot requires no special skill component 
(Filename: E:\unity\Runtime/Export/Debug/Debug.bindings.h Line: 39)

Unloading 4 Unused Serialized files (Serialized files now loaded: 0)
UnloadTime: 0.259500 ms

Unloading 3 unused Assets to reduce memory usage. Loaded Objects now: 1061.
Total: 1.223300 ms (FindLiveObjects: 0.034500 ms CreateObjectMapping: 0.008900 ms MarkObjects: 0.217000 ms  DeleteObjects: 0.962600 ms)

BURSTRANGE CONTACT L_LowLeg height=-0.2413866 accepted=True 
(Filename: E:\unity\Runtime/Export/Debug/Debug.bindings.h Line: 39)

BURSTRANGE CONTACT R_LowLeg height=0.0008693429 accepted=True 
(Filename: E:\unity\Runtime/Export/Debug/Debug.bindings.h Line: 39)

BURSTRANGE PASS native kick action actually ran Zhao powered=True skills=False 
(Filename: E:\unity\Runtime/Export/Debug/Debug.bindings.h Line: 39)

BURSTRANGE PASS one real contact launch, ordinary shot has none Zhao powered=True launches=1 skills=False 
(Filename: E:\unity\Runtime/Export/Debug/Debug.bindings.h Line: 39)

BURSTRANGE PASS Zhao real contact power speed skills=False vx=-20.4 expected=20.4 
(Filename: E:\unity\Runtime/Export/Debug/Debug.bindings.h Line: 39)

BURSTRANGE PASS Zhao powered shot is driven low even in air vy=-12.26208 
(Filename: E:\unity\Runtime/Export/Debug/Debug.bindings.h Line: 39)

BURSTRANGE PASS shooting keeps the connected skeleton Zhao error=0.144931 
(Filename: E:\unity\Runtime/Export/Debug/Debug.bindings.h Line: 39)

BURSTRANGE PASS classic power shot requires no special skill component 
(Filename: E:\unity\Runtime/Export/Debug/Debug.bindings.h Line: 39)

Unloading 4 Unused Serialized files (Serialized files now loaded: 0)
UnloadTime: 0.281300 ms

Unloading 3 unused Assets to reduce memory usage. Loaded Objects now: 1061.
Total: 1.246600 ms (FindLiveObjects: 0.037500 ms CreateObjectMapping: 0.008800 ms MarkObjects: 0.211900 ms  DeleteObjects: 0.988000 ms)

BURSTRANGE CONTACT R_LowLeg height=-0.2579276 accepted=True 
(Filename: E:\unity\Runtime/Export/Debug/Debug.bindings.h Line: 39)

BURSTRANGE PASS native kick action actually ran Fan powered=False skills=True 
(Filename: E:\unity\Runtime/Export/Debug/Debug.bindings.h Line: 39)

BURSTRANGE PASS one real contact launch, ordinary shot has none Fan powered=False launches=0 skills=True 
(Filename: E:\unity\Runtime/Export/Debug/Debug.bindings.h Line: 39)

BURSTRANGE PASS shooting keeps the connected skeleton Fan error=0.09238212 
(Filename: E:\unity\Runtime/Export/Debug/Debug.bindings.h Line: 39)

Unloading 4 Unused Serialized files (Serialized files now loaded: 0)
UnloadTime: 0.291300 ms

Unloading 3 unused Assets to reduce memory usage. Loaded Objects now: 1061.
Total: 1.364600 ms (FindLiveObjects: 0.055400 ms CreateObjectMapping: 0.011100 ms MarkObjects: 0.275900 ms  DeleteObjects: 1.021700 ms)

BURSTRANGE CONTACT R_LowLeg height=-0.259309 accepted=True 
(Filename: E:\unity\Runtime/Export/Debug/Debug.bindings.h Line: 39)

BURSTRANGE PASS native kick action actually ran Fan powered=True skills=True 
(Filename: E:\unity\Runtime/Export/Debug/Debug.bindings.h Line: 39)

BURSTRANGE PASS one real contact launch, ordinary shot has none Fan powered=True launches=1 skills=True 
(Filename: E:\unity\Runtime/Export/Debug/Debug.bindings.h Line: 39)

BURSTRANGE PASS Fan real collision ball speed +20% ratio=1.2 
(Filename: E:\unity\Runtime/Export/Debug/Debug.bindings.h Line: 39)

BURSTRANGE PASS shooting keeps the connected skeleton Fan error=0.08955482 
(Filename: E:\unity\Runtime/Export/Debug/Debug.bindings.h Line: 39)

Unloading 4 Unused Serialized files (Serialized files now loaded: 0)
UnloadTime: 0.237300 ms

Unloading 3 unused Assets to reduce memory usage. Loaded Objects now: 1061.
Total: 1.126200 ms (FindLiveObjects: 0.030100 ms CreateObjectMapping: 0.007400 ms MarkObjects: 0.171400 ms  DeleteObjects: 0.917100 ms)

BURSTRANGE CONTACT L_LowLeg height=-0.2411162 accepted=True 
(Filename: E:\unity\Runtime/Export/Debug/Debug.bindings.h Line: 39)

BURSTRANGE PASS native kick action actually ran Zhao powered=False skills=True 
(Filename: E:\unity\Runtime/Export/Debug/Debug.bindings.h Line: 39)

BURSTRANGE PASS one real contact launch, ordinary shot has none Zhao powered=False launches=0 skills=True 
(Filename: E:\unity\Runtime/Export/Debug/Debug.bindings.h Line: 39)

BURSTRANGE PASS shooting keeps the connected skeleton Zhao error=0.1446633 
(Filename: E:\unity\Runtime/Export/Debug/Debug.bindings.h Line: 39)

Unloading 4 Unused Serialized files (Serialized files now loaded: 0)
UnloadTime: 0.247900 ms

Unloading 3 unused Assets to reduce memory usage. Loaded Objects now: 1061.
Total: 1.256600 ms (FindLiveObjects: 0.053200 ms CreateObjectMapping: 0.014500 ms MarkObjects: 0.196700 ms  DeleteObjects: 0.991600 ms)

BURSTRANGE CONTACT L_LowLeg height=-0.2413866 accepted=True 
(Filename: E:\unity\Runtime/Export/Debug/Debug.bindings.h Line: 39)

BURSTRANGE CONTACT R_LowLeg height=0.00402205 accepted=True 
(Filename: E:\unity\Runtime/Export/Debug/Debug.bindings.h Line: 39)

BURSTRANGE PASS native kick action actually ran Zhao powered=True skills=True 
(Filename: E:\unity\Runtime/Export/Debug/Debug.bindings.h Line: 39)

BURSTRANGE PASS one real contact launch, ordinary shot has none Zhao powered=True launches=1 skills=True 
(Filename: E:\unity\Runtime/Export/Debug/Debug.bindings.h Line: 39)

BURSTRANGE PASS Zhao real contact power speed skills=True vx=-22.44 expected=22.44 
(Filename: E:\unity\Runtime/Export/Debug/Debug.bindings.h Line: 39)

BURSTRANGE PASS Zhao powered shot is driven low even in air vy=-12.26208 
(Filename: E:\unity\Runtime/Export/Debug/Debug.bindings.h Line: 39)

BURSTRANGE PASS keypad 0 displays burst skill/highlight 
(Filename: E:\unity\Runtime/Export/Debug/Debug.bindings.h Line: 39)

BURSTRANGE PASS shooting keeps the connected skeleton Zhao error=0.144931 
(Filename: E:\unity\Runtime/Export/Debug/Debug.bindings.h Line: 39)

Unloading 4 Unused Serialized files (Serialized files now loaded: 0)
UnloadTime: 0.259200 ms

Unloading 3 unused Assets to reduce memory usage. Loaded Objects now: 1061.
Total: 1.202600 ms (FindLiveObjects: 0.031400 ms CreateObjectMapping: 0.007900 ms MarkObjects: 0.166300 ms  DeleteObjects: 0.996600 ms)

BURSTRANGE PASS same curve at 90% speed, spatial sample=0.15 
(Filename: E:\unity\Runtime/Export/Debug/Debug.bindings.h Line: 39)

BURSTRANGE PASS same curve at 90% speed, spatial sample=0.3 
(Filename: E:\unity\Runtime/Export/Debug/Debug.bindings.h Line: 39)

BURSTRANGE PASS same curve at 90% speed, spatial sample=0.45 
(Filename: E:\unity\Runtime/Export/Debug/Debug.bindings.h Line: 39)

BURSTRANGE CONTACT L_Up_Arm height=0.1438569 accepted=False 
(Filename: E:\unity\Runtime/Export/Debug/Debug.bindings.h Line: 39)

BURSTRANGE CONTACT solid=L_Up_Arm 
(Filename: E:\unity\Runtime/Export/Debug/Debug.bindings.h Line: 39)

BURSTRANGE PASS leaf ball physically hits opponent body 
(Filename: E:\unity\Runtime/Export/Debug/Debug.bindings.h Line: 39)

BURSTRANGE PASS leaf ball never tunnels through body 
(Filename: E:\unity\Runtime/Export/Debug/Debug.bindings.h Line: 39)

BURSTRANGE PASS solid collision ends curve drive instead of pushing through 
(Filename: E:\unity\Runtime/Export/Debug/Debug.bindings.h Line: 39)

BURSTRANGE PASS skill ball uses continuous detection 
(Filename: E:\unity\Runtime/Export/Debug/Debug.bindings.h Line: 39)

Unloading 4 Unused Serialized files (Serialized files now loaded: 0)
UnloadTime: 0.299300 ms

Unloading 3 unused Assets to reduce memory usage. Loaded Objects now: 1062.
Total: 1.159900 ms (FindLiveObjects: 0.032200 ms CreateObjectMapping: 0.007700 ms MarkObjects: 0.206800 ms  DeleteObjects: 0.913000 ms)

BURSTRANGE PASS emergency retreat keeps moving at real speed=4.155189 
(Filename: E:\unity\Runtime/Export/Debug/Debug.bindings.h Line: 39)

BURSTRANGE PASS emergency retreat remains balanced deviation=6.390606 
(Filename: E:\unity\Runtime/Export/Debug/Debug.bindings.h Line: 39)

BURSTRANGE PASS retreat limbs remain joined error=0.06804433 
(Filename: E:\unity\Runtime/Export/Debug/Debug.bindings.h Line: 39)

Unloading 4 Unused Serialized files (Serialized files now loaded: 0)
UnloadTime: 0.241500 ms

Unloading 2 unused Assets to reduce memory usage. Loaded Objects now: 1062.
Total: 1.266500 ms (FindLiveObjects: 0.031100 ms CreateObjectMapping: 0.015800 ms MarkObjects: 0.177300 ms  DeleteObjects: 1.042000 ms)

BURSTRANGE PASS stronger tackle uses real body contact air=False 
(Filename: E:\unity\Runtime/Export/Debug/Debug.bindings.h Line: 39)

BURSTRANGE PASS 30% stronger impact keeps skeleton joined error=0.1291687 
(Filename: E:\unity\Runtime/Export/Debug/Debug.bindings.h Line: 39)

BURSTRANGE PASS impact does not fold Fan body angle=38.94227 
(Filename: E:\unity\Runtime/Export/Debug/Debug.bindings.h Line: 39)

BURSTRANGE PASS balance recovers promptly after impact 
(Filename: E:\unity\Runtime/Export/Debug/Debug.bindings.h Line: 39)

Unloading 4 Unused Serialized files (Serialized files now loaded: 0)
UnloadTime: 0.255800 ms

Unloading 2 unused Assets to reduce memory usage. Loaded Objects now: 1062.
Total: 1.176500 ms (FindLiveObjects: 0.034300 ms CreateObjectMapping: 0.008900 ms MarkObjects: 0.187100 ms  DeleteObjects: 0.946100 ms)

BURSTRANGE PASS stronger tackle uses real body contact air=True 
(Filename: E:\unity\Runtime/Export/Debug/Debug.bindings.h Line: 39)

BURSTRANGE FAIL 30% stronger impact keeps skeleton joined error=0.5926644 
(Filename: E:\unity\Runtime/Export/Debug/Debug.bindings.h Line: 39)

BURSTRANGE PASS impact does not fold Fan body angle=33.12355 
(Filename: E:\unity\Runtime/Export/Debug/Debug.bindings.h Line: 39)

BURSTRANGE PASS balance recovers promptly after impact 
(Filename: E:\unity\Runtime/Export/Debug/Debug.bindings.h Line: 39)

BURSTRANGE PASS tackle strength +30%, duration unchanged 
(Filename: E:\unity\Runtime/Export/Debug/Debug.bindings.h Line: 39)

Unloading 4 Unused Serialized files (Serialized files now loaded: 0)
UnloadTime: 0.254000 ms

Unloading 2 unused Assets to reduce memory usage. Loaded Objects now: 1062.
Total: 1.259000 ms (FindLiveObjects: 0.050700 ms CreateObjectMapping: 0.009100 ms MarkObjects: 0.247100 ms  DeleteObjects: 0.951600 ms)

BURSTRANGE PASS same Fan/Zhao contact region L_LowLeg height=-0.49 normal=(-1.0, 0.0) 
(Filename: E:\unity\Runtime/Export/Debug/Debug.bindings.h Line: 39)

BURSTRANGE PASS same Fan/Zhao contact region L_LowLeg height=-0.49 normal=(1.0, 0.0) 
(Filename: E:\unity\Runtime/Export/Debug/Debug.bindings.h Line: 39)

BURSTRANGE PASS same Fan/Zhao contact region L_LowLeg height=-0.49 normal=(0.0, -1.0) 
(Filename: E:\unity\Runtime/Export/Debug/Debug.bindings.h Line: 39)

BURSTRANGE PASS same Fan/Zhao contact region L_LowLeg height=-0.49 normal=(0.4, -0.9) 
(Filename: E:\unity\Runtime/Export/Debug/Debug.bindings.h Line: 39)

BURSTRANGE PASS same Fan/Zhao contact region L_LowLeg height=-0.45 normal=(-1.0, 0.0) 
(Filename: E:\unity\Runtime/Export/Debug/Debug.bindings.h Line: 39)

BURSTRANGE PASS same Fan/Zhao contact region L_LowLeg height=-0.45 normal=(1.0, 0.0) 
(Filename: E:\unity\Runtime/Export/Debug/Debug.bindings.h Line: 39)

BURSTRANGE PASS same Fan/Zhao contact region L_LowLeg height=-0.45 normal=(0.0, -1.0) 
(Filename: E:\unity\Runtime/Export/Debug/Debug.bindings.h Line: 39)

BURSTRANGE PASS same Fan/Zhao contact region L_LowLeg height=-0.45 normal=(0.4, -0.9) 
(Filename: E:\unity\Runtime/Export/Debug/Debug.bindings.h Line: 39)

BURSTRANGE PASS same Fan/Zhao contact region L_LowLeg height=-0.3 normal=(-1.0, 0.0) 
(Filename: E:\unity\Runtime/Export/Debug/Debug.bindings.h Line: 39)

BURSTRANGE PASS same Fan/Zhao contact region L_LowLeg height=-0.3 normal=(1.0, 0.0) 
(Filename: E:\unity\Runtime/Export/Debug/Debug.bindings.h Line: 39)

BURSTRANGE PASS same Fan/Zhao contact region L_LowLeg height=-0.3 normal=(0.0, -1.0) 
(Filename: E:\unity\Runtime/Export/Debug/Debug.bindings.h Line: 39)

BURSTRANGE PASS same Fan/Zhao contact region L_LowLeg height=-0.3 normal=(0.4, -0.9) 
(Filename: E:\unity\Runtime/Export/Debug/Debug.bindings.h Line: 39)

BURSTRANGE PASS same Fan/Zhao contact region L_LowLeg height=0 normal=(-1.0, 0.0) 
(Filename: E:\unity\Runtime/Export/Debug/Debug.bindings.h Line: 39)

BURSTRANGE PASS same Fan/Zhao contact region L_LowLeg height=0 normal=(1.0, 0.0) 
(Filename: E:\unity\Runtime/Export/Debug/Debug.bindings.h Line: 39)

BURSTRANGE PASS same Fan/Zhao contact region L_LowLeg height=0 normal=(0.0, -1.0) 
(Filename: E:\unity\Runtime/Export/Debug/Debug.bindings.h Line: 39)

BURSTRANGE PASS same Fan/Zhao contact region L_LowLeg height=0 normal=(0.4, -0.9) 
(Filename: E:\unity\Runtime/Export/Debug/Debug.bindings.h Line: 39)

BURSTRANGE PASS same Fan/Zhao contact region L_LowLeg height=0.19 normal=(-1.0, 0.0) 
(Filename: E:\unity\Runtime/Export/Debug/Debug.bindings.h Line: 39)

BURSTRANGE PASS same Fan/Zhao contact region L_LowLeg height=0.19 normal=(1.0, 0.0) 
(Filename: E:\unity\Runtime/Export/Debug/Debug.bindings.h Line: 39)

BURSTRANGE PASS same Fan/Zhao contact region L_LowLeg height=0.19 normal=(0.0, -1.0) 
(Filename: E:\unity\Runtime/Export/Debug/Debug.bindings.h Line: 39)

BURSTRANGE PASS same Fan/Zhao contact region L_LowLeg height=0.19 normal=(0.4, -0.9) 
(Filename: E:\unity\Runtime/Export/Debug/Debug.bindings.h Line: 39)

BURSTRANGE PASS same Fan/Zhao contact region L_LowLeg height=0.3 normal=(-1.0, 0.0) 
(Filename: E:\unity\Runtime/Export/Debug/Debug.bindings.h Line: 39)

BURSTRANGE PASS same Fan/Zhao contact region L_LowLeg height=0.3 normal=(1.0, 0.0) 
(Filename: E:\unity\Runtime/Export/Debug/Debug.bindings.h Line: 39)

BURSTRANGE PASS same Fan/Zhao contact region L_LowLeg height=0.3 normal=(0.0, -1.0) 
(Filename: E:\unity\Runtime/Export/Debug/Debug.bindings.h Line: 39)

BURSTRANGE PASS same Fan/Zhao contact region L_LowLeg height=0.3 normal=(0.4, -0.9) 
(Filename: E:\unity\Runtime/Export/Debug/Debug.bindings.h Line: 39)

BURSTRANGE PASS same Fan/Zhao contact region L_LowLeg height=0.45 normal=(-1.0, 0.0) 
(Filename: E:\unity\Runtime/Export/Debug/Debug.bindings.h Line: 39)

BURSTRANGE PASS same Fan/Zhao contact region L_LowLeg height=0.45 normal=(1.0, 0.0) 
(Filename: E:\unity\Runtime/Export/Debug/Debug.bindings.h Line: 39)

BURSTRANGE PASS same Fan/Zhao contact region L_LowLeg height=0.45 normal=(0.0, -1.0) 
(Filename: E:\unity\Runtime/Export/Debug/Debug.bindings.h Line: 39)

BURSTRANGE PASS same Fan/Zhao contact region L_LowLeg height=0.45 normal=(0.4, -0.9) 
(Filename: E:\unity\Runtime/Export/Debug/Debug.bindings.h Line: 39)

BURSTRANGE PASS same Fan/Zhao contact region L_LowLeg height=0.49 normal=(-1.0, 0.0) 
(Filename: E:\unity\Runtime/Export/Debug/Debug.bindings.h Line: 39)

BURSTRANGE PASS same Fan/Zhao contact region L_LowLeg height=0.49 normal=(1.0, 0.0) 
(Filename: E:\unity\Runtime/Export/Debug/Debug.bindings.h Line: 39)

BURSTRANGE PASS same Fan/Zhao contact region L_LowLeg height=0.49 normal=(0.0, -1.0) 
(Filename: E:\unity\Runtime/Export/Debug/Debug.bindings.h Line: 39)

BURSTRANGE PASS same Fan/Zhao contact region L_LowLeg height=0.49 normal=(0.4, -0.9) 
(Filename: E:\unity\Runtime/Export/Debug/Debug.bindings.h Line: 39)

BURSTRANGE PASS expanded shin accepted L_LowLeg 
(Filename: E:\unity\Runtime/Export/Debug/Debug.bindings.h Line: 39)

BURSTRANGE PASS classic shin range unchanged L_LowLeg 
(Filename: E:\unity\Runtime/Export/Debug/Debug.bindings.h Line: 39)

BURSTRANGE PASS same Fan/Zhao contact region R_LowLeg height=-0.49 normal=(-1.0, 0.0) 
(Filename: E:\unity\Runtime/Export/Debug/Debug.bindings.h Line: 39)

BURSTRANGE PASS same Fan/Zhao contact region R_LowLeg height=-0.49 normal=(1.0, 0.0) 
(Filename: E:\unity\Runtime/Export/Debug/Debug.bindings.h Line: 39)

BURSTRANGE PASS same Fan/Zhao contact region R_LowLeg height=-0.49 normal=(0.0, -1.0) 
(Filename: E:\unity\Runtime/Export/Debug/Debug.bindings.h Line: 39)

BURSTRANGE PASS same Fan/Zhao contact region R_LowLeg height=-0.49 normal=(0.4, -0.9) 
(Filename: E:\unity\Runtime/Export/Debug/Debug.bindings.h Line: 39)

BURSTRANGE PASS same Fan/Zhao contact region R_LowLeg height=-0.45 normal=(-1.0, 0.0) 
(Filename: E:\unity\Runtime/Export/Debug/Debug.bindings.h Line: 39)

BURSTRANGE PASS same Fan/Zhao contact region R_LowLeg height=-0.45 normal=(1.0, 0.0) 
(Filename: E:\unity\Runtime/Export/Debug/Debug.bindings.h Line: 39)

BURSTRANGE PASS same Fan/Zhao contact region R_LowLeg height=-0.45 normal=(0.0, -1.0) 
(Filename: E:\unity\Runtime/Export/Debug/Debug.bindings.h Line: 39)

BURSTRANGE PASS same Fan/Zhao contact region R_LowLeg height=-0.45 normal=(0.4, -0.9) 
(Filename: E:\unity\Runtime/Export/Debug/Debug.bindings.h Line: 39)

BURSTRANGE PASS same Fan/Zhao contact region R_LowLeg height=-0.3 normal=(-1.0, 0.0) 
(Filename: E:\unity\Runtime/Export/Debug/Debug.bindings.h Line: 39)

BURSTRANGE PASS same Fan/Zhao contact region R_LowLeg height=-0.3 normal=(1.0, 0.0) 
(Filename: E:\unity\Runtime/Export/Debug/Debug.bindings.h Line: 39)

BURSTRANGE PASS same Fan/Zhao contact region R_LowLeg height=-0.3 normal=(0.0, -1.0) 
(Filename: E:\unity\Runtime/Export/Debug/Debug.bindings.h Line: 39)

BURSTRANGE PASS same Fan/Zhao contact region R_LowLeg height=-0.3 normal=(0.4, -0.9) 
(Filename: E:\unity\Runtime/Export/Debug/Debug.bindings.h Line: 39)

BURSTRANGE PASS same Fan/Zhao contact region R_LowLeg height=0 normal=(-1.0, 0.0) 
(Filename: E:\unity\Runtime/Export/Debug/Debug.bindings.h Line: 39)

BURSTRANGE PASS same Fan/Zhao contact region R_LowLeg height=0 normal=(1.0, 0.0) 
(Filename: E:\unity\Runtime/Export/Debug/Debug.bindings.h Line: 39)

BURSTRANGE PASS same Fan/Zhao contact region R_LowLeg height=0 normal=(0.0, -1.0) 
(Filename: E:\unity\Runtime/Export/Debug/Debug.bindings.h Line: 39)

BURSTRANGE PASS same Fan/Zhao contact region R_LowLeg height=0 normal=(0.4, -0.9) 
(Filename: E:\unity\Runtime/Export/Debug/Debug.bindings.h Line: 39)

BURSTRANGE PASS same Fan/Zhao contact region R_LowLeg height=0.19 normal=(-1.0, 0.0) 
(Filename: E:\unity\Runtime/Export/Debug/Debug.bindings.h Line: 39)

BURSTRANGE PASS same Fan/Zhao contact region R_LowLeg height=0.19 normal=(1.0, 0.0) 
(Filename: E:\unity\Runtime/Export/Debug/Debug.bindings.h Line: 39)

BURSTRANGE PASS same Fan/Zhao contact region R_LowLeg height=0.19 normal=(0.0, -1.0) 
(Filename: E:\unity\Runtime/Export/Debug/Debug.bindings.h Line: 39)

BURSTRANGE PASS same Fan/Zhao contact region R_LowLeg height=0.19 normal=(0.4, -0.9) 
(Filename: E:\unity\Runtime/Export/Debug/Debug.bindings.h Line: 39)

BURSTRANGE PASS same Fan/Zhao contact region R_LowLeg height=0.3 normal=(-1.0, 0.0) 
(Filename: E:\unity\Runtime/Export/Debug/Debug.bindings.h Line: 39)

BURSTRANGE PASS same Fan/Zhao contact region R_LowLeg height=0.3 normal=(1.0, 0.0) 
(Filename: E:\unity\Runtime/Export/Debug/Debug.bindings.h Line: 39)

BURSTRANGE PASS same Fan/Zhao contact region R_LowLeg height=0.3 normal=(0.0, -1.0) 
(Filename: E:\unity\Runtime/Export/Debug/Debug.bindings.h Line: 39)

BURSTRANGE PASS same Fan/Zhao contact region R_LowLeg height=0.3 normal=(0.4, -0.9) 
(Filename: E:\unity\Runtime/Export/Debug/Debug.bindings.h Line: 39)

BURSTRANGE PASS same Fan/Zhao contact region R_LowLeg height=0.45 normal=(-1.0, 0.0) 
(Filename: E:\unity\Runtime/Export/Debug/Debug.bindings.h Line: 39)

BURSTRANGE PASS same Fan/Zhao contact region R_LowLeg height=0.45 normal=(1.0, 0.0) 
(Filename: E:\unity\Runtime/Export/Debug/Debug.bindings.h Line: 39)

BURSTRANGE PASS same Fan/Zhao contact region R_LowLeg height=0.45 normal=(0.0, -1.0) 
(Filename: E:\unity\Runtime/Export/Debug/Debug.bindings.h Line: 39)

BURSTRANGE PASS same Fan/Zhao contact region R_LowLeg height=0.45 normal=(0.4, -0.9) 
(Filename: E:\unity\Runtime/Export/Debug/Debug.bindings.h Line: 39)

BURSTRANGE PASS same Fan/Zhao contact region R_LowLeg height=0.49 normal=(-1.0, 0.0) 
(Filename: E:\unity\Runtime/Export/Debug/Debug.bindings.h Line: 39)

BURSTRANGE PASS same Fan/Zhao contact region R_LowLeg height=0.49 normal=(1.0, 0.0) 
(Filename: E:\unity\Runtime/Export/Debug/Debug.bindings.h Line: 39)

BURSTRANGE PASS same Fan/Zhao contact region R_LowLeg height=0.49 normal=(0.0, -1.0) 
(Filename: E:\unity\Runtime/Export/Debug/Debug.bindings.h Line: 39)

BURSTRANGE PASS same Fan/Zhao contact region R_LowLeg height=0.49 normal=(0.4, -0.9) 
(Filename: E:\unity\Runtime/Export/Debug/Debug.bindings.h Line: 39)

BURSTRANGE PASS expanded shin accepted R_LowLeg 
(Filename: E:\unity\Runtime/Export/Debug/Debug.bindings.h Line: 39)

BURSTRANGE PASS classic shin range unchanged R_LowLeg 
(Filename: E:\unity\Runtime/Export/Debug/Debug.bindings.h Line: 39)

BURSTRANGE PASS reject body/head/thigh Body 
(Filename: E:\unity\Runtime/Export/Debug/Debug.bindings.h Line: 39)

BURSTRANGE PASS reject body/head/thigh Head 
(Filename: E:\unity\Runtime/Export/Debug/Debug.bindings.h Line: 39)

BURSTRANGE PASS reject body/head/thigh L_Up_Leg 
(Filename: E:\unity\Runtime/Export/Debug/Debug.bindings.h Line: 39)

BURSTRANGE PASS reject body/head/thigh R_Up_Leg 
(Filename: E:\unity\Runtime/Export/Debug/Debug.bindings.h Line: 39)

BURSTRANGE PASS independent instep accepted 
(Filename: E:\unity\Runtime/Export/Debug/Debug.bindings.h Line: 39)

BURSTRANGE PASS independent sole rejected 
(Filename: E:\unity\Runtime/Export/Debug/Debug.bindings.h Line: 39)

BURSTRANGE PASS classic independent foot unchanged 
(Filename: E:\unity\Runtime/Export/Debug/Debug.bindings.h Line: 39)

BURSTRANGE PASS opponent limb cannot trigger skill 
(Filename: E:\unity\Runtime/Export/Debug/Debug.bindings.h Line: 39)

Unloading 4 Unused Serialized files (Serialized files now loaded: 0)
UnloadTime: 0.316400 ms

Unloading 2 unused Assets to reduce memory usage. Loaded Objects now: 1062.
Total: 1.116800 ms (FindLiveObjects: 0.031400 ms CreateObjectMapping: 0.008100 ms MarkObjects: 0.196500 ms  DeleteObjects: 0.880500 ms)

BURSTRANGE PASS expanded collision uses keypad 0 native kick skills=False 
(Filename: E:\unity\Runtime/Export/Debug/Debug.bindings.h Line: 39)

BURSTRANGE CONTACT L_Up_Leg height=-0.5022403 accepted=False 
(Filename: E:\unity\Runtime/Export/Debug/Debug.bindings.h Line: 39)

BURSTRANGE CONTACT L_LowLeg height=0.3399999 accepted=True 
(Filename: E:\unity\Runtime/Export/Debug/Debug.bindings.h Line: 39)

BURSTRANGE PASS real collision in newly eligible shin band skills=False 
(Filename: E:\unity\Runtime/Export/Debug/Debug.bindings.h Line: 39)

BURSTRANGE PASS upper shin activates only burst, once skills=False launches=0 
(Filename: E:\unity\Runtime/Export/Debug/Debug.bindings.h Line: 39)

Unloading 4 Unused Serialized files (Serialized files now loaded: 0)
UnloadTime: 0.290000 ms

Unloading 2 unused Assets to reduce memory usage. Loaded Objects now: 1062.
Total: 1.157200 ms (FindLiveObjects: 0.052700 ms CreateObjectMapping: 0.015700 ms MarkObjects: 0.189000 ms  DeleteObjects: 0.899400 ms)

BURSTRANGE PASS expanded collision uses keypad 0 native kick skills=True 
(Filename: E:\unity\Runtime/Export/Debug/Debug.bindings.h Line: 39)

BURSTRANGE CONTACT L_Up_Leg height=-0.5022403 accepted=False 
(Filename: E:\unity\Runtime/Export/Debug/Debug.bindings.h Line: 39)

BURSTRANGE CONTACT L_LowLeg height=0.3399999 accepted=True 
(Filename: E:\unity\Runtime/Export/Debug/Debug.bindings.h Line: 39)

BURSTRANGE CONTACT L_LowLeg height=-0.01984974 accepted=True 
(Filename: E:\unity\Runtime/Export/Debug/Debug.bindings.h Line: 39)

BURSTRANGE PASS real collision in newly eligible shin band skills=True 
(Filename: E:\unity\Runtime/Export/Debug/Debug.bindings.h Line: 39)

BURSTRANGE PASS upper shin activates only burst, once skills=True launches=1 
(Filename: E:\unity\Runtime/Export/Debug/Debug.bindings.h Line: 39)

BURSTRANGE PASS expanded contact keeps burst speed 
(Filename: E:\unity\Runtime/Export/Debug/Debug.bindings.h Line: 39)

BURSTRANGE PASS expanded airborne contact keeps low flight 
(Filename: E:\unity\Runtime/Export/Debug/Debug.bindings.h Line: 39)

BURSTRANGE PASS expanded contact shows burst highlight 
(Filename: E:\unity\Runtime/Export/Debug/Debug.bindings.h Line: 39)

Unloading 4 Unused Serialized files (Serialized files now loaded: 0)
UnloadTime: 0.301200 ms

Unloading 3 unused Assets to reduce memory usage. Loaded Objects now: 1062.
Total: 1.377100 ms (FindLiveObjects: 0.053900 ms CreateObjectMapping: 0.017000 ms MarkObjects: 0.189600 ms  DeleteObjects: 1.116300 ms)

BURSTRANGE PASS expanded range still requires powered instruction 
(Filename: E:\unity\Runtime/Export/Debug/Debug.bindings.h Line: 39)

BURSTRANGE PASS behind player cannot launch 
(Filename: E:\unity\Runtime/Export/Debug/Debug.bindings.h Line: 39)

BURSTRANGE PASS contest cannot launch expanded skill 
(Filename: E:\unity\Runtime/Export/Debug/Debug.bindings.h Line: 39)

BURSTRANGE PASS powered sole contact still rejected 
(Filename: E:\unity\Runtime/Export/Debug/Debug.bindings.h Line: 39)

BURSTRANGE PASS expired contact window rejected 
(Filename: E:\unity\Runtime/Export/Debug/Debug.bindings.h Line: 39)

BURSTRANGE COMPLETE checks=149 failures=1 
(Filename: E:\unity\Runtime/Export/Debug/Debug.bindings.h Line: 39)

Setting up 12 worker threads for Enlighten.
  Thread -> id: 1adc -> priority: 1 
  Thread -> id: 7c2c -> priority: 1 
  Thread -> id: 239c -> priority: 1 
  Thread -> id: a0cc -> priority: 1 
  Thread -> id: 1a80 -> priority: 1 
  Thread -> id: 3a30 -> priority: 1 
  Thread -> id: 5288 -> priority: 1 
  Thread -> id: 7ef0 -> priority: 1 
  Thread -> id: 6b58 -> priority: 1 
  Thread -> id: 5b10 -> priority: 1 
  Thread -> id: 8620 -> priority: 1 
  Thread -> id: 53d8 -> priority: 1 
Curl error 42: Callback aborted
 
(Filename:  Line: 867)

