Mono path[0] = 'C:/Users/Alienware/Documents/范志毅VS赵鹏/范志毅VS赵鹏 PC双人版（32位）/鑼冨織姣匳S璧甸箯 PC鍙屼汉鐗堬紙32浣嶏級/AI Mod Source/build/ability-test-player-experiment/FanZhiYi_Data/Managed'
Mono config path = 'C:/Users/Alienware/Documents/范志毅VS赵鹏/范志毅VS赵鹏 PC双人版（32位）/鑼冨織姣匳S璧甸箯 PC鍙屼汉鐗堬紙32浣嶏級/AI Mod Source/build/ability-test-player-experiment/MonoBleedingEdge/etc'
AS: AutoStreaming module initializing.Initialize engine version: 2019.4.33f1c1 (c2f94a8bebb3)
[Subsystems] Discovering subsystems at path C:/Users/Alienware/Documents/范志毅VS赵鹏/范志毅VS赵鹏 PC双人版（32位）/鑼冨織姣匳S璧甸箯 PC鍙屼汉鐗堬紙32浣嶏級/AI Mod Source/build/ability-test-player-experiment/FanZhiYi_Data/UnitySubsystems
GfxDevice: creating device client; threaded=1
Direct3D:
    Version:  Direct3D 11.0 [level 11.1]
    Renderer: NVIDIA GeForce RTX 5070 Laptop GPU (ID=0x2d58)
    Vendor:   (null)
    VRAM:     3072 MB
    Driver:   32.0.15.9608
Begin MonoManager ReloadAssembly
- Completed reload, in  0.088 seconds
<RI> Initializing input.
<RI> Input initialized.
<RI> Initialized touch support.
UnloadTime: 0.481300 ms
Unloading 5 Unused Serialized files (Serialized files now loaded: 0)
UnloadTime: 0.161700 ms

Unloading 143 unused Assets to reduce memory usage. Loaded Objects now: 1013.
Total: 0.436000 ms (FindLiveObjects: 0.053900 ms CreateObjectMapping: 0.010500 ms MarkObjects: 0.172700 ms  DeleteObjects: 0.198600 ms)

BOUNDARY PASS native Ball.Start attaches guard; skills=False 
(Filename: E:\unity\Runtime/Export/Debug/Debug.bindings.h Line: 39)

BOUNDARY PASS fresh rally is clear; skills=False 
(Filename: E:\unity\Runtime/Export/Debug/Debug.bindings.h Line: 39)

BOUNDARY PASS near goal inside pitch stays live skills=False side=-1 
(Filename: E:\unity\Runtime/Export/Debug/Debug.bindings.h Line: 39)

BOUNDARY PASS near goal inside pitch stays live skills=False side=1 
(Filename: E:\unity\Runtime/Export/Debug/Debug.bindings.h Line: 39)

BOUNDARY PASS pause suspends new boundary decisions skills=False 
(Filename: E:\unity\Runtime/Export/Debug/Debug.bindings.h Line: 39)

BOUNDARY PASS resume catches ball behind goal skills=False 
(Filename: E:\unity\Runtime/Export/Debug/Debug.bindings.h Line: 39)

BOUNDARY PASS resume skills=False clears out/stop state after restart 
(Filename: E:\unity\Runtime/Export/Debug/Debug.bindings.h Line: 39)

BOUNDARY PASS resume skills=False ball returns to pitch 
(Filename: E:\unity\Runtime/Export/Debug/Debug.bindings.h Line: 39)

BOUNDARY PASS resume skills=False restart keeps score unchanged 
(Filename: E:\unity\Runtime/Export/Debug/Debug.bindings.h Line: 39)

Unloading 4 Unused Serialized files (Serialized files now loaded: 0)
UnloadTime: 0.434900 ms

Unloading 38 unused Assets to reduce memory usage. Loaded Objects now: 1058.
Total: 1.120300 ms (FindLiveObjects: 0.035100 ms CreateObjectMapping: 0.008800 ms MarkObjects: 0.190100 ms  DeleteObjects: 0.886000 ms)

BOUNDARY PASS native Ball.Start attaches guard; skills=False 
(Filename: E:\unity\Runtime/Export/Debug/Debug.bindings.h Line: 39)

BOUNDARY PASS fresh rally is clear; skills=False 
(Filename: E:\unity\Runtime/Export/Debug/Debug.bindings.h Line: 39)

BOUNDARY PASS native out skills=False side=-1 actual OutTrigger starts restart 
(Filename: E:\unity\Runtime/Export/Debug/Debug.bindings.h Line: 39)

BOUNDARY PASS native out skills=False side=-1 clears out/stop state after restart 
(Filename: E:\unity\Runtime/Export/Debug/Debug.bindings.h Line: 39)

BOUNDARY PASS native out skills=False side=-1 ball returns to pitch 
(Filename: E:\unity\Runtime/Export/Debug/Debug.bindings.h Line: 39)

BOUNDARY PASS native out skills=False side=-1 restart keeps score unchanged 
(Filename: E:\unity\Runtime/Export/Debug/Debug.bindings.h Line: 39)

Unloading 4 Unused Serialized files (Serialized files now loaded: 0)
UnloadTime: 0.239000 ms

Unloading 4 unused Assets to reduce memory usage. Loaded Objects now: 1058.
Total: 1.125900 ms (FindLiveObjects: 0.058500 ms CreateObjectMapping: 0.016000 ms MarkObjects: 0.179100 ms  DeleteObjects: 0.871800 ms)

BOUNDARY PASS native Ball.Start attaches guard; skills=False 
(Filename: E:\unity\Runtime/Export/Debug/Debug.bindings.h Line: 39)

BOUNDARY PASS fresh rally is clear; skills=False 
(Filename: E:\unity\Runtime/Export/Debug/Debug.bindings.h Line: 39)

BOUNDARY PASS behind goal skills=False side=-1 elevated=False is out instead of trapped 
(Filename: E:\unity\Runtime/Export/Debug/Debug.bindings.h Line: 39)

BOUNDARY PASS behind goal skills=False side=-1 elevated=False awards no goal 
(Filename: E:\unity\Runtime/Export/Debug/Debug.bindings.h Line: 39)

BOUNDARY PASS behind goal skills=False side=-1 elevated=False physical rebound cannot score 
(Filename: E:\unity\Runtime/Export/Debug/Debug.bindings.h Line: 39)

BOUNDARY PASS behind goal skills=False side=-1 elevated=False clears out/stop state after restart 
(Filename: E:\unity\Runtime/Export/Debug/Debug.bindings.h Line: 39)

BOUNDARY PASS behind goal skills=False side=-1 elevated=False ball returns to pitch 
(Filename: E:\unity\Runtime/Export/Debug/Debug.bindings.h Line: 39)

BOUNDARY PASS behind goal skills=False side=-1 elevated=False restart keeps score unchanged 
(Filename: E:\unity\Runtime/Export/Debug/Debug.bindings.h Line: 39)

Unloading 4 Unused Serialized files (Serialized files now loaded: 0)
UnloadTime: 0.258900 ms

Unloading 4 unused Assets to reduce memory usage. Loaded Objects now: 1058.
Total: 1.135900 ms (FindLiveObjects: 0.033600 ms CreateObjectMapping: 0.008300 ms MarkObjects: 0.187400 ms  DeleteObjects: 0.906200 ms)

BOUNDARY PASS native Ball.Start attaches guard; skills=False 
(Filename: E:\unity\Runtime/Export/Debug/Debug.bindings.h Line: 39)

BOUNDARY PASS fresh rally is clear; skills=False 
(Filename: E:\unity\Runtime/Export/Debug/Debug.bindings.h Line: 39)

BOUNDARY PASS behind goal skills=False side=-1 elevated=True is out instead of trapped 
(Filename: E:\unity\Runtime/Export/Debug/Debug.bindings.h Line: 39)

BOUNDARY PASS behind goal skills=False side=-1 elevated=True awards no goal 
(Filename: E:\unity\Runtime/Export/Debug/Debug.bindings.h Line: 39)

BOUNDARY PASS behind goal skills=False side=-1 elevated=True physical rebound cannot score 
(Filename: E:\unity\Runtime/Export/Debug/Debug.bindings.h Line: 39)

BOUNDARY PASS behind goal skills=False side=-1 elevated=True clears out/stop state after restart 
(Filename: E:\unity\Runtime/Export/Debug/Debug.bindings.h Line: 39)

BOUNDARY PASS behind goal skills=False side=-1 elevated=True ball returns to pitch 
(Filename: E:\unity\Runtime/Export/Debug/Debug.bindings.h Line: 39)

BOUNDARY PASS behind goal skills=False side=-1 elevated=True restart keeps score unchanged 
(Filename: E:\unity\Runtime/Export/Debug/Debug.bindings.h Line: 39)

Unloading 4 Unused Serialized files (Serialized files now loaded: 0)
UnloadTime: 0.263200 ms

Unloading 4 unused Assets to reduce memory usage. Loaded Objects now: 1058.
Total: 1.085300 ms (FindLiveObjects: 0.036200 ms CreateObjectMapping: 0.008600 ms MarkObjects: 0.200800 ms  DeleteObjects: 0.839000 ms)

BOUNDARY PASS native Ball.Start attaches guard; skills=False 
(Filename: E:\unity\Runtime/Export/Debug/Debug.bindings.h Line: 39)

BOUNDARY PASS fresh rally is clear; skills=False 
(Filename: E:\unity\Runtime/Export/Debug/Debug.bindings.h Line: 39)

BOUNDARY PASS valid goal skills=False side=-1 native trigger counts once 
(Filename: E:\unity\Runtime/Export/Debug/Debug.bindings.h Line: 39)

BOUNDARY PASS valid goal skills=False side=-1 net entry is not mistaken for out 
(Filename: E:\unity\Runtime/Export/Debug/Debug.bindings.h Line: 39)

BOUNDARY PASS valid goal skills=False side=-1 native restart completes 
(Filename: E:\unity\Runtime/Export/Debug/Debug.bindings.h Line: 39)

BOUNDARY PASS valid goal skills=False side=-1 ball returns inside pitch 
(Filename: E:\unity\Runtime/Export/Debug/Debug.bindings.h Line: 39)

Unloading 4 Unused Serialized files (Serialized files now loaded: 0)
UnloadTime: 0.268500 ms

Unloading 4 unused Assets to reduce memory usage. Loaded Objects now: 1058.
Total: 1.223300 ms (FindLiveObjects: 0.038700 ms CreateObjectMapping: 0.015500 ms MarkObjects: 0.279900 ms  DeleteObjects: 0.888800 ms)

BOUNDARY PASS native Ball.Start attaches guard; skills=False 
(Filename: E:\unity\Runtime/Export/Debug/Debug.bindings.h Line: 39)

BOUNDARY PASS fresh rally is clear; skills=False 
(Filename: E:\unity\Runtime/Export/Debug/Debug.bindings.h Line: 39)

BOUNDARY GROUND rolling goal skills=False side=-1 floor=-1.81 mouth=Center: (-6.1, 0.0, 0.0), Extents: (0.1, 1.7, 0.0) ball=Center: (-7.2, -1.6, -0.4), Extents: (0.2, 0.2, 0.0) 
(Filename: E:\unity\Runtime/Export/Debug/Debug.bindings.h Line: 39)

BOUNDARY PASS rolling goal skills=False side=-1 counts real floor-level entry 
(Filename: E:\unity\Runtime/Export/Debug/Debug.bindings.h Line: 39)

BOUNDARY PASS rolling goal skills=False side=-1 does not whistle out 
(Filename: E:\unity\Runtime/Export/Debug/Debug.bindings.h Line: 39)

BOUNDARY PASS rolling goal skills=False side=-1 scores once and restarts 
(Filename: E:\unity\Runtime/Export/Debug/Debug.bindings.h Line: 39)

Unloading 4 Unused Serialized files (Serialized files now loaded: 0)
UnloadTime: 0.270600 ms

Unloading 4 unused Assets to reduce memory usage. Loaded Objects now: 1058.
Total: 1.056400 ms (FindLiveObjects: 0.034500 ms CreateObjectMapping: 0.008300 ms MarkObjects: 0.169200 ms  DeleteObjects: 0.844000 ms)

BOUNDARY PASS native Ball.Start attaches guard; skills=False 
(Filename: E:\unity\Runtime/Export/Debug/Debug.bindings.h Line: 39)

BOUNDARY PASS fresh rally is clear; skills=False 
(Filename: E:\unity\Runtime/Export/Debug/Debug.bindings.h Line: 39)

BOUNDARY CEILING upper corner skills=False side=-1 speed=8 descending=False physical=1.591279 trigger=1.656988 
(Filename: E:\unity\Runtime/Export/Debug/Debug.bindings.h Line: 39)

BOUNDARY PASS upper corner skills=False side=-1 speed=8 descending=False measures physical bar in current edition 
(Filename: E:\unity\Runtime/Export/Debug/Debug.bindings.h Line: 39)

BOUNDARY CORNER upper corner skills=False side=-1 speed=8 descending=False ball=(-5.9, 0.0) velocity=(0.8, -5.8) score=1 out=False 
(Filename: E:\unity\Runtime/Export/Debug/Debug.bindings.h Line: 39)

BOUNDARY PASS upper corner skills=False side=-1 speed=8 descending=False real flight scores exactly once 
(Filename: E:\unity\Runtime/Export/Debug/Debug.bindings.h Line: 39)

BOUNDARY PASS upper corner skills=False side=-1 speed=8 descending=False is not mistaken for out 
(Filename: E:\unity\Runtime/Export/Debug/Debug.bindings.h Line: 39)

BOUNDARY PASS upper corner skills=False side=-1 speed=8 descending=False restarts without duplicate score 
(Filename: E:\unity\Runtime/Export/Debug/Debug.bindings.h Line: 39)

Unloading 4 Unused Serialized files (Serialized files now loaded: 0)
UnloadTime: 0.270700 ms

Unloading 4 unused Assets to reduce memory usage. Loaded Objects now: 1058.
Total: 1.118400 ms (FindLiveObjects: 0.038500 ms CreateObjectMapping: 0.008500 ms MarkObjects: 0.169600 ms  DeleteObjects: 0.901600 ms)

BOUNDARY PASS native Ball.Start attaches guard; skills=False 
(Filename: E:\unity\Runtime/Export/Debug/Debug.bindings.h Line: 39)

BOUNDARY PASS fresh rally is clear; skills=False 
(Filename: E:\unity\Runtime/Export/Debug/Debug.bindings.h Line: 39)

BOUNDARY CEILING upper corner skills=False side=-1 speed=22 descending=True physical=1.591279 trigger=1.656988 
(Filename: E:\unity\Runtime/Export/Debug/Debug.bindings.h Line: 39)

BOUNDARY PASS upper corner skills=False side=-1 speed=22 descending=True measures physical bar in current edition 
(Filename: E:\unity\Runtime/Export/Debug/Debug.bindings.h Line: 39)

BOUNDARY CORNER upper corner skills=False side=-1 speed=22 descending=True ball=(-5.2, 0.1) velocity=(4.5, 12.8) score=1 out=False 
(Filename: E:\unity\Runtime/Export/Debug/Debug.bindings.h Line: 39)

BOUNDARY PASS upper corner skills=False side=-1 speed=22 descending=True real flight scores exactly once 
(Filename: E:\unity\Runtime/Export/Debug/Debug.bindings.h Line: 39)

BOUNDARY PASS upper corner skills=False side=-1 speed=22 descending=True is not mistaken for out 
(Filename: E:\unity\Runtime/Export/Debug/Debug.bindings.h Line: 39)

BOUNDARY PASS upper corner skills=False side=-1 speed=22 descending=True restarts without duplicate score 
(Filename: E:\unity\Runtime/Export/Debug/Debug.bindings.h Line: 39)

Unloading 4 Unused Serialized files (Serialized files now loaded: 0)
UnloadTime: 0.255700 ms

Unloading 4 unused Assets to reduce memory usage. Loaded Objects now: 1058.
Total: 1.185400 ms (FindLiveObjects: 0.057700 ms CreateObjectMapping: 0.017000 ms MarkObjects: 0.210800 ms  DeleteObjects: 0.899400 ms)

BOUNDARY PASS native Ball.Start attaches guard; skills=False 
(Filename: E:\unity\Runtime/Export/Debug/Debug.bindings.h Line: 39)

BOUNDARY PASS fresh rally is clear; skills=False 
(Filename: E:\unity\Runtime/Export/Debug/Debug.bindings.h Line: 39)

BOUNDARY CEILING upper corner skills=False side=-1 speed=45 descending=False physical=1.591279 trigger=1.656988 
(Filename: E:\unity\Runtime/Export/Debug/Debug.bindings.h Line: 39)

BOUNDARY PASS upper corner skills=False side=-1 speed=45 descending=False measures physical bar in current edition 
(Filename: E:\unity\Runtime/Export/Debug/Debug.bindings.h Line: 39)

BOUNDARY CORNER upper corner skills=False side=-1 speed=45 descending=False ball=(-3.2, 5.0) velocity=(10.0, 26.3) score=1 out=False 
(Filename: E:\unity\Runtime/Export/Debug/Debug.bindings.h Line: 39)

BOUNDARY PASS upper corner skills=False side=-1 speed=45 descending=False real flight scores exactly once 
(Filename: E:\unity\Runtime/Export/Debug/Debug.bindings.h Line: 39)

BOUNDARY PASS upper corner skills=False side=-1 speed=45 descending=False is not mistaken for out 
(Filename: E:\unity\Runtime/Export/Debug/Debug.bindings.h Line: 39)

BOUNDARY PASS upper corner skills=False side=-1 speed=45 descending=False restarts without duplicate score 
(Filename: E:\unity\Runtime/Export/Debug/Debug.bindings.h Line: 39)

Unloading 4 Unused Serialized files (Serialized files now loaded: 0)
UnloadTime: 0.242300 ms

Unloading 4 unused Assets to reduce memory usage. Loaded Objects now: 1058.
Total: 1.321100 ms (FindLiveObjects: 0.054200 ms CreateObjectMapping: 0.016900 ms MarkObjects: 0.268700 ms  DeleteObjects: 0.980500 ms)

BOUNDARY PASS native Ball.Start attaches guard; skills=False 
(Filename: E:\unity\Runtime/Export/Debug/Debug.bindings.h Line: 39)

BOUNDARY PASS fresh rally is clear; skills=False 
(Filename: E:\unity\Runtime/Export/Debug/Debug.bindings.h Line: 39)

BOUNDARY DESCENT descending upper corner skills=False side=-1 ball=(-7.3, -0.8) score=1 out=False 
(Filename: E:\unity\Runtime/Export/Debug/Debug.bindings.h Line: 39)

BOUNDARY PASS descending upper corner skills=False side=-1 initial high overlap can descend into net 
(Filename: E:\unity\Runtime/Export/Debug/Debug.bindings.h Line: 39)

BOUNDARY PASS descending upper corner skills=False side=-1 is live until valid entry 
(Filename: E:\unity\Runtime/Export/Debug/Debug.bindings.h Line: 39)

BOUNDARY PASS descending upper corner skills=False side=-1 restarts and scores only once 
(Filename: E:\unity\Runtime/Export/Debug/Debug.bindings.h Line: 39)

Unloading 4 Unused Serialized files (Serialized files now loaded: 0)
UnloadTime: 0.276600 ms

Unloading 4 unused Assets to reduce memory usage. Loaded Objects now: 1058.
Total: 1.086100 ms (FindLiveObjects: 0.032500 ms CreateObjectMapping: 0.008200 ms MarkObjects: 0.188500 ms  DeleteObjects: 0.856600 ms)

BOUNDARY PASS native Ball.Start attaches guard; skills=False 
(Filename: E:\unity\Runtime/Export/Debug/Debug.bindings.h Line: 39)

BOUNDARY PASS fresh rally is clear; skills=False 
(Filename: E:\unity\Runtime/Export/Debug/Debug.bindings.h Line: 39)

BOUNDARY PASS native out skills=False side=1 actual OutTrigger starts restart 
(Filename: E:\unity\Runtime/Export/Debug/Debug.bindings.h Line: 39)

BOUNDARY PASS native out skills=False side=1 clears out/stop state after restart 
(Filename: E:\unity\Runtime/Export/Debug/Debug.bindings.h Line: 39)

BOUNDARY PASS native out skills=False side=1 ball returns to pitch 
(Filename: E:\unity\Runtime/Export/Debug/Debug.bindings.h Line: 39)

BOUNDARY PASS native out skills=False side=1 restart keeps score unchanged 
(Filename: E:\unity\Runtime/Export/Debug/Debug.bindings.h Line: 39)

Unloading 4 Unused Serialized files (Serialized files now loaded: 0)
UnloadTime: 0.267300 ms

Unloading 4 unused Assets to reduce memory usage. Loaded Objects now: 1058.
Total: 1.078000 ms (FindLiveObjects: 0.033100 ms CreateObjectMapping: 0.007900 ms MarkObjects: 0.173400 ms  DeleteObjects: 0.863500 ms)

BOUNDARY PASS native Ball.Start attaches guard; skills=False 
(Filename: E:\unity\Runtime/Export/Debug/Debug.bindings.h Line: 39)

BOUNDARY PASS fresh rally is clear; skills=False 
(Filename: E:\unity\Runtime/Export/Debug/Debug.bindings.h Line: 39)

BOUNDARY PASS behind goal skills=False side=1 elevated=False is out instead of trapped 
(Filename: E:\unity\Runtime/Export/Debug/Debug.bindings.h Line: 39)

BOUNDARY PASS behind goal skills=False side=1 elevated=False awards no goal 
(Filename: E:\unity\Runtime/Export/Debug/Debug.bindings.h Line: 39)

BOUNDARY PASS behind goal skills=False side=1 elevated=False physical rebound cannot score 
(Filename: E:\unity\Runtime/Export/Debug/Debug.bindings.h Line: 39)

BOUNDARY PASS behind goal skills=False side=1 elevated=False clears out/stop state after restart 
(Filename: E:\unity\Runtime/Export/Debug/Debug.bindings.h Line: 39)

BOUNDARY PASS behind goal skills=False side=1 elevated=False ball returns to pitch 
(Filename: E:\unity\Runtime/Export/Debug/Debug.bindings.h Line: 39)

BOUNDARY PASS behind goal skills=False side=1 elevated=False restart keeps score unchanged 
(Filename: E:\unity\Runtime/Export/Debug/Debug.bindings.h Line: 39)

Unloading 4 Unused Serialized files (Serialized files now loaded: 0)
UnloadTime: 0.255700 ms

Unloading 4 unused Assets to reduce memory usage. Loaded Objects now: 1058.
Total: 1.235100 ms (FindLiveObjects: 0.033500 ms CreateObjectMapping: 0.008100 ms MarkObjects: 0.225100 ms  DeleteObjects: 0.968100 ms)

BOUNDARY PASS native Ball.Start attaches guard; skills=False 
(Filename: E:\unity\Runtime/Export/Debug/Debug.bindings.h Line: 39)

BOUNDARY PASS fresh rally is clear; skills=False 
(Filename: E:\unity\Runtime/Export/Debug/Debug.bindings.h Line: 39)

BOUNDARY PASS behind goal skills=False side=1 elevated=True is out instead of trapped 
(Filename: E:\unity\Runtime/Export/Debug/Debug.bindings.h Line: 39)

BOUNDARY PASS behind goal skills=False side=1 elevated=True awards no goal 
(Filename: E:\unity\Runtime/Export/Debug/Debug.bindings.h Line: 39)

BOUNDARY PASS behind goal skills=False side=1 elevated=True physical rebound cannot score 
(Filename: E:\unity\Runtime/Export/Debug/Debug.bindings.h Line: 39)

BOUNDARY PASS behind goal skills=False side=1 elevated=True clears out/stop state after restart 
(Filename: E:\unity\Runtime/Export/Debug/Debug.bindings.h Line: 39)

BOUNDARY PASS behind goal skills=False side=1 elevated=True ball returns to pitch 
(Filename: E:\unity\Runtime/Export/Debug/Debug.bindings.h Line: 39)

BOUNDARY PASS behind goal skills=False side=1 elevated=True restart keeps score unchanged 
(Filename: E:\unity\Runtime/Export/Debug/Debug.bindings.h Line: 39)

Unloading 4 Unused Serialized files (Serialized files now loaded: 0)
UnloadTime: 0.297100 ms

Unloading 4 unused Assets to reduce memory usage. Loaded Objects now: 1058.
Total: 1.100700 ms (FindLiveObjects: 0.034200 ms CreateObjectMapping: 0.008400 ms MarkObjects: 0.197000 ms  DeleteObjects: 0.860500 ms)

BOUNDARY PASS native Ball.Start attaches guard; skills=False 
(Filename: E:\unity\Runtime/Export/Debug/Debug.bindings.h Line: 39)

BOUNDARY PASS fresh rally is clear; skills=False 
(Filename: E:\unity\Runtime/Export/Debug/Debug.bindings.h Line: 39)

BOUNDARY PASS valid goal skills=False side=1 native trigger counts once 
(Filename: E:\unity\Runtime/Export/Debug/Debug.bindings.h Line: 39)

BOUNDARY PASS valid goal skills=False side=1 net entry is not mistaken for out 
(Filename: E:\unity\Runtime/Export/Debug/Debug.bindings.h Line: 39)

BOUNDARY PASS valid goal skills=False side=1 native restart completes 
(Filename: E:\unity\Runtime/Export/Debug/Debug.bindings.h Line: 39)

BOUNDARY PASS valid goal skills=False side=1 ball returns inside pitch 
(Filename: E:\unity\Runtime/Export/Debug/Debug.bindings.h Line: 39)

Unloading 4 Unused Serialized files (Serialized files now loaded: 0)
UnloadTime: 0.254500 ms

Unloading 4 unused Assets to reduce memory usage. Loaded Objects now: 1058.
Total: 1.300000 ms (FindLiveObjects: 0.036400 ms CreateObjectMapping: 0.009900 ms MarkObjects: 0.194300 ms  DeleteObjects: 1.059200 ms)

BOUNDARY PASS native Ball.Start attaches guard; skills=False 
(Filename: E:\unity\Runtime/Export/Debug/Debug.bindings.h Line: 39)

BOUNDARY PASS fresh rally is clear; skills=False 
(Filename: E:\unity\Runtime/Export/Debug/Debug.bindings.h Line: 39)

BOUNDARY GROUND rolling goal skills=False side=1 floor=-1.81 mouth=Center: (6.2, 0.0, 0.0), Extents: (0.1, 1.7, 0.0) ball=Center: (7.3, -1.6, -0.4), Extents: (0.2, 0.2, 0.0) 
(Filename: E:\unity\Runtime/Export/Debug/Debug.bindings.h Line: 39)

BOUNDARY PASS rolling goal skills=False side=1 counts real floor-level entry 
(Filename: E:\unity\Runtime/Export/Debug/Debug.bindings.h Line: 39)

BOUNDARY PASS rolling goal skills=False side=1 does not whistle out 
(Filename: E:\unity\Runtime/Export/Debug/Debug.bindings.h Line: 39)

BOUNDARY PASS rolling goal skills=False side=1 scores once and restarts 
(Filename: E:\unity\Runtime/Export/Debug/Debug.bindings.h Line: 39)

Unloading 4 Unused Serialized files (Serialized files now loaded: 0)
UnloadTime: 0.281400 ms

Unloading 4 unused Assets to reduce memory usage. Loaded Objects now: 1058.
Total: 1.305000 ms (FindLiveObjects: 0.054700 ms CreateObjectMapping: 0.016300 ms MarkObjects: 0.244500 ms  DeleteObjects: 0.989100 ms)

BOUNDARY PASS native Ball.Start attaches guard; skills=False 
(Filename: E:\unity\Runtime/Export/Debug/Debug.bindings.h Line: 39)

BOUNDARY PASS fresh rally is clear; skills=False 
(Filename: E:\unity\Runtime/Export/Debug/Debug.bindings.h Line: 39)

BOUNDARY CEILING upper corner skills=False side=1 speed=8 descending=False physical=1.59128 trigger=1.656988 
(Filename: E:\unity\Runtime/Export/Debug/Debug.bindings.h Line: 39)

BOUNDARY PASS upper corner skills=False side=1 speed=8 descending=False measures physical bar in current edition 
(Filename: E:\unity\Runtime/Export/Debug/Debug.bindings.h Line: 39)

BOUNDARY CORNER upper corner skills=False side=1 speed=8 descending=False ball=(5.9, -0.1) velocity=(-0.8, -5.8) score=1 out=False 
(Filename: E:\unity\Runtime/Export/Debug/Debug.bindings.h Line: 39)

BOUNDARY PASS upper corner skills=False side=1 speed=8 descending=False real flight scores exactly once 
(Filename: E:\unity\Runtime/Export/Debug/Debug.bindings.h Line: 39)

BOUNDARY PASS upper corner skills=False side=1 speed=8 descending=False is not mistaken for out 
(Filename: E:\unity\Runtime/Export/Debug/Debug.bindings.h Line: 39)

BOUNDARY PASS upper corner skills=False side=1 speed=8 descending=False restarts without duplicate score 
(Filename: E:\unity\Runtime/Export/Debug/Debug.bindings.h Line: 39)

Unloading 4 Unused Serialized files (Serialized files now loaded: 0)
UnloadTime: 0.249100 ms

Unloading 4 unused Assets to reduce memory usage. Loaded Objects now: 1058.
Total: 1.384200 ms (FindLiveObjects: 0.056700 ms CreateObjectMapping: 0.017300 ms MarkObjects: 0.293400 ms  DeleteObjects: 1.016200 ms)

BOUNDARY PASS native Ball.Start attaches guard; skills=False 
(Filename: E:\unity\Runtime/Export/Debug/Debug.bindings.h Line: 39)

BOUNDARY PASS fresh rally is clear; skills=False 
(Filename: E:\unity\Runtime/Export/Debug/Debug.bindings.h Line: 39)

BOUNDARY CEILING upper corner skills=False side=1 speed=22 descending=True physical=1.59128 trigger=1.656988 
(Filename: E:\unity\Runtime/Export/Debug/Debug.bindings.h Line: 39)

BOUNDARY PASS upper corner skills=False side=1 speed=22 descending=True measures physical bar in current edition 
(Filename: E:\unity\Runtime/Export/Debug/Debug.bindings.h Line: 39)

BOUNDARY CORNER upper corner skills=False side=1 speed=22 descending=True ball=(5.3, -0.1) velocity=(-4.5, 12.8) score=1 out=False 
(Filename: E:\unity\Runtime/Export/Debug/Debug.bindings.h Line: 39)

BOUNDARY PASS upper corner skills=False side=1 speed=22 descending=True real flight scores exactly once 
(Filename: E:\unity\Runtime/Export/Debug/Debug.bindings.h Line: 39)

BOUNDARY PASS upper corner skills=False side=1 speed=22 descending=True is not mistaken for out 
(Filename: E:\unity\Runtime/Export/Debug/Debug.bindings.h Line: 39)

BOUNDARY PASS upper corner skills=False side=1 speed=22 descending=True restarts without duplicate score 
(Filename: E:\unity\Runtime/Export/Debug/Debug.bindings.h Line: 39)

Unloading 4 Unused Serialized files (Serialized files now loaded: 0)
UnloadTime: 0.276000 ms

Unloading 4 unused Assets to reduce memory usage. Loaded Objects now: 1058.
Total: 1.234700 ms (FindLiveObjects: 0.034400 ms CreateObjectMapping: 0.008400 ms MarkObjects: 0.184000 ms  DeleteObjects: 1.007400 ms)

BOUNDARY PASS native Ball.Start attaches guard; skills=False 
(Filename: E:\unity\Runtime/Export/Debug/Debug.bindings.h Line: 39)

BOUNDARY PASS fresh rally is clear; skills=False 
(Filename: E:\unity\Runtime/Export/Debug/Debug.bindings.h Line: 39)

BOUNDARY CEILING upper corner skills=False side=1 speed=45 descending=False physical=1.59128 trigger=1.656988 
(Filename: E:\unity\Runtime/Export/Debug/Debug.bindings.h Line: 39)

BOUNDARY PASS upper corner skills=False side=1 speed=45 descending=False measures physical bar in current edition 
(Filename: E:\unity\Runtime/Export/Debug/Debug.bindings.h Line: 39)

BOUNDARY CORNER upper corner skills=False side=1 speed=45 descending=False ball=(3.4, 4.4) velocity=(-10.0, 26.3) score=1 out=False 
(Filename: E:\unity\Runtime/Export/Debug/Debug.bindings.h Line: 39)

BOUNDARY PASS upper corner skills=False side=1 speed=45 descending=False real flight scores exactly once 
(Filename: E:\unity\Runtime/Export/Debug/Debug.bindings.h Line: 39)

BOUNDARY PASS upper corner skills=False side=1 speed=45 descending=False is not mistaken for out 
(Filename: E:\unity\Runtime/Export/Debug/Debug.bindings.h Line: 39)

BOUNDARY PASS upper corner skills=False side=1 speed=45 descending=False restarts without duplicate score 
(Filename: E:\unity\Runtime/Export/Debug/Debug.bindings.h Line: 39)

Unloading 4 Unused Serialized files (Serialized files now loaded: 0)
UnloadTime: 0.260700 ms

Unloading 4 unused Assets to reduce memory usage. Loaded Objects now: 1058.
Total: 1.282700 ms (FindLiveObjects: 0.034400 ms CreateObjectMapping: 0.008500 ms MarkObjects: 0.203700 ms  DeleteObjects: 1.035500 ms)

BOUNDARY PASS native Ball.Start attaches guard; skills=False 
(Filename: E:\unity\Runtime/Export/Debug/Debug.bindings.h Line: 39)

BOUNDARY PASS fresh rally is clear; skills=False 
(Filename: E:\unity\Runtime/Export/Debug/Debug.bindings.h Line: 39)

BOUNDARY DESCENT descending upper corner skills=False side=1 ball=(7.3, -0.8) score=1 out=False 
(Filename: E:\unity\Runtime/Export/Debug/Debug.bindings.h Line: 39)

BOUNDARY PASS descending upper corner skills=False side=1 initial high overlap can descend into net 
(Filename: E:\unity\Runtime/Export/Debug/Debug.bindings.h Line: 39)

BOUNDARY PASS descending upper corner skills=False side=1 is live until valid entry 
(Filename: E:\unity\Runtime/Export/Debug/Debug.bindings.h Line: 39)

BOUNDARY PASS descending upper corner skills=False side=1 restarts and scores only once 
(Filename: E:\unity\Runtime/Export/Debug/Debug.bindings.h Line: 39)

Unloading 4 Unused Serialized files (Serialized files now loaded: 0)
UnloadTime: 0.268800 ms

Unloading 4 unused Assets to reduce memory usage. Loaded Objects now: 1058.
Total: 1.908300 ms (FindLiveObjects: 0.035000 ms CreateObjectMapping: 0.008100 ms MarkObjects: 0.194300 ms  DeleteObjects: 1.670800 ms)

BOUNDARY PASS native Ball.Start attaches guard; skills=True 
(Filename: E:\unity\Runtime/Export/Debug/Debug.bindings.h Line: 39)

BOUNDARY PASS fresh rally is clear; skills=True 
(Filename: E:\unity\Runtime/Export/Debug/Debug.bindings.h Line: 39)

BOUNDARY PASS near goal inside pitch stays live skills=True side=-1 
(Filename: E:\unity\Runtime/Export/Debug/Debug.bindings.h Line: 39)

BOUNDARY PASS near goal inside pitch stays live skills=True side=1 
(Filename: E:\unity\Runtime/Export/Debug/Debug.bindings.h Line: 39)

BOUNDARY PASS pause suspends new boundary decisions skills=True 
(Filename: E:\unity\Runtime/Export/Debug/Debug.bindings.h Line: 39)

BOUNDARY PASS resume catches ball behind goal skills=True 
(Filename: E:\unity\Runtime/Export/Debug/Debug.bindings.h Line: 39)

BOUNDARY PASS resume skills=True clears out/stop state after restart 
(Filename: E:\unity\Runtime/Export/Debug/Debug.bindings.h Line: 39)

BOUNDARY PASS resume skills=True ball returns to pitch 
(Filename: E:\unity\Runtime/Export/Debug/Debug.bindings.h Line: 39)

BOUNDARY PASS resume skills=True restart keeps score unchanged 
(Filename: E:\unity\Runtime/Export/Debug/Debug.bindings.h Line: 39)

Unloading 4 Unused Serialized files (Serialized files now loaded: 0)
UnloadTime: 0.706900 ms

Unloading 3 unused Assets to reduce memory usage. Loaded Objects now: 1064.
Total: 1.313200 ms (FindLiveObjects: 0.084500 ms CreateObjectMapping: 0.008600 ms MarkObjects: 0.242500 ms  DeleteObjects: 0.977100 ms)

BOUNDARY PASS native Ball.Start attaches guard; skills=True 
(Filename: E:\unity\Runtime/Export/Debug/Debug.bindings.h Line: 39)

BOUNDARY PASS fresh rally is clear; skills=True 
(Filename: E:\unity\Runtime/Export/Debug/Debug.bindings.h Line: 39)

BOUNDARY PASS native out skills=True side=-1 actual OutTrigger starts restart 
(Filename: E:\unity\Runtime/Export/Debug/Debug.bindings.h Line: 39)

BOUNDARY PASS native out skills=True side=-1 clears out/stop state after restart 
(Filename: E:\unity\Runtime/Export/Debug/Debug.bindings.h Line: 39)

BOUNDARY PASS native out skills=True side=-1 ball returns to pitch 
(Filename: E:\unity\Runtime/Export/Debug/Debug.bindings.h Line: 39)

BOUNDARY PASS native out skills=True side=-1 restart keeps score unchanged 
(Filename: E:\unity\Runtime/Export/Debug/Debug.bindings.h Line: 39)

Unloading 4 Unused Serialized files (Serialized files now loaded: 0)
UnloadTime: 0.280000 ms

Unloading 4 unused Assets to reduce memory usage. Loaded Objects now: 1064.
Total: 1.364600 ms (FindLiveObjects: 0.034700 ms CreateObjectMapping: 0.008700 ms MarkObjects: 0.187800 ms  DeleteObjects: 1.133200 ms)

BOUNDARY PASS native Ball.Start attaches guard; skills=True 
(Filename: E:\unity\Runtime/Export/Debug/Debug.bindings.h Line: 39)

BOUNDARY PASS fresh rally is clear; skills=True 
(Filename: E:\unity\Runtime/Export/Debug/Debug.bindings.h Line: 39)

BOUNDARY PASS behind goal skills=True side=-1 elevated=False is out instead of trapped 
(Filename: E:\unity\Runtime/Export/Debug/Debug.bindings.h Line: 39)

BOUNDARY PASS behind goal skills=True side=-1 elevated=False awards no goal 
(Filename: E:\unity\Runtime/Export/Debug/Debug.bindings.h Line: 39)

BOUNDARY PASS behind goal skills=True side=-1 elevated=False physical rebound cannot score 
(Filename: E:\unity\Runtime/Export/Debug/Debug.bindings.h Line: 39)

BOUNDARY PASS behind goal skills=True side=-1 elevated=False clears out/stop state after restart 
(Filename: E:\unity\Runtime/Export/Debug/Debug.bindings.h Line: 39)

BOUNDARY PASS behind goal skills=True side=-1 elevated=False ball returns to pitch 
(Filename: E:\unity\Runtime/Export/Debug/Debug.bindings.h Line: 39)

BOUNDARY PASS behind goal skills=True side=-1 elevated=False restart keeps score unchanged 
(Filename: E:\unity\Runtime/Export/Debug/Debug.bindings.h Line: 39)

Unloading 4 Unused Serialized files (Serialized files now loaded: 0)
UnloadTime: 0.299900 ms

Unloading 4 unused Assets to reduce memory usage. Loaded Objects now: 1064.
Total: 1.339600 ms (FindLiveObjects: 0.058100 ms CreateObjectMapping: 0.017700 ms MarkObjects: 0.238100 ms  DeleteObjects: 1.025200 ms)

BOUNDARY PASS native Ball.Start attaches guard; skills=True 
(Filename: E:\unity\Runtime/Export/Debug/Debug.bindings.h Line: 39)

BOUNDARY PASS fresh rally is clear; skills=True 
(Filename: E:\unity\Runtime/Export/Debug/Debug.bindings.h Line: 39)

BOUNDARY PASS behind goal skills=True side=-1 elevated=True is out instead of trapped 
(Filename: E:\unity\Runtime/Export/Debug/Debug.bindings.h Line: 39)

BOUNDARY PASS behind goal skills=True side=-1 elevated=True awards no goal 
(Filename: E:\unity\Runtime/Export/Debug/Debug.bindings.h Line: 39)

BOUNDARY PASS behind goal skills=True side=-1 elevated=True physical rebound cannot score 
(Filename: E:\unity\Runtime/Export/Debug/Debug.bindings.h Line: 39)

BOUNDARY PASS behind goal skills=True side=-1 elevated=True clears out/stop state after restart 
(Filename: E:\unity\Runtime/Export/Debug/Debug.bindings.h Line: 39)

BOUNDARY PASS behind goal skills=True side=-1 elevated=True ball returns to pitch 
(Filename: E:\unity\Runtime/Export/Debug/Debug.bindings.h Line: 39)

BOUNDARY PASS behind goal skills=True side=-1 elevated=True restart keeps score unchanged 
(Filename: E:\unity\Runtime/Export/Debug/Debug.bindings.h Line: 39)

Unloading 4 Unused Serialized files (Serialized files now loaded: 0)
UnloadTime: 0.288000 ms

Unloading 4 unused Assets to reduce memory usage. Loaded Objects now: 1064.
Total: 1.136500 ms (FindLiveObjects: 0.037800 ms CreateObjectMapping: 0.009000 ms MarkObjects: 0.226800 ms  DeleteObjects: 0.862300 ms)

BOUNDARY PASS native Ball.Start attaches guard; skills=True 
(Filename: E:\unity\Runtime/Export/Debug/Debug.bindings.h Line: 39)

BOUNDARY PASS fresh rally is clear; skills=True 
(Filename: E:\unity\Runtime/Export/Debug/Debug.bindings.h Line: 39)

BOUNDARY PASS valid goal skills=True side=-1 native trigger counts once 
(Filename: E:\unity\Runtime/Export/Debug/Debug.bindings.h Line: 39)

BOUNDARY PASS valid goal skills=True side=-1 net entry is not mistaken for out 
(Filename: E:\unity\Runtime/Export/Debug/Debug.bindings.h Line: 39)

BOUNDARY PASS valid goal skills=True side=-1 native restart completes 
(Filename: E:\unity\Runtime/Export/Debug/Debug.bindings.h Line: 39)

BOUNDARY PASS valid goal skills=True side=-1 ball returns inside pitch 
(Filename: E:\unity\Runtime/Export/Debug/Debug.bindings.h Line: 39)

Unloading 4 Unused Serialized files (Serialized files now loaded: 0)
UnloadTime: 0.315500 ms

Unloading 4 unused Assets to reduce memory usage. Loaded Objects now: 1064.
Total: 1.247700 ms (FindLiveObjects: 0.031400 ms CreateObjectMapping: 0.007900 ms MarkObjects: 0.179800 ms  DeleteObjects: 1.028300 ms)

BOUNDARY PASS native Ball.Start attaches guard; skills=True 
(Filename: E:\unity\Runtime/Export/Debug/Debug.bindings.h Line: 39)

BOUNDARY PASS fresh rally is clear; skills=True 
(Filename: E:\unity\Runtime/Export/Debug/Debug.bindings.h Line: 39)

BOUNDARY GROUND rolling goal skills=True side=-1 floor=-1.81 mouth=Center: (-6.1, 0.0, 0.0), Extents: (0.1, 1.7, 0.0) ball=Center: (-7.2, -1.6, -0.4), Extents: (0.2, 0.2, 0.0) 
(Filename: E:\unity\Runtime/Export/Debug/Debug.bindings.h Line: 39)

BOUNDARY PASS rolling goal skills=True side=-1 counts real floor-level entry 
(Filename: E:\unity\Runtime/Export/Debug/Debug.bindings.h Line: 39)

BOUNDARY PASS rolling goal skills=True side=-1 does not whistle out 
(Filename: E:\unity\Runtime/Export/Debug/Debug.bindings.h Line: 39)

BOUNDARY PASS rolling goal skills=True side=-1 scores once and restarts 
(Filename: E:\unity\Runtime/Export/Debug/Debug.bindings.h Line: 39)

Unloading 4 Unused Serialized files (Serialized files now loaded: 0)
UnloadTime: 0.277900 ms

Unloading 4 unused Assets to reduce memory usage. Loaded Objects now: 1064.
Total: 1.175700 ms (FindLiveObjects: 0.032900 ms CreateObjectMapping: 0.008300 ms MarkObjects: 0.176500 ms  DeleteObjects: 0.957600 ms)

BOUNDARY PASS native Ball.Start attaches guard; skills=True 
(Filename: E:\unity\Runtime/Export/Debug/Debug.bindings.h Line: 39)

BOUNDARY PASS fresh rally is clear; skills=True 
(Filename: E:\unity\Runtime/Export/Debug/Debug.bindings.h Line: 39)

BOUNDARY CEILING upper corner skills=True side=-1 speed=8 descending=False physical=1.591279 trigger=1.656988 
(Filename: E:\unity\Runtime/Export/Debug/Debug.bindings.h Line: 39)

BOUNDARY PASS upper corner skills=True side=-1 speed=8 descending=False measures physical bar in current edition 
(Filename: E:\unity\Runtime/Export/Debug/Debug.bindings.h Line: 39)

BOUNDARY CORNER upper corner skills=True side=-1 speed=8 descending=False ball=(-5.9, 0.0) velocity=(0.8, -5.8) score=1 out=False 
(Filename: E:\unity\Runtime/Export/Debug/Debug.bindings.h Line: 39)

BOUNDARY PASS upper corner skills=True side=-1 speed=8 descending=False real flight scores exactly once 
(Filename: E:\unity\Runtime/Export/Debug/Debug.bindings.h Line: 39)

BOUNDARY PASS upper corner skills=True side=-1 speed=8 descending=False is not mistaken for out 
(Filename: E:\unity\Runtime/Export/Debug/Debug.bindings.h Line: 39)

BOUNDARY PASS upper corner skills=True side=-1 speed=8 descending=False restarts without duplicate score 
(Filename: E:\unity\Runtime/Export/Debug/Debug.bindings.h Line: 39)

Unloading 4 Unused Serialized files (Serialized files now loaded: 0)
UnloadTime: 0.316600 ms

Unloading 4 unused Assets to reduce memory usage. Loaded Objects now: 1064.
Total: 1.410500 ms (FindLiveObjects: 0.041000 ms CreateObjectMapping: 0.008800 ms MarkObjects: 0.281400 ms  DeleteObjects: 1.078600 ms)

BOUNDARY PASS native Ball.Start attaches guard; skills=True 
(Filename: E:\unity\Runtime/Export/Debug/Debug.bindings.h Line: 39)

BOUNDARY PASS fresh rally is clear; skills=True 
(Filename: E:\unity\Runtime/Export/Debug/Debug.bindings.h Line: 39)

BOUNDARY CEILING upper corner skills=True side=-1 speed=22 descending=True physical=1.591279 trigger=1.656988 
(Filename: E:\unity\Runtime/Export/Debug/Debug.bindings.h Line: 39)

BOUNDARY PASS upper corner skills=True side=-1 speed=22 descending=True measures physical bar in current edition 
(Filename: E:\unity\Runtime/Export/Debug/Debug.bindings.h Line: 39)

BOUNDARY CORNER upper corner skills=True side=-1 speed=22 descending=True ball=(-5.2, 0.1) velocity=(4.5, 12.8) score=1 out=False 
(Filename: E:\unity\Runtime/Export/Debug/Debug.bindings.h Line: 39)

BOUNDARY PASS upper corner skills=True side=-1 speed=22 descending=True real flight scores exactly once 
(Filename: E:\unity\Runtime/Export/Debug/Debug.bindings.h Line: 39)

BOUNDARY PASS upper corner skills=True side=-1 speed=22 descending=True is not mistaken for out 
(Filename: E:\unity\Runtime/Export/Debug/Debug.bindings.h Line: 39)

BOUNDARY PASS upper corner skills=True side=-1 speed=22 descending=True restarts without duplicate score 
(Filename: E:\unity\Runtime/Export/Debug/Debug.bindings.h Line: 39)

Unloading 4 Unused Serialized files (Serialized files now loaded: 0)
UnloadTime: 0.255200 ms

Unloading 4 unused Assets to reduce memory usage. Loaded Objects now: 1064.
Total: 1.115000 ms (FindLiveObjects: 0.034100 ms CreateObjectMapping: 0.008200 ms MarkObjects: 0.180000 ms  DeleteObjects: 0.892500 ms)

BOUNDARY PASS native Ball.Start attaches guard; skills=True 
(Filename: E:\unity\Runtime/Export/Debug/Debug.bindings.h Line: 39)

BOUNDARY PASS fresh rally is clear; skills=True 
(Filename: E:\unity\Runtime/Export/Debug/Debug.bindings.h Line: 39)

BOUNDARY CEILING upper corner skills=True side=-1 speed=45 descending=False physical=1.591279 trigger=1.656988 
(Filename: E:\unity\Runtime/Export/Debug/Debug.bindings.h Line: 39)

BOUNDARY PASS upper corner skills=True side=-1 speed=45 descending=False measures physical bar in current edition 
(Filename: E:\unity\Runtime/Export/Debug/Debug.bindings.h Line: 39)

BOUNDARY CORNER upper corner skills=True side=-1 speed=45 descending=False ball=(-3.4, 4.4) velocity=(10.0, 26.3) score=1 out=False 
(Filename: E:\unity\Runtime/Export/Debug/Debug.bindings.h Line: 39)

BOUNDARY PASS upper corner skills=True side=-1 speed=45 descending=False real flight scores exactly once 
(Filename: E:\unity\Runtime/Export/Debug/Debug.bindings.h Line: 39)

BOUNDARY PASS upper corner skills=True side=-1 speed=45 descending=False is not mistaken for out 
(Filename: E:\unity\Runtime/Export/Debug/Debug.bindings.h Line: 39)

BOUNDARY PASS upper corner skills=True side=-1 speed=45 descending=False restarts without duplicate score 
(Filename: E:\unity\Runtime/Export/Debug/Debug.bindings.h Line: 39)

Unloading 4 Unused Serialized files (Serialized files now loaded: 0)
UnloadTime: 0.256600 ms

Unloading 4 unused Assets to reduce memory usage. Loaded Objects now: 1064.
Total: 1.254300 ms (FindLiveObjects: 0.033600 ms CreateObjectMapping: 0.008200 ms MarkObjects: 0.182300 ms  DeleteObjects: 1.030000 ms)

BOUNDARY PASS native Ball.Start attaches guard; skills=True 
(Filename: E:\unity\Runtime/Export/Debug/Debug.bindings.h Line: 39)

BOUNDARY PASS fresh rally is clear; skills=True 
(Filename: E:\unity\Runtime/Export/Debug/Debug.bindings.h Line: 39)

BOUNDARY DESCENT descending upper corner skills=True side=-1 ball=(-7.3, -0.8) score=1 out=False 
(Filename: E:\unity\Runtime/Export/Debug/Debug.bindings.h Line: 39)

BOUNDARY PASS descending upper corner skills=True side=-1 initial high overlap can descend into net 
(Filename: E:\unity\Runtime/Export/Debug/Debug.bindings.h Line: 39)

BOUNDARY PASS descending upper corner skills=True side=-1 is live until valid entry 
(Filename: E:\unity\Runtime/Export/Debug/Debug.bindings.h Line: 39)

BOUNDARY PASS descending upper corner skills=True side=-1 restarts and scores only once 
(Filename: E:\unity\Runtime/Export/Debug/Debug.bindings.h Line: 39)

Unloading 4 Unused Serialized files (Serialized files now loaded: 0)
UnloadTime: 0.302300 ms

Unloading 4 unused Assets to reduce memory usage. Loaded Objects now: 1064.
Total: 1.175300 ms (FindLiveObjects: 0.066600 ms CreateObjectMapping: 0.009400 ms MarkObjects: 0.200500 ms  DeleteObjects: 0.898500 ms)

BOUNDARY PASS native Ball.Start attaches guard; skills=True 
(Filename: E:\unity\Runtime/Export/Debug/Debug.bindings.h Line: 39)

BOUNDARY PASS fresh rally is clear; skills=True 
(Filename: E:\unity\Runtime/Export/Debug/Debug.bindings.h Line: 39)

BOUNDARY PASS native out skills=True side=1 actual OutTrigger starts restart 
(Filename: E:\unity\Runtime/Export/Debug/Debug.bindings.h Line: 39)

BOUNDARY PASS native out skills=True side=1 clears out/stop state after restart 
(Filename: E:\unity\Runtime/Export/Debug/Debug.bindings.h Line: 39)

BOUNDARY PASS native out skills=True side=1 ball returns to pitch 
(Filename: E:\unity\Runtime/Export/Debug/Debug.bindings.h Line: 39)

BOUNDARY PASS native out skills=True side=1 restart keeps score unchanged 
(Filename: E:\unity\Runtime/Export/Debug/Debug.bindings.h Line: 39)

Unloading 4 Unused Serialized files (Serialized files now loaded: 0)
UnloadTime: 0.267100 ms

Unloading 4 unused Assets to reduce memory usage. Loaded Objects now: 1064.
Total: 1.294600 ms (FindLiveObjects: 0.063600 ms CreateObjectMapping: 0.009000 ms MarkObjects: 0.201800 ms  DeleteObjects: 1.020000 ms)

BOUNDARY PASS native Ball.Start attaches guard; skills=True 
(Filename: E:\unity\Runtime/Export/Debug/Debug.bindings.h Line: 39)

BOUNDARY PASS fresh rally is clear; skills=True 
(Filename: E:\unity\Runtime/Export/Debug/Debug.bindings.h Line: 39)

BOUNDARY PASS behind goal skills=True side=1 elevated=False is out instead of trapped 
(Filename: E:\unity\Runtime/Export/Debug/Debug.bindings.h Line: 39)

BOUNDARY PASS behind goal skills=True side=1 elevated=False awards no goal 
(Filename: E:\unity\Runtime/Export/Debug/Debug.bindings.h Line: 39)

BOUNDARY PASS behind goal skills=True side=1 elevated=False physical rebound cannot score 
(Filename: E:\unity\Runtime/Export/Debug/Debug.bindings.h Line: 39)

BOUNDARY PASS behind goal skills=True side=1 elevated=False clears out/stop state after restart 
(Filename: E:\unity\Runtime/Export/Debug/Debug.bindings.h Line: 39)

BOUNDARY PASS behind goal skills=True side=1 elevated=False ball returns to pitch 
(Filename: E:\unity\Runtime/Export/Debug/Debug.bindings.h Line: 39)

BOUNDARY PASS behind goal skills=True side=1 elevated=False restart keeps score unchanged 
(Filename: E:\unity\Runtime/Export/Debug/Debug.bindings.h Line: 39)

Unloading 4 Unused Serialized files (Serialized files now loaded: 0)
UnloadTime: 0.264100 ms

Unloading 4 unused Assets to reduce memory usage. Loaded Objects now: 1064.
Total: 1.186600 ms (FindLiveObjects: 0.032600 ms CreateObjectMapping: 0.008100 ms MarkObjects: 0.182700 ms  DeleteObjects: 0.962600 ms)

BOUNDARY PASS native Ball.Start attaches guard; skills=True 
(Filename: E:\unity\Runtime/Export/Debug/Debug.bindings.h Line: 39)

BOUNDARY PASS fresh rally is clear; skills=True 
(Filename: E:\unity\Runtime/Export/Debug/Debug.bindings.h Line: 39)

BOUNDARY PASS behind goal skills=True side=1 elevated=True is out instead of trapped 
(Filename: E:\unity\Runtime/Export/Debug/Debug.bindings.h Line: 39)

BOUNDARY PASS behind goal skills=True side=1 elevated=True awards no goal 
(Filename: E:\unity\Runtime/Export/Debug/Debug.bindings.h Line: 39)

BOUNDARY PASS behind goal skills=True side=1 elevated=True physical rebound cannot score 
(Filename: E:\unity\Runtime/Export/Debug/Debug.bindings.h Line: 39)

BOUNDARY PASS behind goal skills=True side=1 elevated=True clears out/stop state after restart 
(Filename: E:\unity\Runtime/Export/Debug/Debug.bindings.h Line: 39)

BOUNDARY PASS behind goal skills=True side=1 elevated=True ball returns to pitch 
(Filename: E:\unity\Runtime/Export/Debug/Debug.bindings.h Line: 39)

BOUNDARY PASS behind goal skills=True side=1 elevated=True restart keeps score unchanged 
(Filename: E:\unity\Runtime/Export/Debug/Debug.bindings.h Line: 39)

Unloading 4 Unused Serialized files (Serialized files now loaded: 0)
UnloadTime: 0.234700 ms

Unloading 4 unused Assets to reduce memory usage. Loaded Objects now: 1064.
Total: 1.245100 ms (FindLiveObjects: 0.052200 ms CreateObjectMapping: 0.013200 ms MarkObjects: 0.251400 ms  DeleteObjects: 0.927800 ms)

BOUNDARY PASS native Ball.Start attaches guard; skills=True 
(Filename: E:\unity\Runtime/Export/Debug/Debug.bindings.h Line: 39)

BOUNDARY PASS fresh rally is clear; skills=True 
(Filename: E:\unity\Runtime/Export/Debug/Debug.bindings.h Line: 39)

BOUNDARY PASS valid goal skills=True side=1 native trigger counts once 
(Filename: E:\unity\Runtime/Export/Debug/Debug.bindings.h Line: 39)

BOUNDARY PASS valid goal skills=True side=1 net entry is not mistaken for out 
(Filename: E:\unity\Runtime/Export/Debug/Debug.bindings.h Line: 39)

BOUNDARY PASS valid goal skills=True side=1 native restart completes 
(Filename: E:\unity\Runtime/Export/Debug/Debug.bindings.h Line: 39)

BOUNDARY PASS valid goal skills=True side=1 ball returns inside pitch 
(Filename: E:\unity\Runtime/Export/Debug/Debug.bindings.h Line: 39)

Unloading 4 Unused Serialized files (Serialized files now loaded: 0)
UnloadTime: 0.262500 ms

Unloading 4 unused Assets to reduce memory usage. Loaded Objects now: 1064.
Total: 1.198900 ms (FindLiveObjects: 0.032400 ms CreateObjectMapping: 0.008200 ms MarkObjects: 0.175700 ms  DeleteObjects: 0.982300 ms)

BOUNDARY PASS native Ball.Start attaches guard; skills=True 
(Filename: E:\unity\Runtime/Export/Debug/Debug.bindings.h Line: 39)

BOUNDARY PASS fresh rally is clear; skills=True 
(Filename: E:\unity\Runtime/Export/Debug/Debug.bindings.h Line: 39)

BOUNDARY GROUND rolling goal skills=True side=1 floor=-1.81 mouth=Center: (6.2, 0.0, 0.0), Extents: (0.1, 1.7, 0.0) ball=Center: (7.3, -1.6, -0.4), Extents: (0.2, 0.2, 0.0) 
(Filename: E:\unity\Runtime/Export/Debug/Debug.bindings.h Line: 39)

BOUNDARY PASS rolling goal skills=True side=1 counts real floor-level entry 
(Filename: E:\unity\Runtime/Export/Debug/Debug.bindings.h Line: 39)

BOUNDARY PASS rolling goal skills=True side=1 does not whistle out 
(Filename: E:\unity\Runtime/Export/Debug/Debug.bindings.h Line: 39)

BOUNDARY PASS rolling goal skills=True side=1 scores once and restarts 
(Filename: E:\unity\Runtime/Export/Debug/Debug.bindings.h Line: 39)

Unloading 4 Unused Serialized files (Serialized files now loaded: 0)
UnloadTime: 0.240300 ms

Unloading 4 unused Assets to reduce memory usage. Loaded Objects now: 1064.
Total: 1.147300 ms (FindLiveObjects: 0.031700 ms CreateObjectMapping: 0.008300 ms MarkObjects: 0.182500 ms  DeleteObjects: 0.924500 ms)

BOUNDARY PASS native Ball.Start attaches guard; skills=True 
(Filename: E:\unity\Runtime/Export/Debug/Debug.bindings.h Line: 39)

BOUNDARY PASS fresh rally is clear; skills=True 
(Filename: E:\unity\Runtime/Export/Debug/Debug.bindings.h Line: 39)

BOUNDARY CEILING upper corner skills=True side=1 speed=8 descending=False physical=1.59128 trigger=1.656988 
(Filename: E:\unity\Runtime/Export/Debug/Debug.bindings.h Line: 39)

BOUNDARY PASS upper corner skills=True side=1 speed=8 descending=False measures physical bar in current edition 
(Filename: E:\unity\Runtime/Export/Debug/Debug.bindings.h Line: 39)

BOUNDARY CORNER upper corner skills=True side=1 speed=8 descending=False ball=(5.9, -0.1) velocity=(-0.8, -5.8) score=1 out=False 
(Filename: E:\unity\Runtime/Export/Debug/Debug.bindings.h Line: 39)

BOUNDARY PASS upper corner skills=True side=1 speed=8 descending=False real flight scores exactly once 
(Filename: E:\unity\Runtime/Export/Debug/Debug.bindings.h Line: 39)

BOUNDARY PASS upper corner skills=True side=1 speed=8 descending=False is not mistaken for out 
(Filename: E:\unity\Runtime/Export/Debug/Debug.bindings.h Line: 39)

BOUNDARY PASS upper corner skills=True side=1 speed=8 descending=False restarts without duplicate score 
(Filename: E:\unity\Runtime/Export/Debug/Debug.bindings.h Line: 39)

Unloading 4 Unused Serialized files (Serialized files now loaded: 0)
UnloadTime: 0.274000 ms

Unloading 4 unused Assets to reduce memory usage. Loaded Objects now: 1064.
Total: 1.205900 ms (FindLiveObjects: 0.032400 ms CreateObjectMapping: 0.008400 ms MarkObjects: 0.227800 ms  DeleteObjects: 0.937000 ms)

BOUNDARY PASS native Ball.Start attaches guard; skills=True 
(Filename: E:\unity\Runtime/Export/Debug/Debug.bindings.h Line: 39)

BOUNDARY PASS fresh rally is clear; skills=True 
(Filename: E:\unity\Runtime/Export/Debug/Debug.bindings.h Line: 39)

BOUNDARY CEILING upper corner skills=True side=1 speed=22 descending=True physical=1.59128 trigger=1.656988 
(Filename: E:\unity\Runtime/Export/Debug/Debug.bindings.h Line: 39)

BOUNDARY PASS upper corner skills=True side=1 speed=22 descending=True measures physical bar in current edition 
(Filename: E:\unity\Runtime/Export/Debug/Debug.bindings.h Line: 39)

BOUNDARY CORNER upper corner skills=True side=1 speed=22 descending=True ball=(5.2, 0.1) velocity=(-4.5, 12.8) score=1 out=False 
(Filename: E:\unity\Runtime/Export/Debug/Debug.bindings.h Line: 39)

BOUNDARY PASS upper corner skills=True side=1 speed=22 descending=True real flight scores exactly once 
(Filename: E:\unity\Runtime/Export/Debug/Debug.bindings.h Line: 39)

BOUNDARY PASS upper corner skills=True side=1 speed=22 descending=True is not mistaken for out 
(Filename: E:\unity\Runtime/Export/Debug/Debug.bindings.h Line: 39)

BOUNDARY PASS upper corner skills=True side=1 speed=22 descending=True restarts without duplicate score 
(Filename: E:\unity\Runtime/Export/Debug/Debug.bindings.h Line: 39)

Unloading 4 Unused Serialized files (Serialized files now loaded: 0)
UnloadTime: 0.352500 ms

Unloading 4 unused Assets to reduce memory usage. Loaded Objects now: 1064.
Total: 1.451600 ms (FindLiveObjects: 0.043600 ms CreateObjectMapping: 0.009400 ms MarkObjects: 0.243800 ms  DeleteObjects: 1.154500 ms)

BOUNDARY PASS native Ball.Start attaches guard; skills=True 
(Filename: E:\unity\Runtime/Export/Debug/Debug.bindings.h Line: 39)

BOUNDARY PASS fresh rally is clear; skills=True 
(Filename: E:\unity\Runtime/Export/Debug/Debug.bindings.h Line: 39)

BOUNDARY CEILING upper corner skills=True side=1 speed=45 descending=False physical=1.59128 trigger=1.656988 
(Filename: E:\unity\Runtime/Export/Debug/Debug.bindings.h Line: 39)

BOUNDARY PASS upper corner skills=True side=1 speed=45 descending=False measures physical bar in current edition 
(Filename: E:\unity\Runtime/Export/Debug/Debug.bindings.h Line: 39)

BOUNDARY CORNER upper corner skills=True side=1 speed=45 descending=False ball=(3.2, 5.0) velocity=(-10.0, 26.3) score=1 out=False 
(Filename: E:\unity\Runtime/Export/Debug/Debug.bindings.h Line: 39)

BOUNDARY PASS upper corner skills=True side=1 speed=45 descending=False real flight scores exactly once 
(Filename: E:\unity\Runtime/Export/Debug/Debug.bindings.h Line: 39)

BOUNDARY PASS upper corner skills=True side=1 speed=45 descending=False is not mistaken for out 
(Filename: E:\unity\Runtime/Export/Debug/Debug.bindings.h Line: 39)

BOUNDARY PASS upper corner skills=True side=1 speed=45 descending=False restarts without duplicate score 
(Filename: E:\unity\Runtime/Export/Debug/Debug.bindings.h Line: 39)

Unloading 4 Unused Serialized files (Serialized files now loaded: 0)
UnloadTime: 0.286600 ms

Unloading 4 unused Assets to reduce memory usage. Loaded Objects now: 1064.
Total: 1.595700 ms (FindLiveObjects: 0.042000 ms CreateObjectMapping: 0.009100 ms MarkObjects: 0.328800 ms  DeleteObjects: 1.215100 ms)

BOUNDARY PASS native Ball.Start attaches guard; skills=True 
(Filename: E:\unity\Runtime/Export/Debug/Debug.bindings.h Line: 39)

BOUNDARY PASS fresh rally is clear; skills=True 
(Filename: E:\unity\Runtime/Export/Debug/Debug.bindings.h Line: 39)

BOUNDARY DESCENT descending upper corner skills=True side=1 ball=(7.3, -0.8) score=1 out=False 
(Filename: E:\unity\Runtime/Export/Debug/Debug.bindings.h Line: 39)

BOUNDARY PASS descending upper corner skills=True side=1 initial high overlap can descend into net 
(Filename: E:\unity\Runtime/Export/Debug/Debug.bindings.h Line: 39)

BOUNDARY PASS descending upper corner skills=True side=1 is live until valid entry 
(Filename: E:\unity\Runtime/Export/Debug/Debug.bindings.h Line: 39)

BOUNDARY PASS descending upper corner skills=True side=1 restarts and scores only once 
(Filename: E:\unity\Runtime/Export/Debug/Debug.bindings.h Line: 39)

BOUNDARY COMPLETE checks=242 failures=0 
(Filename: E:\unity\Runtime/Export/Debug/Debug.bindings.h Line: 39)

Setting up 12 worker threads for Enlighten.
  Thread -> id: 6fd0 -> priority: 1 
  Thread -> id: 4684 -> priority: 1 
  Thread -> id: 71c0 -> priority: 1 
  Thread -> id: 905c -> priority: 1 
  Thread -> id: 75b8 -> priority: 1 
  Thread -> id: 1e70 -> priority: 1 
  Thread -> id: 8690 -> priority: 1 
  Thread -> id: 4558 -> priority: 1 
  Thread -> id: 635c -> priority: 1 
  Thread -> id: 380c -> priority: 1 
  Thread -> id: 69c0 -> priority: 1 
  Thread -> id: 450c -> priority: 1 
Curl error 42: Callback aborted
 
(Filename:  Line: 867)

