Mono path[0] = 'C:/Users/Alienware/Documents/范志毅VS赵鹏/范志毅VS赵鹏 PC双人版（32位）/鑼冨織姣匳S璧甸箯 PC鍙屼汉鐗堬紙32浣嶏級/AI Mod Source/build/ability-test-player-experiment/FanZhiYi_Data/Managed'
Mono config path = 'C:/Users/Alienware/Documents/范志毅VS赵鹏/范志毅VS赵鹏 PC双人版（32位）/鑼冨織姣匳S璧甸箯 PC鍙屼汉鐗堬紙32浣嶏級/AI Mod Source/build/ability-test-player-experiment/MonoBleedingEdge/etc'
AS: AutoStreaming module initializing.Initialize engine version: 2019.4.33f1c1 (c2f94a8bebb3)
[Subsystems] Discovering subsystems at path C:/Users/Alienware/Documents/范志毅VS赵鹏/范志毅VS赵鹏 PC双人版（32位）/鑼冨織姣匳S璧甸箯 PC鍙屼汉鐗堬紙32浣嶏級/AI Mod Source/build/ability-test-player-experiment/FanZhiYi_Data/UnitySubsystems
GfxDevice: creating device client; threaded=1
Direct3D:
    Version:  Direct3D 11.0 [level 11.1]
    Renderer: NVIDIA GeForce RTX 5070 Laptop GPU (ID=0x2d58)
    Vendor:   (null)
    VRAM:     3072 MB
    Driver:   32.0.15.9608
Begin MonoManager ReloadAssembly
- Completed reload, in  0.091 seconds
<RI> Initializing input.
<RI> Input initialized.
<RI> Initialized touch support.
UnloadTime: 0.503700 ms
Unloading 5 Unused Serialized files (Serialized files now loaded: 0)
UnloadTime: 0.168500 ms

Unloading 143 unused Assets to reduce memory usage. Loaded Objects now: 1013.
Total: 0.565100 ms (FindLiveObjects: 0.042500 ms CreateObjectMapping: 0.010800 ms MarkObjects: 0.218500 ms  DeleteObjects: 0.292800 ms)

Unloading 4 Unused Serialized files (Serialized files now loaded: 0)
UnloadTime: 0.480000 ms

Unloading 37 unused Assets to reduce memory usage. Loaded Objects now: 1056.
Total: 1.389500 ms (FindLiveObjects: 0.042100 ms CreateObjectMapping: 0.009700 ms MarkObjects: 0.340000 ms  DeleteObjects: 0.997200 ms)

GOALHEIGHT PASS goal-only vertical resize collider:Scene/Player1Goal/Coliider/GameObject mode=0 skills=False 
(Filename: E:\unity\Runtime/Export/Debug/Debug.bindings.h Line: 39)

GOALHEIGHT PASS goal-only vertical resize collider:Scene/Player1Goal/Coliider/GameObject (1) mode=0 skills=False 
(Filename: E:\unity\Runtime/Export/Debug/Debug.bindings.h Line: 39)

GOALHEIGHT PASS goal-only vertical resize collider:Scene/Player1Goal/GoalTrigger mode=0 skills=False 
(Filename: E:\unity\Runtime/Export/Debug/Debug.bindings.h Line: 39)

GOALHEIGHT PASS goal-only vertical resize collider:Scene/Player1Goal/OutTrigger mode=0 skills=False 
(Filename: E:\unity\Runtime/Export/Debug/Debug.bindings.h Line: 39)

GOALHEIGHT PASS goal-only vertical resize collider:Scene/Player2Goal/Coliider/GameObject mode=0 skills=False 
(Filename: E:\unity\Runtime/Export/Debug/Debug.bindings.h Line: 39)

GOALHEIGHT PASS goal-only vertical resize collider:Scene/Player2Goal/Coliider/GameObject (1) mode=0 skills=False 
(Filename: E:\unity\Runtime/Export/Debug/Debug.bindings.h Line: 39)

GOALHEIGHT PASS goal-only vertical resize collider:Scene/Player2Goal/GoalTrigger mode=0 skills=False 
(Filename: E:\unity\Runtime/Export/Debug/Debug.bindings.h Line: 39)

GOALHEIGHT PASS goal-only vertical resize collider:Scene/Player2Goal/OutTrigger mode=0 skills=False 
(Filename: E:\unity\Runtime/Export/Debug/Debug.bindings.h Line: 39)

GOALHEIGHT PASS field geometry unchanged sprite:Scene/背景 mode=0 skills=False 
(Filename: E:\unity\Runtime/Export/Debug/Debug.bindings.h Line: 39)

GOALHEIGHT PASS field geometry unchanged sprite:Scene/草地 mode=0 skills=False 
(Filename: E:\unity\Runtime/Export/Debug/Debug.bindings.h Line: 39)

GOALHEIGHT PASS field geometry unchanged sprite:Scene/广告牌_空 mode=0 skills=False 
(Filename: E:\unity\Runtime/Export/Debug/Debug.bindings.h Line: 39)

GOALHEIGHT PASS field geometry unchanged sprite:Scene/观众席 mode=0 skills=False 
(Filename: E:\unity\Runtime/Export/Debug/Debug.bindings.h Line: 39)

GOALHEIGHT PASS goal-only vertical resize sprite:Scene/Player1Goal/前网 mode=0 skills=False 
(Filename: E:\unity\Runtime/Export/Debug/Debug.bindings.h Line: 39)

GOALHEIGHT PASS goal-only vertical resize sprite:Scene/Player1Goal/后网 mode=0 skills=False 
(Filename: E:\unity\Runtime/Export/Debug/Debug.bindings.h Line: 39)

GOALHEIGHT PASS goal-only vertical resize sprite:Scene/Player2Goal/前网 mode=0 skills=False 
(Filename: E:\unity\Runtime/Export/Debug/Debug.bindings.h Line: 39)

GOALHEIGHT PASS goal-only vertical resize sprite:Scene/Player2Goal/后网 mode=0 skills=False 
(Filename: E:\unity\Runtime/Export/Debug/Debug.bindings.h Line: 39)

GOALHEIGHT PASS actual goal opening 80%, floor fixed side=-1 
(Filename: E:\unity\Runtime/Export/Debug/Debug.bindings.h Line: 39)

GOALHEIGHT PASS reset cannot shrink goal repeatedly side=-1 
(Filename: E:\unity\Runtime/Export/Debug/Debug.bindings.h Line: 39)

GOALHEIGHT PASS actual goal opening 80%, floor fixed side=1 
(Filename: E:\unity\Runtime/Export/Debug/Debug.bindings.h Line: 39)

GOALHEIGHT PASS reset cannot shrink goal repeatedly side=1 
(Filename: E:\unity\Runtime/Export/Debug/Debug.bindings.h Line: 39)

Unloading 4 Unused Serialized files (Serialized files now loaded: 0)
UnloadTime: 0.293900 ms

Unloading 2 unused Assets to reduce memory usage. Loaded Objects now: 1058.
Total: 1.239800 ms (FindLiveObjects: 0.040500 ms CreateObjectMapping: 0.009300 ms MarkObjects: 0.284500 ms  DeleteObjects: 0.904700 ms)

GOALHEIGHT PASS goal-only vertical resize collider:Scene/Player1Goal/Coliider/GameObject mode=1 skills=False 
(Filename: E:\unity\Runtime/Export/Debug/Debug.bindings.h Line: 39)

GOALHEIGHT PASS goal-only vertical resize collider:Scene/Player1Goal/Coliider/GameObject (1) mode=1 skills=False 
(Filename: E:\unity\Runtime/Export/Debug/Debug.bindings.h Line: 39)

GOALHEIGHT PASS goal-only vertical resize collider:Scene/Player1Goal/GoalTrigger mode=1 skills=False 
(Filename: E:\unity\Runtime/Export/Debug/Debug.bindings.h Line: 39)

GOALHEIGHT PASS goal-only vertical resize collider:Scene/Player1Goal/OutTrigger mode=1 skills=False 
(Filename: E:\unity\Runtime/Export/Debug/Debug.bindings.h Line: 39)

GOALHEIGHT PASS goal-only vertical resize collider:Scene/Player2Goal/Coliider/GameObject mode=1 skills=False 
(Filename: E:\unity\Runtime/Export/Debug/Debug.bindings.h Line: 39)

GOALHEIGHT PASS goal-only vertical resize collider:Scene/Player2Goal/Coliider/GameObject (1) mode=1 skills=False 
(Filename: E:\unity\Runtime/Export/Debug/Debug.bindings.h Line: 39)

GOALHEIGHT PASS goal-only vertical resize collider:Scene/Player2Goal/GoalTrigger mode=1 skills=False 
(Filename: E:\unity\Runtime/Export/Debug/Debug.bindings.h Line: 39)

GOALHEIGHT PASS goal-only vertical resize collider:Scene/Player2Goal/OutTrigger mode=1 skills=False 
(Filename: E:\unity\Runtime/Export/Debug/Debug.bindings.h Line: 39)

GOALHEIGHT PASS field geometry unchanged sprite:Scene/背景 mode=1 skills=False 
(Filename: E:\unity\Runtime/Export/Debug/Debug.bindings.h Line: 39)

GOALHEIGHT PASS field geometry unchanged sprite:Scene/草地 mode=1 skills=False 
(Filename: E:\unity\Runtime/Export/Debug/Debug.bindings.h Line: 39)

GOALHEIGHT PASS field geometry unchanged sprite:Scene/广告牌_空 mode=1 skills=False 
(Filename: E:\unity\Runtime/Export/Debug/Debug.bindings.h Line: 39)

GOALHEIGHT PASS field geometry unchanged sprite:Scene/观众席 mode=1 skills=False 
(Filename: E:\unity\Runtime/Export/Debug/Debug.bindings.h Line: 39)

GOALHEIGHT PASS goal-only vertical resize sprite:Scene/Player1Goal/前网 mode=1 skills=False 
(Filename: E:\unity\Runtime/Export/Debug/Debug.bindings.h Line: 39)

GOALHEIGHT PASS goal-only vertical resize sprite:Scene/Player1Goal/后网 mode=1 skills=False 
(Filename: E:\unity\Runtime/Export/Debug/Debug.bindings.h Line: 39)

GOALHEIGHT PASS goal-only vertical resize sprite:Scene/Player2Goal/前网 mode=1 skills=False 
(Filename: E:\unity\Runtime/Export/Debug/Debug.bindings.h Line: 39)

GOALHEIGHT PASS goal-only vertical resize sprite:Scene/Player2Goal/后网 mode=1 skills=False 
(Filename: E:\unity\Runtime/Export/Debug/Debug.bindings.h Line: 39)

GOALHEIGHT PASS actual goal opening 80%, floor fixed side=-1 
(Filename: E:\unity\Runtime/Export/Debug/Debug.bindings.h Line: 39)

GOALHEIGHT PASS reset cannot shrink goal repeatedly side=-1 
(Filename: E:\unity\Runtime/Export/Debug/Debug.bindings.h Line: 39)

GOALHEIGHT PASS actual goal opening 80%, floor fixed side=1 
(Filename: E:\unity\Runtime/Export/Debug/Debug.bindings.h Line: 39)

GOALHEIGHT PASS reset cannot shrink goal repeatedly side=1 
(Filename: E:\unity\Runtime/Export/Debug/Debug.bindings.h Line: 39)

Unloading 4 Unused Serialized files (Serialized files now loaded: 0)
UnloadTime: 0.344300 ms

Unloading 2 unused Assets to reduce memory usage. Loaded Objects now: 1058.
Total: 1.288800 ms (FindLiveObjects: 0.054700 ms CreateObjectMapping: 0.009000 ms MarkObjects: 0.317000 ms  DeleteObjects: 0.907500 ms)

GOALHEIGHT PASS goal-only vertical resize collider:Scene/Player1Goal/Coliider/GameObject mode=2 skills=False 
(Filename: E:\unity\Runtime/Export/Debug/Debug.bindings.h Line: 39)

GOALHEIGHT PASS goal-only vertical resize collider:Scene/Player1Goal/Coliider/GameObject (1) mode=2 skills=False 
(Filename: E:\unity\Runtime/Export/Debug/Debug.bindings.h Line: 39)

GOALHEIGHT PASS goal-only vertical resize collider:Scene/Player1Goal/GoalTrigger mode=2 skills=False 
(Filename: E:\unity\Runtime/Export/Debug/Debug.bindings.h Line: 39)

GOALHEIGHT PASS goal-only vertical resize collider:Scene/Player1Goal/OutTrigger mode=2 skills=False 
(Filename: E:\unity\Runtime/Export/Debug/Debug.bindings.h Line: 39)

GOALHEIGHT PASS goal-only vertical resize collider:Scene/Player2Goal/Coliider/GameObject mode=2 skills=False 
(Filename: E:\unity\Runtime/Export/Debug/Debug.bindings.h Line: 39)

GOALHEIGHT PASS goal-only vertical resize collider:Scene/Player2Goal/Coliider/GameObject (1) mode=2 skills=False 
(Filename: E:\unity\Runtime/Export/Debug/Debug.bindings.h Line: 39)

GOALHEIGHT PASS goal-only vertical resize collider:Scene/Player2Goal/GoalTrigger mode=2 skills=False 
(Filename: E:\unity\Runtime/Export/Debug/Debug.bindings.h Line: 39)

GOALHEIGHT PASS goal-only vertical resize collider:Scene/Player2Goal/OutTrigger mode=2 skills=False 
(Filename: E:\unity\Runtime/Export/Debug/Debug.bindings.h Line: 39)

GOALHEIGHT PASS field geometry unchanged sprite:Scene/背景 mode=2 skills=False 
(Filename: E:\unity\Runtime/Export/Debug/Debug.bindings.h Line: 39)

GOALHEIGHT PASS field geometry unchanged sprite:Scene/草地 mode=2 skills=False 
(Filename: E:\unity\Runtime/Export/Debug/Debug.bindings.h Line: 39)

GOALHEIGHT PASS field geometry unchanged sprite:Scene/广告牌_空 mode=2 skills=False 
(Filename: E:\unity\Runtime/Export/Debug/Debug.bindings.h Line: 39)

GOALHEIGHT PASS field geometry unchanged sprite:Scene/观众席 mode=2 skills=False 
(Filename: E:\unity\Runtime/Export/Debug/Debug.bindings.h Line: 39)

GOALHEIGHT PASS goal-only vertical resize sprite:Scene/Player1Goal/前网 mode=2 skills=False 
(Filename: E:\unity\Runtime/Export/Debug/Debug.bindings.h Line: 39)

GOALHEIGHT PASS goal-only vertical resize sprite:Scene/Player1Goal/后网 mode=2 skills=False 
(Filename: E:\unity\Runtime/Export/Debug/Debug.bindings.h Line: 39)

GOALHEIGHT PASS goal-only vertical resize sprite:Scene/Player2Goal/前网 mode=2 skills=False 
(Filename: E:\unity\Runtime/Export/Debug/Debug.bindings.h Line: 39)

GOALHEIGHT PASS goal-only vertical resize sprite:Scene/Player2Goal/后网 mode=2 skills=False 
(Filename: E:\unity\Runtime/Export/Debug/Debug.bindings.h Line: 39)

GOALHEIGHT PASS actual goal opening 80%, floor fixed side=-1 
(Filename: E:\unity\Runtime/Export/Debug/Debug.bindings.h Line: 39)

GOALHEIGHT PASS reset cannot shrink goal repeatedly side=-1 
(Filename: E:\unity\Runtime/Export/Debug/Debug.bindings.h Line: 39)

GOALHEIGHT PASS actual goal opening 80%, floor fixed side=1 
(Filename: E:\unity\Runtime/Export/Debug/Debug.bindings.h Line: 39)

GOALHEIGHT PASS reset cannot shrink goal repeatedly side=1 
(Filename: E:\unity\Runtime/Export/Debug/Debug.bindings.h Line: 39)

Unloading 4 Unused Serialized files (Serialized files now loaded: 0)
UnloadTime: 0.334900 ms

Unloading 2 unused Assets to reduce memory usage. Loaded Objects now: 1058.
Total: 1.312800 ms (FindLiveObjects: 0.036500 ms CreateObjectMapping: 0.008300 ms MarkObjects: 0.262600 ms  DeleteObjects: 1.005000 ms)

GOALHEIGHT PASS goal-only vertical resize collider:Scene/Player1Goal/Coliider/GameObject mode=0 skills=True 
(Filename: E:\unity\Runtime/Export/Debug/Debug.bindings.h Line: 39)

GOALHEIGHT PASS goal-only vertical resize collider:Scene/Player1Goal/Coliider/GameObject (1) mode=0 skills=True 
(Filename: E:\unity\Runtime/Export/Debug/Debug.bindings.h Line: 39)

GOALHEIGHT PASS goal-only vertical resize collider:Scene/Player1Goal/GoalTrigger mode=0 skills=True 
(Filename: E:\unity\Runtime/Export/Debug/Debug.bindings.h Line: 39)

GOALHEIGHT PASS goal-only vertical resize collider:Scene/Player1Goal/OutTrigger mode=0 skills=True 
(Filename: E:\unity\Runtime/Export/Debug/Debug.bindings.h Line: 39)

GOALHEIGHT PASS goal-only vertical resize collider:Scene/Player2Goal/Coliider/GameObject mode=0 skills=True 
(Filename: E:\unity\Runtime/Export/Debug/Debug.bindings.h Line: 39)

GOALHEIGHT PASS goal-only vertical resize collider:Scene/Player2Goal/Coliider/GameObject (1) mode=0 skills=True 
(Filename: E:\unity\Runtime/Export/Debug/Debug.bindings.h Line: 39)

GOALHEIGHT PASS goal-only vertical resize collider:Scene/Player2Goal/GoalTrigger mode=0 skills=True 
(Filename: E:\unity\Runtime/Export/Debug/Debug.bindings.h Line: 39)

GOALHEIGHT PASS goal-only vertical resize collider:Scene/Player2Goal/OutTrigger mode=0 skills=True 
(Filename: E:\unity\Runtime/Export/Debug/Debug.bindings.h Line: 39)

GOALHEIGHT PASS field geometry unchanged sprite:Scene/背景 mode=0 skills=True 
(Filename: E:\unity\Runtime/Export/Debug/Debug.bindings.h Line: 39)

GOALHEIGHT PASS field geometry unchanged sprite:Scene/草地 mode=0 skills=True 
(Filename: E:\unity\Runtime/Export/Debug/Debug.bindings.h Line: 39)

GOALHEIGHT PASS field geometry unchanged sprite:Scene/广告牌_空 mode=0 skills=True 
(Filename: E:\unity\Runtime/Export/Debug/Debug.bindings.h Line: 39)

GOALHEIGHT PASS field geometry unchanged sprite:Scene/观众席 mode=0 skills=True 
(Filename: E:\unity\Runtime/Export/Debug/Debug.bindings.h Line: 39)

GOALHEIGHT PASS goal-only vertical resize sprite:Scene/Player1Goal/前网 mode=0 skills=True 
(Filename: E:\unity\Runtime/Export/Debug/Debug.bindings.h Line: 39)

GOALHEIGHT PASS goal-only vertical resize sprite:Scene/Player1Goal/后网 mode=0 skills=True 
(Filename: E:\unity\Runtime/Export/Debug/Debug.bindings.h Line: 39)

GOALHEIGHT PASS goal-only vertical resize sprite:Scene/Player2Goal/前网 mode=0 skills=True 
(Filename: E:\unity\Runtime/Export/Debug/Debug.bindings.h Line: 39)

GOALHEIGHT PASS goal-only vertical resize sprite:Scene/Player2Goal/后网 mode=0 skills=True 
(Filename: E:\unity\Runtime/Export/Debug/Debug.bindings.h Line: 39)

GOALHEIGHT PASS actual goal opening 80%, floor fixed side=-1 
(Filename: E:\unity\Runtime/Export/Debug/Debug.bindings.h Line: 39)

GOALHEIGHT PASS reset cannot shrink goal repeatedly side=-1 
(Filename: E:\unity\Runtime/Export/Debug/Debug.bindings.h Line: 39)

GOALHEIGHT PASS actual goal opening 80%, floor fixed side=1 
(Filename: E:\unity\Runtime/Export/Debug/Debug.bindings.h Line: 39)

GOALHEIGHT PASS reset cannot shrink goal repeatedly side=1 
(Filename: E:\unity\Runtime/Export/Debug/Debug.bindings.h Line: 39)

Unloading 4 Unused Serialized files (Serialized files now loaded: 0)
UnloadTime: 0.961700 ms

Unloading 2 unused Assets to reduce memory usage. Loaded Objects now: 1064.
Total: 1.300900 ms (FindLiveObjects: 0.036200 ms CreateObjectMapping: 0.008300 ms MarkObjects: 0.214200 ms  DeleteObjects: 1.041900 ms)

GOALHEIGHT PASS goal-only vertical resize collider:Scene/Player1Goal/Coliider/GameObject mode=1 skills=True 
(Filename: E:\unity\Runtime/Export/Debug/Debug.bindings.h Line: 39)

GOALHEIGHT PASS goal-only vertical resize collider:Scene/Player1Goal/Coliider/GameObject (1) mode=1 skills=True 
(Filename: E:\unity\Runtime/Export/Debug/Debug.bindings.h Line: 39)

GOALHEIGHT PASS goal-only vertical resize collider:Scene/Player1Goal/GoalTrigger mode=1 skills=True 
(Filename: E:\unity\Runtime/Export/Debug/Debug.bindings.h Line: 39)

GOALHEIGHT PASS goal-only vertical resize collider:Scene/Player1Goal/OutTrigger mode=1 skills=True 
(Filename: E:\unity\Runtime/Export/Debug/Debug.bindings.h Line: 39)

GOALHEIGHT PASS goal-only vertical resize collider:Scene/Player2Goal/Coliider/GameObject mode=1 skills=True 
(Filename: E:\unity\Runtime/Export/Debug/Debug.bindings.h Line: 39)

GOALHEIGHT PASS goal-only vertical resize collider:Scene/Player2Goal/Coliider/GameObject (1) mode=1 skills=True 
(Filename: E:\unity\Runtime/Export/Debug/Debug.bindings.h Line: 39)

GOALHEIGHT PASS goal-only vertical resize collider:Scene/Player2Goal/GoalTrigger mode=1 skills=True 
(Filename: E:\unity\Runtime/Export/Debug/Debug.bindings.h Line: 39)

GOALHEIGHT PASS goal-only vertical resize collider:Scene/Player2Goal/OutTrigger mode=1 skills=True 
(Filename: E:\unity\Runtime/Export/Debug/Debug.bindings.h Line: 39)

GOALHEIGHT PASS field geometry unchanged sprite:Scene/背景 mode=1 skills=True 
(Filename: E:\unity\Runtime/Export/Debug/Debug.bindings.h Line: 39)

GOALHEIGHT PASS field geometry unchanged sprite:Scene/草地 mode=1 skills=True 
(Filename: E:\unity\Runtime/Export/Debug/Debug.bindings.h Line: 39)

GOALHEIGHT PASS field geometry unchanged sprite:Scene/广告牌_空 mode=1 skills=True 
(Filename: E:\unity\Runtime/Export/Debug/Debug.bindings.h Line: 39)

GOALHEIGHT PASS field geometry unchanged sprite:Scene/观众席 mode=1 skills=True 
(Filename: E:\unity\Runtime/Export/Debug/Debug.bindings.h Line: 39)

GOALHEIGHT PASS goal-only vertical resize sprite:Scene/Player1Goal/前网 mode=1 skills=True 
(Filename: E:\unity\Runtime/Export/Debug/Debug.bindings.h Line: 39)

GOALHEIGHT PASS goal-only vertical resize sprite:Scene/Player1Goal/后网 mode=1 skills=True 
(Filename: E:\unity\Runtime/Export/Debug/Debug.bindings.h Line: 39)

GOALHEIGHT PASS goal-only vertical resize sprite:Scene/Player2Goal/前网 mode=1 skills=True 
(Filename: E:\unity\Runtime/Export/Debug/Debug.bindings.h Line: 39)

GOALHEIGHT PASS goal-only vertical resize sprite:Scene/Player2Goal/后网 mode=1 skills=True 
(Filename: E:\unity\Runtime/Export/Debug/Debug.bindings.h Line: 39)

GOALHEIGHT PASS actual goal opening 80%, floor fixed side=-1 
(Filename: E:\unity\Runtime/Export/Debug/Debug.bindings.h Line: 39)

GOALHEIGHT PASS reset cannot shrink goal repeatedly side=-1 
(Filename: E:\unity\Runtime/Export/Debug/Debug.bindings.h Line: 39)

GOALHEIGHT PASS actual goal opening 80%, floor fixed side=1 
(Filename: E:\unity\Runtime/Export/Debug/Debug.bindings.h Line: 39)

GOALHEIGHT PASS reset cannot shrink goal repeatedly side=1 
(Filename: E:\unity\Runtime/Export/Debug/Debug.bindings.h Line: 39)

Unloading 4 Unused Serialized files (Serialized files now loaded: 0)
UnloadTime: 0.296900 ms

Unloading 2 unused Assets to reduce memory usage. Loaded Objects now: 1064.
Total: 1.288300 ms (FindLiveObjects: 0.063500 ms CreateObjectMapping: 0.018400 ms MarkObjects: 0.295200 ms  DeleteObjects: 0.910500 ms)

GOALHEIGHT PASS goal-only vertical resize collider:Scene/Player1Goal/Coliider/GameObject mode=2 skills=True 
(Filename: E:\unity\Runtime/Export/Debug/Debug.bindings.h Line: 39)

GOALHEIGHT PASS goal-only vertical resize collider:Scene/Player1Goal/Coliider/GameObject (1) mode=2 skills=True 
(Filename: E:\unity\Runtime/Export/Debug/Debug.bindings.h Line: 39)

GOALHEIGHT PASS goal-only vertical resize collider:Scene/Player1Goal/GoalTrigger mode=2 skills=True 
(Filename: E:\unity\Runtime/Export/Debug/Debug.bindings.h Line: 39)

GOALHEIGHT PASS goal-only vertical resize collider:Scene/Player1Goal/OutTrigger mode=2 skills=True 
(Filename: E:\unity\Runtime/Export/Debug/Debug.bindings.h Line: 39)

GOALHEIGHT PASS goal-only vertical resize collider:Scene/Player2Goal/Coliider/GameObject mode=2 skills=True 
(Filename: E:\unity\Runtime/Export/Debug/Debug.bindings.h Line: 39)

GOALHEIGHT PASS goal-only vertical resize collider:Scene/Player2Goal/Coliider/GameObject (1) mode=2 skills=True 
(Filename: E:\unity\Runtime/Export/Debug/Debug.bindings.h Line: 39)

GOALHEIGHT PASS goal-only vertical resize collider:Scene/Player2Goal/GoalTrigger mode=2 skills=True 
(Filename: E:\unity\Runtime/Export/Debug/Debug.bindings.h Line: 39)

GOALHEIGHT PASS goal-only vertical resize collider:Scene/Player2Goal/OutTrigger mode=2 skills=True 
(Filename: E:\unity\Runtime/Export/Debug/Debug.bindings.h Line: 39)

GOALHEIGHT PASS field geometry unchanged sprite:Scene/背景 mode=2 skills=True 
(Filename: E:\unity\Runtime/Export/Debug/Debug.bindings.h Line: 39)

GOALHEIGHT PASS field geometry unchanged sprite:Scene/草地 mode=2 skills=True 
(Filename: E:\unity\Runtime/Export/Debug/Debug.bindings.h Line: 39)

GOALHEIGHT PASS field geometry unchanged sprite:Scene/广告牌_空 mode=2 skills=True 
(Filename: E:\unity\Runtime/Export/Debug/Debug.bindings.h Line: 39)

GOALHEIGHT PASS field geometry unchanged sprite:Scene/观众席 mode=2 skills=True 
(Filename: E:\unity\Runtime/Export/Debug/Debug.bindings.h Line: 39)

GOALHEIGHT PASS goal-only vertical resize sprite:Scene/Player1Goal/前网 mode=2 skills=True 
(Filename: E:\unity\Runtime/Export/Debug/Debug.bindings.h Line: 39)

GOALHEIGHT PASS goal-only vertical resize sprite:Scene/Player1Goal/后网 mode=2 skills=True 
(Filename: E:\unity\Runtime/Export/Debug/Debug.bindings.h Line: 39)

GOALHEIGHT PASS goal-only vertical resize sprite:Scene/Player2Goal/前网 mode=2 skills=True 
(Filename: E:\unity\Runtime/Export/Debug/Debug.bindings.h Line: 39)

GOALHEIGHT PASS goal-only vertical resize sprite:Scene/Player2Goal/后网 mode=2 skills=True 
(Filename: E:\unity\Runtime/Export/Debug/Debug.bindings.h Line: 39)

GOALHEIGHT PASS actual goal opening 80%, floor fixed side=-1 
(Filename: E:\unity\Runtime/Export/Debug/Debug.bindings.h Line: 39)

GOALHEIGHT PASS reset cannot shrink goal repeatedly side=-1 
(Filename: E:\unity\Runtime/Export/Debug/Debug.bindings.h Line: 39)

GOALHEIGHT PASS actual goal opening 80%, floor fixed side=1 
(Filename: E:\unity\Runtime/Export/Debug/Debug.bindings.h Line: 39)

GOALHEIGHT PASS reset cannot shrink goal repeatedly side=1 
(Filename: E:\unity\Runtime/Export/Debug/Debug.bindings.h Line: 39)

Unloading 4 Unused Serialized files (Serialized files now loaded: 0)
UnloadTime: 0.304900 ms

Unloading 2 unused Assets to reduce memory usage. Loaded Objects now: 1064.
Total: 1.297300 ms (FindLiveObjects: 0.036700 ms CreateObjectMapping: 0.008600 ms MarkObjects: 0.223300 ms  DeleteObjects: 1.028200 ms)

GOALHEIGHT PASS old goal area above new bar rejected side=-1 skills=False 
(Filename: E:\unity\Runtime/Export/Debug/Debug.bindings.h Line: 39)

GOALHEIGHT PASS above new bar is out, not goal side=-1 skills=False 
(Filename: E:\unity\Runtime/Export/Debug/Debug.bindings.h Line: 39)

Unloading 4 Unused Serialized files (Serialized files now loaded: 0)
UnloadTime: 0.261500 ms

Unloading 4 unused Assets to reduce memory usage. Loaded Objects now: 1064.
Total: 1.309700 ms (FindLiveObjects: 0.035000 ms CreateObjectMapping: 0.008700 ms MarkObjects: 0.276300 ms  DeleteObjects: 0.989200 ms)

GOALHEIGHT PASS lowered roof has actual collider side=-1 
(Filename: E:\unity\Runtime/Export/Debug/Debug.bindings.h Line: 39)

GOALHEIGHT PASS ball really collides with lowered bar side=-1 skills=False 
(Filename: E:\unity\Runtime/Export/Debug/Debug.bindings.h Line: 39)

Unloading 4 Unused Serialized files (Serialized files now loaded: 0)
UnloadTime: 0.292700 ms

Unloading 3 unused Assets to reduce memory usage. Loaded Objects now: 1065.
Total: 1.210300 ms (FindLiveObjects: 0.037300 ms CreateObjectMapping: 0.008600 ms MarkObjects: 0.224300 ms  DeleteObjects: 0.939500 ms)

GOALHEIGHT PASS old goal area above new bar rejected side=1 skills=False 
(Filename: E:\unity\Runtime/Export/Debug/Debug.bindings.h Line: 39)

GOALHEIGHT PASS above new bar is out, not goal side=1 skills=False 
(Filename: E:\unity\Runtime/Export/Debug/Debug.bindings.h Line: 39)

Unloading 4 Unused Serialized files (Serialized files now loaded: 0)
UnloadTime: 0.299600 ms

Unloading 4 unused Assets to reduce memory usage. Loaded Objects now: 1065.
Total: 1.153500 ms (FindLiveObjects: 0.073100 ms CreateObjectMapping: 0.018600 ms MarkObjects: 0.197600 ms  DeleteObjects: 0.863700 ms)

GOALHEIGHT PASS lowered roof has actual collider side=1 
(Filename: E:\unity\Runtime/Export/Debug/Debug.bindings.h Line: 39)

GOALHEIGHT PASS ball really collides with lowered bar side=1 skills=False 
(Filename: E:\unity\Runtime/Export/Debug/Debug.bindings.h Line: 39)

Unloading 4 Unused Serialized files (Serialized files now loaded: 0)
UnloadTime: 0.244000 ms

Unloading 3 unused Assets to reduce memory usage. Loaded Objects now: 1065.
Total: 1.115000 ms (FindLiveObjects: 0.032900 ms CreateObjectMapping: 0.008300 ms MarkObjects: 0.195600 ms  DeleteObjects: 0.877700 ms)

GOALHEIGHT PASS old goal area above new bar rejected side=-1 skills=True 
(Filename: E:\unity\Runtime/Export/Debug/Debug.bindings.h Line: 39)

GOALHEIGHT PASS above new bar is out, not goal side=-1 skills=True 
(Filename: E:\unity\Runtime/Export/Debug/Debug.bindings.h Line: 39)

Unloading 4 Unused Serialized files (Serialized files now loaded: 0)
UnloadTime: 0.291700 ms

Unloading 4 unused Assets to reduce memory usage. Loaded Objects now: 1065.
Total: 1.245800 ms (FindLiveObjects: 0.033700 ms CreateObjectMapping: 0.008700 ms MarkObjects: 0.194800 ms  DeleteObjects: 1.008400 ms)

GOALHEIGHT PASS lowered roof has actual collider side=-1 
(Filename: E:\unity\Runtime/Export/Debug/Debug.bindings.h Line: 39)

GOALHEIGHT PASS ball really collides with lowered bar side=-1 skills=True 
(Filename: E:\unity\Runtime/Export/Debug/Debug.bindings.h Line: 39)

Unloading 4 Unused Serialized files (Serialized files now loaded: 0)
UnloadTime: 0.287700 ms

Unloading 3 unused Assets to reduce memory usage. Loaded Objects now: 1065.
Total: 1.149300 ms (FindLiveObjects: 0.032900 ms CreateObjectMapping: 0.008100 ms MarkObjects: 0.206500 ms  DeleteObjects: 0.901500 ms)

GOALHEIGHT PASS old goal area above new bar rejected side=1 skills=True 
(Filename: E:\unity\Runtime/Export/Debug/Debug.bindings.h Line: 39)

GOALHEIGHT PASS above new bar is out, not goal side=1 skills=True 
(Filename: E:\unity\Runtime/Export/Debug/Debug.bindings.h Line: 39)

Unloading 4 Unused Serialized files (Serialized files now loaded: 0)
UnloadTime: 0.273600 ms

Unloading 4 unused Assets to reduce memory usage. Loaded Objects now: 1065.
Total: 1.242800 ms (FindLiveObjects: 0.053700 ms CreateObjectMapping: 0.015800 ms MarkObjects: 0.238600 ms  DeleteObjects: 0.934000 ms)

GOALHEIGHT PASS lowered roof has actual collider side=1 
(Filename: E:\unity\Runtime/Export/Debug/Debug.bindings.h Line: 39)

GOALHEIGHT PASS ball really collides with lowered bar side=1 skills=True 
(Filename: E:\unity\Runtime/Export/Debug/Debug.bindings.h Line: 39)

Unloading 4 Unused Serialized files (Serialized files now loaded: 0)
UnloadTime: 0.256800 ms

Unloading 3 unused Assets to reduce memory usage. Loaded Objects now: 1065.
Total: 1.146600 ms (FindLiveObjects: 0.031500 ms CreateObjectMapping: 0.008400 ms MarkObjects: 0.176400 ms  DeleteObjects: 0.930100 ms)

GOALHEIGHT PASS leaf shot aims below new bar x=-3 
(Filename: E:\unity\Runtime/Export/Debug/Debug.bindings.h Line: 39)

GOALHEIGHT PASS leaf shot flies into lowered goal x=-3 
(Filename: E:\unity\Runtime/Export/Debug/Debug.bindings.h Line: 39)

Unloading 4 Unused Serialized files (Serialized files now loaded: 0)
UnloadTime: 0.264800 ms

Unloading 4 unused Assets to reduce memory usage. Loaded Objects now: 1065.
Total: 1.228000 ms (FindLiveObjects: 0.055600 ms CreateObjectMapping: 0.016300 ms MarkObjects: 0.186700 ms  DeleteObjects: 0.969000 ms)

GOALHEIGHT PASS leaf shot aims below new bar x=0 
(Filename: E:\unity\Runtime/Export/Debug/Debug.bindings.h Line: 39)

GOALHEIGHT PASS leaf shot flies into lowered goal x=0 
(Filename: E:\unity\Runtime/Export/Debug/Debug.bindings.h Line: 39)

Unloading 4 Unused Serialized files (Serialized files now loaded: 0)
UnloadTime: 0.281300 ms

Unloading 4 unused Assets to reduce memory usage. Loaded Objects now: 1065.
Total: 1.267000 ms (FindLiveObjects: 0.033700 ms CreateObjectMapping: 0.008700 ms MarkObjects: 0.259300 ms  DeleteObjects: 0.964800 ms)

GOALHEIGHT COMPLETE checks=140 failures=0 
(Filename: E:\unity\Runtime/Export/Debug/Debug.bindings.h Line: 39)

Setting up 12 worker threads for Enlighten.
  Thread -> id: a144 -> priority: 1 
  Thread -> id: 9470 -> priority: 1 
  Thread -> id: 98f4 -> priority: 1 
  Thread -> id: 49b8 -> priority: 1 
  Thread -> id: 24e0 -> priority: 1 
  Thread -> id: 3044 -> priority: 1 
  Thread -> id: 4ab4 -> priority: 1 
  Thread -> id: 3210 -> priority: 1 
  Thread -> id: 1fbc -> priority: 1 
  Thread -> id: 89d8 -> priority: 1 
  Thread -> id: 5110 -> priority: 1 
  Thread -> id: 6ccc -> priority: 1 
Curl error 42: Callback aborted
 
(Filename:  Line: 867)

