Mono path[0] = 'C:/Users/Alienware/Documents/范志毅VS赵鹏/范志毅VS赵鹏 PC双人版（32位）/鑼冨織姣匳S璧甸箯 PC鍙屼汉鐗堬紙32浣嶏級/AI Mod Source/build/ability-test-player-original/FanZhiYi_Data/Managed'
Mono config path = 'C:/Users/Alienware/Documents/范志毅VS赵鹏/范志毅VS赵鹏 PC双人版（32位）/鑼冨織姣匳S璧甸箯 PC鍙屼汉鐗堬紙32浣嶏級/AI Mod Source/build/ability-test-player-original/MonoBleedingEdge/etc'
AS: AutoStreaming module initializing.Initialize engine version: 2019.4.33f1c1 (c2f94a8bebb3)
[Subsystems] Discovering subsystems at path C:/Users/Alienware/Documents/范志毅VS赵鹏/范志毅VS赵鹏 PC双人版（32位）/鑼冨織姣匳S璧甸箯 PC鍙屼汉鐗堬紙32浣嶏級/AI Mod Source/build/ability-test-player-original/FanZhiYi_Data/UnitySubsystems
GfxDevice: creating device client; threaded=1
Direct3D:
    Version:  Direct3D 11.0 [level 11.1]
    Renderer: NVIDIA GeForce RTX 5070 Laptop GPU (ID=0x2d58)
    Vendor:   (null)
    VRAM:     3072 MB
    Driver:   32.0.15.9608
Begin MonoManager ReloadAssembly
- Completed reload, in  0.089 seconds
<RI> Initializing input.
<RI> Input initialized.
<RI> Initialized touch support.
UnloadTime: 0.498200 ms
Unloading 5 Unused Serialized files (Serialized files now loaded: 0)
UnloadTime: 0.164900 ms

Unloading 143 unused Assets to reduce memory usage. Loaded Objects now: 1013.
Total: 0.451600 ms (FindLiveObjects: 0.035700 ms CreateObjectMapping: 0.010700 ms MarkObjects: 0.206600 ms  DeleteObjects: 0.198400 ms)

BURSTRANGE PASS keypad 0 selects kick, never header 
(Filename: E:\unity\Runtime/Export/Debug/Debug.bindings.h Line: 39)

BURSTRANGE PASS right Shift selects header, never kick 
(Filename: E:\unity\Runtime/Export/Debug/Debug.bindings.h Line: 39)

BURSTRANGE PASS L selects Fan powered native kick 
(Filename: E:\unity\Runtime/Export/Debug/Debug.bindings.h Line: 39)

BURSTRANGE PASS double ordinary shooting no longer arms burst 
(Filename: E:\unity\Runtime/Export/Debug/Debug.bindings.h Line: 39)

BURSTRANGE PASS round reset clears powered shooting request 
(Filename: E:\unity\Runtime/Export/Debug/Debug.bindings.h Line: 39)

Unloading 4 Unused Serialized files (Serialized files now loaded: 0)
UnloadTime: 0.745800 ms

Unloading 37 unused Assets to reduce memory usage. Loaded Objects now: 1062.
Total: 0.907700 ms (FindLiveObjects: 0.035300 ms CreateObjectMapping: 0.008700 ms MarkObjects: 0.202200 ms  DeleteObjects: 0.661000 ms)

BURSTRANGE CONTACT R_LowLeg height=-0.259309 accepted=True 
(Filename: E:\unity\Runtime/Export/Debug/Debug.bindings.h Line: 39)

BURSTRANGE PASS native kick action actually ran Fan powered=False skills=False 
(Filename: E:\unity\Runtime/Export/Debug/Debug.bindings.h Line: 39)

BURSTRANGE PASS one real contact launch, ordinary shot has none Fan powered=False launches=0 skills=False 
(Filename: E:\unity\Runtime/Export/Debug/Debug.bindings.h Line: 39)

BURSTRANGE PASS shooting keeps the connected skeleton Fan error=0.08955482 
(Filename: E:\unity\Runtime/Export/Debug/Debug.bindings.h Line: 39)

BURSTRANGE PASS classic power shot requires no special skill component 
(Filename: E:\unity\Runtime/Export/Debug/Debug.bindings.h Line: 39)

Unloading 4 Unused Serialized files (Serialized files now loaded: 0)
UnloadTime: 0.274700 ms

Unloading 3 unused Assets to reduce memory usage. Loaded Objects now: 1062.
Total: 1.032000 ms (FindLiveObjects: 0.038300 ms CreateObjectMapping: 0.009400 ms MarkObjects: 0.229300 ms  DeleteObjects: 0.754700 ms)

BURSTRANGE CONTACT R_LowLeg height=-0.259309 accepted=True 
(Filename: E:\unity\Runtime/Export/Debug/Debug.bindings.h Line: 39)

BURSTRANGE PASS native kick action actually ran Fan powered=True skills=False 
(Filename: E:\unity\Runtime/Export/Debug/Debug.bindings.h Line: 39)

BURSTRANGE PASS one real contact launch, ordinary shot has none Fan powered=True launches=1 skills=False 
(Filename: E:\unity\Runtime/Export/Debug/Debug.bindings.h Line: 39)

BURSTRANGE PASS Fan real collision ball speed +20% ratio=1.2 
(Filename: E:\unity\Runtime/Export/Debug/Debug.bindings.h Line: 39)

BURSTRANGE PASS shooting keeps the connected skeleton Fan error=0.08955482 
(Filename: E:\unity\Runtime/Export/Debug/Debug.bindings.h Line: 39)

BURSTRANGE PASS classic power shot requires no special skill component 
(Filename: E:\unity\Runtime/Export/Debug/Debug.bindings.h Line: 39)

Unloading 4 Unused Serialized files (Serialized files now loaded: 0)
UnloadTime: 0.252300 ms

Unloading 3 unused Assets to reduce memory usage. Loaded Objects now: 1062.
Total: 1.191800 ms (FindLiveObjects: 0.052200 ms CreateObjectMapping: 0.010900 ms MarkObjects: 0.175000 ms  DeleteObjects: 0.953400 ms)

BURSTRANGE CONTACT L_LowLeg height=-0.2411162 accepted=True 
(Filename: E:\unity\Runtime/Export/Debug/Debug.bindings.h Line: 39)

BURSTRANGE PASS native kick action actually ran Zhao powered=False skills=False 
(Filename: E:\unity\Runtime/Export/Debug/Debug.bindings.h Line: 39)

BURSTRANGE PASS one real contact launch, ordinary shot has none Zhao powered=False launches=0 skills=False 
(Filename: E:\unity\Runtime/Export/Debug/Debug.bindings.h Line: 39)

BURSTRANGE PASS shooting keeps the connected skeleton Zhao error=0.1446633 
(Filename: E:\unity\Runtime/Export/Debug/Debug.bindings.h Line: 39)

BURSTRANGE PASS classic power shot requires no special skill component 
(Filename: E:\unity\Runtime/Export/Debug/Debug.bindings.h Line: 39)

Unloading 4 Unused Serialized files (Serialized files now loaded: 0)
UnloadTime: 0.254400 ms

Unloading 3 unused Assets to reduce memory usage. Loaded Objects now: 1062.
Total: 1.183000 ms (FindLiveObjects: 0.056600 ms CreateObjectMapping: 0.017600 ms MarkObjects: 0.279600 ms  DeleteObjects: 0.828700 ms)

BURSTRANGE CONTACT L_LowLeg height=-0.2411162 accepted=True 
(Filename: E:\unity\Runtime/Export/Debug/Debug.bindings.h Line: 39)

BURSTRANGE CONTACT R_LowLeg height=0.00760905 accepted=True 
(Filename: E:\unity\Runtime/Export/Debug/Debug.bindings.h Line: 39)

BURSTRANGE PASS native kick action actually ran Zhao powered=True skills=False 
(Filename: E:\unity\Runtime/Export/Debug/Debug.bindings.h Line: 39)

BURSTRANGE PASS one real contact launch, ordinary shot has none Zhao powered=True launches=1 skills=False 
(Filename: E:\unity\Runtime/Export/Debug/Debug.bindings.h Line: 39)

BURSTRANGE PASS Zhao real contact power speed skills=False vx=-20.4 expected=20.4 
(Filename: E:\unity\Runtime/Export/Debug/Debug.bindings.h Line: 39)

BURSTRANGE PASS Zhao powered shot is driven low even in air vy=-12.29668 
(Filename: E:\unity\Runtime/Export/Debug/Debug.bindings.h Line: 39)

BURSTRANGE PASS shooting keeps the connected skeleton Zhao error=0.1446633 
(Filename: E:\unity\Runtime/Export/Debug/Debug.bindings.h Line: 39)

BURSTRANGE PASS classic power shot requires no special skill component 
(Filename: E:\unity\Runtime/Export/Debug/Debug.bindings.h Line: 39)

Unloading 4 Unused Serialized files (Serialized files now loaded: 0)
UnloadTime: 0.287000 ms

Unloading 3 unused Assets to reduce memory usage. Loaded Objects now: 1062.
Total: 1.243200 ms (FindLiveObjects: 0.034300 ms CreateObjectMapping: 0.008300 ms MarkObjects: 0.259300 ms  DeleteObjects: 0.940900 ms)

BURSTRANGE CONTACT R_LowLeg height=-0.259309 accepted=True 
(Filename: E:\unity\Runtime/Export/Debug/Debug.bindings.h Line: 39)

BURSTRANGE PASS native kick action actually ran Fan powered=False skills=True 
(Filename: E:\unity\Runtime/Export/Debug/Debug.bindings.h Line: 39)

BURSTRANGE PASS one real contact launch, ordinary shot has none Fan powered=False launches=0 skills=True 
(Filename: E:\unity\Runtime/Export/Debug/Debug.bindings.h Line: 39)

BURSTRANGE PASS shooting keeps the connected skeleton Fan error=0.08955482 
(Filename: E:\unity\Runtime/Export/Debug/Debug.bindings.h Line: 39)

Unloading 4 Unused Serialized files (Serialized files now loaded: 0)
UnloadTime: 0.284400 ms

Unloading 3 unused Assets to reduce memory usage. Loaded Objects now: 1062.
Total: 1.214200 ms (FindLiveObjects: 0.033400 ms CreateObjectMapping: 0.007700 ms MarkObjects: 0.191200 ms  DeleteObjects: 0.981700 ms)

BURSTRANGE CONTACT R_LowLeg height=-0.259309 accepted=True 
(Filename: E:\unity\Runtime/Export/Debug/Debug.bindings.h Line: 39)

BURSTRANGE PASS native kick action actually ran Fan powered=True skills=True 
(Filename: E:\unity\Runtime/Export/Debug/Debug.bindings.h Line: 39)

BURSTRANGE PASS one real contact launch, ordinary shot has none Fan powered=True launches=1 skills=True 
(Filename: E:\unity\Runtime/Export/Debug/Debug.bindings.h Line: 39)

BURSTRANGE PASS Fan real collision ball speed +20% ratio=1.2 
(Filename: E:\unity\Runtime/Export/Debug/Debug.bindings.h Line: 39)

BURSTRANGE PASS shooting keeps the connected skeleton Fan error=0.08955482 
(Filename: E:\unity\Runtime/Export/Debug/Debug.bindings.h Line: 39)

Unloading 4 Unused Serialized files (Serialized files now loaded: 0)
UnloadTime: 0.266900 ms

Unloading 3 unused Assets to reduce memory usage. Loaded Objects now: 1062.
Total: 1.192200 ms (FindLiveObjects: 0.031400 ms CreateObjectMapping: 0.007800 ms MarkObjects: 0.195700 ms  DeleteObjects: 0.956900 ms)

BURSTRANGE CONTACT L_LowLeg height=-0.2411162 accepted=True 
(Filename: E:\unity\Runtime/Export/Debug/Debug.bindings.h Line: 39)

BURSTRANGE PASS native kick action actually ran Zhao powered=False skills=True 
(Filename: E:\unity\Runtime/Export/Debug/Debug.bindings.h Line: 39)

BURSTRANGE PASS one real contact launch, ordinary shot has none Zhao powered=False launches=0 skills=True 
(Filename: E:\unity\Runtime/Export/Debug/Debug.bindings.h Line: 39)

BURSTRANGE PASS shooting keeps the connected skeleton Zhao error=0.1446633 
(Filename: E:\unity\Runtime/Export/Debug/Debug.bindings.h Line: 39)

Unloading 4 Unused Serialized files (Serialized files now loaded: 0)
UnloadTime: 0.297600 ms

Unloading 3 unused Assets to reduce memory usage. Loaded Objects now: 1062.
Total: 1.111600 ms (FindLiveObjects: 0.030500 ms CreateObjectMapping: 0.008100 ms MarkObjects: 0.172200 ms  DeleteObjects: 0.900500 ms)

BURSTRANGE CONTACT L_LowLeg height=-0.2413866 accepted=True 
(Filename: E:\unity\Runtime/Export/Debug/Debug.bindings.h Line: 39)

BURSTRANGE CONTACT R_LowLeg height=0.00402205 accepted=True 
(Filename: E:\unity\Runtime/Export/Debug/Debug.bindings.h Line: 39)

BURSTRANGE PASS native kick action actually ran Zhao powered=True skills=True 
(Filename: E:\unity\Runtime/Export/Debug/Debug.bindings.h Line: 39)

BURSTRANGE PASS one real contact launch, ordinary shot has none Zhao powered=True launches=1 skills=True 
(Filename: E:\unity\Runtime/Export/Debug/Debug.bindings.h Line: 39)

BURSTRANGE PASS Zhao real contact power speed skills=True vx=-22.44 expected=22.44 
(Filename: E:\unity\Runtime/Export/Debug/Debug.bindings.h Line: 39)

BURSTRANGE PASS Zhao powered shot is driven low even in air vy=-12.26208 
(Filename: E:\unity\Runtime/Export/Debug/Debug.bindings.h Line: 39)

BURSTRANGE PASS keypad 0 displays burst skill/highlight 
(Filename: E:\unity\Runtime/Export/Debug/Debug.bindings.h Line: 39)

BURSTRANGE PASS shooting keeps the connected skeleton Zhao error=0.144931 
(Filename: E:\unity\Runtime/Export/Debug/Debug.bindings.h Line: 39)

Unloading 4 Unused Serialized files (Serialized files now loaded: 0)
UnloadTime: 0.275700 ms

Unloading 3 unused Assets to reduce memory usage. Loaded Objects now: 1062.
Total: 1.135400 ms (FindLiveObjects: 0.031500 ms CreateObjectMapping: 0.008200 ms MarkObjects: 0.188900 ms  DeleteObjects: 0.906700 ms)

BURSTRANGE PASS same curve at 90% speed, spatial sample=0.15 
(Filename: E:\unity\Runtime/Export/Debug/Debug.bindings.h Line: 39)

BURSTRANGE PASS same curve at 90% speed, spatial sample=0.3 
(Filename: E:\unity\Runtime/Export/Debug/Debug.bindings.h Line: 39)

BURSTRANGE PASS same curve at 90% speed, spatial sample=0.45 
(Filename: E:\unity\Runtime/Export/Debug/Debug.bindings.h Line: 39)

BURSTRANGE CONTACT L_Up_Arm height=0.1689136 accepted=False 
(Filename: E:\unity\Runtime/Export/Debug/Debug.bindings.h Line: 39)

BURSTRANGE CONTACT solid=L_Up_Arm 
(Filename: E:\unity\Runtime/Export/Debug/Debug.bindings.h Line: 39)

BURSTRANGE PASS leaf ball physically hits opponent body 
(Filename: E:\unity\Runtime/Export/Debug/Debug.bindings.h Line: 39)

BURSTRANGE PASS leaf ball never tunnels through body 
(Filename: E:\unity\Runtime/Export/Debug/Debug.bindings.h Line: 39)

BURSTRANGE PASS solid collision ends curve drive instead of pushing through 
(Filename: E:\unity\Runtime/Export/Debug/Debug.bindings.h Line: 39)

BURSTRANGE PASS skill ball uses continuous detection 
(Filename: E:\unity\Runtime/Export/Debug/Debug.bindings.h Line: 39)

Unloading 4 Unused Serialized files (Serialized files now loaded: 0)
UnloadTime: 0.271600 ms

Unloading 3 unused Assets to reduce memory usage. Loaded Objects now: 1063.
Total: 1.137700 ms (FindLiveObjects: 0.034200 ms CreateObjectMapping: 0.008300 ms MarkObjects: 0.189700 ms  DeleteObjects: 0.905100 ms)

BURSTRANGE PASS emergency retreat keeps moving at real speed=4.243299 
(Filename: E:\unity\Runtime/Export/Debug/Debug.bindings.h Line: 39)

BURSTRANGE PASS emergency retreat remains balanced deviation=6.225134 
(Filename: E:\unity\Runtime/Export/Debug/Debug.bindings.h Line: 39)

BURSTRANGE PASS retreat limbs remain joined error=0.07213522 
(Filename: E:\unity\Runtime/Export/Debug/Debug.bindings.h Line: 39)

Unloading 4 Unused Serialized files (Serialized files now loaded: 0)
UnloadTime: 0.276000 ms

Unloading 2 unused Assets to reduce memory usage. Loaded Objects now: 1063.
Total: 1.290800 ms (FindLiveObjects: 0.033000 ms CreateObjectMapping: 0.016200 ms MarkObjects: 0.186200 ms  DeleteObjects: 1.055100 ms)

BURSTRANGE PASS stronger tackle uses real body contact air=False 
(Filename: E:\unity\Runtime/Export/Debug/Debug.bindings.h Line: 39)

BURSTRANGE PASS 30% stronger impact keeps skeleton joined error=0.1383302 
(Filename: E:\unity\Runtime/Export/Debug/Debug.bindings.h Line: 39)

BURSTRANGE PASS impact does not fold Fan body angle=39.40491 
(Filename: E:\unity\Runtime/Export/Debug/Debug.bindings.h Line: 39)

BURSTRANGE PASS balance recovers promptly after impact 
(Filename: E:\unity\Runtime/Export/Debug/Debug.bindings.h Line: 39)

Unloading 4 Unused Serialized files (Serialized files now loaded: 0)
UnloadTime: 0.300300 ms

Unloading 2 unused Assets to reduce memory usage. Loaded Objects now: 1063.
Total: 1.180300 ms (FindLiveObjects: 0.032900 ms CreateObjectMapping: 0.008100 ms MarkObjects: 0.191200 ms  DeleteObjects: 0.947800 ms)

BURSTRANGE PASS stronger tackle uses real body contact air=True 
(Filename: E:\unity\Runtime/Export/Debug/Debug.bindings.h Line: 39)

BURSTRANGE PASS 30% stronger impact keeps skeleton joined error=0.1560559 
(Filename: E:\unity\Runtime/Export/Debug/Debug.bindings.h Line: 39)

BURSTRANGE PASS impact does not fold Fan body angle=31.83011 
(Filename: E:\unity\Runtime/Export/Debug/Debug.bindings.h Line: 39)

BURSTRANGE PASS balance recovers promptly after impact 
(Filename: E:\unity\Runtime/Export/Debug/Debug.bindings.h Line: 39)

BURSTRANGE PASS tackle strength +30%, duration unchanged 
(Filename: E:\unity\Runtime/Export/Debug/Debug.bindings.h Line: 39)

Unloading 4 Unused Serialized files (Serialized files now loaded: 0)
UnloadTime: 0.278600 ms

Unloading 2 unused Assets to reduce memory usage. Loaded Objects now: 1063.
Total: 1.039900 ms (FindLiveObjects: 0.051400 ms CreateObjectMapping: 0.008000 ms MarkObjects: 0.182400 ms  DeleteObjects: 0.797600 ms)

BURSTRANGE PASS same Fan/Zhao contact region L_LowLeg height=-0.49 normal=(-1.0, 0.0) 
(Filename: E:\unity\Runtime/Export/Debug/Debug.bindings.h Line: 39)

BURSTRANGE PASS same Fan/Zhao contact region L_LowLeg height=-0.49 normal=(1.0, 0.0) 
(Filename: E:\unity\Runtime/Export/Debug/Debug.bindings.h Line: 39)

BURSTRANGE PASS same Fan/Zhao contact region L_LowLeg height=-0.49 normal=(0.0, -1.0) 
(Filename: E:\unity\Runtime/Export/Debug/Debug.bindings.h Line: 39)

BURSTRANGE PASS same Fan/Zhao contact region L_LowLeg height=-0.49 normal=(0.4, -0.9) 
(Filename: E:\unity\Runtime/Export/Debug/Debug.bindings.h Line: 39)

BURSTRANGE PASS same Fan/Zhao contact region L_LowLeg height=-0.45 normal=(-1.0, 0.0) 
(Filename: E:\unity\Runtime/Export/Debug/Debug.bindings.h Line: 39)

BURSTRANGE PASS same Fan/Zhao contact region L_LowLeg height=-0.45 normal=(1.0, 0.0) 
(Filename: E:\unity\Runtime/Export/Debug/Debug.bindings.h Line: 39)

BURSTRANGE PASS same Fan/Zhao contact region L_LowLeg height=-0.45 normal=(0.0, -1.0) 
(Filename: E:\unity\Runtime/Export/Debug/Debug.bindings.h Line: 39)

BURSTRANGE PASS same Fan/Zhao contact region L_LowLeg height=-0.45 normal=(0.4, -0.9) 
(Filename: E:\unity\Runtime/Export/Debug/Debug.bindings.h Line: 39)

BURSTRANGE PASS same Fan/Zhao contact region L_LowLeg height=-0.3 normal=(-1.0, 0.0) 
(Filename: E:\unity\Runtime/Export/Debug/Debug.bindings.h Line: 39)

BURSTRANGE PASS same Fan/Zhao contact region L_LowLeg height=-0.3 normal=(1.0, 0.0) 
(Filename: E:\unity\Runtime/Export/Debug/Debug.bindings.h Line: 39)

BURSTRANGE PASS same Fan/Zhao contact region L_LowLeg height=-0.3 normal=(0.0, -1.0) 
(Filename: E:\unity\Runtime/Export/Debug/Debug.bindings.h Line: 39)

BURSTRANGE PASS same Fan/Zhao contact region L_LowLeg height=-0.3 normal=(0.4, -0.9) 
(Filename: E:\unity\Runtime/Export/Debug/Debug.bindings.h Line: 39)

BURSTRANGE PASS same Fan/Zhao contact region L_LowLeg height=0 normal=(-1.0, 0.0) 
(Filename: E:\unity\Runtime/Export/Debug/Debug.bindings.h Line: 39)

BURSTRANGE PASS same Fan/Zhao contact region L_LowLeg height=0 normal=(1.0, 0.0) 
(Filename: E:\unity\Runtime/Export/Debug/Debug.bindings.h Line: 39)

BURSTRANGE PASS same Fan/Zhao contact region L_LowLeg height=0 normal=(0.0, -1.0) 
(Filename: E:\unity\Runtime/Export/Debug/Debug.bindings.h Line: 39)

BURSTRANGE PASS same Fan/Zhao contact region L_LowLeg height=0 normal=(0.4, -0.9) 
(Filename: E:\unity\Runtime/Export/Debug/Debug.bindings.h Line: 39)

BURSTRANGE PASS same Fan/Zhao contact region L_LowLeg height=0.19 normal=(-1.0, 0.0) 
(Filename: E:\unity\Runtime/Export/Debug/Debug.bindings.h Line: 39)

BURSTRANGE PASS same Fan/Zhao contact region L_LowLeg height=0.19 normal=(1.0, 0.0) 
(Filename: E:\unity\Runtime/Export/Debug/Debug.bindings.h Line: 39)

BURSTRANGE PASS same Fan/Zhao contact region L_LowLeg height=0.19 normal=(0.0, -1.0) 
(Filename: E:\unity\Runtime/Export/Debug/Debug.bindings.h Line: 39)

BURSTRANGE PASS same Fan/Zhao contact region L_LowLeg height=0.19 normal=(0.4, -0.9) 
(Filename: E:\unity\Runtime/Export/Debug/Debug.bindings.h Line: 39)

BURSTRANGE PASS same Fan/Zhao contact region L_LowLeg height=0.3 normal=(-1.0, 0.0) 
(Filename: E:\unity\Runtime/Export/Debug/Debug.bindings.h Line: 39)

BURSTRANGE PASS same Fan/Zhao contact region L_LowLeg height=0.3 normal=(1.0, 0.0) 
(Filename: E:\unity\Runtime/Export/Debug/Debug.bindings.h Line: 39)

BURSTRANGE PASS same Fan/Zhao contact region L_LowLeg height=0.3 normal=(0.0, -1.0) 
(Filename: E:\unity\Runtime/Export/Debug/Debug.bindings.h Line: 39)

BURSTRANGE PASS same Fan/Zhao contact region L_LowLeg height=0.3 normal=(0.4, -0.9) 
(Filename: E:\unity\Runtime/Export/Debug/Debug.bindings.h Line: 39)

BURSTRANGE PASS same Fan/Zhao contact region L_LowLeg height=0.45 normal=(-1.0, 0.0) 
(Filename: E:\unity\Runtime/Export/Debug/Debug.bindings.h Line: 39)

BURSTRANGE PASS same Fan/Zhao contact region L_LowLeg height=0.45 normal=(1.0, 0.0) 
(Filename: E:\unity\Runtime/Export/Debug/Debug.bindings.h Line: 39)

BURSTRANGE PASS same Fan/Zhao contact region L_LowLeg height=0.45 normal=(0.0, -1.0) 
(Filename: E:\unity\Runtime/Export/Debug/Debug.bindings.h Line: 39)

BURSTRANGE PASS same Fan/Zhao contact region L_LowLeg height=0.45 normal=(0.4, -0.9) 
(Filename: E:\unity\Runtime/Export/Debug/Debug.bindings.h Line: 39)

BURSTRANGE PASS same Fan/Zhao contact region L_LowLeg height=0.49 normal=(-1.0, 0.0) 
(Filename: E:\unity\Runtime/Export/Debug/Debug.bindings.h Line: 39)

BURSTRANGE PASS same Fan/Zhao contact region L_LowLeg height=0.49 normal=(1.0, 0.0) 
(Filename: E:\unity\Runtime/Export/Debug/Debug.bindings.h Line: 39)

BURSTRANGE PASS same Fan/Zhao contact region L_LowLeg height=0.49 normal=(0.0, -1.0) 
(Filename: E:\unity\Runtime/Export/Debug/Debug.bindings.h Line: 39)

BURSTRANGE PASS same Fan/Zhao contact region L_LowLeg height=0.49 normal=(0.4, -0.9) 
(Filename: E:\unity\Runtime/Export/Debug/Debug.bindings.h Line: 39)

BURSTRANGE PASS expanded shin accepted L_LowLeg 
(Filename: E:\unity\Runtime/Export/Debug/Debug.bindings.h Line: 39)

BURSTRANGE PASS classic shin range unchanged L_LowLeg 
(Filename: E:\unity\Runtime/Export/Debug/Debug.bindings.h Line: 39)

BURSTRANGE PASS same Fan/Zhao contact region R_LowLeg height=-0.49 normal=(-1.0, 0.0) 
(Filename: E:\unity\Runtime/Export/Debug/Debug.bindings.h Line: 39)

BURSTRANGE PASS same Fan/Zhao contact region R_LowLeg height=-0.49 normal=(1.0, 0.0) 
(Filename: E:\unity\Runtime/Export/Debug/Debug.bindings.h Line: 39)

BURSTRANGE PASS same Fan/Zhao contact region R_LowLeg height=-0.49 normal=(0.0, -1.0) 
(Filename: E:\unity\Runtime/Export/Debug/Debug.bindings.h Line: 39)

BURSTRANGE PASS same Fan/Zhao contact region R_LowLeg height=-0.49 normal=(0.4, -0.9) 
(Filename: E:\unity\Runtime/Export/Debug/Debug.bindings.h Line: 39)

BURSTRANGE PASS same Fan/Zhao contact region R_LowLeg height=-0.45 normal=(-1.0, 0.0) 
(Filename: E:\unity\Runtime/Export/Debug/Debug.bindings.h Line: 39)

BURSTRANGE PASS same Fan/Zhao contact region R_LowLeg height=-0.45 normal=(1.0, 0.0) 
(Filename: E:\unity\Runtime/Export/Debug/Debug.bindings.h Line: 39)

BURSTRANGE PASS same Fan/Zhao contact region R_LowLeg height=-0.45 normal=(0.0, -1.0) 
(Filename: E:\unity\Runtime/Export/Debug/Debug.bindings.h Line: 39)

BURSTRANGE PASS same Fan/Zhao contact region R_LowLeg height=-0.45 normal=(0.4, -0.9) 
(Filename: E:\unity\Runtime/Export/Debug/Debug.bindings.h Line: 39)

BURSTRANGE PASS same Fan/Zhao contact region R_LowLeg height=-0.3 normal=(-1.0, 0.0) 
(Filename: E:\unity\Runtime/Export/Debug/Debug.bindings.h Line: 39)

BURSTRANGE PASS same Fan/Zhao contact region R_LowLeg height=-0.3 normal=(1.0, 0.0) 
(Filename: E:\unity\Runtime/Export/Debug/Debug.bindings.h Line: 39)

BURSTRANGE PASS same Fan/Zhao contact region R_LowLeg height=-0.3 normal=(0.0, -1.0) 
(Filename: E:\unity\Runtime/Export/Debug/Debug.bindings.h Line: 39)

BURSTRANGE PASS same Fan/Zhao contact region R_LowLeg height=-0.3 normal=(0.4, -0.9) 
(Filename: E:\unity\Runtime/Export/Debug/Debug.bindings.h Line: 39)

BURSTRANGE PASS same Fan/Zhao contact region R_LowLeg height=0 normal=(-1.0, 0.0) 
(Filename: E:\unity\Runtime/Export/Debug/Debug.bindings.h Line: 39)

BURSTRANGE PASS same Fan/Zhao contact region R_LowLeg height=0 normal=(1.0, 0.0) 
(Filename: E:\unity\Runtime/Export/Debug/Debug.bindings.h Line: 39)

BURSTRANGE PASS same Fan/Zhao contact region R_LowLeg height=0 normal=(0.0, -1.0) 
(Filename: E:\unity\Runtime/Export/Debug/Debug.bindings.h Line: 39)

BURSTRANGE PASS same Fan/Zhao contact region R_LowLeg height=0 normal=(0.4, -0.9) 
(Filename: E:\unity\Runtime/Export/Debug/Debug.bindings.h Line: 39)

BURSTRANGE PASS same Fan/Zhao contact region R_LowLeg height=0.19 normal=(-1.0, 0.0) 
(Filename: E:\unity\Runtime/Export/Debug/Debug.bindings.h Line: 39)

BURSTRANGE PASS same Fan/Zhao contact region R_LowLeg height=0.19 normal=(1.0, 0.0) 
(Filename: E:\unity\Runtime/Export/Debug/Debug.bindings.h Line: 39)

BURSTRANGE PASS same Fan/Zhao contact region R_LowLeg height=0.19 normal=(0.0, -1.0) 
(Filename: E:\unity\Runtime/Export/Debug/Debug.bindings.h Line: 39)

BURSTRANGE PASS same Fan/Zhao contact region R_LowLeg height=0.19 normal=(0.4, -0.9) 
(Filename: E:\unity\Runtime/Export/Debug/Debug.bindings.h Line: 39)

BURSTRANGE PASS same Fan/Zhao contact region R_LowLeg height=0.3 normal=(-1.0, 0.0) 
(Filename: E:\unity\Runtime/Export/Debug/Debug.bindings.h Line: 39)

BURSTRANGE PASS same Fan/Zhao contact region R_LowLeg height=0.3 normal=(1.0, 0.0) 
(Filename: E:\unity\Runtime/Export/Debug/Debug.bindings.h Line: 39)

BURSTRANGE PASS same Fan/Zhao contact region R_LowLeg height=0.3 normal=(0.0, -1.0) 
(Filename: E:\unity\Runtime/Export/Debug/Debug.bindings.h Line: 39)

BURSTRANGE PASS same Fan/Zhao contact region R_LowLeg height=0.3 normal=(0.4, -0.9) 
(Filename: E:\unity\Runtime/Export/Debug/Debug.bindings.h Line: 39)

BURSTRANGE PASS same Fan/Zhao contact region R_LowLeg height=0.45 normal=(-1.0, 0.0) 
(Filename: E:\unity\Runtime/Export/Debug/Debug.bindings.h Line: 39)

BURSTRANGE PASS same Fan/Zhao contact region R_LowLeg height=0.45 normal=(1.0, 0.0) 
(Filename: E:\unity\Runtime/Export/Debug/Debug.bindings.h Line: 39)

BURSTRANGE PASS same Fan/Zhao contact region R_LowLeg height=0.45 normal=(0.0, -1.0) 
(Filename: E:\unity\Runtime/Export/Debug/Debug.bindings.h Line: 39)

BURSTRANGE PASS same Fan/Zhao contact region R_LowLeg height=0.45 normal=(0.4, -0.9) 
(Filename: E:\unity\Runtime/Export/Debug/Debug.bindings.h Line: 39)

BURSTRANGE PASS same Fan/Zhao contact region R_LowLeg height=0.49 normal=(-1.0, 0.0) 
(Filename: E:\unity\Runtime/Export/Debug/Debug.bindings.h Line: 39)

BURSTRANGE PASS same Fan/Zhao contact region R_LowLeg height=0.49 normal=(1.0, 0.0) 
(Filename: E:\unity\Runtime/Export/Debug/Debug.bindings.h Line: 39)

BURSTRANGE PASS same Fan/Zhao contact region R_LowLeg height=0.49 normal=(0.0, -1.0) 
(Filename: E:\unity\Runtime/Export/Debug/Debug.bindings.h Line: 39)

BURSTRANGE PASS same Fan/Zhao contact region R_LowLeg height=0.49 normal=(0.4, -0.9) 
(Filename: E:\unity\Runtime/Export/Debug/Debug.bindings.h Line: 39)

BURSTRANGE PASS expanded shin accepted R_LowLeg 
(Filename: E:\unity\Runtime/Export/Debug/Debug.bindings.h Line: 39)

BURSTRANGE PASS classic shin range unchanged R_LowLeg 
(Filename: E:\unity\Runtime/Export/Debug/Debug.bindings.h Line: 39)

BURSTRANGE PASS reject body/head/thigh Body 
(Filename: E:\unity\Runtime/Export/Debug/Debug.bindings.h Line: 39)

BURSTRANGE PASS reject body/head/thigh Head 
(Filename: E:\unity\Runtime/Export/Debug/Debug.bindings.h Line: 39)

BURSTRANGE PASS reject body/head/thigh L_Up_Leg 
(Filename: E:\unity\Runtime/Export/Debug/Debug.bindings.h Line: 39)

BURSTRANGE PASS reject body/head/thigh R_Up_Leg 
(Filename: E:\unity\Runtime/Export/Debug/Debug.bindings.h Line: 39)

BURSTRANGE PASS independent instep accepted 
(Filename: E:\unity\Runtime/Export/Debug/Debug.bindings.h Line: 39)

BURSTRANGE PASS independent sole rejected 
(Filename: E:\unity\Runtime/Export/Debug/Debug.bindings.h Line: 39)

BURSTRANGE PASS classic independent foot unchanged 
(Filename: E:\unity\Runtime/Export/Debug/Debug.bindings.h Line: 39)

BURSTRANGE PASS opponent limb cannot trigger skill 
(Filename: E:\unity\Runtime/Export/Debug/Debug.bindings.h Line: 39)

Unloading 4 Unused Serialized files (Serialized files now loaded: 0)
UnloadTime: 0.297700 ms

Unloading 2 unused Assets to reduce memory usage. Loaded Objects now: 1063.
Total: 1.223900 ms (FindLiveObjects: 0.032500 ms CreateObjectMapping: 0.008400 ms MarkObjects: 0.206500 ms  DeleteObjects: 0.976100 ms)

BURSTRANGE PASS expanded collision uses keypad 0 native kick skills=False 
(Filename: E:\unity\Runtime/Export/Debug/Debug.bindings.h Line: 39)

BURSTRANGE CONTACT L_Up_Leg height=-0.5022404 accepted=False 
(Filename: E:\unity\Runtime/Export/Debug/Debug.bindings.h Line: 39)

BURSTRANGE CONTACT L_LowLeg height=0.3399999 accepted=True 
(Filename: E:\unity\Runtime/Export/Debug/Debug.bindings.h Line: 39)

BURSTRANGE PASS real collision in newly eligible shin band skills=False 
(Filename: E:\unity\Runtime/Export/Debug/Debug.bindings.h Line: 39)

BURSTRANGE PASS upper shin activates only burst, once skills=False launches=0 
(Filename: E:\unity\Runtime/Export/Debug/Debug.bindings.h Line: 39)

Unloading 4 Unused Serialized files (Serialized files now loaded: 0)
UnloadTime: 0.284600 ms

Unloading 2 unused Assets to reduce memory usage. Loaded Objects now: 1063.
Total: 1.389500 ms (FindLiveObjects: 0.034600 ms CreateObjectMapping: 0.009200 ms MarkObjects: 0.260200 ms  DeleteObjects: 1.085100 ms)

BURSTRANGE PASS expanded collision uses keypad 0 native kick skills=True 
(Filename: E:\unity\Runtime/Export/Debug/Debug.bindings.h Line: 39)

BURSTRANGE CONTACT L_Up_Leg height=-0.5022405 accepted=False 
(Filename: E:\unity\Runtime/Export/Debug/Debug.bindings.h Line: 39)

BURSTRANGE CONTACT L_LowLeg height=0.3400001 accepted=True 
(Filename: E:\unity\Runtime/Export/Debug/Debug.bindings.h Line: 39)

BURSTRANGE CONTACT L_LowLeg height=-0.02116987 accepted=True 
(Filename: E:\unity\Runtime/Export/Debug/Debug.bindings.h Line: 39)

BURSTRANGE PASS real collision in newly eligible shin band skills=True 
(Filename: E:\unity\Runtime/Export/Debug/Debug.bindings.h Line: 39)

BURSTRANGE PASS upper shin activates only burst, once skills=True launches=1 
(Filename: E:\unity\Runtime/Export/Debug/Debug.bindings.h Line: 39)

BURSTRANGE PASS expanded contact keeps burst speed 
(Filename: E:\unity\Runtime/Export/Debug/Debug.bindings.h Line: 39)

BURSTRANGE PASS expanded airborne contact keeps low flight 
(Filename: E:\unity\Runtime/Export/Debug/Debug.bindings.h Line: 39)

BURSTRANGE PASS expanded contact shows burst highlight 
(Filename: E:\unity\Runtime/Export/Debug/Debug.bindings.h Line: 39)

Unloading 4 Unused Serialized files (Serialized files now loaded: 0)
UnloadTime: 0.276300 ms

Unloading 3 unused Assets to reduce memory usage. Loaded Objects now: 1063.
Total: 1.110000 ms (FindLiveObjects: 0.031900 ms CreateObjectMapping: 0.008000 ms MarkObjects: 0.182100 ms  DeleteObjects: 0.887700 ms)

BURSTRANGE PASS expanded range still requires powered instruction 
(Filename: E:\unity\Runtime/Export/Debug/Debug.bindings.h Line: 39)

BURSTRANGE PASS behind player cannot launch 
(Filename: E:\unity\Runtime/Export/Debug/Debug.bindings.h Line: 39)

BURSTRANGE PASS contest cannot launch expanded skill 
(Filename: E:\unity\Runtime/Export/Debug/Debug.bindings.h Line: 39)

BURSTRANGE PASS powered sole contact still rejected 
(Filename: E:\unity\Runtime/Export/Debug/Debug.bindings.h Line: 39)

BURSTRANGE PASS expired contact window rejected 
(Filename: E:\unity\Runtime/Export/Debug/Debug.bindings.h Line: 39)

BURSTRANGE COMPLETE checks=149 failures=0 
(Filename: E:\unity\Runtime/Export/Debug/Debug.bindings.h Line: 39)

Setting up 12 worker threads for Enlighten.
  Thread -> id: 4408 -> priority: 1 
  Thread -> id: 8920 -> priority: 1 
  Thread -> id: 268c -> priority: 1 
  Thread -> id: 532c -> priority: 1 
  Thread -> id: 3508 -> priority: 1 
  Thread -> id: 9bf4 -> priority: 1 
  Thread -> id: 2f4 -> priority: 1 
  Thread -> id: 294c -> priority: 1 
  Thread -> id: 30c4 -> priority: 1 
  Thread -> id: 83ec -> priority: 1 
  Thread -> id: 1608 -> priority: 1 
  Thread -> id: 52dc -> priority: 1 
Curl error 42: Callback aborted
 
(Filename:  Line: 867)

