Mono path[0] = 'C:/Users/Alienware/Documents/范志毅VS赵鹏/范志毅VS赵鹏 PC双人版（32位）/鑼冨織姣匳S璧甸箯 PC鍙屼汉鐗堬紙32浣嶏級/AI Mod Source/build/ability-test-player-experiment/FanZhiYi_Data/Managed'
Mono config path = 'C:/Users/Alienware/Documents/范志毅VS赵鹏/范志毅VS赵鹏 PC双人版（32位）/鑼冨織姣匳S璧甸箯 PC鍙屼汉鐗堬紙32浣嶏級/AI Mod Source/build/ability-test-player-experiment/MonoBleedingEdge/etc'
AS: AutoStreaming module initializing.Initialize engine version: 2019.4.33f1c1 (c2f94a8bebb3)
[Subsystems] Discovering subsystems at path C:/Users/Alienware/Documents/范志毅VS赵鹏/范志毅VS赵鹏 PC双人版（32位）/鑼冨織姣匳S璧甸箯 PC鍙屼汉鐗堬紙32浣嶏級/AI Mod Source/build/ability-test-player-experiment/FanZhiYi_Data/UnitySubsystems
GfxDevice: creating device client; threaded=1
Direct3D:
    Version:  Direct3D 11.0 [level 11.1]
    Renderer: NVIDIA GeForce RTX 5070 Laptop GPU (ID=0x2d58)
    Vendor:   (null)
    VRAM:     3072 MB
    Driver:   32.0.15.9608
Begin MonoManager ReloadAssembly
- Completed reload, in  0.093 seconds
<RI> Initializing input.
<RI> Input initialized.
<RI> Initialized touch support.
UnloadTime: 0.494400 ms
Unloading 5 Unused Serialized files (Serialized files now loaded: 0)
UnloadTime: 0.157600 ms

Unloading 143 unused Assets to reduce memory usage. Loaded Objects now: 1013.
Total: 0.611100 ms (FindLiveObjects: 0.036100 ms CreateObjectMapping: 0.008900 ms MarkObjects: 0.214100 ms  DeleteObjects: 0.351600 ms)

FANSTRATEGY PASS free reachable ball keeps native shooting skills=False 
(Filename: E:\unity\Runtime/Export/Debug/Debug.bindings.h Line: 39)

FANSTRATEGY PASS long separated shot selects existing leaf skill or classic power 
(Filename: E:\unity\Runtime/Export/Debug/Debug.bindings.h Line: 39)

FANSTRATEGY PASS low shot avoids competing head/jump 
(Filename: E:\unity\Runtime/Export/Debug/Debug.bindings.h Line: 39)

FANSTRATEGY PASS close shot uses available power instead of unavailable leaf skill 
(Filename: E:\unity\Runtime/Export/Debug/Debug.bindings.h Line: 39)

FANSTRATEGY PASS incoming fast low shot arms before entering current foot range 
(Filename: E:\unity\Runtime/Export/Debug/Debug.bindings.h Line: 39)

FANSTRATEGY PASS rear danger recovers goal side 
(Filename: E:\unity\Runtime/Export/Debug/Debug.bindings.h Line: 39)

FANSTRATEGY PASS rear ball does not cause futile forward strikes 
(Filename: E:\unity\Runtime/Export/Debug/Debug.bindings.h Line: 39)

FANSTRATEGY PASS high ball uses future trajectory plan 
(Filename: E:\unity\Runtime/Export/Debug/Debug.bindings.h Line: 39)

FANSTRATEGY PASS unreachable rising ball avoids random actions 
(Filename: E:\unity\Runtime/Export/Debug/Debug.bindings.h Line: 39)

FANSTRATEGY PASS rising ball anticipates descent 
(Filename: E:\unity\Runtime/Export/Debug/Debug.bindings.h Line: 39)

FANSTRATEGY PASS fast overhead pass avoids futile late jump 
(Filename: E:\unity\Runtime/Export/Debug/Debug.bindings.h Line: 39)

FANSTRATEGY PASS reachable descending ball schedules native jump 
(Filename: E:\unity\Runtime/Export/Debug/Debug.bindings.h Line: 39)

FANSTRATEGY PASS head contact has priority over foot strike 
(Filename: E:\unity\Runtime/Export/Debug/Debug.bindings.h Line: 39)

FANSTRATEGY PASS fast head-height ball is timed by crossing moment 
(Filename: E:\unity\Runtime/Export/Debug/Debug.bindings.h Line: 39)

FANSTRATEGY PASS pause clears decisions 
(Filename: E:\unity\Runtime/Export/Debug/Debug.bindings.h Line: 39)

Unloading 4 Unused Serialized files (Serialized files now loaded: 0)
UnloadTime: 0.380500 ms

Unloading 37 unused Assets to reduce memory usage. Loaded Objects now: 1058.
Total: 1.094200 ms (FindLiveObjects: 0.056500 ms CreateObjectMapping: 0.016300 ms MarkObjects: 0.218700 ms  DeleteObjects: 0.802200 ms)

FANSTRATEGY PASS free reachable ball keeps native shooting skills=True 
(Filename: E:\unity\Runtime/Export/Debug/Debug.bindings.h Line: 39)

FANSTRATEGY PASS long separated shot selects existing leaf skill or classic power 
(Filename: E:\unity\Runtime/Export/Debug/Debug.bindings.h Line: 39)

FANSTRATEGY PASS low shot avoids competing head/jump 
(Filename: E:\unity\Runtime/Export/Debug/Debug.bindings.h Line: 39)

FANSTRATEGY PASS close shot uses available power instead of unavailable leaf skill 
(Filename: E:\unity\Runtime/Export/Debug/Debug.bindings.h Line: 39)

FANSTRATEGY PASS incoming fast low shot arms before entering current foot range 
(Filename: E:\unity\Runtime/Export/Debug/Debug.bindings.h Line: 39)

FANSTRATEGY PASS rear danger recovers goal side 
(Filename: E:\unity\Runtime/Export/Debug/Debug.bindings.h Line: 39)

FANSTRATEGY PASS rear ball does not cause futile forward strikes 
(Filename: E:\unity\Runtime/Export/Debug/Debug.bindings.h Line: 39)

FANSTRATEGY PASS high ball uses future trajectory plan 
(Filename: E:\unity\Runtime/Export/Debug/Debug.bindings.h Line: 39)

FANSTRATEGY PASS unreachable rising ball avoids random actions 
(Filename: E:\unity\Runtime/Export/Debug/Debug.bindings.h Line: 39)

FANSTRATEGY PASS rising ball anticipates descent 
(Filename: E:\unity\Runtime/Export/Debug/Debug.bindings.h Line: 39)

FANSTRATEGY PASS fast overhead pass avoids futile late jump 
(Filename: E:\unity\Runtime/Export/Debug/Debug.bindings.h Line: 39)

FANSTRATEGY PASS reachable descending ball schedules native jump 
(Filename: E:\unity\Runtime/Export/Debug/Debug.bindings.h Line: 39)

FANSTRATEGY PASS head contact has priority over foot strike 
(Filename: E:\unity\Runtime/Export/Debug/Debug.bindings.h Line: 39)

FANSTRATEGY PASS fast head-height ball is timed by crossing moment 
(Filename: E:\unity\Runtime/Export/Debug/Debug.bindings.h Line: 39)

FANSTRATEGY PASS pause clears decisions 
(Filename: E:\unity\Runtime/Export/Debug/Debug.bindings.h Line: 39)

Unloading 4 Unused Serialized files (Serialized files now loaded: 0)
UnloadTime: 0.896200 ms

Unloading 2 unused Assets to reduce memory usage. Loaded Objects now: 1064.
Total: 1.267200 ms (FindLiveObjects: 0.054700 ms CreateObjectMapping: 0.012800 ms MarkObjects: 0.226600 ms  DeleteObjects: 0.972400 ms)

FANSTRATEGY PASS incoming low ball executes native kick 
(Filename: E:\unity\Runtime/Export/Debug/Debug.bindings.h Line: 39)

FANSTRATEGY PASS incoming low ball reaches real Fan collision 
(Filename: E:\unity\Runtime/Export/Debug/Debug.bindings.h Line: 39)

FANSTRATEGY PASS power shooting uses eligible real foot contact 
(Filename: E:\unity\Runtime/Export/Debug/Debug.bindings.h Line: 39)

FANSTRATEGY PASS low interception avoids own goal 
(Filename: E:\unity\Runtime/Export/Debug/Debug.bindings.h Line: 39)

FANSTRATEGY PASS low interception keeps physical skeleton error=0.08634277 
(Filename: E:\unity\Runtime/Export/Debug/Debug.bindings.h Line: 39)

Unloading 4 Unused Serialized files (Serialized files now loaded: 0)
UnloadTime: 0.310100 ms

Unloading 3 unused Assets to reduce memory usage. Loaded Objects now: 1065.
Total: 1.171700 ms (FindLiveObjects: 0.032200 ms CreateObjectMapping: 0.008100 ms MarkObjects: 0.172100 ms  DeleteObjects: 0.958900 ms)

FANSTRATEGY PASS head-height pass executes native heading 
(Filename: E:\unity\Runtime/Export/Debug/Debug.bindings.h Line: 39)

FANSTRATEGY PASS existing header skill produces forward clearance 
(Filename: E:\unity\Runtime/Export/Debug/Debug.bindings.h Line: 39)

FANSTRATEGY PASS heading retains physical skeleton error=0.04476767 
(Filename: E:\unity\Runtime/Export/Debug/Debug.bindings.h Line: 39)

FANSTRATEGY COMPLETE checks=38 failures=0 
(Filename: E:\unity\Runtime/Export/Debug/Debug.bindings.h Line: 39)

Setting up 12 worker threads for Enlighten.
  Thread -> id: 9524 -> priority: 1 
  Thread -> id: 9c7c -> priority: 1 
  Thread -> id: 4968 -> priority: 1 
  Thread -> id: 15bc -> priority: 1 
  Thread -> id: 6efc -> priority: 1 
  Thread -> id: 1fbc -> priority: 1 
  Thread -> id: 997c -> priority: 1 
  Thread -> id: d08 -> priority: 1 
  Thread -> id: 203c -> priority: 1 
  Thread -> id: 6238 -> priority: 1 
  Thread -> id: 1ef4 -> priority: 1 
  Thread -> id: 6f1c -> priority: 1 
Curl error 42: Callback aborted
 
(Filename:  Line: 867)

