Mono path[0] = 'C:/Users/Alienware/Documents/范志毅VS赵鹏/范志毅VS赵鹏 PC双人版（32位）/鑼冨織姣匳S璧甸箯 PC鍙屼汉鐗堬紙32浣嶏級/AI Mod Source/build/ability-test-player-original/FanZhiYi_Data/Managed'
Mono config path = 'C:/Users/Alienware/Documents/范志毅VS赵鹏/范志毅VS赵鹏 PC双人版（32位）/鑼冨織姣匳S璧甸箯 PC鍙屼汉鐗堬紙32浣嶏級/AI Mod Source/build/ability-test-player-original/MonoBleedingEdge/etc'
AS: AutoStreaming module initializing.Initialize engine version: 2019.4.33f1c1 (c2f94a8bebb3)
[Subsystems] Discovering subsystems at path C:/Users/Alienware/Documents/范志毅VS赵鹏/范志毅VS赵鹏 PC双人版（32位）/鑼冨織姣匳S璧甸箯 PC鍙屼汉鐗堬紙32浣嶏級/AI Mod Source/build/ability-test-player-original/FanZhiYi_Data/UnitySubsystems
GfxDevice: creating device client; threaded=1
Direct3D:
    Version:  Direct3D 11.0 [level 11.1]
    Renderer: NVIDIA GeForce RTX 5070 Laptop GPU (ID=0x2d58)
    Vendor:   (null)
    VRAM:     3072 MB
    Driver:   32.0.15.9608
Begin MonoManager ReloadAssembly
- Completed reload, in  0.091 seconds
<RI> Initializing input.
<RI> Input initialized.
<RI> Initialized touch support.
UnloadTime: 0.562500 ms
ABILITY PASS default 4/4/4 uses twelve existing points 
(Filename: E:\unity\Runtime/Export/Debug/Debug.bindings.h Line: 39)

ABILITY PASS no free extra points 
(Filename: E:\unity\Runtime/Export/Debug/Debug.bindings.h Line: 39)

ABILITY PASS skill costs exactly two from same budget 
(Filename: E:\unity\Runtime/Export/Debug/Debug.bindings.h Line: 39)

ABILITY PASS overbudget purchase rejected 
(Filename: E:\unity\Runtime/Export/Debug/Debug.bindings.h Line: 39)

ABILITY PASS refund restores budget 
(Filename: E:\unity\Runtime/Export/Debug/Debug.bindings.h Line: 39)

ABILITY PASS 10/1/1 valid and maximum enforced 
(Filename: E:\unity\Runtime/Export/Debug/Debug.bindings.h Line: 39)

ABILITY PASS negative levels rejected 
(Filename: E:\unity\Runtime/Export/Debug/Debug.bindings.h Line: 39)

ABILITY PASS 500 random AI builds respect budget, cap and purchased skills 
(Filename: E:\unity\Runtime/Export/Debug/Debug.bindings.h Line: 39)

ABILITY PASS four is baseline and each redistributed point is ten percent 
(Filename: E:\unity\Runtime/Export/Debug/Debug.bindings.h Line: 39)

ABILITY PASS main menu available 
(Filename: E:\unity\Runtime/Export/Debug/Debug.bindings.h Line: 39)

ABILITY PASS start button available 
(Filename: E:\unity\Runtime/Export/Debug/Debug.bindings.h Line: 39)

ABILITY PASS third game style visible 
(Filename: E:\unity\Runtime/Export/Debug/Debug.bindings.h Line: 39)

ABILITY PASS build mode chooses opponent before allocation 
(Filename: E:\unity\Runtime/Export/Debug/Debug.bindings.h Line: 39)

ABILITY PASS allocation overlay opens before match 
(Filename: E:\unity\Runtime/Export/Debug/Debug.bindings.h Line: 39)

ABILITY PASS both players see all ten cross-character skills 
(Filename: E:\unity\Runtime/Export/Debug/Debug.bindings.h Line: 39)

ABILITY PASS return cancels allocation without loading match 
(Filename: E:\unity\Runtime/Export/Debug/Debug.bindings.h Line: 39)

Unloading 5 Unused Serialized files (Serialized files now loaded: 0)
UnloadTime: 0.165800 ms

Unloading 143 unused Assets to reduce memory usage. Loaded Objects now: 1016.
Total: 0.663200 ms (FindLiveObjects: 0.061600 ms CreateObjectMapping: 0.010300 ms MarkObjects: 0.246500 ms  DeleteObjects: 0.343800 ms)

ABILITY PASS zero jump has zero ordinary impulse 
(Filename: E:\unity\Runtime/Export/Debug/Debug.bindings.h Line: 39)

ABILITY PASS zero jump plus aerial fortress still jumps 
(Filename: E:\unity\Runtime/Export/Debug/Debug.bindings.h Line: 39)

ABILITY PASS zero jump plus emergency rescue permits rescue jump 
(Filename: E:\unity\Runtime/Export/Debug/Debug.bindings.h Line: 39)

ABILITY PASS maximum jump rapidly lifts connected physical rig 
(Filename: E:\unity\Runtime/Export/Debug/Debug.bindings.h Line: 39)

ABILITY PASS maximum jump joint safety error=0.0004423054 
(Filename: E:\unity\Runtime/Export/Debug/Debug.bindings.h Line: 39)

ABILITY PASS S triggers rapid descent 
(Filename: E:\unity\Runtime/Export/Debug/Debug.bindings.h Line: 39)

ABILITY PASS descent retains connected skeleton 
(Filename: E:\unity\Runtime/Export/Debug/Debug.bindings.h Line: 39)

Unloading 4 Unused Serialized files (Serialized files now loaded: 0)
UnloadTime: 0.405200 ms

Unloading 37 unused Assets to reduce memory usage. Loaded Objects now: 1061.
Total: 1.229800 ms (FindLiveObjects: 0.032500 ms CreateObjectMapping: 0.008800 ms MarkObjects: 0.269200 ms  DeleteObjects: 0.918800 ms)

ABILITY PASS zero contest falls upon contact 
(Filename: E:\unity\Runtime/Export/Debug/Debug.bindings.h Line: 39)

ABILITY PASS maximum contest remains braced against zero 
(Filename: E:\unity\Runtime/Export/Debug/Debug.bindings.h Line: 39)

ABILITY PASS folded opponent keeps joints connected 
(Filename: E:\unity\Runtime/Export/Debug/Debug.bindings.h Line: 39)

ABILITY PASS purchased tackle works even at zero contest 
(Filename: E:\unity\Runtime/Export/Debug/Debug.bindings.h Line: 39)

Unloading 4 Unused Serialized files (Serialized files now loaded: 0)
UnloadTime: 0.258900 ms

Unloading 2 unused Assets to reduce memory usage. Loaded Objects now: 1061.
Total: 1.147600 ms (FindLiveObjects: 0.031300 ms CreateObjectMapping: 0.008000 ms MarkObjects: 0.202000 ms  DeleteObjects: 0.906000 ms)

ABILITY PASS Fan can buy rescue and start towards left own goal 
(Filename: E:\unity\Runtime/Export/Debug/Debug.bindings.h Line: 39)

ABILITY PASS low rescue waits for jump clearance instead of own-goal shove 
(Filename: E:\unity\Runtime/Export/Debug/Debug.bindings.h Line: 39)

ABILITY PASS adaptive rescue respects double-speed ceiling 
(Filename: E:\unity\Runtime/Export/Debug/Debug.bindings.h Line: 39)

ABILITY PASS mirrored Fan rescue requests low-ball jump 
(Filename: E:\unity\Runtime/Export/Debug/Debug.bindings.h Line: 39)

ABILITY PASS live Fan rescue retreats left 
(Filename: E:\unity\Runtime/Export/Debug/Debug.bindings.h Line: 39)

ABILITY PASS live rescue retains rig error=0.08088031 
(Filename: E:\unity\Runtime/Export/Debug/Debug.bindings.h Line: 39)

ABILITY PASS live mirrored rescue does not score own goal 
(Filename: E:\unity\Runtime/Export/Debug/Debug.bindings.h Line: 39)

ABILITY PASS rally reset clears rescue 
(Filename: E:\unity\Runtime/Export/Debug/Debug.bindings.h Line: 39)

Unloading 4 Unused Serialized files (Serialized files now loaded: 0)
UnloadTime: 0.263200 ms

Unloading 2 unused Assets to reduce memory usage. Loaded Objects now: 1061.
Total: 1.185500 ms (FindLiveObjects: 0.038700 ms CreateObjectMapping: 0.008400 ms MarkObjects: 0.254100 ms  DeleteObjects: 0.883800 ms)

ABILITY PASS zero shooting ordinary ball is weak 
(Filename: E:\unity\Runtime/Export/Debug/Debug.bindings.h Line: 39)

ABILITY PASS zero shooting purchased leaf flight remains armed 
(Filename: E:\unity\Runtime/Export/Debug/Debug.bindings.h Line: 39)

ABILITY PASS zero shooting purchased burst retains skill strength 
(Filename: E:\unity\Runtime/Export/Debug/Debug.bindings.h Line: 39)

ABILITY PASS maximum shooting frequently curves towards opponent upper corner count=43 
(Filename: E:\unity\Runtime/Export/Debug/Debug.bindings.h Line: 39)

ABILITY PASS pause suppresses ability actions 
(Filename: E:\unity\Runtime/Export/Debug/Debug.bindings.h Line: 39)

Unloading 4 Unused Serialized files (Serialized files now loaded: 0)
UnloadTime: 0.241300 ms

Unloading 2 unused Assets to reduce memory usage. Loaded Objects now: 1061.
Total: 1.305600 ms (FindLiveObjects: 0.050600 ms CreateObjectMapping: 0.009800 ms MarkObjects: 0.246500 ms  DeleteObjects: 0.998000 ms)

ABILITY PASS ordinary shot speed, contest gain and jump HEIGHT use equal ten-percent schedule 
(Filename: E:\unity\Runtime/Export/Debug/Debug.bindings.h Line: 39)

ABILITY PASS equal maximum contest does not arbitrarily auto-win 
(Filename: E:\unity\Runtime/Export/Debug/Debug.bindings.h Line: 39)

ABILITY PASS extreme shooting still respects solid crossbar 
(Filename: E:\unity\Runtime/Export/Debug/Debug.bindings.h Line: 39)

Unloading 4 Unused Serialized files (Serialized files now loaded: 0)
UnloadTime: 0.250800 ms

Unloading 2 unused Assets to reduce memory usage. Loaded Objects now: 1061.
Total: 1.172000 ms (FindLiveObjects: 0.031200 ms CreateObjectMapping: 0.008300 ms MarkObjects: 0.252600 ms  DeleteObjects: 0.879400 ms)

ABILITY PASS zero shooting purchased cannon header launches on REAL head collision 
(Filename: E:\unity\Runtime/Export/Debug/Debug.bindings.h Line: 39)

ABILITY PASS purchased header retains connected rig 
(Filename: E:\unity\Runtime/Export/Debug/Debug.bindings.h Line: 39)

Unloading 4 Unused Serialized files (Serialized files now loaded: 0)
UnloadTime: 0.253000 ms

Unloading 4 unused Assets to reduce memory usage. Loaded Objects now: 1061.
Total: 1.288200 ms (FindLiveObjects: 0.053500 ms CreateObjectMapping: 0.016500 ms MarkObjects: 0.253500 ms  DeleteObjects: 0.964200 ms)

ABILITY PASS maximum shooting launches only from REAL eligible leg contact 
(Filename: E:\unity\Runtime/Export/Debug/Debug.bindings.h Line: 39)

ABILITY PASS live maximum shooting keeps physical rig 
(Filename: E:\unity\Runtime/Export/Debug/Debug.bindings.h Line: 39)

Unloading 4 Unused Serialized files (Serialized files now loaded: 0)
UnloadTime: 0.273100 ms

Unloading 3 unused Assets to reduce memory usage. Loaded Objects now: 1061.
Total: 1.343800 ms (FindLiveObjects: 0.051700 ms CreateObjectMapping: 0.015700 ms MarkObjects: 0.251700 ms  DeleteObjects: 1.024100 ms)

ABILITY PASS both actors can buy original physical IK magnetic foot 
(Filename: E:\unity\Runtime/Export/Debug/Debug.bindings.h Line: 39)

ABILITY PASS purchased magnetic foot reaches real near-ground ball actor=Fan 
(Filename: E:\unity\Runtime/Export/Debug/Debug.bindings.h Line: 39)

ABILITY PASS purchased magnetic foot reaches real near-ground ball actor=Zhao 
(Filename: E:\unity\Runtime/Export/Debug/Debug.bindings.h Line: 39)

ABILITY PASS native menu prefab present TeachPanel 
(Filename: E:\unity\Runtime/Export/Debug/Debug.bindings.h Line: 39)

ABILITY PASS empty pitch photo installed in TeachPanel 
(Filename: E:\unity\Runtime/Export/Debug/Debug.bindings.h Line: 39)

ABILITY PASS native menu prefab present SettingPanel 
(Filename: E:\unity\Runtime/Export/Debug/Debug.bindings.h Line: 39)

ABILITY PASS empty pitch photo installed in SettingPanel 
(Filename: E:\unity\Runtime/Export/Debug/Debug.bindings.h Line: 39)

ABILITY PASS native menu prefab present RankPanel 
(Filename: E:\unity\Runtime/Export/Debug/Debug.bindings.h Line: 39)

ABILITY PASS empty pitch photo installed in RankPanel 
(Filename: E:\unity\Runtime/Export/Debug/Debug.bindings.h Line: 39)

ABILITY PASS native menu prefab present PausePanel 
(Filename: E:\unity\Runtime/Export/Debug/Debug.bindings.h Line: 39)

ABILITY PASS empty pitch photo installed in PausePanel 
(Filename: E:\unity\Runtime/Export/Debug/Debug.bindings.h Line: 39)

ABILITY PASS native menu prefab present OverPanel 
(Filename: E:\unity\Runtime/Export/Debug/Debug.bindings.h Line: 39)

ABILITY PASS empty pitch photo installed in OverPanel 
(Filename: E:\unity\Runtime/Export/Debug/Debug.bindings.h Line: 39)

ABILITY PASS native menu prefab present BuyPanel 
(Filename: E:\unity\Runtime/Export/Debug/Debug.bindings.h Line: 39)

ABILITY PASS empty pitch photo installed in BuyPanel 
(Filename: E:\unity\Runtime/Export/Debug/Debug.bindings.h Line: 39)

ABILITY PASS native menu prefab present SavePanel 
(Filename: E:\unity\Runtime/Export/Debug/Debug.bindings.h Line: 39)

ABILITY PASS empty pitch photo installed in SavePanel 
(Filename: E:\unity\Runtime/Export/Debug/Debug.bindings.h Line: 39)

ABILITY PASS cover prefab preserved without replacing artwork 
(Filename: E:\unity\Runtime/Export/Debug/Debug.bindings.h Line: 39)

Unloading 4 Unused Serialized files (Serialized files now loaded: 0)
UnloadTime: 0.304700 ms

Unloading 550 unused Assets to reduce memory usage. Loaded Objects now: 1062.
Total: 1.327400 ms (FindLiveObjects: 0.060400 ms CreateObjectMapping: 0.014300 ms MarkObjects: 0.211700 ms  DeleteObjects: 1.040600 ms)

ABILITY PASS AI reads assigned jump capability 
(Filename: E:\unity\Runtime/Export/Debug/Debug.bindings.h Line: 39)

Unloading 4 Unused Serialized files (Serialized files now loaded: 0)
UnloadTime: 0.260800 ms

Unloading 2 unused Assets to reduce memory usage. Loaded Objects now: 1062.
Total: 1.199400 ms (FindLiveObjects: 0.032300 ms CreateObjectMapping: 0.008600 ms MarkObjects: 0.204900 ms  DeleteObjects: 0.953500 ms)

ABILITY PASS zero-jump AI does not invent ordinary jump height 
(Filename: E:\unity\Runtime/Export/Debug/Debug.bindings.h Line: 39)

Unloading 4 Unused Serialized files (Serialized files now loaded: 0)
UnloadTime: 0.270300 ms

Unloading 2 unused Assets to reduce memory usage. Loaded Objects now: 1062.
Total: 1.240400 ms (FindLiveObjects: 0.051900 ms CreateObjectMapping: 0.015700 ms MarkObjects: 0.305700 ms  DeleteObjects: 0.866600 ms)

ABILITY PASS AI uses ordinary kick to activate purchased leaf skill 
(Filename: E:\unity\Runtime/Export/Debug/Debug.bindings.h Line: 39)

Unloading 4 Unused Serialized files (Serialized files now loaded: 0)
UnloadTime: 0.261800 ms

Unloading 2 unused Assets to reduce memory usage. Loaded Objects now: 1062.
Total: 1.294000 ms (FindLiveObjects: 0.030900 ms CreateObjectMapping: 0.015600 ms MarkObjects: 0.273300 ms  DeleteObjects: 0.973700 ms)

ABILITY PASS maximum-jump AI predicts actual attainable height 
(Filename: E:\unity\Runtime/Export/Debug/Debug.bindings.h Line: 39)

ABILITY PASS classic jump unaffected after leaving allocation mode 
(Filename: E:\unity\Runtime/Export/Debug/Debug.bindings.h Line: 39)

ABILITY PASS classic movement unaffected 
(Filename: E:\unity\Runtime/Export/Debug/Debug.bindings.h Line: 39)

ABILITY COMPLETE checks=71 failures=0 
(Filename: E:\unity\Runtime/Export/Debug/Debug.bindings.h Line: 39)

Setting up 12 worker threads for Enlighten.
  Thread -> id: ce0 -> priority: 1 
  Thread -> id: 978 -> priority: 1 
  Thread -> id: 78f8 -> priority: 1 
  Thread -> id: 25fc -> priority: 1 
  Thread -> id: 84a4 -> priority: 1 
  Thread -> id: 76e8 -> priority: 1 
  Thread -> id: 3504 -> priority: 1 
  Thread -> id: 9f94 -> priority: 1 
  Thread -> id: 6c44 -> priority: 1 
  Thread -> id: 9d04 -> priority: 1 
  Thread -> id: 6d60 -> priority: 1 
  Thread -> id: 54e4 -> priority: 1 
Curl error 42: Callback aborted
 
(Filename:  Line: 867)

