Mono path[0] = 'C:/Users/Alienware/Documents/范志毅VS赵鹏/范志毅VS赵鹏 PC双人版（32位）/鑼冨織姣匳S璧甸箯 PC鍙屼汉鐗堬紙32浣嶏級/AI Mod Source/build/ability-test-player-experiment/FanZhiYi_Data/Managed'
Mono config path = 'C:/Users/Alienware/Documents/范志毅VS赵鹏/范志毅VS赵鹏 PC双人版（32位）/鑼冨織姣匳S璧甸箯 PC鍙屼汉鐗堬紙32浣嶏級/AI Mod Source/build/ability-test-player-experiment/MonoBleedingEdge/etc'
AS: AutoStreaming module initializing.Initialize engine version: 2019.4.33f1c1 (c2f94a8bebb3)
[Subsystems] Discovering subsystems at path C:/Users/Alienware/Documents/范志毅VS赵鹏/范志毅VS赵鹏 PC双人版（32位）/鑼冨織姣匳S璧甸箯 PC鍙屼汉鐗堬紙32浣嶏級/AI Mod Source/build/ability-test-player-experiment/FanZhiYi_Data/UnitySubsystems
GfxDevice: creating device client; threaded=1
Direct3D:
    Version:  Direct3D 11.0 [level 11.1]
    Renderer: NVIDIA GeForce RTX 5070 Laptop GPU (ID=0x2d58)
    Vendor:   (null)
    VRAM:     3072 MB
    Driver:   32.0.15.9608
Begin MonoManager ReloadAssembly
- Completed reload, in  0.093 seconds
<RI> Initializing input.
<RI> Input initialized.
<RI> Initialized touch support.
UnloadTime: 0.511000 ms
Unloading 5 Unused Serialized files (Serialized files now loaded: 0)
UnloadTime: 0.159200 ms

Unloading 143 unused Assets to reduce memory usage. Loaded Objects now: 1013.
Total: 0.413100 ms (FindLiveObjects: 0.035200 ms CreateObjectMapping: 0.009100 ms MarkObjects: 0.188500 ms  DeleteObjects: 0.180000 ms)

STRATEGY PARAM side=Zhao skills=True scale=0.75 jump=6.119894 gravity=1 head=0.1135373 
(Filename: E:\unity\Runtime/Export/Debug/Debug.bindings.h Line: 39)

STRATEGY PASS low AI starts native emergency recovery without human input 
(Filename: E:\unity\Runtime/Export/Debug/Debug.bindings.h Line: 39)

STRATEGY RECOVERY low gap=1.2 rolling=2 step=0 ball=(1.2, -1.6) vel=(2.0, -0.2) body=(0.0, -0.4) running=(0.0, 0.0) rescue=True passed=False 
(Filename: E:\unity\Runtime/Export/Debug/Debug.bindings.h Line: 39)

STRATEGY RECOVERY low gap=1.2 rolling=2 step=20 ball=(1.8, -1.6) vel=(1.3, 0.0) body=(1.0, 1.1) running=(4.2, 2.5) rescue=True passed=False 
(Filename: E:\unity\Runtime/Export/Debug/Debug.bindings.h Line: 39)

STRATEGY RECOVERY low gap=1.2 rolling=2 step=40 ball=(2.3, -1.6) vel=(1.3, 0.0) body=(2.3, 1.3) running=(3.2, -1.8) rescue=True passed=False 
(Filename: E:\unity\Runtime/Export/Debug/Debug.bindings.h Line: 39)

STRATEGY RECOVERY low gap=1.2 rolling=2 step=60 ball=(2.8, -1.6) vel=(0.0, 0.0) body=(3.0, -0.2) running=(0.0, -5.6) rescue=True passed=True 
(Filename: E:\unity\Runtime/Export/Debug/Debug.bindings.h Line: 39)

STRATEGY RECOVERY low gap=1.2 rolling=2 step=80 ball=(2.2, -1.6) vel=(-1.7, 0.0) body=(3.0, -0.4) running=(0.1, -0.4) rescue=False passed=True 
(Filename: E:\unity\Runtime/Export/Debug/Debug.bindings.h Line: 39)

STRATEGY RECOVERY low gap=1.2 rolling=2 step=100 ball=(1.5, -1.6) vel=(-1.7, 0.0) body=(3.0, -0.4) running=(0.0, 0.0) rescue=False passed=True 
(Filename: E:\unity\Runtime/Export/Debug/Debug.bindings.h Line: 39)

STRATEGY RECOVERY low gap=1.2 rolling=2 step=120 ball=(0.8, -1.6) vel=(-1.7, 0.0) body=(3.0, -0.4) running=(0.0, 0.0) rescue=False passed=True 
(Filename: E:\unity\Runtime/Export/Debug/Debug.bindings.h Line: 39)

STRATEGY RECOVERY low gap=1.2 rolling=2 step=140 ball=(0.1, -1.6) vel=(-1.7, 0.0) body=(3.0, -0.4) running=(0.0, 0.0) rescue=False passed=True 
(Filename: E:\unity\Runtime/Export/Debug/Debug.bindings.h Line: 39)

STRATEGY RECOVERY low gap=1.2 rolling=2 step=160 ball=(-0.5, -1.6) vel=(-1.7, 0.0) body=(3.0, -0.4) running=(0.0, 0.0) rescue=False passed=True 
(Filename: E:\unity\Runtime/Export/Debug/Debug.bindings.h Line: 39)

STRATEGY RECOVERY low gap=1.2 rolling=2 step=180 ball=(-1.2, -1.6) vel=(-1.7, 0.0) body=(3.0, -0.4) running=(0.0, 0.0) rescue=False passed=True 
(Filename: E:\unity\Runtime/Export/Debug/Debug.bindings.h Line: 39)

STRATEGY RECOVERY low gap=1.2 rolling=2 step=200 ball=(-1.9, -1.6) vel=(-1.7, 0.0) body=(3.0, -0.4) running=(0.0, 0.0) rescue=False passed=True 
(Filename: E:\unity\Runtime/Export/Debug/Debug.bindings.h Line: 39)

STRATEGY PASS low gap=1.2 rolling=2 AI uses correct jump/backbend/run branch 
(Filename: E:\unity\Runtime/Export/Debug/Debug.bindings.h Line: 39)

STRATEGY PASS low gap=1.2 rolling=2 recovery reaches goal side or clears head ball 
(Filename: E:\unity\Runtime/Export/Debug/Debug.bindings.h Line: 39)

STRATEGY PASS low gap=1.2 rolling=2 recovery avoids scoring into own goal 
(Filename: E:\unity\Runtime/Export/Debug/Debug.bindings.h Line: 39)

STRATEGY PASS low gap=1.2 rolling=2 real skeleton preserved error=0.1449177 
(Filename: E:\unity\Runtime/Export/Debug/Debug.bindings.h Line: 39)

STRATEGY PASS low gap=1.2 rolling=2 balanced after recovery tilt=9.838348 
(Filename: E:\unity\Runtime/Export/Debug/Debug.bindings.h Line: 39)

STRATEGY PASS low gap=1.2 rolling=2 committed recovery is not interrupted by shooting 
(Filename: E:\unity\Runtime/Export/Debug/Debug.bindings.h Line: 39)

STRATEGY PASS low gap=1.2 rolling=2 each attempt has a bounded duration=1.260141 
(Filename: E:\unity\Runtime/Export/Debug/Debug.bindings.h Line: 39)

Unloading 4 Unused Serialized files (Serialized files now loaded: 0)
UnloadTime: 0.949000 ms

Unloading 37 unused Assets to reduce memory usage. Loaded Objects now: 1064.
Total: 1.350200 ms (FindLiveObjects: 0.060700 ms CreateObjectMapping: 0.017800 ms MarkObjects: 0.218000 ms  DeleteObjects: 1.053500 ms)

STRATEGY PARAM side=Zhao skills=True scale=0.75 jump=6.119894 gravity=1 head=0.1168774 
(Filename: E:\unity\Runtime/Export/Debug/Debug.bindings.h Line: 39)

STRATEGY PASS low AI starts native emergency recovery without human input 
(Filename: E:\unity\Runtime/Export/Debug/Debug.bindings.h Line: 39)

STRATEGY RECOVERY low gap=0.8 rolling=3 step=0 ball=(0.9, -1.6) vel=(3.0, -0.2) body=(0.0, -0.3) running=(0.3, 7.1) rescue=True passed=False 
(Filename: E:\unity\Runtime/Export/Debug/Debug.bindings.h Line: 39)

STRATEGY RECOVERY low gap=0.8 rolling=3 step=20 ball=(1.7, -1.6) vel=(2.0, 0.0) body=(1.2, 1.2) running=(4.5, 2.3) rescue=True passed=False 
(Filename: E:\unity\Runtime/Export/Debug/Debug.bindings.h Line: 39)

STRATEGY RECOVERY low gap=0.8 rolling=3 step=40 ball=(2.5, -1.6) vel=(2.0, 0.0) body=(2.6, 1.2) running=(3.7, -2.0) rescue=True passed=False 
(Filename: E:\unity\Runtime/Export/Debug/Debug.bindings.h Line: 39)

STRATEGY RECOVERY low gap=0.8 rolling=3 step=60 ball=(3.2, -1.6) vel=(0.0, 0.0) body=(3.3, -0.3) running=(-0.4, -5.4) rescue=True passed=True 
(Filename: E:\unity\Runtime/Export/Debug/Debug.bindings.h Line: 39)

STRATEGY RECOVERY low gap=0.8 rolling=3 step=80 ball=(2.7, -1.6) vel=(-2.7, 0.0) body=(3.4, -0.4) running=(0.2, 0.1) rescue=False passed=True 
(Filename: E:\unity\Runtime/Export/Debug/Debug.bindings.h Line: 39)

STRATEGY RECOVERY low gap=0.8 rolling=3 step=100 ball=(1.5, -1.6) vel=(-2.8, 0.0) body=(3.3, -0.4) running=(0.0, 0.0) rescue=False passed=True 
(Filename: E:\unity\Runtime/Export/Debug/Debug.bindings.h Line: 39)

STRATEGY RECOVERY low gap=0.8 rolling=3 step=120 ball=(0.4, -1.6) vel=(-2.8, 0.0) body=(3.4, -0.4) running=(0.1, 0.0) rescue=False passed=True 
(Filename: E:\unity\Runtime/Export/Debug/Debug.bindings.h Line: 39)

STRATEGY RECOVERY low gap=0.8 rolling=3 step=140 ball=(-0.8, -1.6) vel=(-2.8, 0.0) body=(3.4, -0.4) running=(0.1, 0.0) rescue=False passed=True 
(Filename: E:\unity\Runtime/Export/Debug/Debug.bindings.h Line: 39)

STRATEGY RECOVERY low gap=0.8 rolling=3 step=160 ball=(-1.9, -1.6) vel=(-2.8, 0.0) body=(3.4, -0.4) running=(-0.1, 0.0) rescue=False passed=True 
(Filename: E:\unity\Runtime/Export/Debug/Debug.bindings.h Line: 39)

STRATEGY RECOVERY low gap=0.8 rolling=3 step=180 ball=(-3.0, -1.6) vel=(-2.8, 0.0) body=(3.4, -0.4) running=(0.0, 0.0) rescue=False passed=True 
(Filename: E:\unity\Runtime/Export/Debug/Debug.bindings.h Line: 39)

STRATEGY RECOVERY low gap=0.8 rolling=3 step=200 ball=(-4.1, -1.6) vel=(-2.8, 0.0) body=(3.4, -0.4) running=(0.1, 0.0) rescue=False passed=True 
(Filename: E:\unity\Runtime/Export/Debug/Debug.bindings.h Line: 39)

STRATEGY PASS low gap=0.8 rolling=3 AI uses correct jump/backbend/run branch 
(Filename: E:\unity\Runtime/Export/Debug/Debug.bindings.h Line: 39)

STRATEGY PASS low gap=0.8 rolling=3 recovery reaches goal side or clears head ball 
(Filename: E:\unity\Runtime/Export/Debug/Debug.bindings.h Line: 39)

STRATEGY PASS low gap=0.8 rolling=3 recovery avoids scoring into own goal 
(Filename: E:\unity\Runtime/Export/Debug/Debug.bindings.h Line: 39)

STRATEGY PASS low gap=0.8 rolling=3 real skeleton preserved error=0.09533704 
(Filename: E:\unity\Runtime/Export/Debug/Debug.bindings.h Line: 39)

STRATEGY PASS low gap=0.8 rolling=3 balanced after recovery tilt=10.70825 
(Filename: E:\unity\Runtime/Export/Debug/Debug.bindings.h Line: 39)

STRATEGY PASS low gap=0.8 rolling=3 committed recovery is not interrupted by shooting 
(Filename: E:\unity\Runtime/Export/Debug/Debug.bindings.h Line: 39)

STRATEGY PASS low gap=0.8 rolling=3 each attempt has a bounded duration=1.232701 
(Filename: E:\unity\Runtime/Export/Debug/Debug.bindings.h Line: 39)

Unloading 4 Unused Serialized files (Serialized files now loaded: 0)
UnloadTime: 0.260000 ms

Unloading 3 unused Assets to reduce memory usage. Loaded Objects now: 1064.
Total: 1.645500 ms (FindLiveObjects: 0.045700 ms CreateObjectMapping: 0.010400 ms MarkObjects: 0.312500 ms  DeleteObjects: 1.276200 ms)

STRATEGY PARAM side=Zhao skills=True scale=0.75 jump=6.119894 gravity=1 head=0.1168774 
(Filename: E:\unity\Runtime/Export/Debug/Debug.bindings.h Line: 39)

STRATEGY PASS low AI starts native emergency recovery without human input 
(Filename: E:\unity\Runtime/Export/Debug/Debug.bindings.h Line: 39)

STRATEGY RECOVERY low gap=1.6 rolling=3 step=0 ball=(1.7, -1.6) vel=(3.0, -0.2) body=(0.0, -0.3) running=(0.3, 7.1) rescue=True passed=False 
(Filename: E:\unity\Runtime/Export/Debug/Debug.bindings.h Line: 39)

STRATEGY RECOVERY low gap=1.6 rolling=3 step=20 ball=(2.5, -1.6) vel=(2.0, 0.0) body=(1.4, 1.2) running=(5.8, 2.3) rescue=True passed=False 
(Filename: E:\unity\Runtime/Export/Debug/Debug.bindings.h Line: 39)

STRATEGY RECOVERY low gap=1.6 rolling=3 step=40 ball=(3.3, -1.6) vel=(2.0, 0.0) body=(3.1, 1.2) running=(4.4, -2.0) rescue=True passed=False 
(Filename: E:\unity\Runtime/Export/Debug/Debug.bindings.h Line: 39)

STRATEGY RECOVERY low gap=1.6 rolling=3 step=60 ball=(4.0, -1.6) vel=(0.0, 0.0) body=(4.1, -0.3) running=(-0.4, -5.4) rescue=True passed=True 
(Filename: E:\unity\Runtime/Export/Debug/Debug.bindings.h Line: 39)

STRATEGY RECOVERY low gap=1.6 rolling=3 step=80 ball=(3.2, -1.6) vel=(-1.9, 0.0) body=(4.1, -0.4) running=(-0.1, -0.1) rescue=False passed=True 
(Filename: E:\unity\Runtime/Export/Debug/Debug.bindings.h Line: 39)

STRATEGY RECOVERY low gap=1.6 rolling=3 step=100 ball=(2.5, -1.6) vel=(-1.9, 0.0) body=(4.1, -0.4) running=(0.0, 0.0) rescue=False passed=True 
(Filename: E:\unity\Runtime/Export/Debug/Debug.bindings.h Line: 39)

STRATEGY RECOVERY low gap=1.6 rolling=3 step=120 ball=(1.7, -1.6) vel=(-1.9, 0.0) body=(4.1, -0.4) running=(0.0, 0.0) rescue=False passed=True 
(Filename: E:\unity\Runtime/Export/Debug/Debug.bindings.h Line: 39)

STRATEGY RECOVERY low gap=1.6 rolling=3 step=140 ball=(1.0, -1.6) vel=(-1.9, 0.0) body=(4.2, -0.4) running=(0.0, 0.0) rescue=False passed=True 
(Filename: E:\unity\Runtime/Export/Debug/Debug.bindings.h Line: 39)

STRATEGY RECOVERY low gap=1.6 rolling=3 step=160 ball=(0.2, -1.6) vel=(-1.9, 0.0) body=(4.1, -0.4) running=(0.0, 0.0) rescue=False passed=True 
(Filename: E:\unity\Runtime/Export/Debug/Debug.bindings.h Line: 39)

STRATEGY RECOVERY low gap=1.6 rolling=3 step=180 ball=(-0.5, -1.6) vel=(-1.8, 0.0) body=(4.1, -0.4) running=(0.0, 0.0) rescue=False passed=True 
(Filename: E:\unity\Runtime/Export/Debug/Debug.bindings.h Line: 39)

STRATEGY RECOVERY low gap=1.6 rolling=3 step=200 ball=(-1.2, -1.6) vel=(-1.8, 0.0) body=(4.1, -0.4) running=(0.0, 0.0) rescue=False passed=True 
(Filename: E:\unity\Runtime/Export/Debug/Debug.bindings.h Line: 39)

STRATEGY PASS low gap=1.6 rolling=3 AI uses correct jump/backbend/run branch 
(Filename: E:\unity\Runtime/Export/Debug/Debug.bindings.h Line: 39)

STRATEGY PASS low gap=1.6 rolling=3 recovery reaches goal side or clears head ball 
(Filename: E:\unity\Runtime/Export/Debug/Debug.bindings.h Line: 39)

STRATEGY PASS low gap=1.6 rolling=3 recovery avoids scoring into own goal 
(Filename: E:\unity\Runtime/Export/Debug/Debug.bindings.h Line: 39)

STRATEGY PASS low gap=1.6 rolling=3 real skeleton preserved error=0.1537392 
(Filename: E:\unity\Runtime/Export/Debug/Debug.bindings.h Line: 39)

STRATEGY PASS low gap=1.6 rolling=3 balanced after recovery tilt=10.58853 
(Filename: E:\unity\Runtime/Export/Debug/Debug.bindings.h Line: 39)

STRATEGY PASS low gap=1.6 rolling=3 committed recovery is not interrupted by shooting 
(Filename: E:\unity\Runtime/Export/Debug/Debug.bindings.h Line: 39)

STRATEGY PASS low gap=1.6 rolling=3 each attempt has a bounded duration=1.233751 
(Filename: E:\unity\Runtime/Export/Debug/Debug.bindings.h Line: 39)

Unloading 4 Unused Serialized files (Serialized files now loaded: 0)
UnloadTime: 0.266700 ms

Unloading 3 unused Assets to reduce memory usage. Loaded Objects now: 1064.
Total: 1.235600 ms (FindLiveObjects: 0.040000 ms CreateObjectMapping: 0.015400 ms MarkObjects: 0.181100 ms  DeleteObjects: 0.998900 ms)

STRATEGY PARAM side=Zhao skills=True scale=0.75 jump=6.119894 gravity=1 head=0.1168774 
(Filename: E:\unity\Runtime/Export/Debug/Debug.bindings.h Line: 39)

STRATEGY PASS head AI starts native emergency recovery without human input 
(Filename: E:\unity\Runtime/Export/Debug/Debug.bindings.h Line: 39)

STRATEGY RECOVERY head gap=1.2 rolling=2 step=0 ball=(0.5, 0.1) vel=(0.0, 0.0) body=(0.0, -0.4) running=(0.0, 0.0) rescue=True passed=False 
(Filename: E:\unity\Runtime/Export/Debug/Debug.bindings.h Line: 39)

STRATEGY RECOVERY head gap=1.2 rolling=2 step=20 ball=(3.2, 1.4) vel=(9.0, 4.3) body=(0.0, -0.4) running=(-0.3, 0.1) rescue=False passed=False 
(Filename: E:\unity\Runtime/Export/Debug/Debug.bindings.h Line: 39)

STRATEGY RECOVERY head gap=1.2 rolling=2 step=40 ball=(6.8, 3.1) vel=(9.0, 4.3) body=(0.0, -0.4) running=(-0.1, 0.0) rescue=False passed=False 
(Filename: E:\unity\Runtime/Export/Debug/Debug.bindings.h Line: 39)

STRATEGY RECOVERY head gap=1.2 rolling=2 step=60 ball=(7.4, 4.5) vel=(-7.2, 2.5) body=(-0.1, -0.4) running=(-0.1, 0.0) rescue=False passed=False 
(Filename: E:\unity\Runtime/Export/Debug/Debug.bindings.h Line: 39)

STRATEGY RECOVERY head gap=1.2 rolling=2 step=80 ball=(4.8, 4.7) vel=(-5.6, -2.0) body=(-0.1, -0.4) running=(0.1, 0.0) rescue=False passed=False 
(Filename: E:\unity\Runtime/Export/Debug/Debug.bindings.h Line: 39)

STRATEGY RECOVERY head gap=1.2 rolling=2 step=100 ball=(2.6, 3.9) vel=(-5.6, -2.0) body=(0.0, -0.4) running=(0.0, 0.0) rescue=False passed=False 
(Filename: E:\unity\Runtime/Export/Debug/Debug.bindings.h Line: 39)

STRATEGY RECOVERY head gap=1.2 rolling=2 step=120 ball=(0.3, 3.1) vel=(-5.6, -2.0) body=(-0.1, -0.4) running=(-0.1, 0.0) rescue=False passed=False 
(Filename: E:\unity\Runtime/Export/Debug/Debug.bindings.h Line: 39)

STRATEGY RECOVERY head gap=1.2 rolling=2 step=140 ball=(3.6, 3.3) vel=(0.0, 0.0) body=(6.1, -0.1) running=(-0.1, -0.3) rescue=False passed=True 
(Filename: E:\unity\Runtime/Export/Debug/Debug.bindings.h Line: 39)

STRATEGY RECOVERY head gap=1.2 rolling=2 step=160 ball=(3.6, 3.3) vel=(0.0, 0.0) body=(6.1, -0.4) running=(-0.5, 0.0) rescue=False passed=True 
(Filename: E:\unity\Runtime/Export/Debug/Debug.bindings.h Line: 39)

STRATEGY RECOVERY head gap=1.2 rolling=2 step=180 ball=(3.6, 3.3) vel=(0.0, 0.0) body=(6.0, -0.4) running=(0.0, 0.0) rescue=False passed=True 
(Filename: E:\unity\Runtime/Export/Debug/Debug.bindings.h Line: 39)

STRATEGY RECOVERY head gap=1.2 rolling=2 step=200 ball=(3.6, 3.3) vel=(0.0, 0.0) body=(6.1, -0.4) running=(0.2, 0.0) rescue=False passed=True 
(Filename: E:\unity\Runtime/Export/Debug/Debug.bindings.h Line: 39)

STRATEGY PASS head gap=1.2 rolling=2 AI uses correct jump/backbend/run branch 
(Filename: E:\unity\Runtime/Export/Debug/Debug.bindings.h Line: 39)

STRATEGY PASS head gap=1.2 rolling=2 recovery reaches goal side or clears head ball 
(Filename: E:\unity\Runtime/Export/Debug/Debug.bindings.h Line: 39)

STRATEGY PASS head gap=1.2 rolling=2 recovery avoids scoring into own goal 
(Filename: E:\unity\Runtime/Export/Debug/Debug.bindings.h Line: 39)

STRATEGY PASS head gap=1.2 rolling=2 real skeleton preserved error=0.02628542 
(Filename: E:\unity\Runtime/Export/Debug/Debug.bindings.h Line: 39)

STRATEGY PASS head gap=1.2 rolling=2 balanced after recovery tilt=11.15833 
(Filename: E:\unity\Runtime/Export/Debug/Debug.bindings.h Line: 39)

STRATEGY PASS head gap=1.2 rolling=2 committed recovery is not interrupted by shooting 
(Filename: E:\unity\Runtime/Export/Debug/Debug.bindings.h Line: 39)

STRATEGY PASS head gap=1.2 rolling=2 each attempt has a bounded duration=0.09375858 
(Filename: E:\unity\Runtime/Export/Debug/Debug.bindings.h Line: 39)

Unloading 4 Unused Serialized files (Serialized files now loaded: 0)
UnloadTime: 0.303100 ms

Unloading 4 unused Assets to reduce memory usage. Loaded Objects now: 1068.
Total: 1.253400 ms (FindLiveObjects: 0.064500 ms CreateObjectMapping: 0.018400 ms MarkObjects: 0.192200 ms  DeleteObjects: 0.977800 ms)

STRATEGY PARAM side=Zhao skills=True scale=0.75 jump=6.119894 gravity=1 head=0.1147858 
(Filename: E:\unity\Runtime/Export/Debug/Debug.bindings.h Line: 39)

STRATEGY PASS high AI starts native emergency recovery without human input 
(Filename: E:\unity\Runtime/Export/Debug/Debug.bindings.h Line: 39)

STRATEGY RECOVERY high gap=1.2 rolling=2 step=0 ball=(1.2, 2.1) vel=(0.0, 0.0) body=(0.0, -0.4) running=(0.9, -0.3) rescue=True passed=False 
(Filename: E:\unity\Runtime/Export/Debug/Debug.bindings.h Line: 39)

STRATEGY RECOVERY high gap=1.2 rolling=2 step=20 ball=(1.2, 2.1) vel=(0.0, 0.0) body=(1.2, -1.0) running=(3.4, -1.7) rescue=True passed=False 
(Filename: E:\unity\Runtime/Export/Debug/Debug.bindings.h Line: 39)

STRATEGY RECOVERY high gap=1.2 rolling=2 step=40 ball=(1.2, 2.1) vel=(0.0, 0.0) body=(1.6, -0.7) running=(-0.7, 4.8) rescue=False passed=True 
(Filename: E:\unity\Runtime/Export/Debug/Debug.bindings.h Line: 39)

STRATEGY RECOVERY high gap=1.2 rolling=2 step=60 ball=(1.2, 2.1) vel=(0.0, 0.0) body=(1.5, 0.4) running=(0.0, 0.6) rescue=False passed=True 
(Filename: E:\unity\Runtime/Export/Debug/Debug.bindings.h Line: 39)

STRATEGY RECOVERY high gap=1.2 rolling=2 step=80 ball=(1.2, 2.1) vel=(0.0, 0.0) body=(1.5, -0.2) running=(0.0, -3.2) rescue=False passed=True 
(Filename: E:\unity\Runtime/Export/Debug/Debug.bindings.h Line: 39)

STRATEGY RECOVERY high gap=1.2 rolling=2 step=100 ball=(1.2, 2.1) vel=(0.0, 0.0) body=(1.4, -0.4) running=(0.0, 0.1) rescue=False passed=True 
(Filename: E:\unity\Runtime/Export/Debug/Debug.bindings.h Line: 39)

STRATEGY RECOVERY high gap=1.2 rolling=2 step=120 ball=(1.2, 2.1) vel=(0.0, 0.0) body=(1.4, -0.4) running=(-0.1, 0.1) rescue=False passed=True 
(Filename: E:\unity\Runtime/Export/Debug/Debug.bindings.h Line: 39)

STRATEGY RECOVERY high gap=1.2 rolling=2 step=140 ball=(1.2, 2.1) vel=(0.0, 0.0) body=(1.5, -0.4) running=(0.1, 0.0) rescue=False passed=True 
(Filename: E:\unity\Runtime/Export/Debug/Debug.bindings.h Line: 39)

STRATEGY RECOVERY high gap=1.2 rolling=2 step=160 ball=(1.2, 2.1) vel=(0.0, 0.0) body=(1.5, -0.4) running=(0.0, 0.0) rescue=False passed=True 
(Filename: E:\unity\Runtime/Export/Debug/Debug.bindings.h Line: 39)

STRATEGY RECOVERY high gap=1.2 rolling=2 step=180 ball=(1.2, 2.1) vel=(0.0, 0.0) body=(1.5, -0.4) running=(-0.1, 0.0) rescue=False passed=True 
(Filename: E:\unity\Runtime/Export/Debug/Debug.bindings.h Line: 39)

STRATEGY RECOVERY high gap=1.2 rolling=2 step=200 ball=(1.2, 2.1) vel=(0.0, 0.0) body=(1.5, -0.4) running=(0.0, 0.0) rescue=False passed=True 
(Filename: E:\unity\Runtime/Export/Debug/Debug.bindings.h Line: 39)

STRATEGY PASS high gap=1.2 rolling=2 AI uses correct jump/backbend/run branch 
(Filename: E:\unity\Runtime/Export/Debug/Debug.bindings.h Line: 39)

STRATEGY PASS high gap=1.2 rolling=2 recovery reaches goal side or clears head ball 
(Filename: E:\unity\Runtime/Export/Debug/Debug.bindings.h Line: 39)

STRATEGY PASS high gap=1.2 rolling=2 recovery avoids scoring into own goal 
(Filename: E:\unity\Runtime/Export/Debug/Debug.bindings.h Line: 39)

STRATEGY PASS high gap=1.2 rolling=2 real skeleton preserved error=0.08936096 
(Filename: E:\unity\Runtime/Export/Debug/Debug.bindings.h Line: 39)

STRATEGY PASS high gap=1.2 rolling=2 balanced after recovery tilt=10.70132 
(Filename: E:\unity\Runtime/Export/Debug/Debug.bindings.h Line: 39)

STRATEGY PASS high gap=1.2 rolling=2 committed recovery is not interrupted by shooting 
(Filename: E:\unity\Runtime/Export/Debug/Debug.bindings.h Line: 39)

STRATEGY PASS high gap=1.2 rolling=2 each attempt has a bounded duration=0.6580696 
(Filename: E:\unity\Runtime/Export/Debug/Debug.bindings.h Line: 39)

Unloading 4 Unused Serialized files (Serialized files now loaded: 0)
UnloadTime: 0.255300 ms

Unloading 2 unused Assets to reduce memory usage. Loaded Objects now: 1064.
Total: 1.149600 ms (FindLiveObjects: 0.037100 ms CreateObjectMapping: 0.008000 ms MarkObjects: 0.230700 ms  DeleteObjects: 0.873200 ms)

STRATEGY PARAM side=Zhao skills=True scale=0.75 jump=6.119894 gravity=1 head=0.1147858 
(Filename: E:\unity\Runtime/Export/Debug/Debug.bindings.h Line: 39)

STRATEGY PASS unreachable rising high ball prepositions instead of jumping 
(Filename: E:\unity\Runtime/Export/Debug/Debug.bindings.h Line: 39)

STRATEGY PASS aerial plan retains standing reference height 
(Filename: E:\unity\Runtime/Export/Debug/Debug.bindings.h Line: 39)

STRATEGY PASS fast overhead pass avoids futile late jump 
(Filename: E:\unity\Runtime/Export/Debug/Debug.bindings.h Line: 39)

Unloading 4 Unused Serialized files (Serialized files now loaded: 0)
UnloadTime: 0.257100 ms

Unloading 2 unused Assets to reduce memory usage. Loaded Objects now: 1064.
Total: 1.250600 ms (FindLiveObjects: 0.052900 ms CreateObjectMapping: 0.016000 ms MarkObjects: 0.248800 ms  DeleteObjects: 0.932300 ms)

STRATEGY PARAM side=Zhao skills=True scale=0.75 jump=6.119894 gravity=1 head=0.1147858 
(Filename: E:\unity\Runtime/Export/Debug/Debug.bindings.h Line: 39)

STRATEGY PASS rising incoming shot executes interception action jumps=1 heads=1 
(Filename: E:\unity\Runtime/Export/Debug/Debug.bindings.h Line: 39)

STRATEGY PASS rising incoming shot reaches native player collision 
(Filename: E:\unity\Runtime/Export/Debug/Debug.bindings.h Line: 39)

STRATEGY PASS rising interception retains physical skeleton error=0.1154965 
(Filename: E:\unity\Runtime/Export/Debug/Debug.bindings.h Line: 39)

Unloading 4 Unused Serialized files (Serialized files now loaded: 0)
UnloadTime: 0.264200 ms

Unloading 3 unused Assets to reduce memory usage. Loaded Objects now: 1069.
Total: 1.271500 ms (FindLiveObjects: 0.035100 ms CreateObjectMapping: 0.009000 ms MarkObjects: 0.232600 ms  DeleteObjects: 0.994500 ms)

STRATEGY PARAM side=Zhao skills=True scale=0.75 jump=6.119894 gravity=1 head=0.1168774 
(Filename: E:\unity\Runtime/Export/Debug/Debug.bindings.h Line: 39)

STRATEGY PASS returning foot ball uses real collision fixture 
(Filename: E:\unity\Runtime/Export/Debug/Debug.bindings.h Line: 39)

STRATEGY PASS returning contact does not receive an own-goal push vx=0 
(Filename: E:\unity\Runtime/Export/Debug/Debug.bindings.h Line: 39)

STRATEGY PASS returning-contact absorption retains rig error=0.04302585 
(Filename: E:\unity\Runtime/Export/Debug/Debug.bindings.h Line: 39)

Unloading 4 Unused Serialized files (Serialized files now loaded: 0)
UnloadTime: 0.295400 ms

Unloading 2 unused Assets to reduce memory usage. Loaded Objects now: 1065.
Total: 1.171400 ms (FindLiveObjects: 0.032900 ms CreateObjectMapping: 0.007700 ms MarkObjects: 0.272500 ms  DeleteObjects: 0.857900 ms)

STRATEGY PARAM side=Zhao skills=True scale=0.75 jump=6.119894 gravity=1 head=0.1135373 
(Filename: E:\unity\Runtime/Export/Debug/Debug.bindings.h Line: 39)

STRATEGY CONTACT step=0 ball=(0.4, -0.2) vx=0 body=(0.0, -0.4) rescue=False recovery=0.9976597 kick=False 
(Filename: E:\unity\Runtime/Export/Debug/Debug.bindings.h Line: 39)

STRATEGY CONTACT step=1 ball=(0.4, -0.2) vx=0 body=(0.0, -0.4) rescue=False recovery=0.9776592 kick=False 
(Filename: E:\unity\Runtime/Export/Debug/Debug.bindings.h Line: 39)

STRATEGY CONTACT step=2 ball=(0.4, -0.2) vx=0 body=(0.0, -0.4) rescue=False recovery=0.9576607 kick=False 
(Filename: E:\unity\Runtime/Export/Debug/Debug.bindings.h Line: 39)

STRATEGY CONTACT step=3 ball=(0.4, -0.2) vx=0 body=(0.0, -0.4) rescue=False recovery=0.9376602 kick=False 
(Filename: E:\unity\Runtime/Export/Debug/Debug.bindings.h Line: 39)

STRATEGY CONTACT step=4 ball=(0.4, -0.2) vx=0 body=(0.0, -0.4) rescue=False recovery=0.9176598 kick=False 
(Filename: E:\unity\Runtime/Export/Debug/Debug.bindings.h Line: 39)

STRATEGY CONTACT step=5 ball=(0.4, -0.3) vx=0 body=(0.0, -0.4) rescue=False recovery=0.8976593 kick=False 
(Filename: E:\unity\Runtime/Export/Debug/Debug.bindings.h Line: 39)

STRATEGY CONTACT step=6 ball=(0.4, -0.3) vx=0 body=(0.0, -0.4) rescue=False recovery=0.8776608 kick=False 
(Filename: E:\unity\Runtime/Export/Debug/Debug.bindings.h Line: 39)

STRATEGY CONTACT step=7 ball=(0.5, -0.3) vx=0 body=(0.0, -0.4) rescue=False recovery=0.8576603 kick=False 
(Filename: E:\unity\Runtime/Export/Debug/Debug.bindings.h Line: 39)

STRATEGY CONTACT step=8 ball=(0.5, -0.3) vx=0 body=(0.0, -0.4) rescue=False recovery=0.8376598 kick=False 
(Filename: E:\unity\Runtime/Export/Debug/Debug.bindings.h Line: 39)

STRATEGY CONTACT step=9 ball=(0.5, -0.3) vx=0 body=(0.0, -0.4) rescue=False recovery=0.8176594 kick=False 
(Filename: E:\unity\Runtime/Export/Debug/Debug.bindings.h Line: 39)

STRATEGY CONTACT step=10 ball=(0.5, -0.3) vx=0 body=(0.0, -0.4) rescue=False recovery=0.7976608 kick=False 
(Filename: E:\unity\Runtime/Export/Debug/Debug.bindings.h Line: 39)

STRATEGY CONTACT step=11 ball=(0.5, -0.3) vx=0 body=(0.0, -0.4) rescue=False recovery=0.7776604 kick=False 
(Filename: E:\unity\Runtime/Export/Debug/Debug.bindings.h Line: 39)

STRATEGY CONTACT step=12 ball=(0.5, -0.4) vx=0 body=(0.0, -0.4) rescue=False recovery=0.7576599 kick=False 
(Filename: E:\unity\Runtime/Export/Debug/Debug.bindings.h Line: 39)

STRATEGY CONTACT step=13 ball=(0.5, -0.4) vx=0 body=(0.0, -0.4) rescue=False recovery=0.7376595 kick=False 
(Filename: E:\unity\Runtime/Export/Debug/Debug.bindings.h Line: 39)

STRATEGY CONTACT step=14 ball=(0.5, -0.4) vx=0 body=(0.0, -0.4) rescue=False recovery=0.7176609 kick=False 
(Filename: E:\unity\Runtime/Export/Debug/Debug.bindings.h Line: 39)

STRATEGY CONTACT step=15 ball=(0.5, -0.4) vx=0 body=(0.0, -0.4) rescue=False recovery=0.6976604 kick=False 
(Filename: E:\unity\Runtime/Export/Debug/Debug.bindings.h Line: 39)

STRATEGY CONTACT step=16 ball=(0.5, -0.4) vx=0 body=(0.0, -0.4) rescue=False recovery=0.67766 kick=False 
(Filename: E:\unity\Runtime/Export/Debug/Debug.bindings.h Line: 39)

STRATEGY CONTACT step=17 ball=(0.5, -0.4) vx=0 body=(0.0, -0.4) rescue=False recovery=0.6576595 kick=False 
(Filename: E:\unity\Runtime/Export/Debug/Debug.bindings.h Line: 39)

STRATEGY CONTACT step=18 ball=(0.5, -0.5) vx=0 body=(0.0, -0.4) rescue=False recovery=0.637661 kick=False 
(Filename: E:\unity\Runtime/Export/Debug/Debug.bindings.h Line: 39)

STRATEGY CONTACT step=19 ball=(0.5, -0.5) vx=0 body=(0.0, -0.4) rescue=False recovery=0.6176605 kick=False 
(Filename: E:\unity\Runtime/Export/Debug/Debug.bindings.h Line: 39)

STRATEGY CONTACT step=20 ball=(0.5, -0.5) vx=0 body=(0.0, -0.4) rescue=False recovery=0.5976601 kick=False 
(Filename: E:\unity\Runtime/Export/Debug/Debug.bindings.h Line: 39)

STRATEGY CONTACT step=21 ball=(0.5, -0.5) vx=0 body=(0.0, -0.4) rescue=False recovery=0.5776596 kick=False 
(Filename: E:\unity\Runtime/Export/Debug/Debug.bindings.h Line: 39)

STRATEGY CONTACT step=22 ball=(0.5, -0.5) vx=0 body=(0.0, -0.4) rescue=False recovery=0.5576611 kick=False 
(Filename: E:\unity\Runtime/Export/Debug/Debug.bindings.h Line: 39)

STRATEGY CONTACT step=23 ball=(0.5, -0.6) vx=0 body=(0.0, -0.4) rescue=False recovery=0.5376606 kick=False 
(Filename: E:\unity\Runtime/Export/Debug/Debug.bindings.h Line: 39)

STRATEGY CONTACT step=24 ball=(0.5, -0.6) vx=0 body=(0.0, -0.4) rescue=False recovery=0.5176601 kick=False 
(Filename: E:\unity\Runtime/Export/Debug/Debug.bindings.h Line: 39)

STRATEGY CONTACT step=25 ball=(0.5, -0.6) vx=0 body=(0.0, -0.4) rescue=False recovery=0.4976597 kick=False 
(Filename: E:\unity\Runtime/Export/Debug/Debug.bindings.h Line: 39)

STRATEGY CONTACT step=26 ball=(0.5, -0.7) vx=0 body=(0.0, -0.4) rescue=False recovery=0.4776592 kick=False 
(Filename: E:\unity\Runtime/Export/Debug/Debug.bindings.h Line: 39)

STRATEGY CONTACT step=27 ball=(0.5, -0.7) vx=0 body=(0.0, -0.4) rescue=False recovery=0.4576607 kick=False 
(Filename: E:\unity\Runtime/Export/Debug/Debug.bindings.h Line: 39)

STRATEGY CONTACT step=28 ball=(0.5, -0.8) vx=0 body=(0.0, -0.4) rescue=False recovery=0.4376602 kick=False 
(Filename: E:\unity\Runtime/Export/Debug/Debug.bindings.h Line: 39)

STRATEGY CONTACT step=29 ball=(0.5, -0.8) vx=0 body=(0.0, -0.4) rescue=False recovery=0.4176598 kick=False 
(Filename: E:\unity\Runtime/Export/Debug/Debug.bindings.h Line: 39)

STRATEGY CONTACT step=30 ball=(0.5, -0.9) vx=0 body=(0.0, -0.4) rescue=False recovery=0.3976593 kick=False 
(Filename: E:\unity\Runtime/Export/Debug/Debug.bindings.h Line: 39)

STRATEGY CONTACT step=31 ball=(0.5, -0.9) vx=0 body=(0.0, -0.4) rescue=False recovery=0.3776608 kick=False 
(Filename: E:\unity\Runtime/Export/Debug/Debug.bindings.h Line: 39)

STRATEGY CONTACT step=32 ball=(0.5, -1.0) vx=0 body=(0.0, -0.4) rescue=False recovery=0.3576603 kick=False 
(Filename: E:\unity\Runtime/Export/Debug/Debug.bindings.h Line: 39)

STRATEGY CONTACT step=33 ball=(0.5, -1.0) vx=0 body=(0.0, -0.4) rescue=False recovery=0.3376598 kick=False 
(Filename: E:\unity\Runtime/Export/Debug/Debug.bindings.h Line: 39)

STRATEGY CONTACT step=34 ball=(0.5, -1.1) vx=0 body=(0.0, -0.4) rescue=False recovery=0.3176594 kick=False 
(Filename: E:\unity\Runtime/Export/Debug/Debug.bindings.h Line: 39)

STRATEGY CONTACT step=35 ball=(0.5, -1.2) vx=0 body=(0.0, -0.4) rescue=False recovery=0.2976608 kick=False 
(Filename: E:\unity\Runtime/Export/Debug/Debug.bindings.h Line: 39)

STRATEGY CONTACT step=36 ball=(0.5, -1.3) vx=0 body=(0.0, -0.4) rescue=False recovery=0.2776604 kick=False 
(Filename: E:\unity\Runtime/Export/Debug/Debug.bindings.h Line: 39)

STRATEGY CONTACT step=37 ball=(0.5, -1.3) vx=0 body=(0.0, -0.4) rescue=False recovery=0.2576599 kick=False 
(Filename: E:\unity\Runtime/Export/Debug/Debug.bindings.h Line: 39)

STRATEGY CONTACT step=38 ball=(0.5, -1.4) vx=0 body=(0.0, -0.4) rescue=False recovery=0.2376595 kick=False 
(Filename: E:\unity\Runtime/Export/Debug/Debug.bindings.h Line: 39)

STRATEGY CONTACT step=39 ball=(0.5, -1.5) vx=0 body=(0.0, -0.4) rescue=False recovery=0.2176609 kick=False 
(Filename: E:\unity\Runtime/Export/Debug/Debug.bindings.h Line: 39)

STRATEGY CONTACT step=40 ball=(0.5, -1.6) vx=0 body=(0.0, -0.4) rescue=False recovery=0.1976604 kick=False 
(Filename: E:\unity\Runtime/Export/Debug/Debug.bindings.h Line: 39)

STRATEGY CONTACT step=41 ball=(0.5, -1.6) vx=0 body=(0.0, -0.4) rescue=False recovery=0.17766 kick=False 
(Filename: E:\unity\Runtime/Export/Debug/Debug.bindings.h Line: 39)

STRATEGY CONTACT step=42 ball=(0.5, -1.5) vx=0 body=(0.0, -0.4) rescue=False recovery=0.1576595 kick=False 
(Filename: E:\unity\Runtime/Export/Debug/Debug.bindings.h Line: 39)

STRATEGY CONTACT step=43 ball=(0.5, -1.4) vx=0 body=(0.0, -0.4) rescue=False recovery=0.137661 kick=False 
(Filename: E:\unity\Runtime/Export/Debug/Debug.bindings.h Line: 39)

STRATEGY CONTACT step=44 ball=(0.5, -1.3) vx=0 body=(0.0, -0.4) rescue=False recovery=0.1176605 kick=False 
(Filename: E:\unity\Runtime/Export/Debug/Debug.bindings.h Line: 39)

STRATEGY CONTACT step=45 ball=(0.5, -1.3) vx=0 body=(0.0, -0.4) rescue=False recovery=0.09766006 kick=False 
(Filename: E:\unity\Runtime/Export/Debug/Debug.bindings.h Line: 39)

STRATEGY CONTACT step=46 ball=(0.5, -1.2) vx=0 body=(0.0, -0.4) rescue=False recovery=0.07765961 kick=False 
(Filename: E:\unity\Runtime/Export/Debug/Debug.bindings.h Line: 39)

STRATEGY CONTACT step=47 ball=(0.5, -1.2) vx=0 body=(0.0, -0.4) rescue=False recovery=0.05766106 kick=False 
(Filename: E:\unity\Runtime/Export/Debug/Debug.bindings.h Line: 39)

STRATEGY CONTACT step=48 ball=(0.5, -1.1) vx=0 body=(0.0, -0.4) rescue=False recovery=0.0376606 kick=False 
(Filename: E:\unity\Runtime/Export/Debug/Debug.bindings.h Line: 39)

STRATEGY CONTACT step=49 ball=(0.5, -1.1) vx=0 body=(0.0, -0.4) rescue=False recovery=0.01766014 kick=False 
(Filename: E:\unity\Runtime/Export/Debug/Debug.bindings.h Line: 39)

STRATEGY CONTACT step=50 ball=(0.5, -1.0) vx=0 body=(0.0, -0.4) rescue=True recovery=1 kick=False 
(Filename: E:\unity\Runtime/Export/Debug/Debug.bindings.h Line: 39)

STRATEGY CONTACT step=51 ball=(0.5, -1.0) vx=0 body=(0.0, -0.4) rescue=True recovery=1 kick=False 
(Filename: E:\unity\Runtime/Export/Debug/Debug.bindings.h Line: 39)

STRATEGY CONTACT step=52 ball=(0.5, -1.0) vx=0 body=(0.0, -0.4) rescue=True recovery=1 kick=False 
(Filename: E:\unity\Runtime/Export/Debug/Debug.bindings.h Line: 39)

STRATEGY CONTACT step=53 ball=(0.5, -0.9) vx=0 body=(0.0, -0.4) rescue=True recovery=1 kick=False 
(Filename: E:\unity\Runtime/Export/Debug/Debug.bindings.h Line: 39)

STRATEGY CONTACT step=54 ball=(0.5, -0.9) vx=0 body=(0.0, -0.3) rescue=True recovery=0.9995365 kick=False 
(Filename: E:\unity\Runtime/Export/Debug/Debug.bindings.h Line: 39)

STRATEGY CONTACT step=55 ball=(0.5, -0.9) vx=0 body=(0.0, -0.2) rescue=True recovery=0.9963932 kick=False 
(Filename: E:\unity\Runtime/Export/Debug/Debug.bindings.h Line: 39)

STRATEGY CONTACT step=56 ball=(0.5, -0.9) vx=0 body=(0.0, -0.1) rescue=True recovery=0.9930611 kick=False 
(Filename: E:\unity\Runtime/Export/Debug/Debug.bindings.h Line: 39)

STRATEGY CONTACT step=57 ball=(0.5, -0.9) vx=0 body=(0.0, 0.0) rescue=True recovery=0.9980621 kick=False 
(Filename: E:\unity\Runtime/Export/Debug/Debug.bindings.h Line: 39)

STRATEGY CONTACT step=58 ball=(0.5, -0.9) vx=0 body=(0.0, 0.2) rescue=True recovery=0.9947834 kick=False 
(Filename: E:\unity\Runtime/Export/Debug/Debug.bindings.h Line: 39)

STRATEGY CONTACT step=59 ball=(0.5, -0.8) vx=0 body=(0.0, 0.3) rescue=True recovery=0.9997826 kick=False 
(Filename: E:\unity\Runtime/Export/Debug/Debug.bindings.h Line: 39)

STRATEGY PASS returning torso ball uses real collision fixture 
(Filename: E:\unity\Runtime/Export/Debug/Debug.bindings.h Line: 39)

STRATEGY PASS returning contact does not receive an own-goal push vx=0 
(Filename: E:\unity\Runtime/Export/Debug/Debug.bindings.h Line: 39)

STRATEGY PASS returning-contact absorption retains rig error=0.03761005 
(Filename: E:\unity\Runtime/Export/Debug/Debug.bindings.h Line: 39)

Unloading 4 Unused Serialized files (Serialized files now loaded: 0)
UnloadTime: 0.238000 ms

Unloading 3 unused Assets to reduce memory usage. Loaded Objects now: 1065.
Total: 1.189400 ms (FindLiveObjects: 0.032000 ms CreateObjectMapping: 0.008300 ms MarkObjects: 0.208800 ms  DeleteObjects: 0.939700 ms)

STRATEGY PARAM side=Zhao skills=True scale=0.75 jump=6.119894 gravity=1 head=0.1168774 
(Filename: E:\unity\Runtime/Export/Debug/Debug.bindings.h Line: 39)

STRATEGY LOB step=0 ball=(2.5, 2.4) velocity=(-3.2, -0.7) player=(2.0, -0.3) run=(0.0, 7.1) head=(1.9, 0.2, 0.2) target=1.731961 eta=0.32 jump=False heading=False plan=True rescue=False standing=0.1033038 axis=-0.4785545 
(Filename: E:\unity\Runtime/Export/Debug/Debug.bindings.h Line: 39)

STRATEGY LOB step=8 ball=(2.0, 2.2) velocity=(-3.2, -2.3) player=(1.9, 0.5) run=(-0.7, 4.5) head=(1.8, 1.0, 0.2) target=1.893947 eta=0.12 jump=False heading=False plan=True rescue=False standing=0.1033038 axis=0 
(Filename: E:\unity\Runtime/Export/Debug/Debug.bindings.h Line: 39)

STRATEGY LOB step=16 ball=(1.5, 1.9) velocity=(-3.7, 0.8) player=(1.9, 1.0) run=(-0.4, 2.4) head=(1.5, 1.4, 0.2) target=1.627932 eta=0.08 jump=False heading=False plan=True rescue=False standing=0.1033038 axis=-0.5503063 
(Filename: E:\unity\Runtime/Export/Debug/Debug.bindings.h Line: 39)

STRATEGY LOB step=24 ball=(0.9, 1.8) velocity=(-3.7, -0.7) player=(1.7, 1.3) run=(-0.9, 0.6) head=(1.5, 1.7, 0.2) target=-1.630758 eta=2.4 jump=False heading=False plan=True rescue=False standing=0.1033038 axis=-0.65 
(Filename: E:\unity\Runtime/Export/Debug/Debug.bindings.h Line: 39)

STRATEGY LOB step=32 ball=(0.3, 1.6) velocity=(-3.7, -2.3) player=(1.7, 1.3) run=(-0.1, -1.1) head=(1.6, 1.8, 0.2) target=-1.892978 eta=2.4 jump=False heading=False plan=True rescue=False standing=0.1033038 axis=-0.65 
(Filename: E:\unity\Runtime/Export/Debug/Debug.bindings.h Line: 39)

STRATEGY LOB step=40 ball=(-0.3, 1.1) velocity=(-3.7, -3.9) player=(1.5, 1.0) run=(-1.4, -2.0) head=(1.5, 1.5, 0.2) target=-1.993137 eta=2.4 jump=False heading=False plan=True rescue=False standing=0.1033038 axis=-0.65 
(Filename: E:\unity\Runtime/Export/Debug/Debug.bindings.h Line: 39)

STRATEGY LOB step=48 ball=(-0.9, 0.3) velocity=(-3.7, -5.4) player=(1.2, 0.4) run=(-2.2, -3.7) head=(1.1, 1.0, 0.2) target=-1.880262 eta=2.4 jump=False heading=False plan=True rescue=False standing=0.1033038 axis=-0.65 
(Filename: E:\unity\Runtime/Export/Debug/Debug.bindings.h Line: 39)

STRATEGY LOB step=56 ball=(-1.5, -0.7) velocity=(-3.7, -7.0) player=(0.8, -0.4) run=(-2.6, -6.0) head=(0.6, 0.1, 0.2) target=-1.457422 eta=0.12 jump=False heading=False plan=False rescue=False standing=0.1033038 axis=-1 
(Filename: E:\unity\Runtime/Export/Debug/Debug.bindings.h Line: 39)

STRATEGY LOB step=64 ball=(-2.1, -1.3) velocity=(-2.4, 6.5) player=(0.4, -1.0) run=(-3.3, -2.1) head=(0.2, -0.6, 0.2) target=-1.862438 eta=0.12 jump=False heading=False plan=False rescue=False standing=0.1033038 axis=-1 
(Filename: E:\unity\Runtime/Export/Debug/Debug.bindings.h Line: 39)

STRATEGY LOB step=72 ball=(-2.5, -0.4) velocity=(-2.4, 4.9) player=(-0.2, -0.8) run=(-3.8, 1.9) head=(-0.4, -0.4, 0.2) target=-2.240042 eta=0.12 jump=False heading=False plan=False rescue=False standing=0.1033038 axis=-1 
(Filename: E:\unity\Runtime/Export/Debug/Debug.bindings.h Line: 39)

STRATEGY LOB step=80 ball=(-2.8, 0.2) velocity=(-2.4, 3.4) player=(-0.7, -0.5) run=(-3.2, 1.6) head=(-0.9, 0.0, 0.2) target=-5.198273 eta=2.4 jump=False heading=False plan=True rescue=False standing=0.1033038 axis=-1 
(Filename: E:\unity\Runtime/Export/Debug/Debug.bindings.h Line: 39)

STRATEGY LOB step=88 ball=(-3.2, 0.6) velocity=(-2.4, 1.8) player=(-1.3, -0.4) run=(-3.7, -0.3) head=(-1.2, 0.1, 0.2) target=-5.198273 eta=2.4 jump=False heading=False plan=True rescue=False standing=0.1033038 axis=-1 
(Filename: E:\unity\Runtime/Export/Debug/Debug.bindings.h Line: 39)

STRATEGY LOB step=96 ball=(-3.6, 0.7) velocity=(-2.4, 0.2) player=(-1.9, -0.4) run=(-4.3, 0.2) head=(-2.0, 0.1, 0.2) target=-5.196461 eta=2.4 jump=False heading=False plan=True rescue=False standing=0.1033038 axis=-1 
(Filename: E:\unity\Runtime/Export/Debug/Debug.bindings.h Line: 39)

STRATEGY PASS live lob plans reachable contact Zhao skills=True jump=False 
(Filename: E:\unity\Runtime/Export/Debug/Debug.bindings.h Line: 39)

STRATEGY PASS live lob intercepted by native collision or existing head skill Zhao skills=True collision=True header=False 
(Filename: E:\unity\Runtime/Export/Debug/Debug.bindings.h Line: 39)

STRATEGY PASS lob interception preserves skeleton Zhao error=0.1100707 
(Filename: E:\unity\Runtime/Export/Debug/Debug.bindings.h Line: 39)

STRATEGY COMPLETE checks=55 lobTouches=1 failures=0 
(Filename: E:\unity\Runtime/Export/Debug/Debug.bindings.h Line: 39)

Setting up 12 worker threads for Enlighten.
  Thread -> id: 1590 -> priority: 1 
  Thread -> id: 4998 -> priority: 1 
  Thread -> id: 608c -> priority: 1 
  Thread -> id: 8ab0 -> priority: 1 
  Thread -> id: 4480 -> priority: 1 
  Thread -> id: 61e8 -> priority: 1 
  Thread -> id: 46e8 -> priority: 1 
  Thread -> id: 59bc -> priority: 1 
  Thread -> id: 65f0 -> priority: 1 
  Thread -> id: 85a8 -> priority: 1 
  Thread -> id: 446c -> priority: 1 
  Thread -> id: 8a78 -> priority: 1 
Curl error 42: Callback aborted
 
(Filename:  Line: 867)

