Mono path[0] = 'C:/Users/Alienware/Documents/范志毅VS赵鹏/范志毅VS赵鹏 PC双人版（32位）/鑼冨織姣匳S璧甸箯 PC鍙屼汉鐗堬紙32浣嶏級/AI Mod Source/build/fan-strategy-selfplay-original-baseline-worker-2/FanZhiYi_Data/Managed'
Mono config path = 'C:/Users/Alienware/Documents/范志毅VS赵鹏/范志毅VS赵鹏 PC双人版（32位）/鑼冨織姣匳S璧甸箯 PC鍙屼汉鐗堬紙32浣嶏級/AI Mod Source/build/fan-strategy-selfplay-original-baseline-worker-2/MonoBleedingEdge/etc'
AS: AutoStreaming module initializing.Initialize engine version: 2019.4.33f1c1 (c2f94a8bebb3)
[Subsystems] Discovering subsystems at path C:/Users/Alienware/Documents/范志毅VS赵鹏/范志毅VS赵鹏 PC双人版（32位）/鑼冨織姣匳S璧甸箯 PC鍙屼汉鐗堬紙32浣嶏級/AI Mod Source/build/fan-strategy-selfplay-original-baseline-worker-2/FanZhiYi_Data/UnitySubsystems
Forcing GfxDevice: Null
GfxDevice: creating device client; threaded=0
NullGfxDevice:
    Version:  NULL 1.0 [1.0]
    Renderer: Null Device
    Vendor:   Unity Technologies
Begin MonoManager ReloadAssembly
- Completed reload, in  0.094 seconds
Microsoft Media Foundation video decoding to texture disabled: graphics device is Null, only Direct3D 11 and Direct3D 12 (only on desktop) are supported for hardware-accelerated video decoding.
UnloadTime: 0.527000 ms
Unloading 5 Unused Serialized files (Serialized files now loaded: 0)
UnloadTime: 0.155700 ms

Unloading 145 unused Assets to reduce memory usage. Loaded Objects now: 1003.
Total: 0.488200 ms (FindLiveObjects: 0.039500 ms CreateObjectMapping: 0.010100 ms MarkObjects: 0.243700 ms  DeleteObjects: 0.194500 ms)

SELFPLAY GOALMAP x=-6.13 isPlayer1Goal=True 
(Filename: E:\unity\Runtime/Export/Debug/Debug.bindings.h Line: 39)

SELFPLAY GOALMAP x=6.18 isPlayer1Goal=False 
(Filename: E:\unity\Runtime/Export/Debug/Debug.bindings.h Line: 39)

SELFPLAY GOAL 101 scorer=Fan ZhaoReward=-1 total=48:53 
(Filename: E:\unity\Runtime/Export/Debug/Debug.bindings.h Line: 39)

SELFPLAY GOAL 102 scorer=Zhao ZhaoReward=1 total=48:54 
(Filename: E:\unity\Runtime/Export/Debug/Debug.bindings.h Line: 39)

SELFPLAY GOAL 103 scorer=Fan ZhaoReward=-1 total=49:54 
(Filename: E:\unity\Runtime/Export/Debug/Debug.bindings.h Line: 39)

SELFPLAY GOAL 104 scorer=Fan ZhaoReward=-1 total=50:54 
(Filename: E:\unity\Runtime/Export/Debug/Debug.bindings.h Line: 39)

SELFPLAY GOAL 105 scorer=Zhao ZhaoReward=1 total=50:55 
(Filename: E:\unity\Runtime/Export/Debug/Debug.bindings.h Line: 39)

SELFPLAY GOAL 106 scorer=Zhao ZhaoReward=1 total=50:56 
(Filename: E:\unity\Runtime/Export/Debug/Debug.bindings.h Line: 39)

SELFPLAY GOAL 107 scorer=Fan ZhaoReward=-1 total=51:56 
(Filename: E:\unity\Runtime/Export/Debug/Debug.bindings.h Line: 39)

SELFPLAY GOAL 108 scorer=Zhao ZhaoReward=1 total=51:57 
(Filename: E:\unity\Runtime/Export/Debug/Debug.bindings.h Line: 39)

SELFPLAY MATCH 11 goals=8 total=108 score=4:4 
(Filename: E:\unity\Runtime/Export/Debug/Debug.bindings.h Line: 39)

Unloading 4 Unused Serialized files (Serialized files now loaded: 0)
UnloadTime: 1.154700 ms

Unloading 37 unused Assets to reduce memory usage. Loaded Objects now: 1059.
Total: 1.201000 ms (FindLiveObjects: 0.062800 ms CreateObjectMapping: 0.009600 ms MarkObjects: 0.264000 ms  DeleteObjects: 0.864200 ms)

SELFPLAY GOALMAP x=-6.13 isPlayer1Goal=True 
(Filename: E:\unity\Runtime/Export/Debug/Debug.bindings.h Line: 39)

SELFPLAY GOALMAP x=6.18 isPlayer1Goal=False 
(Filename: E:\unity\Runtime/Export/Debug/Debug.bindings.h Line: 39)

SELFPLAY GOAL 109 scorer=Zhao ZhaoReward=1 total=51:58 
(Filename: E:\unity\Runtime/Export/Debug/Debug.bindings.h Line: 39)

SELFPLAY GOAL 110 scorer=Fan ZhaoReward=-1 total=52:58 
(Filename: E:\unity\Runtime/Export/Debug/Debug.bindings.h Line: 39)

SELFPLAY GOAL 111 scorer=Zhao ZhaoReward=1 total=52:59 
(Filename: E:\unity\Runtime/Export/Debug/Debug.bindings.h Line: 39)

SELFPLAY GOAL 112 scorer=Zhao ZhaoReward=1 total=52:60 
(Filename: E:\unity\Runtime/Export/Debug/Debug.bindings.h Line: 39)

SELFPLAY GOAL 113 scorer=Zhao ZhaoReward=1 total=52:61 
(Filename: E:\unity\Runtime/Export/Debug/Debug.bindings.h Line: 39)

SELFPLAY GOAL 114 scorer=Zhao ZhaoReward=1 total=52:62 
(Filename: E:\unity\Runtime/Export/Debug/Debug.bindings.h Line: 39)

SELFPLAY GOAL 115 scorer=Zhao ZhaoReward=1 total=52:63 
(Filename: E:\unity\Runtime/Export/Debug/Debug.bindings.h Line: 39)

SELFPLAY GOAL 116 scorer=Zhao ZhaoReward=1 total=52:64 
(Filename: E:\unity\Runtime/Export/Debug/Debug.bindings.h Line: 39)

SELFPLAY GOAL 117 scorer=Fan ZhaoReward=-1 total=53:64 
(Filename: E:\unity\Runtime/Export/Debug/Debug.bindings.h Line: 39)

SELFPLAY GOAL 118 scorer=Zhao ZhaoReward=1 total=53:65 
(Filename: E:\unity\Runtime/Export/Debug/Debug.bindings.h Line: 39)

SELFPLAY MATCH 12 goals=10 total=118 score=2:8 
(Filename: E:\unity\Runtime/Export/Debug/Debug.bindings.h Line: 39)

Unloading 4 Unused Serialized files (Serialized files now loaded: 0)
UnloadTime: 0.420000 ms

Unloading 4 unused Assets to reduce memory usage. Loaded Objects now: 1059.
Total: 1.378900 ms (FindLiveObjects: 0.043400 ms CreateObjectMapping: 0.011500 ms MarkObjects: 0.302300 ms  DeleteObjects: 1.021400 ms)

SELFPLAY GOALMAP x=-6.13 isPlayer1Goal=True 
(Filename: E:\unity\Runtime/Export/Debug/Debug.bindings.h Line: 39)

SELFPLAY GOALMAP x=6.18 isPlayer1Goal=False 
(Filename: E:\unity\Runtime/Export/Debug/Debug.bindings.h Line: 39)

SELFPLAY GOAL 119 scorer=Zhao ZhaoReward=1 total=53:66 
(Filename: E:\unity\Runtime/Export/Debug/Debug.bindings.h Line: 39)

SELFPLAY GOAL 120 scorer=Fan ZhaoReward=-1 total=54:66 
(Filename: E:\unity\Runtime/Export/Debug/Debug.bindings.h Line: 39)

SELFPLAY GOAL 121 scorer=Fan ZhaoReward=-1 total=55:66 
(Filename: E:\unity\Runtime/Export/Debug/Debug.bindings.h Line: 39)

SELFPLAY GOAL 122 scorer=Zhao ZhaoReward=1 total=55:67 
(Filename: E:\unity\Runtime/Export/Debug/Debug.bindings.h Line: 39)

SELFPLAY GOAL 123 scorer=Zhao ZhaoReward=1 total=55:68 
(Filename: E:\unity\Runtime/Export/Debug/Debug.bindings.h Line: 39)

SELFPLAY GOAL 124 scorer=Zhao ZhaoReward=1 total=55:69 
(Filename: E:\unity\Runtime/Export/Debug/Debug.bindings.h Line: 39)

SELFPLAY GOAL 125 scorer=Zhao ZhaoReward=1 total=55:70 
(Filename: E:\unity\Runtime/Export/Debug/Debug.bindings.h Line: 39)

SELFPLAY GOAL 126 scorer=Fan ZhaoReward=-1 total=56:70 
(Filename: E:\unity\Runtime/Export/Debug/Debug.bindings.h Line: 39)

SELFPLAY GOAL 127 scorer=Zhao ZhaoReward=1 total=56:71 
(Filename: E:\unity\Runtime/Export/Debug/Debug.bindings.h Line: 39)

SELFPLAY GOAL 128 scorer=Zhao ZhaoReward=1 total=56:72 
(Filename: E:\unity\Runtime/Export/Debug/Debug.bindings.h Line: 39)

SELFPLAY MATCH 13 goals=10 total=128 score=3:7 
(Filename: E:\unity\Runtime/Export/Debug/Debug.bindings.h Line: 39)

Unloading 4 Unused Serialized files (Serialized files now loaded: 0)
UnloadTime: 0.484300 ms

Unloading 4 unused Assets to reduce memory usage. Loaded Objects now: 1059.
Total: 1.151200 ms (FindLiveObjects: 0.041100 ms CreateObjectMapping: 0.011400 ms MarkObjects: 0.249900 ms  DeleteObjects: 0.848300 ms)

SELFPLAY GOALMAP x=-6.13 isPlayer1Goal=True 
(Filename: E:\unity\Runtime/Export/Debug/Debug.bindings.h Line: 39)

SELFPLAY GOALMAP x=6.18 isPlayer1Goal=False 
(Filename: E:\unity\Runtime/Export/Debug/Debug.bindings.h Line: 39)

SELFPLAY GOAL 129 scorer=Zhao ZhaoReward=1 total=56:73 
(Filename: E:\unity\Runtime/Export/Debug/Debug.bindings.h Line: 39)

SELFPLAY GOAL 130 scorer=Fan ZhaoReward=-1 total=57:73 
(Filename: E:\unity\Runtime/Export/Debug/Debug.bindings.h Line: 39)

SELFPLAY GOAL 131 scorer=Fan ZhaoReward=-1 total=58:73 
(Filename: E:\unity\Runtime/Export/Debug/Debug.bindings.h Line: 39)

SELFPLAY GOAL 132 scorer=Fan ZhaoReward=-1 total=59:73 
(Filename: E:\unity\Runtime/Export/Debug/Debug.bindings.h Line: 39)

SELFPLAY GOAL 133 scorer=Zhao ZhaoReward=1 total=59:74 
(Filename: E:\unity\Runtime/Export/Debug/Debug.bindings.h Line: 39)

SELFPLAY GOAL 134 scorer=Fan ZhaoReward=-1 total=60:74 
(Filename: E:\unity\Runtime/Export/Debug/Debug.bindings.h Line: 39)

SELFPLAY GOAL 135 scorer=Zhao ZhaoReward=1 total=60:75 
(Filename: E:\unity\Runtime/Export/Debug/Debug.bindings.h Line: 39)

SELFPLAY GOAL 136 scorer=Fan ZhaoReward=-1 total=61:75 
(Filename: E:\unity\Runtime/Export/Debug/Debug.bindings.h Line: 39)

SELFPLAY GOAL 137 scorer=Fan ZhaoReward=-1 total=62:75 
(Filename: E:\unity\Runtime/Export/Debug/Debug.bindings.h Line: 39)

SELFPLAY MATCH 14 goals=9 total=137 score=6:3 
(Filename: E:\unity\Runtime/Export/Debug/Debug.bindings.h Line: 39)

Unloading 4 Unused Serialized files (Serialized files now loaded: 0)
UnloadTime: 0.705000 ms

Unloading 4 unused Assets to reduce memory usage. Loaded Objects now: 1059.
Total: 1.260100 ms (FindLiveObjects: 0.043700 ms CreateObjectMapping: 0.011700 ms MarkObjects: 0.307900 ms  DeleteObjects: 0.896300 ms)

SELFPLAY GOALMAP x=-6.13 isPlayer1Goal=True 
(Filename: E:\unity\Runtime/Export/Debug/Debug.bindings.h Line: 39)

SELFPLAY GOALMAP x=6.18 isPlayer1Goal=False 
(Filename: E:\unity\Runtime/Export/Debug/Debug.bindings.h Line: 39)

SELFPLAY GOAL 138 scorer=Fan ZhaoReward=-1 total=63:75 
(Filename: E:\unity\Runtime/Export/Debug/Debug.bindings.h Line: 39)

SELFPLAY GOAL 139 scorer=Zhao ZhaoReward=1 total=63:76 
(Filename: E:\unity\Runtime/Export/Debug/Debug.bindings.h Line: 39)

SELFPLAY GOAL 140 scorer=Fan ZhaoReward=-1 total=64:76 
(Filename: E:\unity\Runtime/Export/Debug/Debug.bindings.h Line: 39)

SELFPLAY GOAL 141 scorer=Fan ZhaoReward=-1 total=65:76 
(Filename: E:\unity\Runtime/Export/Debug/Debug.bindings.h Line: 39)

SELFPLAY GOAL 142 scorer=Zhao ZhaoReward=1 total=65:77 
(Filename: E:\unity\Runtime/Export/Debug/Debug.bindings.h Line: 39)

SELFPLAY GOAL 143 scorer=Fan ZhaoReward=-1 total=66:77 
(Filename: E:\unity\Runtime/Export/Debug/Debug.bindings.h Line: 39)

SELFPLAY GOAL 144 scorer=Zhao ZhaoReward=1 total=66:78 
(Filename: E:\unity\Runtime/Export/Debug/Debug.bindings.h Line: 39)

SELFPLAY GOAL 145 scorer=Zhao ZhaoReward=1 total=66:79 
(Filename: E:\unity\Runtime/Export/Debug/Debug.bindings.h Line: 39)

SELFPLAY GOAL 146 scorer=Fan ZhaoReward=-1 total=67:79 
(Filename: E:\unity\Runtime/Export/Debug/Debug.bindings.h Line: 39)

SELFPLAY GOAL 147 scorer=Zhao ZhaoReward=1 total=67:80 
(Filename: E:\unity\Runtime/Export/Debug/Debug.bindings.h Line: 39)

SELFPLAY MATCH 15 goals=10 total=147 score=5:5 
(Filename: E:\unity\Runtime/Export/Debug/Debug.bindings.h Line: 39)

Unloading 4 Unused Serialized files (Serialized files now loaded: 0)
UnloadTime: 0.537500 ms

Unloading 4 unused Assets to reduce memory usage. Loaded Objects now: 1059.
Total: 1.342300 ms (FindLiveObjects: 0.041500 ms CreateObjectMapping: 0.009600 ms MarkObjects: 0.275500 ms  DeleteObjects: 1.015300 ms)

SELFPLAY GOALMAP x=-6.13 isPlayer1Goal=True 
(Filename: E:\unity\Runtime/Export/Debug/Debug.bindings.h Line: 39)

SELFPLAY GOALMAP x=6.18 isPlayer1Goal=False 
(Filename: E:\unity\Runtime/Export/Debug/Debug.bindings.h Line: 39)

SELFPLAY GOAL 148 scorer=Fan ZhaoReward=-1 total=68:80 
(Filename: E:\unity\Runtime/Export/Debug/Debug.bindings.h Line: 39)

SELFPLAY GOAL 149 scorer=Fan ZhaoReward=-1 total=69:80 
(Filename: E:\unity\Runtime/Export/Debug/Debug.bindings.h Line: 39)

SELFPLAY GOAL 150 scorer=Zhao ZhaoReward=1 total=69:81 
(Filename: E:\unity\Runtime/Export/Debug/Debug.bindings.h Line: 39)

SELFPLAY GOAL 151 scorer=Zhao ZhaoReward=1 total=69:82 
(Filename: E:\unity\Runtime/Export/Debug/Debug.bindings.h Line: 39)

SELFPLAY GOAL 152 scorer=Zhao ZhaoReward=1 total=69:83 
(Filename: E:\unity\Runtime/Export/Debug/Debug.bindings.h Line: 39)

SELFPLAY GOAL 153 scorer=Fan ZhaoReward=-1 total=70:83 
(Filename: E:\unity\Runtime/Export/Debug/Debug.bindings.h Line: 39)

SELFPLAY GOAL 154 scorer=Fan ZhaoReward=-1 total=71:83 
(Filename: E:\unity\Runtime/Export/Debug/Debug.bindings.h Line: 39)

SELFPLAY GOAL 155 scorer=Zhao ZhaoReward=1 total=71:84 
(Filename: E:\unity\Runtime/Export/Debug/Debug.bindings.h Line: 39)

SELFPLAY GOAL 156 scorer=Zhao ZhaoReward=1 total=71:85 
(Filename: E:\unity\Runtime/Export/Debug/Debug.bindings.h Line: 39)

SELFPLAY GOAL 157 scorer=Zhao ZhaoReward=1 total=71:86 
(Filename: E:\unity\Runtime/Export/Debug/Debug.bindings.h Line: 39)

SELFPLAY MATCH 16 goals=10 total=157 score=4:6 
(Filename: E:\unity\Runtime/Export/Debug/Debug.bindings.h Line: 39)

Unloading 4 Unused Serialized files (Serialized files now loaded: 0)
UnloadTime: 0.553300 ms

Unloading 4 unused Assets to reduce memory usage. Loaded Objects now: 1059.
Total: 1.221000 ms (FindLiveObjects: 0.045400 ms CreateObjectMapping: 0.012000 ms MarkObjects: 0.261100 ms  DeleteObjects: 0.901700 ms)

SELFPLAY GOALMAP x=-6.13 isPlayer1Goal=True 
(Filename: E:\unity\Runtime/Export/Debug/Debug.bindings.h Line: 39)

SELFPLAY GOALMAP x=6.18 isPlayer1Goal=False 
(Filename: E:\unity\Runtime/Export/Debug/Debug.bindings.h Line: 39)

SELFPLAY GOAL 158 scorer=Zhao ZhaoReward=1 total=71:87 
(Filename: E:\unity\Runtime/Export/Debug/Debug.bindings.h Line: 39)

SELFPLAY GOAL 159 scorer=Zhao ZhaoReward=1 total=71:88 
(Filename: E:\unity\Runtime/Export/Debug/Debug.bindings.h Line: 39)

SELFPLAY GOAL 160 scorer=Zhao ZhaoReward=1 total=71:89 
(Filename: E:\unity\Runtime/Export/Debug/Debug.bindings.h Line: 39)

SELFPLAY GOAL 161 scorer=Zhao ZhaoReward=1 total=71:90 
(Filename: E:\unity\Runtime/Export/Debug/Debug.bindings.h Line: 39)

SELFPLAY GOAL 162 scorer=Fan ZhaoReward=-1 total=72:90 
(Filename: E:\unity\Runtime/Export/Debug/Debug.bindings.h Line: 39)

SELFPLAY MATCH 17 goals=5 total=162 score=1:4 
(Filename: E:\unity\Runtime/Export/Debug/Debug.bindings.h Line: 39)

Unloading 4 Unused Serialized files (Serialized files now loaded: 0)
UnloadTime: 0.595800 ms

Unloading 4 unused Assets to reduce memory usage. Loaded Objects now: 1059.
Total: 1.334600 ms (FindLiveObjects: 0.040000 ms CreateObjectMapping: 0.009600 ms MarkObjects: 0.252500 ms  DeleteObjects: 1.031900 ms)

SELFPLAY GOALMAP x=-6.13 isPlayer1Goal=True 
(Filename: E:\unity\Runtime/Export/Debug/Debug.bindings.h Line: 39)

SELFPLAY GOALMAP x=6.18 isPlayer1Goal=False 
(Filename: E:\unity\Runtime/Export/Debug/Debug.bindings.h Line: 39)

SELFPLAY GOAL 163 scorer=Zhao ZhaoReward=1 total=72:91 
(Filename: E:\unity\Runtime/Export/Debug/Debug.bindings.h Line: 39)

SELFPLAY GOAL 164 scorer=Zhao ZhaoReward=1 total=72:92 
(Filename: E:\unity\Runtime/Export/Debug/Debug.bindings.h Line: 39)

SELFPLAY PROGRESS goals=164/500 matches=18 score=72:92 real=70.26785 
(Filename: E:\unity\Runtime/Export/Debug/Debug.bindings.h Line: 39)

SELFPLAY GOAL 165 scorer=Fan ZhaoReward=-1 total=73:92 
(Filename: E:\unity\Runtime/Export/Debug/Debug.bindings.h Line: 39)

SELFPLAY GOAL 166 scorer=Zhao ZhaoReward=1 total=73:93 
(Filename: E:\unity\Runtime/Export/Debug/Debug.bindings.h Line: 39)

SELFPLAY GOAL 167 scorer=Zhao ZhaoReward=1 total=73:94 
(Filename: E:\unity\Runtime/Export/Debug/Debug.bindings.h Line: 39)

SELFPLAY GOAL 168 scorer=Fan ZhaoReward=-1 total=74:94 
(Filename: E:\unity\Runtime/Export/Debug/Debug.bindings.h Line: 39)

SELFPLAY GOAL 169 scorer=Fan ZhaoReward=-1 total=75:94 
(Filename: E:\unity\Runtime/Export/Debug/Debug.bindings.h Line: 39)

SELFPLAY GOAL 170 scorer=Zhao ZhaoReward=1 total=75:95 
(Filename: E:\unity\Runtime/Export/Debug/Debug.bindings.h Line: 39)

SELFPLAY GOAL 171 scorer=Zhao ZhaoReward=1 total=75:96 
(Filename: E:\unity\Runtime/Export/Debug/Debug.bindings.h Line: 39)

SELFPLAY GOAL 172 scorer=Zhao ZhaoReward=1 total=75:97 
(Filename: E:\unity\Runtime/Export/Debug/Debug.bindings.h Line: 39)

SELFPLAY GOAL 173 scorer=Zhao ZhaoReward=1 total=75:98 
(Filename: E:\unity\Runtime/Export/Debug/Debug.bindings.h Line: 39)

SELFPLAY MATCH 18 goals=11 total=173 score=3:8 
(Filename: E:\unity\Runtime/Export/Debug/Debug.bindings.h Line: 39)

Unloading 4 Unused Serialized files (Serialized files now loaded: 0)
UnloadTime: 0.508500 ms

Unloading 4 unused Assets to reduce memory usage. Loaded Objects now: 1059.
Total: 1.362500 ms (FindLiveObjects: 0.041700 ms CreateObjectMapping: 0.009700 ms MarkObjects: 0.256600 ms  DeleteObjects: 1.054100 ms)

SELFPLAY GOALMAP x=-6.13 isPlayer1Goal=True 
(Filename: E:\unity\Runtime/Export/Debug/Debug.bindings.h Line: 39)

SELFPLAY GOALMAP x=6.18 isPlayer1Goal=False 
(Filename: E:\unity\Runtime/Export/Debug/Debug.bindings.h Line: 39)

SELFPLAY GOAL 174 scorer=Fan ZhaoReward=-1 total=76:98 
(Filename: E:\unity\Runtime/Export/Debug/Debug.bindings.h Line: 39)

SELFPLAY GOAL 175 scorer=Fan ZhaoReward=-1 total=77:98 
(Filename: E:\unity\Runtime/Export/Debug/Debug.bindings.h Line: 39)

SELFPLAY GOAL 176 scorer=Zhao ZhaoReward=1 total=77:99 
(Filename: E:\unity\Runtime/Export/Debug/Debug.bindings.h Line: 39)

SELFPLAY GOAL 177 scorer=Fan ZhaoReward=-1 total=78:99 
(Filename: E:\unity\Runtime/Export/Debug/Debug.bindings.h Line: 39)

SELFPLAY GOAL 178 scorer=Fan ZhaoReward=-1 total=79:99 
(Filename: E:\unity\Runtime/Export/Debug/Debug.bindings.h Line: 39)

SELFPLAY GOAL 179 scorer=Zhao ZhaoReward=1 total=79:100 
(Filename: E:\unity\Runtime/Export/Debug/Debug.bindings.h Line: 39)

SELFPLAY GOAL 180 scorer=Fan ZhaoReward=-1 total=80:100 
(Filename: E:\unity\Runtime/Export/Debug/Debug.bindings.h Line: 39)

SELFPLAY GOAL 181 scorer=Zhao ZhaoReward=1 total=80:101 
(Filename: E:\unity\Runtime/Export/Debug/Debug.bindings.h Line: 39)

SELFPLAY MATCH 19 goals=8 total=181 score=5:3 
(Filename: E:\unity\Runtime/Export/Debug/Debug.bindings.h Line: 39)

Unloading 4 Unused Serialized files (Serialized files now loaded: 0)
UnloadTime: 0.446100 ms

Unloading 4 unused Assets to reduce memory usage. Loaded Objects now: 1059.
Total: 1.248700 ms (FindLiveObjects: 0.042000 ms CreateObjectMapping: 0.009600 ms MarkObjects: 0.261300 ms  DeleteObjects: 0.935500 ms)

SELFPLAY GOALMAP x=-6.13 isPlayer1Goal=True 
(Filename: E:\unity\Runtime/Export/Debug/Debug.bindings.h Line: 39)

SELFPLAY GOALMAP x=6.18 isPlayer1Goal=False 
(Filename: E:\unity\Runtime/Export/Debug/Debug.bindings.h Line: 39)

SELFPLAY GOAL 182 scorer=Fan ZhaoReward=-1 total=81:101 
(Filename: E:\unity\Runtime/Export/Debug/Debug.bindings.h Line: 39)

SELFPLAY GOAL 183 scorer=Fan ZhaoReward=-1 total=82:101 
(Filename: E:\unity\Runtime/Export/Debug/Debug.bindings.h Line: 39)

SELFPLAY GOAL 184 scorer=Fan ZhaoReward=-1 total=83:101 
(Filename: E:\unity\Runtime/Export/Debug/Debug.bindings.h Line: 39)

SELFPLAY GOAL 185 scorer=Fan ZhaoReward=-1 total=84:101 
(Filename: E:\unity\Runtime/Export/Debug/Debug.bindings.h Line: 39)

SELFPLAY GOAL 186 scorer=Zhao ZhaoReward=1 total=84:102 
(Filename: E:\unity\Runtime/Export/Debug/Debug.bindings.h Line: 39)

SELFPLAY GOAL 187 scorer=Zhao ZhaoReward=1 total=84:103 
(Filename: E:\unity\Runtime/Export/Debug/Debug.bindings.h Line: 39)

SELFPLAY GOAL 188 scorer=Zhao ZhaoReward=1 total=84:104 
(Filename: E:\unity\Runtime/Export/Debug/Debug.bindings.h Line: 39)

SELFPLAY GOAL 189 scorer=Zhao ZhaoReward=1 total=84:105 
(Filename: E:\unity\Runtime/Export/Debug/Debug.bindings.h Line: 39)

SELFPLAY GOAL 190 scorer=Zhao ZhaoReward=1 total=84:106 
(Filename: E:\unity\Runtime/Export/Debug/Debug.bindings.h Line: 39)

SELFPLAY GOAL 191 scorer=Zhao ZhaoReward=1 total=84:107 
(Filename: E:\unity\Runtime/Export/Debug/Debug.bindings.h Line: 39)

SELFPLAY GOAL 192 scorer=Zhao ZhaoReward=1 total=84:108 
(Filename: E:\unity\Runtime/Export/Debug/Debug.bindings.h Line: 39)

SELFPLAY MATCH 20 goals=11 total=192 score=4:7 
(Filename: E:\unity\Runtime/Export/Debug/Debug.bindings.h Line: 39)

Unloading 4 Unused Serialized files (Serialized files now loaded: 0)
UnloadTime: 0.454600 ms

Unloading 4 unused Assets to reduce memory usage. Loaded Objects now: 1059.
Total: 1.342400 ms (FindLiveObjects: 0.043400 ms CreateObjectMapping: 0.010000 ms MarkObjects: 0.359800 ms  DeleteObjects: 0.928600 ms)

SELFPLAY GOALMAP x=-6.13 isPlayer1Goal=True 
(Filename: E:\unity\Runtime/Export/Debug/Debug.bindings.h Line: 39)

SELFPLAY GOALMAP x=6.18 isPlayer1Goal=False 
(Filename: E:\unity\Runtime/Export/Debug/Debug.bindings.h Line: 39)

SELFPLAY GOAL 193 scorer=Zhao ZhaoReward=1 total=84:109 
(Filename: E:\unity\Runtime/Export/Debug/Debug.bindings.h Line: 39)

SELFPLAY GOAL 194 scorer=Fan ZhaoReward=-1 total=85:109 
(Filename: E:\unity\Runtime/Export/Debug/Debug.bindings.h Line: 39)

SELFPLAY GOAL 195 scorer=Zhao ZhaoReward=1 total=85:110 
(Filename: E:\unity\Runtime/Export/Debug/Debug.bindings.h Line: 39)

SELFPLAY GOAL 196 scorer=Fan ZhaoReward=-1 total=86:110 
(Filename: E:\unity\Runtime/Export/Debug/Debug.bindings.h Line: 39)

SELFPLAY GOAL 197 scorer=Zhao ZhaoReward=1 total=86:111 
(Filename: E:\unity\Runtime/Export/Debug/Debug.bindings.h Line: 39)

SELFPLAY MATCH 21 goals=5 total=197 score=2:3 
(Filename: E:\unity\Runtime/Export/Debug/Debug.bindings.h Line: 39)

Unloading 4 Unused Serialized files (Serialized files now loaded: 0)
UnloadTime: 0.522200 ms

Unloading 4 unused Assets to reduce memory usage. Loaded Objects now: 1059.
Total: 1.338300 ms (FindLiveObjects: 0.047600 ms CreateObjectMapping: 0.011100 ms MarkObjects: 0.339800 ms  DeleteObjects: 0.939400 ms)

SELFPLAY GOALMAP x=-6.13 isPlayer1Goal=True 
(Filename: E:\unity\Runtime/Export/Debug/Debug.bindings.h Line: 39)

SELFPLAY GOALMAP x=6.18 isPlayer1Goal=False 
(Filename: E:\unity\Runtime/Export/Debug/Debug.bindings.h Line: 39)

SELFPLAY GOAL 198 scorer=Zhao ZhaoReward=1 total=86:112 
(Filename: E:\unity\Runtime/Export/Debug/Debug.bindings.h Line: 39)

SELFPLAY GOAL 199 scorer=Zhao ZhaoReward=1 total=86:113 
(Filename: E:\unity\Runtime/Export/Debug/Debug.bindings.h Line: 39)

SELFPLAY GOAL 200 scorer=Fan ZhaoReward=-1 total=87:113 
(Filename: E:\unity\Runtime/Export/Debug/Debug.bindings.h Line: 39)

SELFPLAY GOAL 201 scorer=Fan ZhaoReward=-1 total=88:113 
(Filename: E:\unity\Runtime/Export/Debug/Debug.bindings.h Line: 39)

SELFPLAY GOAL 202 scorer=Fan ZhaoReward=-1 total=89:113 
(Filename: E:\unity\Runtime/Export/Debug/Debug.bindings.h Line: 39)

SELFPLAY GOAL 203 scorer=Fan ZhaoReward=-1 total=90:113 
(Filename: E:\unity\Runtime/Export/Debug/Debug.bindings.h Line: 39)

SELFPLAY GOAL 204 scorer=Zhao ZhaoReward=1 total=90:114 
(Filename: E:\unity\Runtime/Export/Debug/Debug.bindings.h Line: 39)

SELFPLAY GOAL 205 scorer=Zhao ZhaoReward=1 total=90:115 
(Filename: E:\unity\Runtime/Export/Debug/Debug.bindings.h Line: 39)

SELFPLAY GOAL 206 scorer=Fan ZhaoReward=-1 total=91:115 
(Filename: E:\unity\Runtime/Export/Debug/Debug.bindings.h Line: 39)

SELFPLAY MATCH 22 goals=9 total=206 score=5:4 
(Filename: E:\unity\Runtime/Export/Debug/Debug.bindings.h Line: 39)

Unloading 4 Unused Serialized files (Serialized files now loaded: 0)
UnloadTime: 0.608300 ms

Unloading 4 unused Assets to reduce memory usage. Loaded Objects now: 1059.
Total: 1.187300 ms (FindLiveObjects: 0.040500 ms CreateObjectMapping: 0.009500 ms MarkObjects: 0.257300 ms  DeleteObjects: 0.879700 ms)

SELFPLAY GOALMAP x=-6.13 isPlayer1Goal=True 
(Filename: E:\unity\Runtime/Export/Debug/Debug.bindings.h Line: 39)

SELFPLAY GOALMAP x=6.18 isPlayer1Goal=False 
(Filename: E:\unity\Runtime/Export/Debug/Debug.bindings.h Line: 39)

SELFPLAY GOAL 207 scorer=Fan ZhaoReward=-1 total=92:115 
(Filename: E:\unity\Runtime/Export/Debug/Debug.bindings.h Line: 39)

SELFPLAY GOAL 208 scorer=Fan ZhaoReward=-1 total=93:115 
(Filename: E:\unity\Runtime/Export/Debug/Debug.bindings.h Line: 39)

SELFPLAY GOAL 209 scorer=Fan ZhaoReward=-1 total=94:115 
(Filename: E:\unity\Runtime/Export/Debug/Debug.bindings.h Line: 39)

SELFPLAY GOAL 210 scorer=Fan ZhaoReward=-1 total=95:115 
(Filename: E:\unity\Runtime/Export/Debug/Debug.bindings.h Line: 39)

SELFPLAY GOAL 211 scorer=Zhao ZhaoReward=1 total=95:116 
(Filename: E:\unity\Runtime/Export/Debug/Debug.bindings.h Line: 39)

SELFPLAY GOAL 212 scorer=Zhao ZhaoReward=1 total=95:117 
(Filename: E:\unity\Runtime/Export/Debug/Debug.bindings.h Line: 39)

SELFPLAY GOAL 213 scorer=Fan ZhaoReward=-1 total=96:117 
(Filename: E:\unity\Runtime/Export/Debug/Debug.bindings.h Line: 39)

SELFPLAY GOAL 214 scorer=Zhao ZhaoReward=1 total=96:118 
(Filename: E:\unity\Runtime/Export/Debug/Debug.bindings.h Line: 39)

SELFPLAY GOAL 215 scorer=Fan ZhaoReward=-1 total=97:118 
(Filename: E:\unity\Runtime/Export/Debug/Debug.bindings.h Line: 39)

SELFPLAY MATCH 23 goals=9 total=215 score=6:3 
(Filename: E:\unity\Runtime/Export/Debug/Debug.bindings.h Line: 39)

Unloading 4 Unused Serialized files (Serialized files now loaded: 0)
UnloadTime: 0.636600 ms

Unloading 4 unused Assets to reduce memory usage. Loaded Objects now: 1059.
Total: 1.537500 ms (FindLiveObjects: 0.055700 ms CreateObjectMapping: 0.013400 ms MarkObjects: 0.405500 ms  DeleteObjects: 1.062600 ms)

SELFPLAY GOALMAP x=-6.13 isPlayer1Goal=True 
(Filename: E:\unity\Runtime/Export/Debug/Debug.bindings.h Line: 39)

SELFPLAY GOALMAP x=6.18 isPlayer1Goal=False 
(Filename: E:\unity\Runtime/Export/Debug/Debug.bindings.h Line: 39)

SELFPLAY GOAL 216 scorer=Zhao ZhaoReward=1 total=97:119 
(Filename: E:\unity\Runtime/Export/Debug/Debug.bindings.h Line: 39)

SELFPLAY GOAL 217 scorer=Zhao ZhaoReward=1 total=97:120 
(Filename: E:\unity\Runtime/Export/Debug/Debug.bindings.h Line: 39)

SELFPLAY GOAL 218 scorer=Fan ZhaoReward=-1 total=98:120 
(Filename: E:\unity\Runtime/Export/Debug/Debug.bindings.h Line: 39)

SELFPLAY GOAL 219 scorer=Fan ZhaoReward=-1 total=99:120 
(Filename: E:\unity\Runtime/Export/Debug/Debug.bindings.h Line: 39)

SELFPLAY GOAL 220 scorer=Zhao ZhaoReward=1 total=99:121 
(Filename: E:\unity\Runtime/Export/Debug/Debug.bindings.h Line: 39)

SELFPLAY GOAL 221 scorer=Zhao ZhaoReward=1 total=99:122 
(Filename: E:\unity\Runtime/Export/Debug/Debug.bindings.h Line: 39)

SELFPLAY GOAL 222 scorer=Fan ZhaoReward=-1 total=100:122 
(Filename: E:\unity\Runtime/Export/Debug/Debug.bindings.h Line: 39)

SELFPLAY GOAL 223 scorer=Zhao ZhaoReward=1 total=100:123 
(Filename: E:\unity\Runtime/Export/Debug/Debug.bindings.h Line: 39)

SELFPLAY MATCH 24 goals=8 total=223 score=3:5 
(Filename: E:\unity\Runtime/Export/Debug/Debug.bindings.h Line: 39)

Unloading 4 Unused Serialized files (Serialized files now loaded: 0)
UnloadTime: 0.683500 ms

Unloading 4 unused Assets to reduce memory usage. Loaded Objects now: 1059.
Total: 1.470700 ms (FindLiveObjects: 0.052300 ms CreateObjectMapping: 0.011000 ms MarkObjects: 0.441100 ms  DeleteObjects: 0.965800 ms)

SELFPLAY GOALMAP x=-6.13 isPlayer1Goal=True 
(Filename: E:\unity\Runtime/Export/Debug/Debug.bindings.h Line: 39)

SELFPLAY GOALMAP x=6.18 isPlayer1Goal=False 
(Filename: E:\unity\Runtime/Export/Debug/Debug.bindings.h Line: 39)

SELFPLAY GOAL 224 scorer=Fan ZhaoReward=-1 total=101:123 
(Filename: E:\unity\Runtime/Export/Debug/Debug.bindings.h Line: 39)

SELFPLAY GOAL 225 scorer=Zhao ZhaoReward=1 total=101:124 
(Filename: E:\unity\Runtime/Export/Debug/Debug.bindings.h Line: 39)

SELFPLAY GOAL 226 scorer=Zhao ZhaoReward=1 total=101:125 
(Filename: E:\unity\Runtime/Export/Debug/Debug.bindings.h Line: 39)

SELFPLAY GOAL 227 scorer=Fan ZhaoReward=-1 total=102:125 
(Filename: E:\unity\Runtime/Export/Debug/Debug.bindings.h Line: 39)

SELFPLAY GOAL 228 scorer=Zhao ZhaoReward=1 total=102:126 
(Filename: E:\unity\Runtime/Export/Debug/Debug.bindings.h Line: 39)

SELFPLAY GOAL 229 scorer=Zhao ZhaoReward=1 total=102:127 
(Filename: E:\unity\Runtime/Export/Debug/Debug.bindings.h Line: 39)

SELFPLAY GOAL 230 scorer=Fan ZhaoReward=-1 total=103:127 
(Filename: E:\unity\Runtime/Export/Debug/Debug.bindings.h Line: 39)

SELFPLAY GOAL 231 scorer=Fan ZhaoReward=-1 total=104:127 
(Filename: E:\unity\Runtime/Export/Debug/Debug.bindings.h Line: 39)

SELFPLAY GOAL 232 scorer=Zhao ZhaoReward=1 total=104:128 
(Filename: E:\unity\Runtime/Export/Debug/Debug.bindings.h Line: 39)

SELFPLAY PROGRESS goals=232/500 matches=25 score=104:128 real=100.2691 
(Filename: E:\unity\Runtime/Export/Debug/Debug.bindings.h Line: 39)

SELFPLAY GOAL 233 scorer=Fan ZhaoReward=-1 total=105:128 
(Filename: E:\unity\Runtime/Export/Debug/Debug.bindings.h Line: 39)

SELFPLAY GOAL 234 scorer=Fan ZhaoReward=-1 total=106:128 
(Filename: E:\unity\Runtime/Export/Debug/Debug.bindings.h Line: 39)

SELFPLAY GOAL 235 scorer=Fan ZhaoReward=-1 total=107:128 
(Filename: E:\unity\Runtime/Export/Debug/Debug.bindings.h Line: 39)

SELFPLAY GOAL 236 scorer=Fan ZhaoReward=-1 total=108:128 
(Filename: E:\unity\Runtime/Export/Debug/Debug.bindings.h Line: 39)

SELFPLAY GOAL 237 scorer=Zhao ZhaoReward=1 total=108:129 
(Filename: E:\unity\Runtime/Export/Debug/Debug.bindings.h Line: 39)

SELFPLAY MATCH 25 goals=14 total=237 score=8:6 
(Filename: E:\unity\Runtime/Export/Debug/Debug.bindings.h Line: 39)

Unloading 4 Unused Serialized files (Serialized files now loaded: 0)
UnloadTime: 0.459800 ms

Unloading 4 unused Assets to reduce memory usage. Loaded Objects now: 1059.
Total: 1.207100 ms (FindLiveObjects: 0.039800 ms CreateObjectMapping: 0.008800 ms MarkObjects: 0.255800 ms  DeleteObjects: 0.902300 ms)

SELFPLAY GOALMAP x=-6.13 isPlayer1Goal=True 
(Filename: E:\unity\Runtime/Export/Debug/Debug.bindings.h Line: 39)

SELFPLAY GOALMAP x=6.18 isPlayer1Goal=False 
(Filename: E:\unity\Runtime/Export/Debug/Debug.bindings.h Line: 39)

SELFPLAY GOAL 238 scorer=Zhao ZhaoReward=1 total=108:130 
(Filename: E:\unity\Runtime/Export/Debug/Debug.bindings.h Line: 39)

SELFPLAY GOAL 239 scorer=Fan ZhaoReward=-1 total=109:130 
(Filename: E:\unity\Runtime/Export/Debug/Debug.bindings.h Line: 39)

SELFPLAY GOAL 240 scorer=Zhao ZhaoReward=1 total=109:131 
(Filename: E:\unity\Runtime/Export/Debug/Debug.bindings.h Line: 39)

SELFPLAY GOAL 241 scorer=Fan ZhaoReward=-1 total=110:131 
(Filename: E:\unity\Runtime/Export/Debug/Debug.bindings.h Line: 39)

SELFPLAY GOAL 242 scorer=Fan ZhaoReward=-1 total=111:131 
(Filename: E:\unity\Runtime/Export/Debug/Debug.bindings.h Line: 39)

SELFPLAY GOAL 243 scorer=Fan ZhaoReward=-1 total=112:131 
(Filename: E:\unity\Runtime/Export/Debug/Debug.bindings.h Line: 39)

SELFPLAY MATCH 26 goals=6 total=243 score=4:2 
(Filename: E:\unity\Runtime/Export/Debug/Debug.bindings.h Line: 39)

Unloading 4 Unused Serialized files (Serialized files now loaded: 0)
UnloadTime: 0.801700 ms

Unloading 4 unused Assets to reduce memory usage. Loaded Objects now: 1059.
Total: 1.638800 ms (FindLiveObjects: 0.051800 ms CreateObjectMapping: 0.012600 ms MarkObjects: 0.470800 ms  DeleteObjects: 1.102900 ms)

SELFPLAY GOALMAP x=-6.13 isPlayer1Goal=True 
(Filename: E:\unity\Runtime/Export/Debug/Debug.bindings.h Line: 39)

SELFPLAY GOALMAP x=6.18 isPlayer1Goal=False 
(Filename: E:\unity\Runtime/Export/Debug/Debug.bindings.h Line: 39)

SELFPLAY GOAL 244 scorer=Zhao ZhaoReward=1 total=112:132 
(Filename: E:\unity\Runtime/Export/Debug/Debug.bindings.h Line: 39)

SELFPLAY GOAL 245 scorer=Fan ZhaoReward=-1 total=113:132 
(Filename: E:\unity\Runtime/Export/Debug/Debug.bindings.h Line: 39)

SELFPLAY GOAL 246 scorer=Zhao ZhaoReward=1 total=113:133 
(Filename: E:\unity\Runtime/Export/Debug/Debug.bindings.h Line: 39)

SELFPLAY GOAL 247 scorer=Fan ZhaoReward=-1 total=114:133 
(Filename: E:\unity\Runtime/Export/Debug/Debug.bindings.h Line: 39)

SELFPLAY GOAL 248 scorer=Zhao ZhaoReward=1 total=114:134 
(Filename: E:\unity\Runtime/Export/Debug/Debug.bindings.h Line: 39)

SELFPLAY GOAL 249 scorer=Zhao ZhaoReward=1 total=114:135 
(Filename: E:\unity\Runtime/Export/Debug/Debug.bindings.h Line: 39)

SELFPLAY GOAL 250 scorer=Zhao ZhaoReward=1 total=114:136 
(Filename: E:\unity\Runtime/Export/Debug/Debug.bindings.h Line: 39)

SELFPLAY GOAL 251 scorer=Zhao ZhaoReward=1 total=114:137 
(Filename: E:\unity\Runtime/Export/Debug/Debug.bindings.h Line: 39)

SELFPLAY GOAL 252 scorer=Zhao ZhaoReward=1 total=114:138 
(Filename: E:\unity\Runtime/Export/Debug/Debug.bindings.h Line: 39)

SELFPLAY GOAL 253 scorer=Fan ZhaoReward=-1 total=115:138 
(Filename: E:\unity\Runtime/Export/Debug/Debug.bindings.h Line: 39)

SELFPLAY MATCH 27 goals=10 total=253 score=3:7 
(Filename: E:\unity\Runtime/Export/Debug/Debug.bindings.h Line: 39)

Unloading 4 Unused Serialized files (Serialized files now loaded: 0)
UnloadTime: 0.448800 ms

Unloading 4 unused Assets to reduce memory usage. Loaded Objects now: 1059.
Total: 1.287300 ms (FindLiveObjects: 0.040800 ms CreateObjectMapping: 0.009600 ms MarkObjects: 0.328600 ms  DeleteObjects: 0.908000 ms)

SELFPLAY GOALMAP x=-6.13 isPlayer1Goal=True 
(Filename: E:\unity\Runtime/Export/Debug/Debug.bindings.h Line: 39)

SELFPLAY GOALMAP x=6.18 isPlayer1Goal=False 
(Filename: E:\unity\Runtime/Export/Debug/Debug.bindings.h Line: 39)

SELFPLAY GOAL 254 scorer=Fan ZhaoReward=-1 total=116:138 
(Filename: E:\unity\Runtime/Export/Debug/Debug.bindings.h Line: 39)

SELFPLAY GOAL 255 scorer=Zhao ZhaoReward=1 total=116:139 
(Filename: E:\unity\Runtime/Export/Debug/Debug.bindings.h Line: 39)

SELFPLAY GOAL 256 scorer=Fan ZhaoReward=-1 total=117:139 
(Filename: E:\unity\Runtime/Export/Debug/Debug.bindings.h Line: 39)

SELFPLAY GOAL 257 scorer=Fan ZhaoReward=-1 total=118:139 
(Filename: E:\unity\Runtime/Export/Debug/Debug.bindings.h Line: 39)

SELFPLAY GOAL 258 scorer=Zhao ZhaoReward=1 total=118:140 
(Filename: E:\unity\Runtime/Export/Debug/Debug.bindings.h Line: 39)

SELFPLAY GOAL 259 scorer=Fan ZhaoReward=-1 total=119:140 
(Filename: E:\unity\Runtime/Export/Debug/Debug.bindings.h Line: 39)

SELFPLAY GOAL 260 scorer=Fan ZhaoReward=-1 total=120:140 
(Filename: E:\unity\Runtime/Export/Debug/Debug.bindings.h Line: 39)

SELFPLAY MATCH 28 goals=7 total=260 score=5:2 
(Filename: E:\unity\Runtime/Export/Debug/Debug.bindings.h Line: 39)

Unloading 4 Unused Serialized files (Serialized files now loaded: 0)
UnloadTime: 0.580900 ms

Unloading 4 unused Assets to reduce memory usage. Loaded Objects now: 1059.
Total: 1.214700 ms (FindLiveObjects: 0.041400 ms CreateObjectMapping: 0.009700 ms MarkObjects: 0.279600 ms  DeleteObjects: 0.883600 ms)

SELFPLAY GOALMAP x=-6.13 isPlayer1Goal=True 
(Filename: E:\unity\Runtime/Export/Debug/Debug.bindings.h Line: 39)

SELFPLAY GOALMAP x=6.18 isPlayer1Goal=False 
(Filename: E:\unity\Runtime/Export/Debug/Debug.bindings.h Line: 39)

SELFPLAY GOAL 261 scorer=Zhao ZhaoReward=1 total=120:141 
(Filename: E:\unity\Runtime/Export/Debug/Debug.bindings.h Line: 39)

SELFPLAY GOAL 262 scorer=Fan ZhaoReward=-1 total=121:141 
(Filename: E:\unity\Runtime/Export/Debug/Debug.bindings.h Line: 39)

SELFPLAY GOAL 263 scorer=Fan ZhaoReward=-1 total=122:141 
(Filename: E:\unity\Runtime/Export/Debug/Debug.bindings.h Line: 39)

SELFPLAY GOAL 264 scorer=Fan ZhaoReward=-1 total=123:141 
(Filename: E:\unity\Runtime/Export/Debug/Debug.bindings.h Line: 39)

SELFPLAY GOAL 265 scorer=Zhao ZhaoReward=1 total=123:142 
(Filename: E:\unity\Runtime/Export/Debug/Debug.bindings.h Line: 39)

SELFPLAY GOAL 266 scorer=Fan ZhaoReward=-1 total=124:142 
(Filename: E:\unity\Runtime/Export/Debug/Debug.bindings.h Line: 39)

SELFPLAY GOAL 267 scorer=Zhao ZhaoReward=1 total=124:143 
(Filename: E:\unity\Runtime/Export/Debug/Debug.bindings.h Line: 39)

SELFPLAY GOAL 268 scorer=Zhao ZhaoReward=1 total=124:144 
(Filename: E:\unity\Runtime/Export/Debug/Debug.bindings.h Line: 39)

SELFPLAY MATCH 29 goals=8 total=268 score=4:4 
(Filename: E:\unity\Runtime/Export/Debug/Debug.bindings.h Line: 39)

Unloading 4 Unused Serialized files (Serialized files now loaded: 0)
UnloadTime: 0.589500 ms

Unloading 4 unused Assets to reduce memory usage. Loaded Objects now: 1059.
Total: 1.272600 ms (FindLiveObjects: 0.044300 ms CreateObjectMapping: 0.011100 ms MarkObjects: 0.334200 ms  DeleteObjects: 0.882500 ms)

SELFPLAY GOALMAP x=-6.13 isPlayer1Goal=True 
(Filename: E:\unity\Runtime/Export/Debug/Debug.bindings.h Line: 39)

SELFPLAY GOALMAP x=6.18 isPlayer1Goal=False 
(Filename: E:\unity\Runtime/Export/Debug/Debug.bindings.h Line: 39)

SELFPLAY GOAL 269 scorer=Fan ZhaoReward=-1 total=125:144 
(Filename: E:\unity\Runtime/Export/Debug/Debug.bindings.h Line: 39)

SELFPLAY GOAL 270 scorer=Fan ZhaoReward=-1 total=126:144 
(Filename: E:\unity\Runtime/Export/Debug/Debug.bindings.h Line: 39)

SELFPLAY GOAL 271 scorer=Zhao ZhaoReward=1 total=126:145 
(Filename: E:\unity\Runtime/Export/Debug/Debug.bindings.h Line: 39)

SELFPLAY GOAL 272 scorer=Fan ZhaoReward=-1 total=127:145 
(Filename: E:\unity\Runtime/Export/Debug/Debug.bindings.h Line: 39)

SELFPLAY GOAL 273 scorer=Zhao ZhaoReward=1 total=127:146 
(Filename: E:\unity\Runtime/Export/Debug/Debug.bindings.h Line: 39)

SELFPLAY GOAL 274 scorer=Fan ZhaoReward=-1 total=128:146 
(Filename: E:\unity\Runtime/Export/Debug/Debug.bindings.h Line: 39)

SELFPLAY GOAL 275 scorer=Zhao ZhaoReward=1 total=128:147 
(Filename: E:\unity\Runtime/Export/Debug/Debug.bindings.h Line: 39)

SELFPLAY GOAL 276 scorer=Zhao ZhaoReward=1 total=128:148 
(Filename: E:\unity\Runtime/Export/Debug/Debug.bindings.h Line: 39)

SELFPLAY GOAL 277 scorer=Zhao ZhaoReward=1 total=128:149 
(Filename: E:\unity\Runtime/Export/Debug/Debug.bindings.h Line: 39)

SELFPLAY GOAL 278 scorer=Zhao ZhaoReward=1 total=128:150 
(Filename: E:\unity\Runtime/Export/Debug/Debug.bindings.h Line: 39)

SELFPLAY GOAL 279 scorer=Fan ZhaoReward=-1 total=129:150 
(Filename: E:\unity\Runtime/Export/Debug/Debug.bindings.h Line: 39)

SELFPLAY MATCH 30 goals=11 total=279 score=5:6 
(Filename: E:\unity\Runtime/Export/Debug/Debug.bindings.h Line: 39)

Unloading 4 Unused Serialized files (Serialized files now loaded: 0)
UnloadTime: 0.683300 ms

Unloading 4 unused Assets to reduce memory usage. Loaded Objects now: 1059.
Total: 1.273900 ms (FindLiveObjects: 0.043200 ms CreateObjectMapping: 0.011200 ms MarkObjects: 0.308400 ms  DeleteObjects: 0.910700 ms)

SELFPLAY GOALMAP x=-6.13 isPlayer1Goal=True 
(Filename: E:\unity\Runtime/Export/Debug/Debug.bindings.h Line: 39)

SELFPLAY GOALMAP x=6.18 isPlayer1Goal=False 
(Filename: E:\unity\Runtime/Export/Debug/Debug.bindings.h Line: 39)

SELFPLAY GOAL 280 scorer=Zhao ZhaoReward=1 total=129:151 
(Filename: E:\unity\Runtime/Export/Debug/Debug.bindings.h Line: 39)

SELFPLAY GOAL 281 scorer=Zhao ZhaoReward=1 total=129:152 
(Filename: E:\unity\Runtime/Export/Debug/Debug.bindings.h Line: 39)

SELFPLAY GOAL 282 scorer=Fan ZhaoReward=-1 total=130:152 
(Filename: E:\unity\Runtime/Export/Debug/Debug.bindings.h Line: 39)

SELFPLAY GOAL 283 scorer=Zhao ZhaoReward=1 total=130:153 
(Filename: E:\unity\Runtime/Export/Debug/Debug.bindings.h Line: 39)

SELFPLAY GOAL 284 scorer=Fan ZhaoReward=-1 total=131:153 
(Filename: E:\unity\Runtime/Export/Debug/Debug.bindings.h Line: 39)

SELFPLAY GOAL 285 scorer=Zhao ZhaoReward=1 total=131:154 
(Filename: E:\unity\Runtime/Export/Debug/Debug.bindings.h Line: 39)

SELFPLAY GOAL 286 scorer=Fan ZhaoReward=-1 total=132:154 
(Filename: E:\unity\Runtime/Export/Debug/Debug.bindings.h Line: 39)

SELFPLAY GOAL 287 scorer=Zhao ZhaoReward=1 total=132:155 
(Filename: E:\unity\Runtime/Export/Debug/Debug.bindings.h Line: 39)

SELFPLAY GOAL 288 scorer=Fan ZhaoReward=-1 total=133:155 
(Filename: E:\unity\Runtime/Export/Debug/Debug.bindings.h Line: 39)

SELFPLAY GOAL 289 scorer=Fan ZhaoReward=-1 total=134:155 
(Filename: E:\unity\Runtime/Export/Debug/Debug.bindings.h Line: 39)

SELFPLAY GOAL 290 scorer=Fan ZhaoReward=-1 total=135:155 
(Filename: E:\unity\Runtime/Export/Debug/Debug.bindings.h Line: 39)

SELFPLAY GOAL 291 scorer=Fan ZhaoReward=-1 total=136:155 
(Filename: E:\unity\Runtime/Export/Debug/Debug.bindings.h Line: 39)

SELFPLAY GOAL 292 scorer=Zhao ZhaoReward=1 total=136:156 
(Filename: E:\unity\Runtime/Export/Debug/Debug.bindings.h Line: 39)

SELFPLAY MATCH 31 goals=13 total=292 score=7:6 
(Filename: E:\unity\Runtime/Export/Debug/Debug.bindings.h Line: 39)

Unloading 4 Unused Serialized files (Serialized files now loaded: 0)
UnloadTime: 0.657700 ms

Unloading 4 unused Assets to reduce memory usage. Loaded Objects now: 1059.
Total: 1.205100 ms (FindLiveObjects: 0.041100 ms CreateObjectMapping: 0.009700 ms MarkObjects: 0.298600 ms  DeleteObjects: 0.855600 ms)

SELFPLAY GOALMAP x=-6.13 isPlayer1Goal=True 
(Filename: E:\unity\Runtime/Export/Debug/Debug.bindings.h Line: 39)

SELFPLAY GOALMAP x=6.18 isPlayer1Goal=False 
(Filename: E:\unity\Runtime/Export/Debug/Debug.bindings.h Line: 39)

SELFPLAY GOAL 293 scorer=Zhao ZhaoReward=1 total=136:157 
(Filename: E:\unity\Runtime/Export/Debug/Debug.bindings.h Line: 39)

SELFPLAY GOAL 294 scorer=Fan ZhaoReward=-1 total=137:157 
(Filename: E:\unity\Runtime/Export/Debug/Debug.bindings.h Line: 39)

SELFPLAY GOAL 295 scorer=Fan ZhaoReward=-1 total=138:157 
(Filename: E:\unity\Runtime/Export/Debug/Debug.bindings.h Line: 39)

SELFPLAY GOAL 296 scorer=Zhao ZhaoReward=1 total=138:158 
(Filename: E:\unity\Runtime/Export/Debug/Debug.bindings.h Line: 39)

SELFPLAY GOAL 297 scorer=Zhao ZhaoReward=1 total=138:159 
(Filename: E:\unity\Runtime/Export/Debug/Debug.bindings.h Line: 39)

SELFPLAY GOAL 298 scorer=Fan ZhaoReward=-1 total=139:159 
(Filename: E:\unity\Runtime/Export/Debug/Debug.bindings.h Line: 39)

SELFPLAY GOAL 299 scorer=Zhao ZhaoReward=1 total=139:160 
(Filename: E:\unity\Runtime/Export/Debug/Debug.bindings.h Line: 39)

SELFPLAY GOAL 300 scorer=Zhao ZhaoReward=1 total=139:161 
(Filename: E:\unity\Runtime/Export/Debug/Debug.bindings.h Line: 39)

SELFPLAY GOAL 301 scorer=Fan ZhaoReward=-1 total=140:161 
(Filename: E:\unity\Runtime/Export/Debug/Debug.bindings.h Line: 39)

SELFPLAY GOAL 302 scorer=Zhao ZhaoReward=1 total=140:162 
(Filename: E:\unity\Runtime/Export/Debug/Debug.bindings.h Line: 39)

SELFPLAY GOAL 303 scorer=Fan ZhaoReward=-1 total=141:162 
(Filename: E:\unity\Runtime/Export/Debug/Debug.bindings.h Line: 39)

SELFPLAY MATCH 32 goals=11 total=303 score=5:6 
(Filename: E:\unity\Runtime/Export/Debug/Debug.bindings.h Line: 39)

Unloading 4 Unused Serialized files (Serialized files now loaded: 0)
UnloadTime: 0.677200 ms

Unloading 4 unused Assets to reduce memory usage. Loaded Objects now: 1059.
Total: 1.501400 ms (FindLiveObjects: 0.042500 ms CreateObjectMapping: 0.012000 ms MarkObjects: 0.336300 ms  DeleteObjects: 1.109900 ms)

SELFPLAY GOALMAP x=-6.13 isPlayer1Goal=True 
(Filename: E:\unity\Runtime/Export/Debug/Debug.bindings.h Line: 39)

SELFPLAY GOALMAP x=6.18 isPlayer1Goal=False 
(Filename: E:\unity\Runtime/Export/Debug/Debug.bindings.h Line: 39)

SELFPLAY PROGRESS goals=303/500 matches=33 score=141:162 real=130.487 
(Filename: E:\unity\Runtime/Export/Debug/Debug.bindings.h Line: 39)

SELFPLAY GOAL 304 scorer=Fan ZhaoReward=-1 total=142:162 
(Filename: E:\unity\Runtime/Export/Debug/Debug.bindings.h Line: 39)

SELFPLAY GOAL 305 scorer=Zhao ZhaoReward=1 total=142:163 
(Filename: E:\unity\Runtime/Export/Debug/Debug.bindings.h Line: 39)

SELFPLAY GOAL 306 scorer=Zhao ZhaoReward=1 total=142:164 
(Filename: E:\unity\Runtime/Export/Debug/Debug.bindings.h Line: 39)

SELFPLAY GOAL 307 scorer=Zhao ZhaoReward=1 total=142:165 
(Filename: E:\unity\Runtime/Export/Debug/Debug.bindings.h Line: 39)

SELFPLAY GOAL 308 scorer=Zhao ZhaoReward=1 total=142:166 
(Filename: E:\unity\Runtime/Export/Debug/Debug.bindings.h Line: 39)

SELFPLAY GOAL 309 scorer=Fan ZhaoReward=-1 total=143:166 
(Filename: E:\unity\Runtime/Export/Debug/Debug.bindings.h Line: 39)

SELFPLAY GOAL 310 scorer=Zhao ZhaoReward=1 total=143:167 
(Filename: E:\unity\Runtime/Export/Debug/Debug.bindings.h Line: 39)

SELFPLAY GOAL 311 scorer=Zhao ZhaoReward=1 total=143:168 
(Filename: E:\unity\Runtime/Export/Debug/Debug.bindings.h Line: 39)

SELFPLAY GOAL 312 scorer=Zhao ZhaoReward=1 total=143:169 
(Filename: E:\unity\Runtime/Export/Debug/Debug.bindings.h Line: 39)

SELFPLAY GOAL 313 scorer=Zhao ZhaoReward=1 total=143:170 
(Filename: E:\unity\Runtime/Export/Debug/Debug.bindings.h Line: 39)

SELFPLAY GOAL 314 scorer=Fan ZhaoReward=-1 total=144:170 
(Filename: E:\unity\Runtime/Export/Debug/Debug.bindings.h Line: 39)

SELFPLAY MATCH 33 goals=11 total=314 score=3:8 
(Filename: E:\unity\Runtime/Export/Debug/Debug.bindings.h Line: 39)

Unloading 4 Unused Serialized files (Serialized files now loaded: 0)
UnloadTime: 0.525000 ms

Unloading 4 unused Assets to reduce memory usage. Loaded Objects now: 1059.
Total: 1.351100 ms (FindLiveObjects: 0.041000 ms CreateObjectMapping: 0.010700 ms MarkObjects: 0.356600 ms  DeleteObjects: 0.942200 ms)

SELFPLAY GOALMAP x=-6.13 isPlayer1Goal=True 
(Filename: E:\unity\Runtime/Export/Debug/Debug.bindings.h Line: 39)

SELFPLAY GOALMAP x=6.18 isPlayer1Goal=False 
(Filename: E:\unity\Runtime/Export/Debug/Debug.bindings.h Line: 39)

SELFPLAY GOAL 315 scorer=Zhao ZhaoReward=1 total=144:171 
(Filename: E:\unity\Runtime/Export/Debug/Debug.bindings.h Line: 39)

SELFPLAY GOAL 316 scorer=Zhao ZhaoReward=1 total=144:172 
(Filename: E:\unity\Runtime/Export/Debug/Debug.bindings.h Line: 39)

SELFPLAY GOAL 317 scorer=Zhao ZhaoReward=1 total=144:173 
(Filename: E:\unity\Runtime/Export/Debug/Debug.bindings.h Line: 39)

SELFPLAY GOAL 318 scorer=Zhao ZhaoReward=1 total=144:174 
(Filename: E:\unity\Runtime/Export/Debug/Debug.bindings.h Line: 39)

SELFPLAY GOAL 319 scorer=Fan ZhaoReward=-1 total=145:174 
(Filename: E:\unity\Runtime/Export/Debug/Debug.bindings.h Line: 39)

SELFPLAY GOAL 320 scorer=Fan ZhaoReward=-1 total=146:174 
(Filename: E:\unity\Runtime/Export/Debug/Debug.bindings.h Line: 39)

SELFPLAY MATCH 34 goals=6 total=320 score=2:4 
(Filename: E:\unity\Runtime/Export/Debug/Debug.bindings.h Line: 39)

Unloading 4 Unused Serialized files (Serialized files now loaded: 0)
UnloadTime: 0.579800 ms

Unloading 4 unused Assets to reduce memory usage. Loaded Objects now: 1059.
Total: 1.306300 ms (FindLiveObjects: 0.042700 ms CreateObjectMapping: 0.009800 ms MarkObjects: 0.293900 ms  DeleteObjects: 0.959400 ms)

SELFPLAY GOALMAP x=-6.13 isPlayer1Goal=True 
(Filename: E:\unity\Runtime/Export/Debug/Debug.bindings.h Line: 39)

SELFPLAY GOALMAP x=6.18 isPlayer1Goal=False 
(Filename: E:\unity\Runtime/Export/Debug/Debug.bindings.h Line: 39)

SELFPLAY GOAL 321 scorer=Fan ZhaoReward=-1 total=147:174 
(Filename: E:\unity\Runtime/Export/Debug/Debug.bindings.h Line: 39)

SELFPLAY GOAL 322 scorer=Fan ZhaoReward=-1 total=148:174 
(Filename: E:\unity\Runtime/Export/Debug/Debug.bindings.h Line: 39)

SELFPLAY GOAL 323 scorer=Fan ZhaoReward=-1 total=149:174 
(Filename: E:\unity\Runtime/Export/Debug/Debug.bindings.h Line: 39)

SELFPLAY GOAL 324 scorer=Zhao ZhaoReward=1 total=149:175 
(Filename: E:\unity\Runtime/Export/Debug/Debug.bindings.h Line: 39)

SELFPLAY GOAL 325 scorer=Zhao ZhaoReward=1 total=149:176 
(Filename: E:\unity\Runtime/Export/Debug/Debug.bindings.h Line: 39)

SELFPLAY GOAL 326 scorer=Fan ZhaoReward=-1 total=150:176 
(Filename: E:\unity\Runtime/Export/Debug/Debug.bindings.h Line: 39)

SELFPLAY GOAL 327 scorer=Zhao ZhaoReward=1 total=150:177 
(Filename: E:\unity\Runtime/Export/Debug/Debug.bindings.h Line: 39)

SELFPLAY GOAL 328 scorer=Zhao ZhaoReward=1 total=150:178 
(Filename: E:\unity\Runtime/Export/Debug/Debug.bindings.h Line: 39)

SELFPLAY GOAL 329 scorer=Zhao ZhaoReward=1 total=150:179 
(Filename: E:\unity\Runtime/Export/Debug/Debug.bindings.h Line: 39)

SELFPLAY GOAL 330 scorer=Fan ZhaoReward=-1 total=151:179 
(Filename: E:\unity\Runtime/Export/Debug/Debug.bindings.h Line: 39)

SELFPLAY GOAL 331 scorer=Zhao ZhaoReward=1 total=151:180 
(Filename: E:\unity\Runtime/Export/Debug/Debug.bindings.h Line: 39)

SELFPLAY MATCH 35 goals=11 total=331 score=5:6 
(Filename: E:\unity\Runtime/Export/Debug/Debug.bindings.h Line: 39)

Unloading 4 Unused Serialized files (Serialized files now loaded: 0)
UnloadTime: 0.722200 ms

Unloading 4 unused Assets to reduce memory usage. Loaded Objects now: 1059.
Total: 1.334900 ms (FindLiveObjects: 0.043900 ms CreateObjectMapping: 0.010300 ms MarkObjects: 0.312200 ms  DeleteObjects: 0.968000 ms)

SELFPLAY GOALMAP x=-6.13 isPlayer1Goal=True 
(Filename: E:\unity\Runtime/Export/Debug/Debug.bindings.h Line: 39)

SELFPLAY GOALMAP x=6.18 isPlayer1Goal=False 
(Filename: E:\unity\Runtime/Export/Debug/Debug.bindings.h Line: 39)

SELFPLAY GOAL 332 scorer=Zhao ZhaoReward=1 total=151:181 
(Filename: E:\unity\Runtime/Export/Debug/Debug.bindings.h Line: 39)

SELFPLAY GOAL 333 scorer=Zhao ZhaoReward=1 total=151:182 
(Filename: E:\unity\Runtime/Export/Debug/Debug.bindings.h Line: 39)

SELFPLAY GOAL 334 scorer=Zhao ZhaoReward=1 total=151:183 
(Filename: E:\unity\Runtime/Export/Debug/Debug.bindings.h Line: 39)

SELFPLAY GOAL 335 scorer=Zhao ZhaoReward=1 total=151:184 
(Filename: E:\unity\Runtime/Export/Debug/Debug.bindings.h Line: 39)

SELFPLAY GOAL 336 scorer=Zhao ZhaoReward=1 total=151:185 
(Filename: E:\unity\Runtime/Export/Debug/Debug.bindings.h Line: 39)

SELFPLAY GOAL 337 scorer=Fan ZhaoReward=-1 total=152:185 
(Filename: E:\unity\Runtime/Export/Debug/Debug.bindings.h Line: 39)

SELFPLAY GOAL 338 scorer=Fan ZhaoReward=-1 total=153:185 
(Filename: E:\unity\Runtime/Export/Debug/Debug.bindings.h Line: 39)

SELFPLAY GOAL 339 scorer=Zhao ZhaoReward=1 total=153:186 
(Filename: E:\unity\Runtime/Export/Debug/Debug.bindings.h Line: 39)

SELFPLAY MATCH 36 goals=8 total=339 score=2:6 
(Filename: E:\unity\Runtime/Export/Debug/Debug.bindings.h Line: 39)

Unloading 4 Unused Serialized files (Serialized files now loaded: 0)
UnloadTime: 0.737100 ms

Unloading 4 unused Assets to reduce memory usage. Loaded Objects now: 1059.
Total: 1.353400 ms (FindLiveObjects: 0.044200 ms CreateObjectMapping: 0.010700 ms MarkObjects: 0.336900 ms  DeleteObjects: 0.961100 ms)

SELFPLAY GOALMAP x=-6.13 isPlayer1Goal=True 
(Filename: E:\unity\Runtime/Export/Debug/Debug.bindings.h Line: 39)

SELFPLAY GOALMAP x=6.18 isPlayer1Goal=False 
(Filename: E:\unity\Runtime/Export/Debug/Debug.bindings.h Line: 39)

SELFPLAY GOAL 340 scorer=Fan ZhaoReward=-1 total=154:186 
(Filename: E:\unity\Runtime/Export/Debug/Debug.bindings.h Line: 39)

SELFPLAY GOAL 341 scorer=Fan ZhaoReward=-1 total=155:186 
(Filename: E:\unity\Runtime/Export/Debug/Debug.bindings.h Line: 39)

SELFPLAY GOAL 342 scorer=Zhao ZhaoReward=1 total=155:187 
(Filename: E:\unity\Runtime/Export/Debug/Debug.bindings.h Line: 39)

SELFPLAY GOAL 343 scorer=Fan ZhaoReward=-1 total=156:187 
(Filename: E:\unity\Runtime/Export/Debug/Debug.bindings.h Line: 39)

SELFPLAY GOAL 344 scorer=Zhao ZhaoReward=1 total=156:188 
(Filename: E:\unity\Runtime/Export/Debug/Debug.bindings.h Line: 39)

SELFPLAY GOAL 345 scorer=Zhao ZhaoReward=1 total=156:189 
(Filename: E:\unity\Runtime/Export/Debug/Debug.bindings.h Line: 39)

SELFPLAY GOAL 346 scorer=Fan ZhaoReward=-1 total=157:189 
(Filename: E:\unity\Runtime/Export/Debug/Debug.bindings.h Line: 39)

SELFPLAY GOAL 347 scorer=Zhao ZhaoReward=1 total=157:190 
(Filename: E:\unity\Runtime/Export/Debug/Debug.bindings.h Line: 39)

SELFPLAY GOAL 348 scorer=Fan ZhaoReward=-1 total=158:190 
(Filename: E:\unity\Runtime/Export/Debug/Debug.bindings.h Line: 39)

SELFPLAY GOAL 349 scorer=Zhao ZhaoReward=1 total=158:191 
(Filename: E:\unity\Runtime/Export/Debug/Debug.bindings.h Line: 39)

SELFPLAY MATCH 37 goals=10 total=349 score=5:5 
(Filename: E:\unity\Runtime/Export/Debug/Debug.bindings.h Line: 39)

Unloading 4 Unused Serialized files (Serialized files now loaded: 0)
UnloadTime: 0.406200 ms

Unloading 4 unused Assets to reduce memory usage. Loaded Objects now: 1059.
Total: 1.567500 ms (FindLiveObjects: 0.043800 ms CreateObjectMapping: 0.010600 ms MarkObjects: 0.348000 ms  DeleteObjects: 1.164800 ms)

SELFPLAY GOALMAP x=-6.13 isPlayer1Goal=True 
(Filename: E:\unity\Runtime/Export/Debug/Debug.bindings.h Line: 39)

SELFPLAY GOALMAP x=6.18 isPlayer1Goal=False 
(Filename: E:\unity\Runtime/Export/Debug/Debug.bindings.h Line: 39)

SELFPLAY GOAL 350 scorer=Zhao ZhaoReward=1 total=158:192 
(Filename: E:\unity\Runtime/Export/Debug/Debug.bindings.h Line: 39)

SELFPLAY GOAL 351 scorer=Fan ZhaoReward=-1 total=159:192 
(Filename: E:\unity\Runtime/Export/Debug/Debug.bindings.h Line: 39)

SELFPLAY GOAL 352 scorer=Fan ZhaoReward=-1 total=160:192 
(Filename: E:\unity\Runtime/Export/Debug/Debug.bindings.h Line: 39)

SELFPLAY GOAL 353 scorer=Zhao ZhaoReward=1 total=160:193 
(Filename: E:\unity\Runtime/Export/Debug/Debug.bindings.h Line: 39)

SELFPLAY GOAL 354 scorer=Zhao ZhaoReward=1 total=160:194 
(Filename: E:\unity\Runtime/Export/Debug/Debug.bindings.h Line: 39)

SELFPLAY GOAL 355 scorer=Zhao ZhaoReward=1 total=160:195 
(Filename: E:\unity\Runtime/Export/Debug/Debug.bindings.h Line: 39)

SELFPLAY GOAL 356 scorer=Fan ZhaoReward=-1 total=161:195 
(Filename: E:\unity\Runtime/Export/Debug/Debug.bindings.h Line: 39)

SELFPLAY GOAL 357 scorer=Zhao ZhaoReward=1 total=161:196 
(Filename: E:\unity\Runtime/Export/Debug/Debug.bindings.h Line: 39)

SELFPLAY GOAL 358 scorer=Zhao ZhaoReward=1 total=161:197 
(Filename: E:\unity\Runtime/Export/Debug/Debug.bindings.h Line: 39)

SELFPLAY MATCH 38 goals=9 total=358 score=3:6 
(Filename: E:\unity\Runtime/Export/Debug/Debug.bindings.h Line: 39)

Unloading 4 Unused Serialized files (Serialized files now loaded: 0)
UnloadTime: 0.728800 ms

Unloading 4 unused Assets to reduce memory usage. Loaded Objects now: 1059.
Total: 1.519700 ms (FindLiveObjects: 0.045800 ms CreateObjectMapping: 0.010100 ms MarkObjects: 0.333400 ms  DeleteObjects: 1.129800 ms)

SELFPLAY GOALMAP x=-6.13 isPlayer1Goal=True 
(Filename: E:\unity\Runtime/Export/Debug/Debug.bindings.h Line: 39)

SELFPLAY GOALMAP x=6.18 isPlayer1Goal=False 
(Filename: E:\unity\Runtime/Export/Debug/Debug.bindings.h Line: 39)

SELFPLAY GOAL 359 scorer=Zhao ZhaoReward=1 total=161:198 
(Filename: E:\unity\Runtime/Export/Debug/Debug.bindings.h Line: 39)

SELFPLAY GOAL 360 scorer=Fan ZhaoReward=-1 total=162:198 
(Filename: E:\unity\Runtime/Export/Debug/Debug.bindings.h Line: 39)

SELFPLAY GOAL 361 scorer=Zhao ZhaoReward=1 total=162:199 
(Filename: E:\unity\Runtime/Export/Debug/Debug.bindings.h Line: 39)

SELFPLAY GOAL 362 scorer=Fan ZhaoReward=-1 total=163:199 
(Filename: E:\unity\Runtime/Export/Debug/Debug.bindings.h Line: 39)

SELFPLAY GOAL 363 scorer=Zhao ZhaoReward=1 total=163:200 
(Filename: E:\unity\Runtime/Export/Debug/Debug.bindings.h Line: 39)

SELFPLAY GOAL 364 scorer=Zhao ZhaoReward=1 total=163:201 
(Filename: E:\unity\Runtime/Export/Debug/Debug.bindings.h Line: 39)

SELFPLAY GOAL 365 scorer=Fan ZhaoReward=-1 total=164:201 
(Filename: E:\unity\Runtime/Export/Debug/Debug.bindings.h Line: 39)

SELFPLAY GOAL 366 scorer=Zhao ZhaoReward=1 total=164:202 
(Filename: E:\unity\Runtime/Export/Debug/Debug.bindings.h Line: 39)

SELFPLAY GOAL 367 scorer=Zhao ZhaoReward=1 total=164:203 
(Filename: E:\unity\Runtime/Export/Debug/Debug.bindings.h Line: 39)

SELFPLAY GOAL 368 scorer=Zhao ZhaoReward=1 total=164:204 
(Filename: E:\unity\Runtime/Export/Debug/Debug.bindings.h Line: 39)

SELFPLAY GOAL 369 scorer=Fan ZhaoReward=-1 total=165:204 
(Filename: E:\unity\Runtime/Export/Debug/Debug.bindings.h Line: 39)

SELFPLAY GOAL 370 scorer=Fan ZhaoReward=-1 total=166:204 
(Filename: E:\unity\Runtime/Export/Debug/Debug.bindings.h Line: 39)

SELFPLAY MATCH 39 goals=12 total=370 score=5:7 
(Filename: E:\unity\Runtime/Export/Debug/Debug.bindings.h Line: 39)

Unloading 4 Unused Serialized files (Serialized files now loaded: 0)
UnloadTime: 0.573600 ms

Unloading 4 unused Assets to reduce memory usage. Loaded Objects now: 1059.
Total: 1.292400 ms (FindLiveObjects: 0.040600 ms CreateObjectMapping: 0.009500 ms MarkObjects: 0.297800 ms  DeleteObjects: 0.944100 ms)

SELFPLAY GOALMAP x=-6.13 isPlayer1Goal=True 
(Filename: E:\unity\Runtime/Export/Debug/Debug.bindings.h Line: 39)

SELFPLAY GOALMAP x=6.18 isPlayer1Goal=False 
(Filename: E:\unity\Runtime/Export/Debug/Debug.bindings.h Line: 39)

SELFPLAY GOAL 371 scorer=Fan ZhaoReward=-1 total=167:204 
(Filename: E:\unity\Runtime/Export/Debug/Debug.bindings.h Line: 39)

SELFPLAY GOAL 372 scorer=Fan ZhaoReward=-1 total=168:204 
(Filename: E:\unity\Runtime/Export/Debug/Debug.bindings.h Line: 39)

SELFPLAY GOAL 373 scorer=Zhao ZhaoReward=1 total=168:205 
(Filename: E:\unity\Runtime/Export/Debug/Debug.bindings.h Line: 39)

SELFPLAY PROGRESS goals=373/500 matches=40 score=168:205 real=160.4878 
(Filename: E:\unity\Runtime/Export/Debug/Debug.bindings.h Line: 39)

SELFPLAY GOAL 374 scorer=Zhao ZhaoReward=1 total=168:206 
(Filename: E:\unity\Runtime/Export/Debug/Debug.bindings.h Line: 39)

SELFPLAY GOAL 375 scorer=Fan ZhaoReward=-1 total=169:206 
(Filename: E:\unity\Runtime/Export/Debug/Debug.bindings.h Line: 39)

SELFPLAY GOAL 376 scorer=Zhao ZhaoReward=1 total=169:207 
(Filename: E:\unity\Runtime/Export/Debug/Debug.bindings.h Line: 39)

SELFPLAY MATCH 40 goals=6 total=376 score=3:3 
(Filename: E:\unity\Runtime/Export/Debug/Debug.bindings.h Line: 39)

Unloading 4 Unused Serialized files (Serialized files now loaded: 0)
UnloadTime: 0.621400 ms

Unloading 4 unused Assets to reduce memory usage. Loaded Objects now: 1059.
Total: 1.302500 ms (FindLiveObjects: 0.042500 ms CreateObjectMapping: 0.012200 ms MarkObjects: 0.278300 ms  DeleteObjects: 0.969100 ms)

SELFPLAY GOALMAP x=-6.13 isPlayer1Goal=True 
(Filename: E:\unity\Runtime/Export/Debug/Debug.bindings.h Line: 39)

SELFPLAY GOALMAP x=6.18 isPlayer1Goal=False 
(Filename: E:\unity\Runtime/Export/Debug/Debug.bindings.h Line: 39)

SELFPLAY GOAL 377 scorer=Fan ZhaoReward=-1 total=170:207 
(Filename: E:\unity\Runtime/Export/Debug/Debug.bindings.h Line: 39)

SELFPLAY GOAL 378 scorer=Fan ZhaoReward=-1 total=171:207 
(Filename: E:\unity\Runtime/Export/Debug/Debug.bindings.h Line: 39)

SELFPLAY GOAL 379 scorer=Zhao ZhaoReward=1 total=171:208 
(Filename: E:\unity\Runtime/Export/Debug/Debug.bindings.h Line: 39)

SELFPLAY GOAL 380 scorer=Fan ZhaoReward=-1 total=172:208 
(Filename: E:\unity\Runtime/Export/Debug/Debug.bindings.h Line: 39)

SELFPLAY GOAL 381 scorer=Fan ZhaoReward=-1 total=173:208 
(Filename: E:\unity\Runtime/Export/Debug/Debug.bindings.h Line: 39)

SELFPLAY GOAL 382 scorer=Fan ZhaoReward=-1 total=174:208 
(Filename: E:\unity\Runtime/Export/Debug/Debug.bindings.h Line: 39)

SELFPLAY GOAL 383 scorer=Fan ZhaoReward=-1 total=175:208 
(Filename: E:\unity\Runtime/Export/Debug/Debug.bindings.h Line: 39)

SELFPLAY GOAL 384 scorer=Zhao ZhaoReward=1 total=175:209 
(Filename: E:\unity\Runtime/Export/Debug/Debug.bindings.h Line: 39)

SELFPLAY GOAL 385 scorer=Fan ZhaoReward=-1 total=176:209 
(Filename: E:\unity\Runtime/Export/Debug/Debug.bindings.h Line: 39)

SELFPLAY GOAL 386 scorer=Fan ZhaoReward=-1 total=177:209 
(Filename: E:\unity\Runtime/Export/Debug/Debug.bindings.h Line: 39)

SELFPLAY GOAL 387 scorer=Zhao ZhaoReward=1 total=177:210 
(Filename: E:\unity\Runtime/Export/Debug/Debug.bindings.h Line: 39)

SELFPLAY GOAL 388 scorer=Zhao ZhaoReward=1 total=177:211 
(Filename: E:\unity\Runtime/Export/Debug/Debug.bindings.h Line: 39)

SELFPLAY MATCH 41 goals=12 total=388 score=8:4 
(Filename: E:\unity\Runtime/Export/Debug/Debug.bindings.h Line: 39)

Unloading 4 Unused Serialized files (Serialized files now loaded: 0)
UnloadTime: 0.441500 ms

Unloading 4 unused Assets to reduce memory usage. Loaded Objects now: 1059.
Total: 1.364000 ms (FindLiveObjects: 0.056600 ms CreateObjectMapping: 0.011700 ms MarkObjects: 0.378600 ms  DeleteObjects: 0.916700 ms)

SELFPLAY GOALMAP x=-6.13 isPlayer1Goal=True 
(Filename: E:\unity\Runtime/Export/Debug/Debug.bindings.h Line: 39)

SELFPLAY GOALMAP x=6.18 isPlayer1Goal=False 
(Filename: E:\unity\Runtime/Export/Debug/Debug.bindings.h Line: 39)

SELFPLAY GOAL 389 scorer=Fan ZhaoReward=-1 total=178:211 
(Filename: E:\unity\Runtime/Export/Debug/Debug.bindings.h Line: 39)

SELFPLAY GOAL 390 scorer=Fan ZhaoReward=-1 total=179:211 
(Filename: E:\unity\Runtime/Export/Debug/Debug.bindings.h Line: 39)

SELFPLAY GOAL 391 scorer=Fan ZhaoReward=-1 total=180:211 
(Filename: E:\unity\Runtime/Export/Debug/Debug.bindings.h Line: 39)

SELFPLAY GOAL 392 scorer=Fan ZhaoReward=-1 total=181:211 
(Filename: E:\unity\Runtime/Export/Debug/Debug.bindings.h Line: 39)

SELFPLAY GOAL 393 scorer=Fan ZhaoReward=-1 total=182:211 
(Filename: E:\unity\Runtime/Export/Debug/Debug.bindings.h Line: 39)

SELFPLAY GOAL 394 scorer=Zhao ZhaoReward=1 total=182:212 
(Filename: E:\unity\Runtime/Export/Debug/Debug.bindings.h Line: 39)

SELFPLAY GOAL 395 scorer=Zhao ZhaoReward=1 total=182:213 
(Filename: E:\unity\Runtime/Export/Debug/Debug.bindings.h Line: 39)

SELFPLAY GOAL 396 scorer=Fan ZhaoReward=-1 total=183:213 
(Filename: E:\unity\Runtime/Export/Debug/Debug.bindings.h Line: 39)

SELFPLAY GOAL 397 scorer=Zhao ZhaoReward=1 total=183:214 
(Filename: E:\unity\Runtime/Export/Debug/Debug.bindings.h Line: 39)

SELFPLAY GOAL 398 scorer=Zhao ZhaoReward=1 total=183:215 
(Filename: E:\unity\Runtime/Export/Debug/Debug.bindings.h Line: 39)

SELFPLAY GOAL 399 scorer=Fan ZhaoReward=-1 total=184:215 
(Filename: E:\unity\Runtime/Export/Debug/Debug.bindings.h Line: 39)

SELFPLAY MATCH 42 goals=11 total=399 score=7:4 
(Filename: E:\unity\Runtime/Export/Debug/Debug.bindings.h Line: 39)

Unloading 4 Unused Serialized files (Serialized files now loaded: 0)
UnloadTime: 0.779800 ms

Unloading 4 unused Assets to reduce memory usage. Loaded Objects now: 1059.
Total: 1.292000 ms (FindLiveObjects: 0.040900 ms CreateObjectMapping: 0.009600 ms MarkObjects: 0.299600 ms  DeleteObjects: 0.941500 ms)

SELFPLAY GOALMAP x=-6.13 isPlayer1Goal=True 
(Filename: E:\unity\Runtime/Export/Debug/Debug.bindings.h Line: 39)

SELFPLAY GOALMAP x=6.18 isPlayer1Goal=False 
(Filename: E:\unity\Runtime/Export/Debug/Debug.bindings.h Line: 39)

SELFPLAY GOAL 400 scorer=Fan ZhaoReward=-1 total=185:215 
(Filename: E:\unity\Runtime/Export/Debug/Debug.bindings.h Line: 39)

SELFPLAY GOAL 401 scorer=Zhao ZhaoReward=1 total=185:216 
(Filename: E:\unity\Runtime/Export/Debug/Debug.bindings.h Line: 39)

SELFPLAY GOAL 402 scorer=Fan ZhaoReward=-1 total=186:216 
(Filename: E:\unity\Runtime/Export/Debug/Debug.bindings.h Line: 39)

SELFPLAY GOAL 403 scorer=Fan ZhaoReward=-1 total=187:216 
(Filename: E:\unity\Runtime/Export/Debug/Debug.bindings.h Line: 39)

SELFPLAY GOAL 404 scorer=Zhao ZhaoReward=1 total=187:217 
(Filename: E:\unity\Runtime/Export/Debug/Debug.bindings.h Line: 39)

SELFPLAY GOAL 405 scorer=Zhao ZhaoReward=1 total=187:218 
(Filename: E:\unity\Runtime/Export/Debug/Debug.bindings.h Line: 39)

SELFPLAY GOAL 406 scorer=Zhao ZhaoReward=1 total=187:219 
(Filename: E:\unity\Runtime/Export/Debug/Debug.bindings.h Line: 39)

SELFPLAY GOAL 407 scorer=Fan ZhaoReward=-1 total=188:219 
(Filename: E:\unity\Runtime/Export/Debug/Debug.bindings.h Line: 39)

SELFPLAY GOAL 408 scorer=Fan ZhaoReward=-1 total=189:219 
(Filename: E:\unity\Runtime/Export/Debug/Debug.bindings.h Line: 39)

SELFPLAY GOAL 409 scorer=Zhao ZhaoReward=1 total=189:220 
(Filename: E:\unity\Runtime/Export/Debug/Debug.bindings.h Line: 39)

SELFPLAY MATCH 43 goals=10 total=409 score=5:5 
(Filename: E:\unity\Runtime/Export/Debug/Debug.bindings.h Line: 39)

Unloading 4 Unused Serialized files (Serialized files now loaded: 0)
UnloadTime: 0.616700 ms

Unloading 4 unused Assets to reduce memory usage. Loaded Objects now: 1059.
Total: 1.195900 ms (FindLiveObjects: 0.039100 ms CreateObjectMapping: 0.009400 ms MarkObjects: 0.281200 ms  DeleteObjects: 0.865800 ms)

SELFPLAY GOALMAP x=-6.13 isPlayer1Goal=True 
(Filename: E:\unity\Runtime/Export/Debug/Debug.bindings.h Line: 39)

SELFPLAY GOALMAP x=6.18 isPlayer1Goal=False 
(Filename: E:\unity\Runtime/Export/Debug/Debug.bindings.h Line: 39)

SELFPLAY GOAL 410 scorer=Fan ZhaoReward=-1 total=190:220 
(Filename: E:\unity\Runtime/Export/Debug/Debug.bindings.h Line: 39)

SELFPLAY GOAL 411 scorer=Fan ZhaoReward=-1 total=191:220 
(Filename: E:\unity\Runtime/Export/Debug/Debug.bindings.h Line: 39)

SELFPLAY GOAL 412 scorer=Fan ZhaoReward=-1 total=192:220 
(Filename: E:\unity\Runtime/Export/Debug/Debug.bindings.h Line: 39)

SELFPLAY GOAL 413 scorer=Zhao ZhaoReward=1 total=192:221 
(Filename: E:\unity\Runtime/Export/Debug/Debug.bindings.h Line: 39)

SELFPLAY GOAL 414 scorer=Zhao ZhaoReward=1 total=192:222 
(Filename: E:\unity\Runtime/Export/Debug/Debug.bindings.h Line: 39)

SELFPLAY GOAL 415 scorer=Zhao ZhaoReward=1 total=192:223 
(Filename: E:\unity\Runtime/Export/Debug/Debug.bindings.h Line: 39)

SELFPLAY GOAL 416 scorer=Fan ZhaoReward=-1 total=193:223 
(Filename: E:\unity\Runtime/Export/Debug/Debug.bindings.h Line: 39)

SELFPLAY GOAL 417 scorer=Zhao ZhaoReward=1 total=193:224 
(Filename: E:\unity\Runtime/Export/Debug/Debug.bindings.h Line: 39)

SELFPLAY GOAL 418 scorer=Fan ZhaoReward=-1 total=194:224 
(Filename: E:\unity\Runtime/Export/Debug/Debug.bindings.h Line: 39)

SELFPLAY GOAL 419 scorer=Zhao ZhaoReward=1 total=194:225 
(Filename: E:\unity\Runtime/Export/Debug/Debug.bindings.h Line: 39)

SELFPLAY GOAL 420 scorer=Zhao ZhaoReward=1 total=194:226 
(Filename: E:\unity\Runtime/Export/Debug/Debug.bindings.h Line: 39)

SELFPLAY MATCH 44 goals=11 total=420 score=5:6 
(Filename: E:\unity\Runtime/Export/Debug/Debug.bindings.h Line: 39)

Unloading 4 Unused Serialized files (Serialized files now loaded: 0)
UnloadTime: 0.510200 ms

Unloading 4 unused Assets to reduce memory usage. Loaded Objects now: 1059.
Total: 1.456900 ms (FindLiveObjects: 0.045900 ms CreateObjectMapping: 0.012000 ms MarkObjects: 0.399100 ms  DeleteObjects: 0.999000 ms)

SELFPLAY GOALMAP x=-6.13 isPlayer1Goal=True 
(Filename: E:\unity\Runtime/Export/Debug/Debug.bindings.h Line: 39)

SELFPLAY GOALMAP x=6.18 isPlayer1Goal=False 
(Filename: E:\unity\Runtime/Export/Debug/Debug.bindings.h Line: 39)

SELFPLAY GOAL 421 scorer=Zhao ZhaoReward=1 total=194:227 
(Filename: E:\unity\Runtime/Export/Debug/Debug.bindings.h Line: 39)

SELFPLAY GOAL 422 scorer=Fan ZhaoReward=-1 total=195:227 
(Filename: E:\unity\Runtime/Export/Debug/Debug.bindings.h Line: 39)

SELFPLAY GOAL 423 scorer=Zhao ZhaoReward=1 total=195:228 
(Filename: E:\unity\Runtime/Export/Debug/Debug.bindings.h Line: 39)

SELFPLAY GOAL 424 scorer=Zhao ZhaoReward=1 total=195:229 
(Filename: E:\unity\Runtime/Export/Debug/Debug.bindings.h Line: 39)

SELFPLAY GOAL 425 scorer=Fan ZhaoReward=-1 total=196:229 
(Filename: E:\unity\Runtime/Export/Debug/Debug.bindings.h Line: 39)

SELFPLAY GOAL 426 scorer=Fan ZhaoReward=-1 total=197:229 
(Filename: E:\unity\Runtime/Export/Debug/Debug.bindings.h Line: 39)

SELFPLAY GOAL 427 scorer=Zhao ZhaoReward=1 total=197:230 
(Filename: E:\unity\Runtime/Export/Debug/Debug.bindings.h Line: 39)

SELFPLAY GOAL 428 scorer=Zhao ZhaoReward=1 total=197:231 
(Filename: E:\unity\Runtime/Export/Debug/Debug.bindings.h Line: 39)

SELFPLAY GOAL 429 scorer=Fan ZhaoReward=-1 total=198:231 
(Filename: E:\unity\Runtime/Export/Debug/Debug.bindings.h Line: 39)

SELFPLAY GOAL 430 scorer=Zhao ZhaoReward=1 total=198:232 
(Filename: E:\unity\Runtime/Export/Debug/Debug.bindings.h Line: 39)

SELFPLAY MATCH 45 goals=10 total=430 score=4:6 
(Filename: E:\unity\Runtime/Export/Debug/Debug.bindings.h Line: 39)

Unloading 4 Unused Serialized files (Serialized files now loaded: 0)
UnloadTime: 0.410900 ms

Unloading 4 unused Assets to reduce memory usage. Loaded Objects now: 1059.
Total: 1.429500 ms (FindLiveObjects: 0.044400 ms CreateObjectMapping: 0.009900 ms MarkObjects: 0.420900 ms  DeleteObjects: 0.953700 ms)

SELFPLAY GOALMAP x=-6.13 isPlayer1Goal=True 
(Filename: E:\unity\Runtime/Export/Debug/Debug.bindings.h Line: 39)

SELFPLAY GOALMAP x=6.18 isPlayer1Goal=False 
(Filename: E:\unity\Runtime/Export/Debug/Debug.bindings.h Line: 39)

SELFPLAY GOAL 431 scorer=Zhao ZhaoReward=1 total=198:233 
(Filename: E:\unity\Runtime/Export/Debug/Debug.bindings.h Line: 39)

SELFPLAY GOAL 432 scorer=Zhao ZhaoReward=1 total=198:234 
(Filename: E:\unity\Runtime/Export/Debug/Debug.bindings.h Line: 39)

SELFPLAY GOAL 433 scorer=Fan ZhaoReward=-1 total=199:234 
(Filename: E:\unity\Runtime/Export/Debug/Debug.bindings.h Line: 39)

SELFPLAY GOAL 434 scorer=Fan ZhaoReward=-1 total=200:234 
(Filename: E:\unity\Runtime/Export/Debug/Debug.bindings.h Line: 39)

SELFPLAY GOAL 435 scorer=Zhao ZhaoReward=1 total=200:235 
(Filename: E:\unity\Runtime/Export/Debug/Debug.bindings.h Line: 39)

SELFPLAY GOAL 436 scorer=Fan ZhaoReward=-1 total=201:235 
(Filename: E:\unity\Runtime/Export/Debug/Debug.bindings.h Line: 39)

SELFPLAY GOAL 437 scorer=Fan ZhaoReward=-1 total=202:235 
(Filename: E:\unity\Runtime/Export/Debug/Debug.bindings.h Line: 39)

SELFPLAY GOAL 438 scorer=Fan ZhaoReward=-1 total=203:235 
(Filename: E:\unity\Runtime/Export/Debug/Debug.bindings.h Line: 39)

SELFPLAY GOAL 439 scorer=Fan ZhaoReward=-1 total=204:235 
(Filename: E:\unity\Runtime/Export/Debug/Debug.bindings.h Line: 39)

SELFPLAY MATCH 46 goals=9 total=439 score=6:3 
(Filename: E:\unity\Runtime/Export/Debug/Debug.bindings.h Line: 39)

Unloading 4 Unused Serialized files (Serialized files now loaded: 0)
UnloadTime: 0.566200 ms

Unloading 4 unused Assets to reduce memory usage. Loaded Objects now: 1059.
Total: 1.521900 ms (FindLiveObjects: 0.053800 ms CreateObjectMapping: 0.011200 ms MarkObjects: 0.486500 ms  DeleteObjects: 0.970100 ms)

SELFPLAY GOALMAP x=-6.13 isPlayer1Goal=True 
(Filename: E:\unity\Runtime/Export/Debug/Debug.bindings.h Line: 39)

SELFPLAY GOALMAP x=6.18 isPlayer1Goal=False 
(Filename: E:\unity\Runtime/Export/Debug/Debug.bindings.h Line: 39)

SELFPLAY GOAL 440 scorer=Fan ZhaoReward=-1 total=205:235 
(Filename: E:\unity\Runtime/Export/Debug/Debug.bindings.h Line: 39)

SELFPLAY GOAL 441 scorer=Fan ZhaoReward=-1 total=206:235 
(Filename: E:\unity\Runtime/Export/Debug/Debug.bindings.h Line: 39)

SELFPLAY GOAL 442 scorer=Fan ZhaoReward=-1 total=207:235 
(Filename: E:\unity\Runtime/Export/Debug/Debug.bindings.h Line: 39)

SELFPLAY GOAL 443 scorer=Zhao ZhaoReward=1 total=207:236 
(Filename: E:\unity\Runtime/Export/Debug/Debug.bindings.h Line: 39)

SELFPLAY GOAL 444 scorer=Fan ZhaoReward=-1 total=208:236 
(Filename: E:\unity\Runtime/Export/Debug/Debug.bindings.h Line: 39)

SELFPLAY GOAL 445 scorer=Fan ZhaoReward=-1 total=209:236 
(Filename: E:\unity\Runtime/Export/Debug/Debug.bindings.h Line: 39)

SELFPLAY GOAL 446 scorer=Fan ZhaoReward=-1 total=210:236 
(Filename: E:\unity\Runtime/Export/Debug/Debug.bindings.h Line: 39)

SELFPLAY GOAL 447 scorer=Fan ZhaoReward=-1 total=211:236 
(Filename: E:\unity\Runtime/Export/Debug/Debug.bindings.h Line: 39)

SELFPLAY PROGRESS goals=447/500 matches=47 score=211:236 real=190.4892 
(Filename: E:\unity\Runtime/Export/Debug/Debug.bindings.h Line: 39)

SELFPLAY GOAL 448 scorer=Fan ZhaoReward=-1 total=212:236 
(Filename: E:\unity\Runtime/Export/Debug/Debug.bindings.h Line: 39)

SELFPLAY MATCH 47 goals=9 total=448 score=8:1 
(Filename: E:\unity\Runtime/Export/Debug/Debug.bindings.h Line: 39)

Unloading 4 Unused Serialized files (Serialized files now loaded: 0)
UnloadTime: 0.398400 ms

Unloading 4 unused Assets to reduce memory usage. Loaded Objects now: 1059.
Total: 1.335300 ms (FindLiveObjects: 0.044800 ms CreateObjectMapping: 0.011600 ms MarkObjects: 0.360600 ms  DeleteObjects: 0.917700 ms)

SELFPLAY GOALMAP x=-6.13 isPlayer1Goal=True 
(Filename: E:\unity\Runtime/Export/Debug/Debug.bindings.h Line: 39)

SELFPLAY GOALMAP x=6.18 isPlayer1Goal=False 
(Filename: E:\unity\Runtime/Export/Debug/Debug.bindings.h Line: 39)

SELFPLAY GOAL 449 scorer=Zhao ZhaoReward=1 total=212:237 
(Filename: E:\unity\Runtime/Export/Debug/Debug.bindings.h Line: 39)

SELFPLAY GOAL 450 scorer=Zhao ZhaoReward=1 total=212:238 
(Filename: E:\unity\Runtime/Export/Debug/Debug.bindings.h Line: 39)

SELFPLAY GOAL 451 scorer=Fan ZhaoReward=-1 total=213:238 
(Filename: E:\unity\Runtime/Export/Debug/Debug.bindings.h Line: 39)

SELFPLAY GOAL 452 scorer=Fan ZhaoReward=-1 total=214:238 
(Filename: E:\unity\Runtime/Export/Debug/Debug.bindings.h Line: 39)

SELFPLAY GOAL 453 scorer=Fan ZhaoReward=-1 total=215:238 
(Filename: E:\unity\Runtime/Export/Debug/Debug.bindings.h Line: 39)

SELFPLAY GOAL 454 scorer=Zhao ZhaoReward=1 total=215:239 
(Filename: E:\unity\Runtime/Export/Debug/Debug.bindings.h Line: 39)

SELFPLAY GOAL 455 scorer=Fan ZhaoReward=-1 total=216:239 
(Filename: E:\unity\Runtime/Export/Debug/Debug.bindings.h Line: 39)

SELFPLAY GOAL 456 scorer=Fan ZhaoReward=-1 total=217:239 
(Filename: E:\unity\Runtime/Export/Debug/Debug.bindings.h Line: 39)

SELFPLAY GOAL 457 scorer=Zhao ZhaoReward=1 total=217:240 
(Filename: E:\unity\Runtime/Export/Debug/Debug.bindings.h Line: 39)

SELFPLAY GOAL 458 scorer=Zhao ZhaoReward=1 total=217:241 
(Filename: E:\unity\Runtime/Export/Debug/Debug.bindings.h Line: 39)

SELFPLAY MATCH 48 goals=10 total=458 score=5:5 
(Filename: E:\unity\Runtime/Export/Debug/Debug.bindings.h Line: 39)

Unloading 4 Unused Serialized files (Serialized files now loaded: 0)
UnloadTime: 0.526900 ms

Unloading 4 unused Assets to reduce memory usage. Loaded Objects now: 1059.
Total: 1.281400 ms (FindLiveObjects: 0.040700 ms CreateObjectMapping: 0.009600 ms MarkObjects: 0.290600 ms  DeleteObjects: 0.940100 ms)

SELFPLAY GOALMAP x=-6.13 isPlayer1Goal=True 
(Filename: E:\unity\Runtime/Export/Debug/Debug.bindings.h Line: 39)

SELFPLAY GOALMAP x=6.18 isPlayer1Goal=False 
(Filename: E:\unity\Runtime/Export/Debug/Debug.bindings.h Line: 39)

SELFPLAY GOAL 459 scorer=Zhao ZhaoReward=1 total=217:242 
(Filename: E:\unity\Runtime/Export/Debug/Debug.bindings.h Line: 39)

SELFPLAY GOAL 460 scorer=Zhao ZhaoReward=1 total=217:243 
(Filename: E:\unity\Runtime/Export/Debug/Debug.bindings.h Line: 39)

SELFPLAY GOAL 461 scorer=Zhao ZhaoReward=1 total=217:244 
(Filename: E:\unity\Runtime/Export/Debug/Debug.bindings.h Line: 39)

SELFPLAY GOAL 462 scorer=Zhao ZhaoReward=1 total=217:245 
(Filename: E:\unity\Runtime/Export/Debug/Debug.bindings.h Line: 39)

SELFPLAY GOAL 463 scorer=Fan ZhaoReward=-1 total=218:245 
(Filename: E:\unity\Runtime/Export/Debug/Debug.bindings.h Line: 39)

SELFPLAY GOAL 464 scorer=Fan ZhaoReward=-1 total=219:245 
(Filename: E:\unity\Runtime/Export/Debug/Debug.bindings.h Line: 39)

SELFPLAY GOAL 465 scorer=Fan ZhaoReward=-1 total=220:245 
(Filename: E:\unity\Runtime/Export/Debug/Debug.bindings.h Line: 39)

SELFPLAY GOAL 466 scorer=Fan ZhaoReward=-1 total=221:245 
(Filename: E:\unity\Runtime/Export/Debug/Debug.bindings.h Line: 39)

SELFPLAY GOAL 467 scorer=Zhao ZhaoReward=1 total=221:246 
(Filename: E:\unity\Runtime/Export/Debug/Debug.bindings.h Line: 39)

SELFPLAY MATCH 49 goals=9 total=467 score=4:5 
(Filename: E:\unity\Runtime/Export/Debug/Debug.bindings.h Line: 39)

Unloading 4 Unused Serialized files (Serialized files now loaded: 0)
UnloadTime: 0.529200 ms

Unloading 4 unused Assets to reduce memory usage. Loaded Objects now: 1059.
Total: 1.358800 ms (FindLiveObjects: 0.041600 ms CreateObjectMapping: 0.009800 ms MarkObjects: 0.299600 ms  DeleteObjects: 1.007500 ms)

SELFPLAY GOALMAP x=-6.13 isPlayer1Goal=True 
(Filename: E:\unity\Runtime/Export/Debug/Debug.bindings.h Line: 39)

SELFPLAY GOALMAP x=6.18 isPlayer1Goal=False 
(Filename: E:\unity\Runtime/Export/Debug/Debug.bindings.h Line: 39)

SELFPLAY GOAL 468 scorer=Zhao ZhaoReward=1 total=221:247 
(Filename: E:\unity\Runtime/Export/Debug/Debug.bindings.h Line: 39)

SELFPLAY GOAL 469 scorer=Fan ZhaoReward=-1 total=222:247 
(Filename: E:\unity\Runtime/Export/Debug/Debug.bindings.h Line: 39)

SELFPLAY GOAL 470 scorer=Fan ZhaoReward=-1 total=223:247 
(Filename: E:\unity\Runtime/Export/Debug/Debug.bindings.h Line: 39)

SELFPLAY GOAL 471 scorer=Zhao ZhaoReward=1 total=223:248 
(Filename: E:\unity\Runtime/Export/Debug/Debug.bindings.h Line: 39)

SELFPLAY GOAL 472 scorer=Zhao ZhaoReward=1 total=223:249 
(Filename: E:\unity\Runtime/Export/Debug/Debug.bindings.h Line: 39)

SELFPLAY GOAL 473 scorer=Fan ZhaoReward=-1 total=224:249 
(Filename: E:\unity\Runtime/Export/Debug/Debug.bindings.h Line: 39)

SELFPLAY GOAL 474 scorer=Zhao ZhaoReward=1 total=224:250 
(Filename: E:\unity\Runtime/Export/Debug/Debug.bindings.h Line: 39)

SELFPLAY GOAL 475 scorer=Zhao ZhaoReward=1 total=224:251 
(Filename: E:\unity\Runtime/Export/Debug/Debug.bindings.h Line: 39)

SELFPLAY GOAL 476 scorer=Zhao ZhaoReward=1 total=224:252 
(Filename: E:\unity\Runtime/Export/Debug/Debug.bindings.h Line: 39)

SELFPLAY GOAL 477 scorer=Fan ZhaoReward=-1 total=225:252 
(Filename: E:\unity\Runtime/Export/Debug/Debug.bindings.h Line: 39)

SELFPLAY MATCH 50 goals=10 total=477 score=4:6 
(Filename: E:\unity\Runtime/Export/Debug/Debug.bindings.h Line: 39)

Unloading 4 Unused Serialized files (Serialized files now loaded: 0)
UnloadTime: 0.518800 ms

Unloading 4 unused Assets to reduce memory usage. Loaded Objects now: 1059.
Total: 1.469600 ms (FindLiveObjects: 0.041900 ms CreateObjectMapping: 0.012400 ms MarkObjects: 0.288900 ms  DeleteObjects: 1.126200 ms)

SELFPLAY GOALMAP x=-6.13 isPlayer1Goal=True 
(Filename: E:\unity\Runtime/Export/Debug/Debug.bindings.h Line: 39)

SELFPLAY GOALMAP x=6.18 isPlayer1Goal=False 
(Filename: E:\unity\Runtime/Export/Debug/Debug.bindings.h Line: 39)

SELFPLAY GOAL 478 scorer=Zhao ZhaoReward=1 total=225:253 
(Filename: E:\unity\Runtime/Export/Debug/Debug.bindings.h Line: 39)

SELFPLAY GOAL 479 scorer=Zhao ZhaoReward=1 total=225:254 
(Filename: E:\unity\Runtime/Export/Debug/Debug.bindings.h Line: 39)

SELFPLAY GOAL 480 scorer=Zhao ZhaoReward=1 total=225:255 
(Filename: E:\unity\Runtime/Export/Debug/Debug.bindings.h Line: 39)

SELFPLAY GOAL 481 scorer=Fan ZhaoReward=-1 total=226:255 
(Filename: E:\unity\Runtime/Export/Debug/Debug.bindings.h Line: 39)

SELFPLAY GOAL 482 scorer=Zhao ZhaoReward=1 total=226:256 
(Filename: E:\unity\Runtime/Export/Debug/Debug.bindings.h Line: 39)

SELFPLAY GOAL 483 scorer=Fan ZhaoReward=-1 total=227:256 
(Filename: E:\unity\Runtime/Export/Debug/Debug.bindings.h Line: 39)

SELFPLAY GOAL 484 scorer=Zhao ZhaoReward=1 total=227:257 
(Filename: E:\unity\Runtime/Export/Debug/Debug.bindings.h Line: 39)

SELFPLAY GOAL 485 scorer=Fan ZhaoReward=-1 total=228:257 
(Filename: E:\unity\Runtime/Export/Debug/Debug.bindings.h Line: 39)

SELFPLAY GOAL 486 scorer=Zhao ZhaoReward=1 total=228:258 
(Filename: E:\unity\Runtime/Export/Debug/Debug.bindings.h Line: 39)

SELFPLAY MATCH 51 goals=9 total=486 score=3:6 
(Filename: E:\unity\Runtime/Export/Debug/Debug.bindings.h Line: 39)

Unloading 4 Unused Serialized files (Serialized files now loaded: 0)
UnloadTime: 0.501200 ms

Unloading 4 unused Assets to reduce memory usage. Loaded Objects now: 1059.
Total: 1.453000 ms (FindLiveObjects: 0.040700 ms CreateObjectMapping: 0.009800 ms MarkObjects: 0.396900 ms  DeleteObjects: 1.005100 ms)

SELFPLAY GOALMAP x=-6.13 isPlayer1Goal=True 
(Filename: E:\unity\Runtime/Export/Debug/Debug.bindings.h Line: 39)

SELFPLAY GOALMAP x=6.18 isPlayer1Goal=False 
(Filename: E:\unity\Runtime/Export/Debug/Debug.bindings.h Line: 39)

SELFPLAY GOAL 487 scorer=Zhao ZhaoReward=1 total=228:259 
(Filename: E:\unity\Runtime/Export/Debug/Debug.bindings.h Line: 39)

SELFPLAY GOAL 488 scorer=Zhao ZhaoReward=1 total=228:260 
(Filename: E:\unity\Runtime/Export/Debug/Debug.bindings.h Line: 39)

SELFPLAY GOAL 489 scorer=Zhao ZhaoReward=1 total=228:261 
(Filename: E:\unity\Runtime/Export/Debug/Debug.bindings.h Line: 39)

SELFPLAY GOAL 490 scorer=Zhao ZhaoReward=1 total=228:262 
(Filename: E:\unity\Runtime/Export/Debug/Debug.bindings.h Line: 39)

SELFPLAY GOAL 491 scorer=Zhao ZhaoReward=1 total=228:263 
(Filename: E:\unity\Runtime/Export/Debug/Debug.bindings.h Line: 39)

SELFPLAY GOAL 492 scorer=Fan ZhaoReward=-1 total=229:263 
(Filename: E:\unity\Runtime/Export/Debug/Debug.bindings.h Line: 39)

SELFPLAY GOAL 493 scorer=Zhao ZhaoReward=1 total=229:264 
(Filename: E:\unity\Runtime/Export/Debug/Debug.bindings.h Line: 39)

SELFPLAY GOAL 494 scorer=Fan ZhaoReward=-1 total=230:264 
(Filename: E:\unity\Runtime/Export/Debug/Debug.bindings.h Line: 39)

SELFPLAY GOAL 495 scorer=Fan ZhaoReward=-1 total=231:264 
(Filename: E:\unity\Runtime/Export/Debug/Debug.bindings.h Line: 39)

SELFPLAY GOAL 496 scorer=Fan ZhaoReward=-1 total=232:264 
(Filename: E:\unity\Runtime/Export/Debug/Debug.bindings.h Line: 39)

SELFPLAY MATCH 52 goals=10 total=496 score=4:6 
(Filename: E:\unity\Runtime/Export/Debug/Debug.bindings.h Line: 39)

Unloading 4 Unused Serialized files (Serialized files now loaded: 0)
UnloadTime: 0.428400 ms

Unloading 4 unused Assets to reduce memory usage. Loaded Objects now: 1059.
Total: 1.445400 ms (FindLiveObjects: 0.063000 ms CreateObjectMapping: 0.011600 ms MarkObjects: 0.335300 ms  DeleteObjects: 1.035200 ms)

SELFPLAY GOALMAP x=-6.13 isPlayer1Goal=True 
(Filename: E:\unity\Runtime/Export/Debug/Debug.bindings.h Line: 39)

SELFPLAY GOALMAP x=6.18 isPlayer1Goal=False 
(Filename: E:\unity\Runtime/Export/Debug/Debug.bindings.h Line: 39)

SELFPLAY GOAL 497 scorer=Zhao ZhaoReward=1 total=232:265 
(Filename: E:\unity\Runtime/Export/Debug/Debug.bindings.h Line: 39)

SELFPLAY GOAL 498 scorer=Zhao ZhaoReward=1 total=232:266 
(Filename: E:\unity\Runtime/Export/Debug/Debug.bindings.h Line: 39)

SELFPLAY GOAL 499 scorer=Zhao ZhaoReward=1 total=232:267 
(Filename: E:\unity\Runtime/Export/Debug/Debug.bindings.h Line: 39)

SELFPLAY GOAL 500 scorer=Fan ZhaoReward=-1 total=233:267 
(Filename: E:\unity\Runtime/Export/Debug/Debug.bindings.h Line: 39)

SELFPLAY MATCH 53 goals=4 total=500 score=1:3 
(Filename: E:\unity\Runtime/Export/Debug/Debug.bindings.h Line: 39)

SELFPLAY COMPLETE goals=500 fan=233 zhao=267 matches=53 failures=0 
(Filename: E:\unity\Runtime/Export/Debug/Debug.bindings.h Line: 39)

Setting up 12 worker threads for Enlighten.
  Thread -> id: 1834 -> priority: 1 
  Thread -> id: 3ee0 -> priority: 1 
  Thread -> id: 2e0c -> priority: 1 
  Thread -> id: 8dbc -> priority: 1 
  Thread -> id: a24c -> priority: 1 
  Thread -> id: a5c4 -> priority: 1 
  Thread -> id: 24d4 -> priority: 1 
  Thread -> id: 6a9c -> priority: 1 
  Thread -> id: 6fdc -> priority: 1 
  Thread -> id: 7e68 -> priority: 1 
  Thread -> id: 3d7c -> priority: 1 
  Thread -> id: 8a68 -> priority: 1 
