Process is running in low integrity mode...
Mono path[0] = 'C:/Users/Alienware/Desktop/范志毅VS赵鹏/范志毅VS赵鹏 PC双人版（32位）/鑼冨織姣匳S璧甸箯 PC鍙屼汉鐗堬紙32浣嶏級/AI Mod Source/build/ai-contest-air-test-player-original/FanZhiYi_Data/Managed'
Mono config path = 'C:/Users/Alienware/Desktop/范志毅VS赵鹏/范志毅VS赵鹏 PC双人版（32位）/鑼冨織姣匳S璧甸箯 PC鍙屼汉鐗堬紙32浣嶏級/AI Mod Source/build/ai-contest-air-test-player-original/MonoBleedingEdge/etc'
AS: AutoStreaming module initializing.Initialize engine version: 2019.4.33f1c1 (c2f94a8bebb3)
[Subsystems] Discovering subsystems at path C:/Users/Alienware/Desktop/范志毅VS赵鹏/范志毅VS赵鹏 PC双人版（32位）/鑼冨織姣匳S璧甸箯 PC鍙屼汉鐗堬紙32浣嶏級/AI Mod Source/build/ai-contest-air-test-player-original/FanZhiYi_Data/UnitySubsystems
GfxDevice: creating device client; threaded=1
Direct3D:
    Version:  Direct3D 11.0 [level 11.1]
    Renderer: NVIDIA GeForce RTX 5070 Laptop GPU (ID=0x2d58)
    Vendor:   (null)
    VRAM:     3072 MB
FMOD failed to initialize. This may be because your sound card is configured to give applications exclusive access, thus preventing Unity from using this device. You can change this in Control Panel > Audio Devices and Sound Themes > Playback Device > Properties > Options ... : "Soundcard does not support the minimum features needed for this soundsystem (16bit stereo output). " (59) 
(Filename:  Line: 1659)

Forced to initialize FMOD to to the device driver's system output rate 44100, this may impact performance and/or give inconsistent experiences compared to selected sample rate 48000 
(Filename:  Line: 1597)

Begin MonoManager ReloadAssembly
- Completed reload, in  0.117 seconds
<RI> Initializing input.
<RI> Input initialized.
<RI> Initialized touch support.
UnloadTime: 0.560200 ms
Curl error 7: Failed to connect to 127.0.0.1 port 7897: Bad access
 
(Filename:  Line: 867)

Curl error 7: Failed to connect to 127.0.0.1 port 7897: Bad access
 
(Filename:  Line: 867)

Curl error 7: Failed to connect to 127.0.0.1 port 7897: Bad access
 
(Filename:  Line: 867)

Curl error 7: Failed to connect to 127.0.0.1 port 7897: Bad access
 
(Filename:  Line: 867)

Unloading 5 Unused Serialized files (Serialized files now loaded: 0)
UnloadTime: 0.168200 ms

Unloading 143 unused Assets to reduce memory usage. Loaded Objects now: 1009.
Total: 0.513000 ms (FindLiveObjects: 0.033500 ms CreateObjectMapping: 0.008600 ms MarkObjects: 0.159300 ms  DeleteObjects: 0.311000 ms)

POWER PASS keypad 0 selects kick, never header 
(Filename: E:\unity\Runtime/Export/Debug/Debug.bindings.h Line: 39)

POWER PASS right Shift selects header, never kick 
(Filename: E:\unity\Runtime/Export/Debug/Debug.bindings.h Line: 39)

POWER PASS L selects Fan powered native kick 
(Filename: E:\unity\Runtime/Export/Debug/Debug.bindings.h Line: 39)

POWER PASS double ordinary shooting no longer arms burst 
(Filename: E:\unity\Runtime/Export/Debug/Debug.bindings.h Line: 39)

POWER PASS round reset clears powered shooting request 
(Filename: E:\unity\Runtime/Export/Debug/Debug.bindings.h Line: 39)

Unloading 4 Unused Serialized files (Serialized files now loaded: 0)
UnloadTime: 0.763500 ms

Unloading 37 unused Assets to reduce memory usage. Loaded Objects now: 1057.
Total: 1.271800 ms (FindLiveObjects: 0.057800 ms CreateObjectMapping: 0.016000 ms MarkObjects: 0.224500 ms  DeleteObjects: 0.973000 ms)

POWER PASS native kick action actually ran Fan powered=False skills=False 
(Filename: E:\unity\Runtime/Export/Debug/Debug.bindings.h Line: 39)

POWER PASS one real contact launch, ordinary shot has none Fan powered=False launches=0 skills=False 
(Filename: E:\unity\Runtime/Export/Debug/Debug.bindings.h Line: 39)

POWER PASS shooting keeps the connected skeleton Fan error=0.09238212 
(Filename: E:\unity\Runtime/Export/Debug/Debug.bindings.h Line: 39)

POWER PASS classic power shot requires no special skill component 
(Filename: E:\unity\Runtime/Export/Debug/Debug.bindings.h Line: 39)

Unloading 4 Unused Serialized files (Serialized files now loaded: 0)
UnloadTime: 0.288800 ms

Unloading 3 unused Assets to reduce memory usage. Loaded Objects now: 1057.
Total: 1.294600 ms (FindLiveObjects: 0.037300 ms CreateObjectMapping: 0.008800 ms MarkObjects: 0.218400 ms  DeleteObjects: 1.029600 ms)

Curl error 7: Failed to connect to 127.0.0.1 port 7897: Bad access
 
(Filename:  Line: 867)

POWER PASS native kick action actually ran Fan powered=True skills=False 
(Filename: E:\unity\Runtime/Export/Debug/Debug.bindings.h Line: 39)

POWER PASS one real contact launch, ordinary shot has none Fan powered=True launches=1 skills=False 
(Filename: E:\unity\Runtime/Export/Debug/Debug.bindings.h Line: 39)

POWER PASS Fan real collision ball speed +20% ratio=1.2 
(Filename: E:\unity\Runtime/Export/Debug/Debug.bindings.h Line: 39)

POWER PASS shooting keeps the connected skeleton Fan error=0.08955482 
(Filename: E:\unity\Runtime/Export/Debug/Debug.bindings.h Line: 39)

POWER PASS classic power shot requires no special skill component 
(Filename: E:\unity\Runtime/Export/Debug/Debug.bindings.h Line: 39)

Unloading 4 Unused Serialized files (Serialized files now loaded: 0)
UnloadTime: 0.249300 ms

Unloading 3 unused Assets to reduce memory usage. Loaded Objects now: 1057.
Total: 1.323300 ms (FindLiveObjects: 0.059000 ms CreateObjectMapping: 0.009700 ms MarkObjects: 0.197000 ms  DeleteObjects: 1.057200 ms)

POWER PASS native kick action actually ran Zhao powered=False skills=False 
(Filename: E:\unity\Runtime/Export/Debug/Debug.bindings.h Line: 39)

POWER PASS one real contact launch, ordinary shot has none Zhao powered=False launches=0 skills=False 
(Filename: E:\unity\Runtime/Export/Debug/Debug.bindings.h Line: 39)

POWER PASS shooting keeps the connected skeleton Zhao error=0.144931 
(Filename: E:\unity\Runtime/Export/Debug/Debug.bindings.h Line: 39)

POWER PASS classic power shot requires no special skill component 
(Filename: E:\unity\Runtime/Export/Debug/Debug.bindings.h Line: 39)

Unloading 4 Unused Serialized files (Serialized files now loaded: 0)
UnloadTime: 0.284500 ms

Unloading 3 unused Assets to reduce memory usage. Loaded Objects now: 1057.
Total: 1.333700 ms (FindLiveObjects: 0.033400 ms CreateObjectMapping: 0.008300 ms MarkObjects: 0.256300 ms  DeleteObjects: 1.035300 ms)

POWER PASS native kick action actually ran Zhao powered=True skills=False 
(Filename: E:\unity\Runtime/Export/Debug/Debug.bindings.h Line: 39)

POWER PASS one real contact launch, ordinary shot has none Zhao powered=True launches=1 skills=False 
(Filename: E:\unity\Runtime/Export/Debug/Debug.bindings.h Line: 39)

POWER PASS Zhao real contact power speed skills=False vx=-20.4 expected=20.4 
(Filename: E:\unity\Runtime/Export/Debug/Debug.bindings.h Line: 39)

POWER PASS Zhao powered shot is driven low even in air vy=-12.29699 
(Filename: E:\unity\Runtime/Export/Debug/Debug.bindings.h Line: 39)

POWER PASS shooting keeps the connected skeleton Zhao error=0.1447161 
(Filename: E:\unity\Runtime/Export/Debug/Debug.bindings.h Line: 39)

POWER PASS classic power shot requires no special skill component 
(Filename: E:\unity\Runtime/Export/Debug/Debug.bindings.h Line: 39)

Unloading 4 Unused Serialized files (Serialized files now loaded: 0)
UnloadTime: 0.281500 ms

Unloading 3 unused Assets to reduce memory usage. Loaded Objects now: 1057.
Total: 1.359600 ms (FindLiveObjects: 0.052600 ms CreateObjectMapping: 0.016000 ms MarkObjects: 0.220400 ms  DeleteObjects: 1.070200 ms)

POWER PASS native kick action actually ran Fan powered=False skills=True 
(Filename: E:\unity\Runtime/Export/Debug/Debug.bindings.h Line: 39)

POWER PASS one real contact launch, ordinary shot has none Fan powered=False launches=0 skills=True 
(Filename: E:\unity\Runtime/Export/Debug/Debug.bindings.h Line: 39)

POWER PASS shooting keeps the connected skeleton Fan error=0.09238212 
(Filename: E:\unity\Runtime/Export/Debug/Debug.bindings.h Line: 39)

Unloading 4 Unused Serialized files (Serialized files now loaded: 0)
UnloadTime: 0.315000 ms

Unloading 3 unused Assets to reduce memory usage. Loaded Objects now: 1057.
Total: 0.750400 ms (FindLiveObjects: 0.035700 ms CreateObjectMapping: 0.008400 ms MarkObjects: 0.187600 ms  DeleteObjects: 0.518500 ms)

POWER PASS native kick action actually ran Fan powered=True skills=True 
(Filename: E:\unity\Runtime/Export/Debug/Debug.bindings.h Line: 39)

POWER PASS one real contact launch, ordinary shot has none Fan powered=True launches=1 skills=True 
(Filename: E:\unity\Runtime/Export/Debug/Debug.bindings.h Line: 39)

POWER PASS Fan real collision ball speed +20% ratio=1.2 
(Filename: E:\unity\Runtime/Export/Debug/Debug.bindings.h Line: 39)

POWER PASS shooting keeps the connected skeleton Fan error=0.09238212 
(Filename: E:\unity\Runtime/Export/Debug/Debug.bindings.h Line: 39)

Unloading 4 Unused Serialized files (Serialized files now loaded: 0)
UnloadTime: 0.303800 ms

Unloading 3 unused Assets to reduce memory usage. Loaded Objects now: 1057.
Total: 1.412600 ms (FindLiveObjects: 0.043700 ms CreateObjectMapping: 0.009300 ms MarkObjects: 0.271100 ms  DeleteObjects: 1.087800 ms)

POWER PASS native kick action actually ran Zhao powered=False skills=True 
(Filename: E:\unity\Runtime/Export/Debug/Debug.bindings.h Line: 39)

POWER PASS one real contact launch, ordinary shot has none Zhao powered=False launches=0 skills=True 
(Filename: E:\unity\Runtime/Export/Debug/Debug.bindings.h Line: 39)

POWER PASS shooting keeps the connected skeleton Zhao error=0.144931 
(Filename: E:\unity\Runtime/Export/Debug/Debug.bindings.h Line: 39)

Unloading 4 Unused Serialized files (Serialized files now loaded: 0)
UnloadTime: 0.311800 ms

Unloading 3 unused Assets to reduce memory usage. Loaded Objects now: 1057.
Total: 1.071100 ms (FindLiveObjects: 0.042200 ms CreateObjectMapping: 0.010400 ms MarkObjects: 0.225600 ms  DeleteObjects: 0.792600 ms)

POWER PASS native kick action actually ran Zhao powered=True skills=True 
(Filename: E:\unity\Runtime/Export/Debug/Debug.bindings.h Line: 39)

POWER PASS one real contact launch, ordinary shot has none Zhao powered=True launches=1 skills=True 
(Filename: E:\unity\Runtime/Export/Debug/Debug.bindings.h Line: 39)

POWER PASS Zhao real contact power speed skills=True vx=-22.44 expected=22.44 
(Filename: E:\unity\Runtime/Export/Debug/Debug.bindings.h Line: 39)

POWER PASS Zhao powered shot is driven low even in air vy=-12.26208 
(Filename: E:\unity\Runtime/Export/Debug/Debug.bindings.h Line: 39)

POWER PASS keypad 0 displays burst skill/highlight 
(Filename: E:\unity\Runtime/Export/Debug/Debug.bindings.h Line: 39)

POWER PASS shooting keeps the connected skeleton Zhao error=0.144931 
(Filename: E:\unity\Runtime/Export/Debug/Debug.bindings.h Line: 39)

Unloading 4 Unused Serialized files (Serialized files now loaded: 0)
UnloadTime: 0.339300 ms

Unloading 3 unused Assets to reduce memory usage. Loaded Objects now: 1057.
Total: 1.392800 ms (FindLiveObjects: 0.036500 ms CreateObjectMapping: 0.008500 ms MarkObjects: 0.199900 ms  DeleteObjects: 1.147500 ms)

POWER PASS same curve at 90% speed, spatial sample=0.15 
(Filename: E:\unity\Runtime/Export/Debug/Debug.bindings.h Line: 39)

POWER PASS same curve at 90% speed, spatial sample=0.3 
(Filename: E:\unity\Runtime/Export/Debug/Debug.bindings.h Line: 39)

POWER PASS same curve at 90% speed, spatial sample=0.45 
(Filename: E:\unity\Runtime/Export/Debug/Debug.bindings.h Line: 39)

POWER CONTACT solid=L_Up_Arm 
(Filename: E:\unity\Runtime/Export/Debug/Debug.bindings.h Line: 39)

POWER PASS leaf ball physically hits opponent body 
(Filename: E:\unity\Runtime/Export/Debug/Debug.bindings.h Line: 39)

POWER PASS leaf ball never tunnels through body 
(Filename: E:\unity\Runtime/Export/Debug/Debug.bindings.h Line: 39)

POWER PASS solid collision ends curve drive instead of pushing through 
(Filename: E:\unity\Runtime/Export/Debug/Debug.bindings.h Line: 39)

POWER PASS skill ball uses continuous detection 
(Filename: E:\unity\Runtime/Export/Debug/Debug.bindings.h Line: 39)

Unloading 4 Unused Serialized files (Serialized files now loaded: 0)
UnloadTime: 0.306100 ms

Unloading 3 unused Assets to reduce memory usage. Loaded Objects now: 1058.
Total: 1.197900 ms (FindLiveObjects: 0.038700 ms CreateObjectMapping: 0.009000 ms MarkObjects: 0.233100 ms  DeleteObjects: 0.916700 ms)

POWER PASS emergency retreat keeps moving at real speed=5.433331 
(Filename: E:\unity\Runtime/Export/Debug/Debug.bindings.h Line: 39)

POWER PASS emergency retreat remains balanced deviation=7.932787 
(Filename: E:\unity\Runtime/Export/Debug/Debug.bindings.h Line: 39)

POWER PASS retreat limbs remain joined error=0.0742536 
(Filename: E:\unity\Runtime/Export/Debug/Debug.bindings.h Line: 39)

Unloading 4 Unused Serialized files (Serialized files now loaded: 0)
UnloadTime: 0.293600 ms

Unloading 2 unused Assets to reduce memory usage. Loaded Objects now: 1058.
Total: 1.449600 ms (FindLiveObjects: 0.059400 ms CreateObjectMapping: 0.017300 ms MarkObjects: 0.334200 ms  DeleteObjects: 1.037800 ms)

POWER PASS stronger tackle uses real body contact air=False 
(Filename: E:\unity\Runtime/Export/Debug/Debug.bindings.h Line: 39)

POWER PASS 30% stronger impact keeps skeleton joined error=0.1381549 
(Filename: E:\unity\Runtime/Export/Debug/Debug.bindings.h Line: 39)

POWER PASS impact does not fold Fan body angle=47.17077 
(Filename: E:\unity\Runtime/Export/Debug/Debug.bindings.h Line: 39)

POWER PASS balance recovers promptly after impact 
(Filename: E:\unity\Runtime/Export/Debug/Debug.bindings.h Line: 39)

Unloading 4 Unused Serialized files (Serialized files now loaded: 0)
UnloadTime: 0.277500 ms

Unloading 2 unused Assets to reduce memory usage. Loaded Objects now: 1058.
Total: 1.362300 ms (FindLiveObjects: 0.035200 ms CreateObjectMapping: 0.008300 ms MarkObjects: 0.190300 ms  DeleteObjects: 1.128100 ms)

POWER PASS stronger tackle uses real body contact air=True 
(Filename: E:\unity\Runtime/Export/Debug/Debug.bindings.h Line: 39)

POWER PASS 30% stronger impact keeps skeleton joined error=0.2833019 
(Filename: E:\unity\Runtime/Export/Debug/Debug.bindings.h Line: 39)

POWER PASS impact does not fold Fan body angle=38.36829 
(Filename: E:\unity\Runtime/Export/Debug/Debug.bindings.h Line: 39)

POWER PASS balance recovers promptly after impact 
(Filename: E:\unity\Runtime/Export/Debug/Debug.bindings.h Line: 39)

POWER PASS tackle strength +30%, duration unchanged 
(Filename: E:\unity\Runtime/Export/Debug/Debug.bindings.h Line: 39)

POWER COMPLETE checks=59 failures=0 
(Filename: E:\unity\Runtime/Export/Debug/Debug.bindings.h Line: 39)

Setting up 12 worker threads for Enlighten.
  Thread -> id: 7fac -> priority: 1 
  Thread -> id: 44b8 -> priority: 1 
  Thread -> id: 4160 -> priority: 1 
  Thread -> id: 7744 -> priority: 1 
  Thread -> id: 71e4 -> priority: 1 
  Thread -> id: a3a4 -> priority: 1 
  Thread -> id: 73c4 -> priority: 1 
  Thread -> id: 4278 -> priority: 1 
  Thread -> id: 22bc -> priority: 1 
  Thread -> id: a37c -> priority: 1 
  Thread -> id: 5c08 -> priority: 1 
  Thread -> id: 9128 -> priority: 1 
