Process is running in low integrity mode...
Mono path[0] = 'C:/Users/Alienware/Desktop/范志毅VS赵鹏/范志毅VS赵鹏 PC双人版（32位）/鑼冨織姣匳S璧甸箯 PC鍙屼汉鐗堬紙32浣嶏級/AI Mod Source/build/ai-contest-air-test-player-experiment/FanZhiYi_Data/Managed'
Mono config path = 'C:/Users/Alienware/Desktop/范志毅VS赵鹏/范志毅VS赵鹏 PC双人版（32位）/鑼冨織姣匳S璧甸箯 PC鍙屼汉鐗堬紙32浣嶏級/AI Mod Source/build/ai-contest-air-test-player-experiment/MonoBleedingEdge/etc'
AS: AutoStreaming module initializing.Initialize engine version: 2019.4.33f1c1 (c2f94a8bebb3)
[Subsystems] Discovering subsystems at path C:/Users/Alienware/Desktop/范志毅VS赵鹏/范志毅VS赵鹏 PC双人版（32位）/鑼冨織姣匳S璧甸箯 PC鍙屼汉鐗堬紙32浣嶏級/AI Mod Source/build/ai-contest-air-test-player-experiment/FanZhiYi_Data/UnitySubsystems
GfxDevice: creating device client; threaded=1
Direct3D:
    Version:  Direct3D 11.0 [level 11.1]
    Renderer: NVIDIA GeForce RTX 5070 Laptop GPU (ID=0x2d58)
    Vendor:   (null)
    VRAM:     3072 MB
FMOD failed to initialize. This may be because your sound card is configured to give applications exclusive access, thus preventing Unity from using this device. You can change this in Control Panel > Audio Devices and Sound Themes > Playback Device > Properties > Options ... : "Soundcard does not support the minimum features needed for this soundsystem (16bit stereo output). " (59) 
(Filename:  Line: 1659)

Forced to initialize FMOD to to the device driver's system output rate 44100, this may impact performance and/or give inconsistent experiences compared to selected sample rate 48000 
(Filename:  Line: 1597)

Begin MonoManager ReloadAssembly
- Completed reload, in  0.119 seconds
<RI> Initializing input.
<RI> Input initialized.
<RI> Initialized touch support.
UnloadTime: 0.570800 ms
Curl error 7: Failed to connect to 127.0.0.1 port 7897: Bad access
 
(Filename:  Line: 867)

Curl error 7: Failed to connect to 127.0.0.1 port 7897: Bad access
 
(Filename:  Line: 867)

Curl error 7: Failed to connect to 127.0.0.1 port 7897: Bad access
 
(Filename:  Line: 867)

Curl error 7: Failed to connect to 127.0.0.1 port 7897: Bad access
 
(Filename:  Line: 867)

Unloading 5 Unused Serialized files (Serialized files now loaded: 0)
UnloadTime: 0.173200 ms

Unloading 143 unused Assets to reduce memory usage. Loaded Objects now: 1009.
Total: 0.411200 ms (FindLiveObjects: 0.036800 ms CreateObjectMapping: 0.010800 ms MarkObjects: 0.174800 ms  DeleteObjects: 0.188400 ms)

AIMATCH PARAM side=Zhao skills=False scale=0.75 jump=5.2 gravity=1 head=0.1168774 
(Filename: E:\unity\Runtime/Export/Debug/Debug.bindings.h Line: 39)

Curl error 7: Failed to connect to 127.0.0.1 port 7897: Bad access
 
(Filename:  Line: 867)

AIMATCH PASS real contest recognized Zhao skills=False airborne=False frames=93 
(Filename: E:\unity\Runtime/Export/Debug/Debug.bindings.h Line: 39)

AIMATCH PASS contest uses directions instead of striking Zhao skills=False airborne=False 
(Filename: E:\unity\Runtime/Export/Debug/Debug.bindings.h Line: 39)

AIMATCH PASS direction opposes the human player Zhao skills=False airborne=False 
(Filename: E:\unity\Runtime/Export/Debug/Debug.bindings.h Line: 39)

AIMATCH PASS direction pushing preserves joints Zhao skills=False airborne=False error=0.1179956 
(Filename: E:\unity\Runtime/Export/Debug/Debug.bindings.h Line: 39)

AIMATCH PASS separation releases contest suppression Zhao skills=False airborne=False 
(Filename: E:\unity\Runtime/Export/Debug/Debug.bindings.h Line: 39)

Unloading 4 Unused Serialized files (Serialized files now loaded: 0)
UnloadTime: 0.446100 ms

Unloading 38 unused Assets to reduce memory usage. Loaded Objects now: 1053.
Total: 1.121600 ms (FindLiveObjects: 0.032600 ms CreateObjectMapping: 0.008700 ms MarkObjects: 0.185000 ms  DeleteObjects: 0.894900 ms)

AIMATCH PARAM side=Zhao skills=False scale=0.75 jump=5.2 gravity=1 head=0.1147858 
(Filename: E:\unity\Runtime/Export/Debug/Debug.bindings.h Line: 39)

AIMATCH PASS real contest recognized Zhao skills=False airborne=True frames=11 
(Filename: E:\unity\Runtime/Export/Debug/Debug.bindings.h Line: 39)

AIMATCH PASS contest uses directions instead of striking Zhao skills=False airborne=True 
(Filename: E:\unity\Runtime/Export/Debug/Debug.bindings.h Line: 39)

AIMATCH PASS direction opposes the human player Zhao skills=False airborne=True 
(Filename: E:\unity\Runtime/Export/Debug/Debug.bindings.h Line: 39)

AIMATCH PASS direction pushing preserves joints Zhao skills=False airborne=True error=0.1021625 
(Filename: E:\unity\Runtime/Export/Debug/Debug.bindings.h Line: 39)

AIMATCH PASS separation releases contest suppression Zhao skills=False airborne=True 
(Filename: E:\unity\Runtime/Export/Debug/Debug.bindings.h Line: 39)

Unloading 4 Unused Serialized files (Serialized files now loaded: 0)
UnloadTime: 0.260600 ms

Unloading 3 unused Assets to reduce memory usage. Loaded Objects now: 1053.
Total: 1.198500 ms (FindLiveObjects: 0.033400 ms CreateObjectMapping: 0.008200 ms MarkObjects: 0.183000 ms  DeleteObjects: 0.973700 ms)

AIMATCH PARAM side=Zhao skills=False scale=0.75 jump=5.2 gravity=1 head=0.1168774 
(Filename: E:\unity\Runtime/Export/Debug/Debug.bindings.h Line: 39)

AIMATCH PASS normal free ball shooting remains available Zhao skills=False 
(Filename: E:\unity\Runtime/Export/Debug/Debug.bindings.h Line: 39)

AIMATCH PASS unreachable rising ball avoids premature actions Zhao skills=False 
(Filename: E:\unity\Runtime/Export/Debug/Debug.bindings.h Line: 39)

AIMATCH PASS moving high ball leads future descent Zhao 
(Filename: E:\unity\Runtime/Export/Debug/Debug.bindings.h Line: 39)

AIMATCH PASS reachable descending ball schedules jump Zhao skills=False 
(Filename: E:\unity\Runtime/Export/Debug/Debug.bindings.h Line: 39)

AIMATCH PASS fast overhead pass avoids futile jump Zhao 
(Filename: E:\unity\Runtime/Export/Debug/Debug.bindings.h Line: 39)

AIMATCH PASS serve advances without retreat or meaningless jump Zhao 
(Filename: E:\unity\Runtime/Export/Debug/Debug.bindings.h Line: 39)

AIMATCH PASS paused AI has no commands Zhao 
(Filename: E:\unity\Runtime/Export/Debug/Debug.bindings.h Line: 39)

Unloading 4 Unused Serialized files (Serialized files now loaded: 0)
UnloadTime: 0.246300 ms

Unloading 2 unused Assets to reduce memory usage. Loaded Objects now: 1053.
Total: 1.402600 ms (FindLiveObjects: 0.055200 ms CreateObjectMapping: 0.016900 ms MarkObjects: 0.273600 ms  DeleteObjects: 1.056400 ms)

AIMATCH PARAM side=Zhao skills=False scale=0.75 jump=5.2 gravity=1 head=0.1168774 
(Filename: E:\unity\Runtime/Export/Debug/Debug.bindings.h Line: 39)

AIMATCH PASS live lob plans reachable contact Zhao skills=False jump=False 
(Filename: E:\unity\Runtime/Export/Debug/Debug.bindings.h Line: 39)

AIMATCH PASS live lob intercepted by native collision or existing head skill Zhao skills=False collision=True header=False 
(Filename: E:\unity\Runtime/Export/Debug/Debug.bindings.h Line: 39)

AIMATCH PASS lob interception preserves skeleton Zhao error=0.07878248 
(Filename: E:\unity\Runtime/Export/Debug/Debug.bindings.h Line: 39)

Unloading 4 Unused Serialized files (Serialized files now loaded: 0)
UnloadTime: 0.252400 ms

Unloading 3 unused Assets to reduce memory usage. Loaded Objects now: 1058.
Total: 1.199200 ms (FindLiveObjects: 0.032800 ms CreateObjectMapping: 0.007900 ms MarkObjects: 0.188900 ms  DeleteObjects: 0.969200 ms)

AIMATCH PARAM side=Fan skills=False scale=0.75 jump=5.2 gravity=1 head=0.1100431 
(Filename: E:\unity\Runtime/Export/Debug/Debug.bindings.h Line: 39)

AIMATCH PASS real contest recognized Fan skills=False airborne=False frames=70 
(Filename: E:\unity\Runtime/Export/Debug/Debug.bindings.h Line: 39)

AIMATCH PASS contest uses directions instead of striking Fan skills=False airborne=False 
(Filename: E:\unity\Runtime/Export/Debug/Debug.bindings.h Line: 39)

AIMATCH PASS direction opposes the human player Fan skills=False airborne=False 
(Filename: E:\unity\Runtime/Export/Debug/Debug.bindings.h Line: 39)

AIMATCH PASS direction pushing preserves joints Fan skills=False airborne=False error=0.1465369 
(Filename: E:\unity\Runtime/Export/Debug/Debug.bindings.h Line: 39)

AIMATCH PASS separation releases contest suppression Fan skills=False airborne=False 
(Filename: E:\unity\Runtime/Export/Debug/Debug.bindings.h Line: 39)

Unloading 4 Unused Serialized files (Serialized files now loaded: 0)
UnloadTime: 0.304600 ms

Unloading 3 unused Assets to reduce memory usage. Loaded Objects now: 1054.
Total: 1.133000 ms (FindLiveObjects: 0.031600 ms CreateObjectMapping: 0.007900 ms MarkObjects: 0.179400 ms  DeleteObjects: 0.913600 ms)

AIMATCH PARAM side=Fan skills=False scale=0.75 jump=5.2 gravity=1 head=0.1100431 
(Filename: E:\unity\Runtime/Export/Debug/Debug.bindings.h Line: 39)

AIMATCH PASS real contest recognized Fan skills=False airborne=True frames=19 
(Filename: E:\unity\Runtime/Export/Debug/Debug.bindings.h Line: 39)

AIMATCH PASS contest uses directions instead of striking Fan skills=False airborne=True 
(Filename: E:\unity\Runtime/Export/Debug/Debug.bindings.h Line: 39)

AIMATCH PASS direction opposes the human player Fan skills=False airborne=True 
(Filename: E:\unity\Runtime/Export/Debug/Debug.bindings.h Line: 39)

AIMATCH PASS direction pushing preserves joints Fan skills=False airborne=True error=0.1195235 
(Filename: E:\unity\Runtime/Export/Debug/Debug.bindings.h Line: 39)

AIMATCH PASS separation releases contest suppression Fan skills=False airborne=True 
(Filename: E:\unity\Runtime/Export/Debug/Debug.bindings.h Line: 39)

Unloading 4 Unused Serialized files (Serialized files now loaded: 0)
UnloadTime: 0.276300 ms

Unloading 3 unused Assets to reduce memory usage. Loaded Objects now: 1054.
Total: 1.357700 ms (FindLiveObjects: 0.040100 ms CreateObjectMapping: 0.016600 ms MarkObjects: 0.227600 ms  DeleteObjects: 1.073100 ms)

AIMATCH PARAM side=Fan skills=False scale=0.75 jump=5.2 gravity=1 head=0.1100431 
(Filename: E:\unity\Runtime/Export/Debug/Debug.bindings.h Line: 39)

AIMATCH PASS normal free ball shooting remains available Fan skills=False 
(Filename: E:\unity\Runtime/Export/Debug/Debug.bindings.h Line: 39)

AIMATCH PASS unreachable rising ball avoids premature actions Fan skills=False 
(Filename: E:\unity\Runtime/Export/Debug/Debug.bindings.h Line: 39)

AIMATCH PASS moving high ball leads future descent Fan 
(Filename: E:\unity\Runtime/Export/Debug/Debug.bindings.h Line: 39)

AIMATCH PASS reachable descending ball schedules jump Fan skills=False 
(Filename: E:\unity\Runtime/Export/Debug/Debug.bindings.h Line: 39)

AIMATCH PASS fast overhead pass avoids futile jump Fan 
(Filename: E:\unity\Runtime/Export/Debug/Debug.bindings.h Line: 39)

AIMATCH PASS serve advances without retreat or meaningless jump Fan 
(Filename: E:\unity\Runtime/Export/Debug/Debug.bindings.h Line: 39)

AIMATCH PASS paused AI has no commands Fan 
(Filename: E:\unity\Runtime/Export/Debug/Debug.bindings.h Line: 39)

Unloading 4 Unused Serialized files (Serialized files now loaded: 0)
UnloadTime: 0.250200 ms

Unloading 2 unused Assets to reduce memory usage. Loaded Objects now: 1054.
Total: 1.334000 ms (FindLiveObjects: 0.035400 ms CreateObjectMapping: 0.008600 ms MarkObjects: 0.248200 ms  DeleteObjects: 1.041500 ms)

AIMATCH PARAM side=Fan skills=False scale=0.75 jump=5.2 gravity=1 head=0.1100431 
(Filename: E:\unity\Runtime/Export/Debug/Debug.bindings.h Line: 39)

AIMATCH PASS live lob plans reachable contact Fan skills=False jump=False 
(Filename: E:\unity\Runtime/Export/Debug/Debug.bindings.h Line: 39)

AIMATCH PASS live lob intercepted by native collision or existing head skill Fan skills=False collision=True header=False 
(Filename: E:\unity\Runtime/Export/Debug/Debug.bindings.h Line: 39)

AIMATCH PASS lob interception preserves skeleton Fan error=0.3132123 
(Filename: E:\unity\Runtime/Export/Debug/Debug.bindings.h Line: 39)

Unloading 4 Unused Serialized files (Serialized files now loaded: 0)
UnloadTime: 0.874700 ms

Unloading 3 unused Assets to reduce memory usage. Loaded Objects now: 1060.
Total: 1.269300 ms (FindLiveObjects: 0.047400 ms CreateObjectMapping: 0.016000 ms MarkObjects: 0.195300 ms  DeleteObjects: 1.010000 ms)

AIMATCH PARAM side=Zhao skills=True scale=0.75 jump=6.119894 gravity=1 head=0.1168774 
(Filename: E:\unity\Runtime/Export/Debug/Debug.bindings.h Line: 39)

AIMATCH PASS real contest recognized Zhao skills=True airborne=False frames=55 
(Filename: E:\unity\Runtime/Export/Debug/Debug.bindings.h Line: 39)

AIMATCH PASS contest uses directions instead of striking Zhao skills=True airborne=False 
(Filename: E:\unity\Runtime/Export/Debug/Debug.bindings.h Line: 39)

AIMATCH PASS direction opposes the human player Zhao skills=True airborne=False 
(Filename: E:\unity\Runtime/Export/Debug/Debug.bindings.h Line: 39)

AIMATCH PASS direction pushing preserves joints Zhao skills=True airborne=False error=0.1495742 
(Filename: E:\unity\Runtime/Export/Debug/Debug.bindings.h Line: 39)

AIMATCH PASS separation releases contest suppression Zhao skills=True airborne=False 
(Filename: E:\unity\Runtime/Export/Debug/Debug.bindings.h Line: 39)

Unloading 4 Unused Serialized files (Serialized files now loaded: 0)
UnloadTime: 0.296400 ms

Unloading 3 unused Assets to reduce memory usage. Loaded Objects now: 1060.
Total: 1.141800 ms (FindLiveObjects: 0.033400 ms CreateObjectMapping: 0.009700 ms MarkObjects: 0.188600 ms  DeleteObjects: 0.909700 ms)

AIMATCH PARAM side=Zhao skills=True scale=0.75 jump=6.119894 gravity=1 head=0.1168774 
(Filename: E:\unity\Runtime/Export/Debug/Debug.bindings.h Line: 39)

AIMATCH PASS real contest recognized Zhao skills=True airborne=True frames=29 
(Filename: E:\unity\Runtime/Export/Debug/Debug.bindings.h Line: 39)

AIMATCH PASS contest uses directions instead of striking Zhao skills=True airborne=True 
(Filename: E:\unity\Runtime/Export/Debug/Debug.bindings.h Line: 39)

AIMATCH PASS direction opposes the human player Zhao skills=True airborne=True 
(Filename: E:\unity\Runtime/Export/Debug/Debug.bindings.h Line: 39)

AIMATCH PASS direction pushing preserves joints Zhao skills=True airborne=True error=0.1163088 
(Filename: E:\unity\Runtime/Export/Debug/Debug.bindings.h Line: 39)

AIMATCH PASS separation releases contest suppression Zhao skills=True airborne=True 
(Filename: E:\unity\Runtime/Export/Debug/Debug.bindings.h Line: 39)

Unloading 4 Unused Serialized files (Serialized files now loaded: 0)
UnloadTime: 0.302400 ms

Unloading 3 unused Assets to reduce memory usage. Loaded Objects now: 1060.
Total: 1.495200 ms (FindLiveObjects: 0.036100 ms CreateObjectMapping: 0.007900 ms MarkObjects: 0.230600 ms  DeleteObjects: 1.220300 ms)

AIMATCH PARAM side=Zhao skills=True scale=0.75 jump=6.119894 gravity=1 head=0.1168774 
(Filename: E:\unity\Runtime/Export/Debug/Debug.bindings.h Line: 39)

AIMATCH PASS normal free ball shooting remains available Zhao skills=True 
(Filename: E:\unity\Runtime/Export/Debug/Debug.bindings.h Line: 39)

AIMATCH PASS unreachable rising ball avoids premature actions Zhao skills=True 
(Filename: E:\unity\Runtime/Export/Debug/Debug.bindings.h Line: 39)

AIMATCH PASS moving high ball leads future descent Zhao 
(Filename: E:\unity\Runtime/Export/Debug/Debug.bindings.h Line: 39)

AIMATCH PASS reachable descending ball schedules jump Zhao skills=True 
(Filename: E:\unity\Runtime/Export/Debug/Debug.bindings.h Line: 39)

AIMATCH PASS fast overhead pass avoids futile jump Zhao 
(Filename: E:\unity\Runtime/Export/Debug/Debug.bindings.h Line: 39)

AIMATCH PASS serve advances without retreat or meaningless jump Zhao 
(Filename: E:\unity\Runtime/Export/Debug/Debug.bindings.h Line: 39)

AIMATCH PASS paused AI has no commands Zhao 
(Filename: E:\unity\Runtime/Export/Debug/Debug.bindings.h Line: 39)

Unloading 4 Unused Serialized files (Serialized files now loaded: 0)
UnloadTime: 0.266200 ms

Unloading 2 unused Assets to reduce memory usage. Loaded Objects now: 1060.
Total: 1.243500 ms (FindLiveObjects: 0.048100 ms CreateObjectMapping: 0.008700 ms MarkObjects: 0.243100 ms  DeleteObjects: 0.943100 ms)

AIMATCH PARAM side=Zhao skills=True scale=0.75 jump=6.119894 gravity=1 head=0.1135373 
(Filename: E:\unity\Runtime/Export/Debug/Debug.bindings.h Line: 39)

AIMATCH PASS live lob plans reachable contact Zhao skills=True jump=True 
(Filename: E:\unity\Runtime/Export/Debug/Debug.bindings.h Line: 39)

AIMATCH PASS live lob intercepted by native collision or existing head skill Zhao skills=True collision=True header=False 
(Filename: E:\unity\Runtime/Export/Debug/Debug.bindings.h Line: 39)

AIMATCH PASS lob interception preserves skeleton Zhao error=0.06663279 
(Filename: E:\unity\Runtime/Export/Debug/Debug.bindings.h Line: 39)

Unloading 4 Unused Serialized files (Serialized files now loaded: 0)
UnloadTime: 0.266800 ms

Unloading 3 unused Assets to reduce memory usage. Loaded Objects now: 1064.
Total: 1.435100 ms (FindLiveObjects: 0.043900 ms CreateObjectMapping: 0.010300 ms MarkObjects: 0.312500 ms  DeleteObjects: 1.067800 ms)

AIMATCH PARAM side=Fan skills=True scale=0.75 jump=5.2 gravity=1 head=0.1106254 
(Filename: E:\unity\Runtime/Export/Debug/Debug.bindings.h Line: 39)

AIMATCH PASS real contest recognized Fan skills=True airborne=False frames=81 
(Filename: E:\unity\Runtime/Export/Debug/Debug.bindings.h Line: 39)

AIMATCH PASS contest uses directions instead of striking Fan skills=True airborne=False 
(Filename: E:\unity\Runtime/Export/Debug/Debug.bindings.h Line: 39)

AIMATCH PASS direction opposes the human player Fan skills=True airborne=False 
(Filename: E:\unity\Runtime/Export/Debug/Debug.bindings.h Line: 39)

AIMATCH PASS direction pushing preserves joints Fan skills=True airborne=False error=0.1332032 
(Filename: E:\unity\Runtime/Export/Debug/Debug.bindings.h Line: 39)

AIMATCH PASS separation releases contest suppression Fan skills=True airborne=False 
(Filename: E:\unity\Runtime/Export/Debug/Debug.bindings.h Line: 39)

Unloading 4 Unused Serialized files (Serialized files now loaded: 0)
UnloadTime: 0.316800 ms

Unloading 3 unused Assets to reduce memory usage. Loaded Objects now: 1060.
Total: 1.341300 ms (FindLiveObjects: 0.032900 ms CreateObjectMapping: 0.008400 ms MarkObjects: 0.252300 ms  DeleteObjects: 1.047600 ms)

AIMATCH PARAM side=Fan skills=True scale=0.75 jump=5.2 gravity=1 head=0.1106254 
(Filename: E:\unity\Runtime/Export/Debug/Debug.bindings.h Line: 39)

AIMATCH PASS real contest recognized Fan skills=True airborne=True frames=27 
(Filename: E:\unity\Runtime/Export/Debug/Debug.bindings.h Line: 39)

AIMATCH PASS contest uses directions instead of striking Fan skills=True airborne=True 
(Filename: E:\unity\Runtime/Export/Debug/Debug.bindings.h Line: 39)

AIMATCH PASS direction opposes the human player Fan skills=True airborne=True 
(Filename: E:\unity\Runtime/Export/Debug/Debug.bindings.h Line: 39)

AIMATCH PASS direction pushing preserves joints Fan skills=True airborne=True error=0.06469291 
(Filename: E:\unity\Runtime/Export/Debug/Debug.bindings.h Line: 39)

AIMATCH PASS separation releases contest suppression Fan skills=True airborne=True 
(Filename: E:\unity\Runtime/Export/Debug/Debug.bindings.h Line: 39)

Unloading 4 Unused Serialized files (Serialized files now loaded: 0)
UnloadTime: 0.279300 ms

Unloading 3 unused Assets to reduce memory usage. Loaded Objects now: 1060.
Total: 1.151900 ms (FindLiveObjects: 0.032100 ms CreateObjectMapping: 0.008400 ms MarkObjects: 0.219300 ms  DeleteObjects: 0.891700 ms)

AIMATCH PARAM side=Fan skills=True scale=0.75 jump=5.2 gravity=1 head=0.1106254 
(Filename: E:\unity\Runtime/Export/Debug/Debug.bindings.h Line: 39)

AIMATCH PASS normal free ball shooting remains available Fan skills=True 
(Filename: E:\unity\Runtime/Export/Debug/Debug.bindings.h Line: 39)

AIMATCH PASS unreachable rising ball avoids premature actions Fan skills=True 
(Filename: E:\unity\Runtime/Export/Debug/Debug.bindings.h Line: 39)

AIMATCH PASS moving high ball leads future descent Fan 
(Filename: E:\unity\Runtime/Export/Debug/Debug.bindings.h Line: 39)

AIMATCH PASS reachable descending ball schedules jump Fan skills=True 
(Filename: E:\unity\Runtime/Export/Debug/Debug.bindings.h Line: 39)

AIMATCH PASS fast overhead pass avoids futile jump Fan 
(Filename: E:\unity\Runtime/Export/Debug/Debug.bindings.h Line: 39)

AIMATCH PASS serve advances without retreat or meaningless jump Fan 
(Filename: E:\unity\Runtime/Export/Debug/Debug.bindings.h Line: 39)

AIMATCH PASS paused AI has no commands Fan 
(Filename: E:\unity\Runtime/Export/Debug/Debug.bindings.h Line: 39)

Unloading 4 Unused Serialized files (Serialized files now loaded: 0)
UnloadTime: 0.312300 ms

Unloading 2 unused Assets to reduce memory usage. Loaded Objects now: 1060.
Total: 1.333000 ms (FindLiveObjects: 0.040100 ms CreateObjectMapping: 0.008100 ms MarkObjects: 0.274300 ms  DeleteObjects: 1.010100 ms)

AIMATCH PARAM side=Fan skills=True scale=0.75 jump=5.2 gravity=1 head=0.1120058 
(Filename: E:\unity\Runtime/Export/Debug/Debug.bindings.h Line: 39)

AIMATCH LOB step=0 ball=(-2.6, 2.4) velocity=(3.2, -0.7) player=(-2.0, -0.4) run=(0.1, 0.1) head=(-1.9, 0.1, 0.2) target=-1.702929 eta=0.3399999 jump=True heading=False plan=True 
(Filename: E:\unity\Runtime/Export/Debug/Debug.bindings.h Line: 39)

AIMATCH LOB step=8 ball=(-2.0, 2.1) velocity=(3.2, -2.3) player=(-2.0, 0.3) run=(0.8, 3.7) head=(-1.9, 0.8, 0.2) target=-1.685782 eta=0.18 jump=False heading=False plan=True 
(Filename: E:\unity\Runtime/Export/Debug/Debug.bindings.h Line: 39)

AIMATCH LOB step=16 ball=(-1.5, 1.6) velocity=(3.2, -3.8) player=(-1.9, 0.7) run=(0.4, 2.1) head=(-1.9, 1.3, 0.2) target=-1.47113 eta=0.06 jump=False heading=False plan=True 
(Filename: E:\unity\Runtime/Export/Debug/Debug.bindings.h Line: 39)

AIMATCH LOB step=24 ball=(-0.1, 1.6) velocity=(12.4, 1.7) player=(-1.7, 1.0) run=(0.4, 0.6) head=(-1.7, 1.5, 0.2) target=-1.324972 eta=0.06 jump=False heading=False plan=False 
(Filename: E:\unity\Runtime/Export/Debug/Debug.bindings.h Line: 39)

AIMATCH LOB step=32 ball=(1.9, 1.7) velocity=(12.4, 0.1) player=(-1.4, 0.9) run=(1.9, -0.7) head=(-1.0, 1.2, 0.2) target=5.701219 eta=1.6 jump=False heading=False plan=True 
(Filename: E:\unity\Runtime/Export/Debug/Debug.bindings.h Line: 39)

Curl error 7: Failed to connect to 127.0.0.1 port 7897: Bad access
 
(Filename:  Line: 867)

AIMATCH LOB step=40 ball=(3.9, 1.6) velocity=(12.4, -1.5) player=(-1.1, 0.6) run=(2.3, -2.5) head=(-1.0, 1.1, 0.2) target=5.701219 eta=1.6 jump=False heading=False plan=True 
(Filename: E:\unity\Runtime/Export/Debug/Debug.bindings.h Line: 39)

AIMATCH LOB step=48 ball=(5.8, 1.2) velocity=(12.4, -3.0) player=(-0.7, 0.0) run=(3.2, -4.4) head=(-0.7, 0.6, 0.2) target=5.701219 eta=1.6 jump=False heading=False plan=True 
(Filename: E:\unity\Runtime/Export/Debug/Debug.bindings.h Line: 39)

AIMATCH LOB step=56 ball=(6.5, 0.0) velocity=(1.4, -9.9) player=(-0.2, -0.7) run=(2.2, -3.9) head=(-0.3, -0.2, 0.2) target=5.701219 eta=1.6 jump=False heading=False plan=True 
(Filename: E:\unity\Runtime/Export/Debug/Debug.bindings.h Line: 39)

AIMATCH LOB step=64 ball=(6.7, -1.5) velocity=(-1.5, 9.1) player=(0.4, -0.8) run=(4.3, 2.2) head=(0.6, -0.3, 0.2) target=5.701219 eta=1.6 jump=False heading=False plan=False 
(Filename: E:\unity\Runtime/Export/Debug/Debug.bindings.h Line: 39)

AIMATCH LOB step=72 ball=(6.4, -0.2) velocity=(-1.5, 7.6) player=(1.2, -0.5) run=(4.8, 0.8) head=(1.4, -0.1, 0.2) target=5.701219 eta=1.6 jump=False heading=False plan=False 
(Filename: E:\unity\Runtime/Export/Debug/Debug.bindings.h Line: 39)

AIMATCH LOB step=80 ball=(6.2, 0.9) velocity=(-1.5, 6.0) player=(2.1, -0.4) run=(6.2, -0.2) head=(2.1, 0.1, 0.2) target=5.701219 eta=1.6 jump=False heading=False plan=True 
(Filename: E:\unity\Runtime/Export/Debug/Debug.bindings.h Line: 39)

AIMATCH LOB step=88 ball=(5.8, 1.4) velocity=(-3.4, 0.3) player=(3.1, -0.2) run=(6.6, 4.5) head=(2.9, 0.4, 0.2) target=4.718239 eta=0.3399999 jump=False heading=False plan=True 
(Filename: E:\unity\Runtime/Export/Debug/Debug.bindings.h Line: 39)

AIMATCH LOB step=96 ball=(5.3, 1.3) velocity=(-3.4, -1.3) player=(4.1, 0.5) run=(6.6, 3.3) head=(4.3, 1.0, 0.2) target=4.923917 eta=0.06 jump=False heading=False plan=True 
(Filename: E:\unity\Runtime/Export/Debug/Debug.bindings.h Line: 39)

AIMATCH PASS live lob plans reachable contact Fan skills=True jump=True 
(Filename: E:\unity\Runtime/Export/Debug/Debug.bindings.h Line: 39)

AIMATCH PASS live lob intercepted by native collision or existing head skill Fan skills=True collision=False header=True 
(Filename: E:\unity\Runtime/Export/Debug/Debug.bindings.h Line: 39)

AIMATCH PASS lob interception preserves skeleton Fan error=0.09741807 
(Filename: E:\unity\Runtime/Export/Debug/Debug.bindings.h Line: 39)

AIMATCH COMPLETE checks=80 lobTouches=4 failures=0 
(Filename: E:\unity\Runtime/Export/Debug/Debug.bindings.h Line: 39)

Setting up 12 worker threads for Enlighten.
  Thread -> id: f70 -> priority: 1 
  Thread -> id: 5350 -> priority: 1 
  Thread -> id: 3a48 -> priority: 1 
  Thread -> id: 892c -> priority: 1 
  Thread -> id: 6240 -> priority: 1 
  Thread -> id: 9bd0 -> priority: 1 
  Thread -> id: a4a0 -> priority: 1 
  Thread -> id: 8578 -> priority: 1 
  Thread -> id: 20d0 -> priority: 1 
  Thread -> id: 34e0 -> priority: 1 
  Thread -> id: 7ee8 -> priority: 1 
  Thread -> id: 4b6c -> priority: 1 
