Process is running in low integrity mode...
Mono path[0] = 'C:/Users/Alienware/Desktop/范志毅VS赵鹏/范志毅VS赵鹏 PC双人版（32位）/鑼冨織姣匳S璧甸箯 PC鍙屼汉鐗堬紙32浣嶏級/AI Mod Source/build/ai-contest-air-test-player-original/FanZhiYi_Data/Managed'
Mono config path = 'C:/Users/Alienware/Desktop/范志毅VS赵鹏/范志毅VS赵鹏 PC双人版（32位）/鑼冨織姣匳S璧甸箯 PC鍙屼汉鐗堬紙32浣嶏級/AI Mod Source/build/ai-contest-air-test-player-original/MonoBleedingEdge/etc'
AS: AutoStreaming module initializing.Initialize engine version: 2019.4.33f1c1 (c2f94a8bebb3)
[Subsystems] Discovering subsystems at path C:/Users/Alienware/Desktop/范志毅VS赵鹏/范志毅VS赵鹏 PC双人版（32位）/鑼冨織姣匳S璧甸箯 PC鍙屼汉鐗堬紙32浣嶏級/AI Mod Source/build/ai-contest-air-test-player-original/FanZhiYi_Data/UnitySubsystems
GfxDevice: creating device client; threaded=1
Direct3D:
    Version:  Direct3D 11.0 [level 11.1]
    Renderer: NVIDIA GeForce RTX 5070 Laptop GPU (ID=0x2d58)
    Vendor:   (null)
    VRAM:     3072 MB
FMOD failed to initialize. This may be because your sound card is configured to give applications exclusive access, thus preventing Unity from using this device. You can change this in Control Panel > Audio Devices and Sound Themes > Playback Device > Properties > Options ... : "Soundcard does not support the minimum features needed for this soundsystem (16bit stereo output). " (59) 
(Filename:  Line: 1659)

Forced to initialize FMOD to to the device driver's system output rate 44100, this may impact performance and/or give inconsistent experiences compared to selected sample rate 48000 
(Filename:  Line: 1597)

Begin MonoManager ReloadAssembly
- Completed reload, in  0.114 seconds
<RI> Initializing input.
<RI> Input initialized.
<RI> Initialized touch support.
UnloadTime: 0.485800 ms
Curl error 7: Failed to connect to 127.0.0.1 port 7897: Bad access
 
(Filename:  Line: 867)

Curl error 7: Failed to connect to 127.0.0.1 port 7897: Bad access
 
(Filename:  Line: 867)

Curl error 7: Failed to connect to 127.0.0.1 port 7897: Bad access
 
(Filename:  Line: 867)

Unloading 5 Unused Serialized files (Serialized files now loaded: 0)
UnloadTime: 0.164700 ms

Unloading 143 unused Assets to reduce memory usage. Loaded Objects now: 1010.
Total: 0.559100 ms (FindLiveObjects: 0.038200 ms CreateObjectMapping: 0.009700 ms MarkObjects: 0.269500 ms  DeleteObjects: 0.241300 ms)

Curl error 7: Failed to connect to 127.0.0.1 port 7897: Bad access
 
(Filename:  Line: 867)

AIMATCH PARAM side=Zhao skills=False scale=1 jump=5.2 gravity=1 head=0.7580314 
(Filename: E:\unity\Runtime/Export/Debug/Debug.bindings.h Line: 39)

Curl error 7: Failed to connect to 127.0.0.1 port 7897: Bad access
 
(Filename:  Line: 867)

AIMATCH PASS real contest recognized Zhao skills=False airborne=False frames=53 
(Filename: E:\unity\Runtime/Export/Debug/Debug.bindings.h Line: 39)

AIMATCH PASS contest uses directions instead of striking Zhao skills=False airborne=False 
(Filename: E:\unity\Runtime/Export/Debug/Debug.bindings.h Line: 39)

AIMATCH PASS direction opposes the human player Zhao skills=False airborne=False 
(Filename: E:\unity\Runtime/Export/Debug/Debug.bindings.h Line: 39)

AIMATCH PASS direction pushing preserves joints Zhao skills=False airborne=False error=0.1667227 
(Filename: E:\unity\Runtime/Export/Debug/Debug.bindings.h Line: 39)

AIMATCH PASS separation releases contest suppression Zhao skills=False airborne=False 
(Filename: E:\unity\Runtime/Export/Debug/Debug.bindings.h Line: 39)

Unloading 4 Unused Serialized files (Serialized files now loaded: 0)
UnloadTime: 0.347000 ms

Unloading 38 unused Assets to reduce memory usage. Loaded Objects now: 1052.
Total: 1.235600 ms (FindLiveObjects: 0.030600 ms CreateObjectMapping: 0.008300 ms MarkObjects: 0.167600 ms  DeleteObjects: 1.028900 ms)

AIMATCH PARAM side=Zhao skills=False scale=1 jump=5.2 gravity=1 head=0.7580314 
(Filename: E:\unity\Runtime/Export/Debug/Debug.bindings.h Line: 39)

AIMATCH PASS real contest recognized Zhao skills=False airborne=True frames=6 
(Filename: E:\unity\Runtime/Export/Debug/Debug.bindings.h Line: 39)

AIMATCH PASS contest uses directions instead of striking Zhao skills=False airborne=True 
(Filename: E:\unity\Runtime/Export/Debug/Debug.bindings.h Line: 39)

AIMATCH PASS direction opposes the human player Zhao skills=False airborne=True 
(Filename: E:\unity\Runtime/Export/Debug/Debug.bindings.h Line: 39)

AIMATCH PASS direction pushing preserves joints Zhao skills=False airborne=True error=0.1451698 
(Filename: E:\unity\Runtime/Export/Debug/Debug.bindings.h Line: 39)

AIMATCH PASS separation releases contest suppression Zhao skills=False airborne=True 
(Filename: E:\unity\Runtime/Export/Debug/Debug.bindings.h Line: 39)

Unloading 4 Unused Serialized files (Serialized files now loaded: 0)
UnloadTime: 0.282400 ms

Unloading 3 unused Assets to reduce memory usage. Loaded Objects now: 1052.
Total: 1.323000 ms (FindLiveObjects: 0.031000 ms CreateObjectMapping: 0.008400 ms MarkObjects: 0.186700 ms  DeleteObjects: 1.096600 ms)

AIMATCH PARAM side=Zhao skills=False scale=1 jump=5.2 gravity=1 head=0.7555736 
(Filename: E:\unity\Runtime/Export/Debug/Debug.bindings.h Line: 39)

AIMATCH PASS normal free ball shooting remains available Zhao skills=False 
(Filename: E:\unity\Runtime/Export/Debug/Debug.bindings.h Line: 39)

AIMATCH PASS unreachable rising ball avoids premature actions Zhao skills=False 
(Filename: E:\unity\Runtime/Export/Debug/Debug.bindings.h Line: 39)

AIMATCH PASS moving high ball leads future descent Zhao 
(Filename: E:\unity\Runtime/Export/Debug/Debug.bindings.h Line: 39)

AIMATCH PASS reachable descending ball schedules jump Zhao skills=False 
(Filename: E:\unity\Runtime/Export/Debug/Debug.bindings.h Line: 39)

AIMATCH PASS fast overhead pass avoids futile jump Zhao 
(Filename: E:\unity\Runtime/Export/Debug/Debug.bindings.h Line: 39)

AIMATCH PASS serve advances without retreat or meaningless jump Zhao 
(Filename: E:\unity\Runtime/Export/Debug/Debug.bindings.h Line: 39)

AIMATCH PASS paused AI has no commands Zhao 
(Filename: E:\unity\Runtime/Export/Debug/Debug.bindings.h Line: 39)

Unloading 4 Unused Serialized files (Serialized files now loaded: 0)
UnloadTime: 0.238000 ms

Unloading 2 unused Assets to reduce memory usage. Loaded Objects now: 1052.
Total: 1.174300 ms (FindLiveObjects: 0.048200 ms CreateObjectMapping: 0.012500 ms MarkObjects: 0.238900 ms  DeleteObjects: 0.874200 ms)

AIMATCH PARAM side=Zhao skills=False scale=1 jump=5.2 gravity=1 head=0.754433 
(Filename: E:\unity\Runtime/Export/Debug/Debug.bindings.h Line: 39)

AIMATCH PASS live lob plans reachable contact Zhao skills=False jump=True 
(Filename: E:\unity\Runtime/Export/Debug/Debug.bindings.h Line: 39)

AIMATCH PASS live lob intercepted by native collision or existing head skill Zhao skills=False collision=True header=False 
(Filename: E:\unity\Runtime/Export/Debug/Debug.bindings.h Line: 39)

AIMATCH PASS lob interception preserves skeleton Zhao error=0.1092418 
(Filename: E:\unity\Runtime/Export/Debug/Debug.bindings.h Line: 39)

Unloading 4 Unused Serialized files (Serialized files now loaded: 0)
UnloadTime: 0.280800 ms

Unloading 3 unused Assets to reduce memory usage. Loaded Objects now: 1057.
Total: 0.990800 ms (FindLiveObjects: 0.033500 ms CreateObjectMapping: 0.008400 ms MarkObjects: 0.196500 ms  DeleteObjects: 0.752100 ms)

AIMATCH PARAM side=Fan skills=False scale=1 jump=5.2 gravity=1 head=0.7556137 
(Filename: E:\unity\Runtime/Export/Debug/Debug.bindings.h Line: 39)

AIMATCH PASS real contest recognized Fan skills=False airborne=False frames=76 
(Filename: E:\unity\Runtime/Export/Debug/Debug.bindings.h Line: 39)

AIMATCH PASS contest uses directions instead of striking Fan skills=False airborne=False 
(Filename: E:\unity\Runtime/Export/Debug/Debug.bindings.h Line: 39)

AIMATCH PASS direction opposes the human player Fan skills=False airborne=False 
(Filename: E:\unity\Runtime/Export/Debug/Debug.bindings.h Line: 39)

AIMATCH PASS direction pushing preserves joints Fan skills=False airborne=False error=0.3083125 
(Filename: E:\unity\Runtime/Export/Debug/Debug.bindings.h Line: 39)

AIMATCH PASS separation releases contest suppression Fan skills=False airborne=False 
(Filename: E:\unity\Runtime/Export/Debug/Debug.bindings.h Line: 39)

Unloading 4 Unused Serialized files (Serialized files now loaded: 0)
UnloadTime: 0.273700 ms

Unloading 3 unused Assets to reduce memory usage. Loaded Objects now: 1053.
Total: 1.015400 ms (FindLiveObjects: 0.044800 ms CreateObjectMapping: 0.016700 ms MarkObjects: 0.291100 ms  DeleteObjects: 0.662400 ms)

AIMATCH PARAM side=Fan skills=False scale=1 jump=5.2 gravity=1 head=0.7563955 
(Filename: E:\unity\Runtime/Export/Debug/Debug.bindings.h Line: 39)

AIMATCH PASS real contest recognized Fan skills=False airborne=True frames=6 
(Filename: E:\unity\Runtime/Export/Debug/Debug.bindings.h Line: 39)

AIMATCH PASS contest uses directions instead of striking Fan skills=False airborne=True 
(Filename: E:\unity\Runtime/Export/Debug/Debug.bindings.h Line: 39)

AIMATCH PASS direction opposes the human player Fan skills=False airborne=True 
(Filename: E:\unity\Runtime/Export/Debug/Debug.bindings.h Line: 39)

AIMATCH PASS direction pushing preserves joints Fan skills=False airborne=True error=0.1127988 
(Filename: E:\unity\Runtime/Export/Debug/Debug.bindings.h Line: 39)

AIMATCH PASS separation releases contest suppression Fan skills=False airborne=True 
(Filename: E:\unity\Runtime/Export/Debug/Debug.bindings.h Line: 39)

Unloading 4 Unused Serialized files (Serialized files now loaded: 0)
UnloadTime: 0.246800 ms

Unloading 3 unused Assets to reduce memory usage. Loaded Objects now: 1053.
Total: 1.029000 ms (FindLiveObjects: 0.036400 ms CreateObjectMapping: 0.008900 ms MarkObjects: 0.213600 ms  DeleteObjects: 0.769600 ms)

AIMATCH PARAM side=Fan skills=False scale=1 jump=5.2 gravity=1 head=0.7533347 
(Filename: E:\unity\Runtime/Export/Debug/Debug.bindings.h Line: 39)

AIMATCH PASS normal free ball shooting remains available Fan skills=False 
(Filename: E:\unity\Runtime/Export/Debug/Debug.bindings.h Line: 39)

AIMATCH PASS unreachable rising ball avoids premature actions Fan skills=False 
(Filename: E:\unity\Runtime/Export/Debug/Debug.bindings.h Line: 39)

AIMATCH PASS moving high ball leads future descent Fan 
(Filename: E:\unity\Runtime/Export/Debug/Debug.bindings.h Line: 39)

AIMATCH PASS reachable descending ball schedules jump Fan skills=False 
(Filename: E:\unity\Runtime/Export/Debug/Debug.bindings.h Line: 39)

AIMATCH PASS fast overhead pass avoids futile jump Fan 
(Filename: E:\unity\Runtime/Export/Debug/Debug.bindings.h Line: 39)

AIMATCH PASS serve advances without retreat or meaningless jump Fan 
(Filename: E:\unity\Runtime/Export/Debug/Debug.bindings.h Line: 39)

AIMATCH PASS paused AI has no commands Fan 
(Filename: E:\unity\Runtime/Export/Debug/Debug.bindings.h Line: 39)

Unloading 4 Unused Serialized files (Serialized files now loaded: 0)
UnloadTime: 0.273200 ms

Unloading 2 unused Assets to reduce memory usage. Loaded Objects now: 1053.
Total: 1.142300 ms (FindLiveObjects: 0.058200 ms CreateObjectMapping: 0.008800 ms MarkObjects: 0.256900 ms  DeleteObjects: 0.817800 ms)

AIMATCH PARAM side=Fan skills=False scale=1 jump=5.2 gravity=1 head=0.7556999 
(Filename: E:\unity\Runtime/Export/Debug/Debug.bindings.h Line: 39)

AIMATCH PASS live lob plans reachable contact Fan skills=False jump=True 
(Filename: E:\unity\Runtime/Export/Debug/Debug.bindings.h Line: 39)

AIMATCH PASS live lob intercepted by native collision or existing head skill Fan skills=False collision=True header=False 
(Filename: E:\unity\Runtime/Export/Debug/Debug.bindings.h Line: 39)

AIMATCH PASS lob interception preserves skeleton Fan error=0.1271778 
(Filename: E:\unity\Runtime/Export/Debug/Debug.bindings.h Line: 39)

Unloading 4 Unused Serialized files (Serialized files now loaded: 0)
UnloadTime: 0.336000 ms

Unloading 4 unused Assets to reduce memory usage. Loaded Objects now: 1053.
Total: 0.975100 ms (FindLiveObjects: 0.033300 ms CreateObjectMapping: 0.008200 ms MarkObjects: 0.177500 ms  DeleteObjects: 0.755800 ms)

AIMATCH PARAM side=Zhao skills=True scale=1 jump=6.119894 gravity=1 head=0.7555736 
(Filename: E:\unity\Runtime/Export/Debug/Debug.bindings.h Line: 39)

AIMATCH PASS real contest recognized Zhao skills=True airborne=False frames=71 
(Filename: E:\unity\Runtime/Export/Debug/Debug.bindings.h Line: 39)

AIMATCH PASS contest uses directions instead of striking Zhao skills=True airborne=False 
(Filename: E:\unity\Runtime/Export/Debug/Debug.bindings.h Line: 39)

AIMATCH PASS direction opposes the human player Zhao skills=True airborne=False 
(Filename: E:\unity\Runtime/Export/Debug/Debug.bindings.h Line: 39)

AIMATCH PASS direction pushing preserves joints Zhao skills=True airborne=False error=0.1752321 
(Filename: E:\unity\Runtime/Export/Debug/Debug.bindings.h Line: 39)

AIMATCH PASS separation releases contest suppression Zhao skills=True airborne=False 
(Filename: E:\unity\Runtime/Export/Debug/Debug.bindings.h Line: 39)

Unloading 4 Unused Serialized files (Serialized files now loaded: 0)
UnloadTime: 0.855500 ms

Unloading 3 unused Assets to reduce memory usage. Loaded Objects now: 1059.
Total: 1.134500 ms (FindLiveObjects: 0.058700 ms CreateObjectMapping: 0.018300 ms MarkObjects: 0.205700 ms  DeleteObjects: 0.851200 ms)

AIMATCH PARAM side=Zhao skills=True scale=1 jump=6.119894 gravity=1 head=0.754433 
(Filename: E:\unity\Runtime/Export/Debug/Debug.bindings.h Line: 39)

AIMATCH PASS real contest recognized Zhao skills=True airborne=True frames=10 
(Filename: E:\unity\Runtime/Export/Debug/Debug.bindings.h Line: 39)

AIMATCH PASS contest uses directions instead of striking Zhao skills=True airborne=True 
(Filename: E:\unity\Runtime/Export/Debug/Debug.bindings.h Line: 39)

AIMATCH PASS direction opposes the human player Zhao skills=True airborne=True 
(Filename: E:\unity\Runtime/Export/Debug/Debug.bindings.h Line: 39)

AIMATCH PASS direction pushing preserves joints Zhao skills=True airborne=True error=0.1327566 
(Filename: E:\unity\Runtime/Export/Debug/Debug.bindings.h Line: 39)

AIMATCH PASS separation releases contest suppression Zhao skills=True airborne=True 
(Filename: E:\unity\Runtime/Export/Debug/Debug.bindings.h Line: 39)

Unloading 4 Unused Serialized files (Serialized files now loaded: 0)
UnloadTime: 0.259500 ms

Unloading 3 unused Assets to reduce memory usage. Loaded Objects now: 1059.
Total: 1.105200 ms (FindLiveObjects: 0.038100 ms CreateObjectMapping: 0.008100 ms MarkObjects: 0.184500 ms  DeleteObjects: 0.874200 ms)

AIMATCH PARAM side=Zhao skills=True scale=1 jump=6.119894 gravity=1 head=0.754433 
(Filename: E:\unity\Runtime/Export/Debug/Debug.bindings.h Line: 39)

AIMATCH PASS normal free ball shooting remains available Zhao skills=True 
(Filename: E:\unity\Runtime/Export/Debug/Debug.bindings.h Line: 39)

AIMATCH PASS unreachable rising ball avoids premature actions Zhao skills=True 
(Filename: E:\unity\Runtime/Export/Debug/Debug.bindings.h Line: 39)

AIMATCH PASS moving high ball leads future descent Zhao 
(Filename: E:\unity\Runtime/Export/Debug/Debug.bindings.h Line: 39)

AIMATCH PASS reachable descending ball schedules jump Zhao skills=True 
(Filename: E:\unity\Runtime/Export/Debug/Debug.bindings.h Line: 39)

AIMATCH PASS fast overhead pass avoids futile jump Zhao 
(Filename: E:\unity\Runtime/Export/Debug/Debug.bindings.h Line: 39)

AIMATCH PASS serve advances without retreat or meaningless jump Zhao 
(Filename: E:\unity\Runtime/Export/Debug/Debug.bindings.h Line: 39)

AIMATCH PASS paused AI has no commands Zhao 
(Filename: E:\unity\Runtime/Export/Debug/Debug.bindings.h Line: 39)

Unloading 4 Unused Serialized files (Serialized files now loaded: 0)
UnloadTime: 0.281700 ms

Unloading 2 unused Assets to reduce memory usage. Loaded Objects now: 1059.
Total: 1.060200 ms (FindLiveObjects: 0.032400 ms CreateObjectMapping: 0.008300 ms MarkObjects: 0.196400 ms  DeleteObjects: 0.822900 ms)

AIMATCH PARAM side=Zhao skills=True scale=1 jump=6.119894 gravity=1 head=0.754949 
(Filename: E:\unity\Runtime/Export/Debug/Debug.bindings.h Line: 39)

AIMATCH PASS live lob plans reachable contact Zhao skills=True jump=True 
(Filename: E:\unity\Runtime/Export/Debug/Debug.bindings.h Line: 39)

AIMATCH PASS live lob intercepted by native collision or existing head skill Zhao skills=True collision=True header=False 
(Filename: E:\unity\Runtime/Export/Debug/Debug.bindings.h Line: 39)

AIMATCH PASS lob interception preserves skeleton Zhao error=0.06564162 
(Filename: E:\unity\Runtime/Export/Debug/Debug.bindings.h Line: 39)

Unloading 4 Unused Serialized files (Serialized files now loaded: 0)
UnloadTime: 0.342600 ms

Unloading 3 unused Assets to reduce memory usage. Loaded Objects now: 1063.
Total: 1.083000 ms (FindLiveObjects: 0.037000 ms CreateObjectMapping: 0.008300 ms MarkObjects: 0.173200 ms  DeleteObjects: 0.864200 ms)

AIMATCH PARAM side=Fan skills=True scale=1 jump=5.2 gravity=1 head=0.7533347 
(Filename: E:\unity\Runtime/Export/Debug/Debug.bindings.h Line: 39)

AIMATCH PASS real contest recognized Fan skills=True airborne=False frames=65 
(Filename: E:\unity\Runtime/Export/Debug/Debug.bindings.h Line: 39)

AIMATCH PASS contest uses directions instead of striking Fan skills=True airborne=False 
(Filename: E:\unity\Runtime/Export/Debug/Debug.bindings.h Line: 39)

AIMATCH PASS direction opposes the human player Fan skills=True airborne=False 
(Filename: E:\unity\Runtime/Export/Debug/Debug.bindings.h Line: 39)

AIMATCH PASS direction pushing preserves joints Fan skills=True airborne=False error=0.1044442 
(Filename: E:\unity\Runtime/Export/Debug/Debug.bindings.h Line: 39)

AIMATCH PASS separation releases contest suppression Fan skills=True airborne=False 
(Filename: E:\unity\Runtime/Export/Debug/Debug.bindings.h Line: 39)

Unloading 4 Unused Serialized files (Serialized files now loaded: 0)
UnloadTime: 0.267600 ms

Unloading 3 unused Assets to reduce memory usage. Loaded Objects now: 1059.
Total: 1.227000 ms (FindLiveObjects: 0.060500 ms CreateObjectMapping: 0.017700 ms MarkObjects: 0.262400 ms  DeleteObjects: 0.886000 ms)

AIMATCH PARAM side=Fan skills=True scale=1 jump=5.2 gravity=1 head=0.7563955 
(Filename: E:\unity\Runtime/Export/Debug/Debug.bindings.h Line: 39)

AIMATCH PASS real contest recognized Fan skills=True airborne=True frames=20 
(Filename: E:\unity\Runtime/Export/Debug/Debug.bindings.h Line: 39)

AIMATCH PASS contest uses directions instead of striking Fan skills=True airborne=True 
(Filename: E:\unity\Runtime/Export/Debug/Debug.bindings.h Line: 39)

AIMATCH PASS direction opposes the human player Fan skills=True airborne=True 
(Filename: E:\unity\Runtime/Export/Debug/Debug.bindings.h Line: 39)

AIMATCH PASS direction pushing preserves joints Fan skills=True airborne=True error=0.09763882 
(Filename: E:\unity\Runtime/Export/Debug/Debug.bindings.h Line: 39)

AIMATCH PASS separation releases contest suppression Fan skills=True airborne=True 
(Filename: E:\unity\Runtime/Export/Debug/Debug.bindings.h Line: 39)

Unloading 4 Unused Serialized files (Serialized files now loaded: 0)
UnloadTime: 0.274600 ms

Unloading 4 unused Assets to reduce memory usage. Loaded Objects now: 1059.
Total: 1.218300 ms (FindLiveObjects: 0.032600 ms CreateObjectMapping: 0.009100 ms MarkObjects: 0.215100 ms  DeleteObjects: 0.961100 ms)

AIMATCH PARAM side=Fan skills=True scale=1 jump=5.2 gravity=1 head=0.7556137 
(Filename: E:\unity\Runtime/Export/Debug/Debug.bindings.h Line: 39)

AIMATCH PASS normal free ball shooting remains available Fan skills=True 
(Filename: E:\unity\Runtime/Export/Debug/Debug.bindings.h Line: 39)

AIMATCH PASS unreachable rising ball avoids premature actions Fan skills=True 
(Filename: E:\unity\Runtime/Export/Debug/Debug.bindings.h Line: 39)

AIMATCH PASS moving high ball leads future descent Fan 
(Filename: E:\unity\Runtime/Export/Debug/Debug.bindings.h Line: 39)

AIMATCH PASS reachable descending ball schedules jump Fan skills=True 
(Filename: E:\unity\Runtime/Export/Debug/Debug.bindings.h Line: 39)

AIMATCH PASS fast overhead pass avoids futile jump Fan 
(Filename: E:\unity\Runtime/Export/Debug/Debug.bindings.h Line: 39)

AIMATCH PASS serve advances without retreat or meaningless jump Fan 
(Filename: E:\unity\Runtime/Export/Debug/Debug.bindings.h Line: 39)

AIMATCH PASS paused AI has no commands Fan 
(Filename: E:\unity\Runtime/Export/Debug/Debug.bindings.h Line: 39)

Unloading 4 Unused Serialized files (Serialized files now loaded: 0)
UnloadTime: 0.315500 ms

Unloading 2 unused Assets to reduce memory usage. Loaded Objects now: 1059.
Total: 1.167400 ms (FindLiveObjects: 0.033700 ms CreateObjectMapping: 0.008400 ms MarkObjects: 0.254800 ms  DeleteObjects: 0.870200 ms)

AIMATCH PARAM side=Fan skills=True scale=1 jump=5.2 gravity=1 head=0.7533347 
(Filename: E:\unity\Runtime/Export/Debug/Debug.bindings.h Line: 39)

AIMATCH LOB step=0 ball=(-2.6, 3.0) velocity=(3.2, -0.7) player=(-2.0, 0.1) run=(0.1, 0.1) head=(-1.9, 0.8, 0.3) target=-1.887742 eta=0.3 jump=True heading=False plan=True 
(Filename: E:\unity\Runtime/Export/Debug/Debug.bindings.h Line: 39)

AIMATCH LOB step=8 ball=(-2.0, 2.8) velocity=(3.2, -2.3) player=(-2.0, 0.8) run=(0.5, 3.7) head=(-1.9, 1.5, 0.3) target=-1.872058 eta=0.14 jump=False heading=False plan=True 
(Filename: E:\unity\Runtime/Export/Debug/Debug.bindings.h Line: 39)

AIMATCH LOB step=16 ball=(-1.3, 2.4) velocity=(12.4, 2.5) player=(-2.0, 1.2) run=(0.0, 2.2) head=(-2.0, 1.9, 0.3) target=-1.470676 eta=0.06 jump=False heading=False plan=True 
(Filename: E:\unity\Runtime/Export/Debug/Debug.bindings.h Line: 39)

Curl error 7: Failed to connect to 127.0.0.1 port 7897: Bad access
 
(Filename:  Line: 867)

AIMATCH LOB step=24 ball=(0.6, 2.7) velocity=(12.4, 0.9) player=(-1.9, 1.4) run=(0.1, 0.5) head=(-1.6, 2.1, 0.3) target=5.701219 eta=1.6 jump=False heading=False plan=True 
(Filename: E:\unity\Runtime/Export/Debug/Debug.bindings.h Line: 39)

AIMATCH LOB step=32 ball=(2.6, 2.7) velocity=(12.4, -0.7) player=(-1.6, 1.4) run=(1.1, -1.1) head=(-1.1, 1.9, 0.3) target=5.375834 eta=1.6 jump=False heading=False plan=True 
(Filename: E:\unity\Runtime/Export/Debug/Debug.bindings.h Line: 39)

AIMATCH LOB step=40 ball=(4.6, 2.4) velocity=(12.4, -2.2) player=(-1.4, 1.1) run=(1.7, -2.5) head=(-1.4, 1.8, 0.3) target=5.701219 eta=1.6 jump=False heading=False plan=True 
(Filename: E:\unity\Runtime/Export/Debug/Debug.bindings.h Line: 39)

AIMATCH LOB step=48 ball=(6.1, 1.7) velocity=(-0.6, -9.4) player=(-1.1, 0.5) run=(2.6, -4.2) head=(-1.2, 1.2, 0.3) target=5.701219 eta=1.6 jump=False heading=False plan=True 
(Filename: E:\unity\Runtime/Export/Debug/Debug.bindings.h Line: 39)

AIMATCH LOB step=56 ball=(6.0, 0.1) velocity=(-0.6, -10.9) player=(-0.8, -0.2) run=(3.3, -2.5) head=(-0.8, 0.5, 0.3) target=5.701219 eta=1.6 jump=False heading=False plan=False 
(Filename: E:\unity\Runtime/Export/Debug/Debug.bindings.h Line: 39)

AIMATCH LOB step=64 ball=(5.8, -1.3) velocity=(-2.7, 9.6) player=(0.0, -0.2) run=(5.1, 1.5) head=(0.2, 0.5, 0.3) target=5.701219 eta=1.6 jump=False heading=False plan=False 
(Filename: E:\unity\Runtime/Export/Debug/Debug.bindings.h Line: 39)

AIMATCH LOB step=72 ball=(5.7, -0.2) velocity=(2.9, 2.8) player=(0.9, 0.0) run=(5.7, 0.9) head=(1.1, 0.7, 0.3) target=5.701219 eta=1.6 jump=False heading=False plan=False 
(Filename: E:\unity\Runtime/Export/Debug/Debug.bindings.h Line: 39)

AIMATCH LOB step=80 ball=(6.1, 0.1) velocity=(2.9, 1.3) player=(1.8, 0.1) run=(6.5, -0.1) head=(2.0, 0.8, 0.3) target=5.701219 eta=1.6 jump=False heading=False plan=False 
(Filename: E:\unity\Runtime/Export/Debug/Debug.bindings.h Line: 39)

AIMATCH LOB step=88 ball=(6.6, 0.2) velocity=(2.9, -0.3) player=(2.9, 0.0) run=(7.0, -0.7) head=(2.9, 0.7, 0.3) target=5.701219 eta=1.6 jump=False heading=False plan=False 
(Filename: E:\unity\Runtime/Export/Debug/Debug.bindings.h Line: 39)

AIMATCH LOB step=96 ball=(7.1, 0.0) velocity=(2.9, -1.9) player=(4.0, 0.0) run=(6.1, 0.0) head=(4.1, 0.7, 0.3) target=5.701219 eta=1.6 jump=False heading=False plan=False 
(Filename: E:\unity\Runtime/Export/Debug/Debug.bindings.h Line: 39)

AIMATCH PASS live lob plans reachable contact Fan skills=True jump=True 
(Filename: E:\unity\Runtime/Export/Debug/Debug.bindings.h Line: 39)

AIMATCH PASS live lob intercepted by native collision or existing head skill Fan skills=True collision=False header=True 
(Filename: E:\unity\Runtime/Export/Debug/Debug.bindings.h Line: 39)

AIMATCH PASS lob interception preserves skeleton Fan error=0.06757497 
(Filename: E:\unity\Runtime/Export/Debug/Debug.bindings.h Line: 39)

AIMATCH COMPLETE checks=80 lobTouches=4 failures=0 
(Filename: E:\unity\Runtime/Export/Debug/Debug.bindings.h Line: 39)

Setting up 12 worker threads for Enlighten.
  Thread -> id: 91f8 -> priority: 1 
  Thread -> id: 33ac -> priority: 1 
  Thread -> id: a7ac -> priority: 1 
  Thread -> id: a258 -> priority: 1 
  Thread -> id: 968c -> priority: 1 
  Thread -> id: d74 -> priority: 1 
  Thread -> id: 88d4 -> priority: 1 
  Thread -> id: 85ec -> priority: 1 
  Thread -> id: 4d78 -> priority: 1 
  Thread -> id: 51c8 -> priority: 1 
  Thread -> id: 707c -> priority: 1 
  Thread -> id: 4028 -> priority: 1 
