Process is running in low integrity mode...
Mono path[0] = 'C:/Users/Alienware/Desktop/范志毅VS赵鹏/范志毅VS赵鹏 PC双人版（32位）/鑼冨織姣匳S璧甸箯 PC鍙屼汉鐗堬紙32浣嶏級/AI Mod Source/build/ai-contest-air-test-player-original/FanZhiYi_Data/Managed'
Mono config path = 'C:/Users/Alienware/Desktop/范志毅VS赵鹏/范志毅VS赵鹏 PC双人版（32位）/鑼冨織姣匳S璧甸箯 PC鍙屼汉鐗堬紙32浣嶏級/AI Mod Source/build/ai-contest-air-test-player-original/MonoBleedingEdge/etc'
AS: AutoStreaming module initializing.Initialize engine version: 2019.4.33f1c1 (c2f94a8bebb3)
[Subsystems] Discovering subsystems at path C:/Users/Alienware/Desktop/范志毅VS赵鹏/范志毅VS赵鹏 PC双人版（32位）/鑼冨織姣匳S璧甸箯 PC鍙屼汉鐗堬紙32浣嶏級/AI Mod Source/build/ai-contest-air-test-player-original/FanZhiYi_Data/UnitySubsystems
GfxDevice: creating device client; threaded=1
Direct3D:
    Version:  Direct3D 11.0 [level 11.1]
    Renderer: NVIDIA GeForce RTX 5070 Laptop GPU (ID=0x2d58)
    Vendor:   (null)
    VRAM:     3072 MB
FMOD failed to initialize. This may be because your sound card is configured to give applications exclusive access, thus preventing Unity from using this device. You can change this in Control Panel > Audio Devices and Sound Themes > Playback Device > Properties > Options ... : "Soundcard does not support the minimum features needed for this soundsystem (16bit stereo output). " (59) 
(Filename:  Line: 1659)

Forced to initialize FMOD to to the device driver's system output rate 44100, this may impact performance and/or give inconsistent experiences compared to selected sample rate 48000 
(Filename:  Line: 1597)

Begin MonoManager ReloadAssembly
- Completed reload, in  0.117 seconds
<RI> Initializing input.
<RI> Input initialized.
<RI> Initialized touch support.
UnloadTime: 0.504600 ms
Curl error 7: Failed to connect to 127.0.0.1 port 7897: Bad access
 
(Filename:  Line: 867)

Curl error 7: Failed to connect to 127.0.0.1 port 7897: Bad access
 
(Filename:  Line: 867)

Curl error 7: Failed to connect to 127.0.0.1 port 7897: Bad access
 
(Filename:  Line: 867)

Unloading 5 Unused Serialized files (Serialized files now loaded: 0)
Curl error 7: Failed to connect to 127.0.0.1 port 7897: Bad access
 
(Filename:  Line: 867)

UnloadTime: 0.152100 ms

Unloading 143 unused Assets to reduce memory usage. Loaded Objects now: 1009.
Total: 0.519100 ms (FindLiveObjects: 0.036800 ms CreateObjectMapping: 0.010400 ms MarkObjects: 0.188000 ms  DeleteObjects: 0.283500 ms)

DEFENSE PASS real Fan foot contact launches skill case=0 
(Filename: E:\unity\Runtime/Export/Debug/Debug.bindings.h Line: 39)

DEFENSE PARAM case=0 nativeForce=130000 jumpEstimate=6.119894 start=(1.0, 0.0) shot=(-3.2, -1.5) 
(Filename: E:\unity\Runtime/Export/Debug/Debug.bindings.h Line: 39)

DEFENSE PASS skill forecast follows real unobstructed physics error=0.2986492 
(Filename: E:\unity\Runtime/Export/Debug/Debug.bindings.h Line: 39)

DEFENSE PASS Zhao enters dedicated curve defense case=0 
(Filename: E:\unity\Runtime/Export/Debug/Debug.bindings.h Line: 39)

DEFENSE PASS native Zhao skeleton stays connected case=0 error=0.1015621 
(Filename: E:\unity\Runtime/Export/Debug/Debug.bindings.h Line: 39)

DEFENSE RESULT case=0 lift=0 baseline=False touched=False saved=False score=0 firstJump=-1 firstHead=-1 end=(5.4, -0.6) 
(Filename: E:\unity\Runtime/Export/Debug/Debug.bindings.h Line: 39)

Unloading 4 Unused Serialized files (Serialized files now loaded: 0)
UnloadTime: 0.916900 ms

Unloading 39 unused Assets to reduce memory usage. Loaded Objects now: 1058.
Total: 1.311200 ms (FindLiveObjects: 0.038600 ms CreateObjectMapping: 0.009800 ms MarkObjects: 0.216300 ms  DeleteObjects: 1.046100 ms)

Curl error 7: Failed to connect to 127.0.0.1 port 7897: Bad access
 
(Filename:  Line: 867)

DEFENSE PASS real Fan foot contact launches skill case=1 
(Filename: E:\unity\Runtime/Export/Debug/Debug.bindings.h Line: 39)

DEFENSE PARAM case=1 nativeForce=130000 jumpEstimate=6.119894 start=(4.5, 0.1) shot=(-2.4, -1.5) 
(Filename: E:\unity\Runtime/Export/Debug/Debug.bindings.h Line: 39)

DEFENSE PASS Zhao enters dedicated curve defense case=1 
(Filename: E:\unity\Runtime/Export/Debug/Debug.bindings.h Line: 39)

DEFENSE PASS native Zhao skeleton stays connected case=1 error=0.2458505 
(Filename: E:\unity\Runtime/Export/Debug/Debug.bindings.h Line: 39)

DEFENSE RESULT case=1 lift=0 baseline=False touched=True saved=False score=1 firstJump=-1 firstHead=1.28 end=(6.6, 0.0) 
(Filename: E:\unity\Runtime/Export/Debug/Debug.bindings.h Line: 39)

Unloading 4 Unused Serialized files (Serialized files now loaded: 0)
UnloadTime: 0.271200 ms

Unloading 4 unused Assets to reduce memory usage. Loaded Objects now: 1062.
Total: 1.204500 ms (FindLiveObjects: 0.044800 ms CreateObjectMapping: 0.008700 ms MarkObjects: 0.175100 ms  DeleteObjects: 0.975500 ms)

DEFENSE PASS real Fan foot contact launches skill case=2 
(Filename: E:\unity\Runtime/Export/Debug/Debug.bindings.h Line: 39)

DEFENSE PARAM case=2 nativeForce=130000 jumpEstimate=6.119894 start=(2.3, 0.1) shot=(-1.2, -1.5) 
(Filename: E:\unity\Runtime/Export/Debug/Debug.bindings.h Line: 39)

DEFENSE PASS Zhao enters dedicated curve defense case=2 
(Filename: E:\unity\Runtime/Export/Debug/Debug.bindings.h Line: 39)

DEFENSE PASS native Zhao skeleton stays connected case=2 error=0.04103351 
(Filename: E:\unity\Runtime/Export/Debug/Debug.bindings.h Line: 39)

DEFENSE RESULT case=2 lift=0 baseline=False touched=False saved=False score=1 firstJump=-1 firstHead=-1 end=(6.9, 0.0) 
(Filename: E:\unity\Runtime/Export/Debug/Debug.bindings.h Line: 39)

Unloading 4 Unused Serialized files (Serialized files now loaded: 0)
UnloadTime: 0.278000 ms

Unloading 4 unused Assets to reduce memory usage. Loaded Objects now: 1062.
Total: 1.342200 ms (FindLiveObjects: 0.053700 ms CreateObjectMapping: 0.017200 ms MarkObjects: 0.224200 ms  DeleteObjects: 1.046600 ms)

DEFENSE PASS real Fan foot contact launches skill case=3 
(Filename: E:\unity\Runtime/Export/Debug/Debug.bindings.h Line: 39)

DEFENSE PARAM case=3 nativeForce=130000 jumpEstimate=6.119894 start=(4.5, 0.0) shot=(-0.4, -1.5) 
(Filename: E:\unity\Runtime/Export/Debug/Debug.bindings.h Line: 39)

DEFENSE PASS Zhao enters dedicated curve defense case=3 
(Filename: E:\unity\Runtime/Export/Debug/Debug.bindings.h Line: 39)

DEFENSE PASS native Zhao skeleton stays connected case=3 error=0.1697881 
(Filename: E:\unity\Runtime/Export/Debug/Debug.bindings.h Line: 39)

DEFENSE RESULT case=3 lift=0 baseline=False touched=True saved=False score=1 firstJump=-1 firstHead=-1 end=(7.3, 0.0) 
(Filename: E:\unity\Runtime/Export/Debug/Debug.bindings.h Line: 39)

Unloading 4 Unused Serialized files (Serialized files now loaded: 0)
UnloadTime: 0.269400 ms

Unloading 4 unused Assets to reduce memory usage. Loaded Objects now: 1062.
Total: 1.369000 ms (FindLiveObjects: 0.055800 ms CreateObjectMapping: 0.015600 ms MarkObjects: 0.279200 ms  DeleteObjects: 1.017800 ms)

DEFENSE PASS real Fan foot contact launches skill case=4 
(Filename: E:\unity\Runtime/Export/Debug/Debug.bindings.h Line: 39)

DEFENSE PARAM case=4 nativeForce=130000 jumpEstimate=6.119894 start=(4.5, 0.1) shot=(0.6, -1.5) 
(Filename: E:\unity\Runtime/Export/Debug/Debug.bindings.h Line: 39)

DEFENSE PASS Zhao enters dedicated curve defense case=4 
(Filename: E:\unity\Runtime/Export/Debug/Debug.bindings.h Line: 39)

DEFENSE PASS native Zhao skeleton stays connected case=4 error=0.01509301 
(Filename: E:\unity\Runtime/Export/Debug/Debug.bindings.h Line: 39)

DEFENSE RESULT case=4 lift=0 baseline=False touched=False saved=False score=0 firstJump=-1 firstHead=-1 end=(6.9, -0.1) 
(Filename: E:\unity\Runtime/Export/Debug/Debug.bindings.h Line: 39)

Unloading 4 Unused Serialized files (Serialized files now loaded: 0)
UnloadTime: 0.278800 ms

Unloading 4 unused Assets to reduce memory usage. Loaded Objects now: 1058.
Total: 1.241100 ms (FindLiveObjects: 0.031900 ms CreateObjectMapping: 0.015700 ms MarkObjects: 0.180400 ms  DeleteObjects: 1.012700 ms)

DEFENSE PASS real Fan foot contact launches skill case=5 
(Filename: E:\unity\Runtime/Export/Debug/Debug.bindings.h Line: 39)

DEFENSE PARAM case=5 nativeForce=130000 jumpEstimate=6.119894 start=(4.8, 0.0) shot=(1.6, -1.5) 
(Filename: E:\unity\Runtime/Export/Debug/Debug.bindings.h Line: 39)

DEFENSE PASS Zhao enters dedicated curve defense case=5 
(Filename: E:\unity\Runtime/Export/Debug/Debug.bindings.h Line: 39)

DEFENSE PASS native Zhao skeleton stays connected case=5 error=0.22506 
(Filename: E:\unity\Runtime/Export/Debug/Debug.bindings.h Line: 39)

DEFENSE RESULT case=5 lift=0 baseline=False touched=False saved=False score=0 firstJump=-1 firstHead=-1 end=(4.9, 0.1) 
(Filename: E:\unity\Runtime/Export/Debug/Debug.bindings.h Line: 39)

Unloading 4 Unused Serialized files (Serialized files now loaded: 0)
UnloadTime: 0.260800 ms

Unloading 4 unused Assets to reduce memory usage. Loaded Objects now: 1058.
Total: 1.300300 ms (FindLiveObjects: 0.036300 ms CreateObjectMapping: 0.008100 ms MarkObjects: 0.255700 ms  DeleteObjects: 0.999900 ms)

DEFENSE PASS real Fan foot contact launches skill case=6 
(Filename: E:\unity\Runtime/Export/Debug/Debug.bindings.h Line: 39)

DEFENSE PARAM case=6 nativeForce=130000 jumpEstimate=6.119894 start=(2.0, 0.0) shot=(-3.2, -0.2) 
(Filename: E:\unity\Runtime/Export/Debug/Debug.bindings.h Line: 39)

DEFENSE PASS Zhao enters dedicated curve defense case=6 
(Filename: E:\unity\Runtime/Export/Debug/Debug.bindings.h Line: 39)

DEFENSE PASS native Zhao skeleton stays connected case=6 error=0.1613113 
(Filename: E:\unity\Runtime/Export/Debug/Debug.bindings.h Line: 39)

DEFENSE RESULT case=6 lift=1.4 baseline=False touched=True saved=False score=1 firstJump=-1 firstHead=-1 end=(5.9, -0.4) 
(Filename: E:\unity\Runtime/Export/Debug/Debug.bindings.h Line: 39)

Unloading 4 Unused Serialized files (Serialized files now loaded: 0)
UnloadTime: 0.284700 ms

Unloading 4 unused Assets to reduce memory usage. Loaded Objects now: 1058.
Total: 1.197700 ms (FindLiveObjects: 0.036900 ms CreateObjectMapping: 0.008700 ms MarkObjects: 0.229200 ms  DeleteObjects: 0.922600 ms)

DEFENSE PASS real Fan foot contact launches skill case=7 
(Filename: E:\unity\Runtime/Export/Debug/Debug.bindings.h Line: 39)

DEFENSE PARAM case=7 nativeForce=130000 jumpEstimate=6.119894 start=(3.8, 0.1) shot=(-1.6, -0.2) 
(Filename: E:\unity\Runtime/Export/Debug/Debug.bindings.h Line: 39)

DEFENSE PASS Zhao enters dedicated curve defense case=7 
(Filename: E:\unity\Runtime/Export/Debug/Debug.bindings.h Line: 39)

DEFENSE PASS native Zhao skeleton stays connected case=7 error=0.2219293 
(Filename: E:\unity\Runtime/Export/Debug/Debug.bindings.h Line: 39)

DEFENSE RESULT case=7 lift=1.4 baseline=False touched=True saved=True score=0 firstJump=-1 firstHead=-1 end=(3.1, -0.1) 
(Filename: E:\unity\Runtime/Export/Debug/Debug.bindings.h Line: 39)

Unloading 4 Unused Serialized files (Serialized files now loaded: 0)
UnloadTime: 0.293400 ms

Unloading 3 unused Assets to reduce memory usage. Loaded Objects now: 1062.
Total: 1.175900 ms (FindLiveObjects: 0.055000 ms CreateObjectMapping: 0.008600 ms MarkObjects: 0.205700 ms  DeleteObjects: 0.906100 ms)

DEFENSE PASS real Fan foot contact launches skill case=8 
(Filename: E:\unity\Runtime/Export/Debug/Debug.bindings.h Line: 39)

DEFENSE PARAM case=8 nativeForce=130000 jumpEstimate=6.119894 start=(4.6, 0.0) shot=(-0.2, -0.2) 
(Filename: E:\unity\Runtime/Export/Debug/Debug.bindings.h Line: 39)

DEFENSE PASS Zhao enters dedicated curve defense case=8 
(Filename: E:\unity\Runtime/Export/Debug/Debug.bindings.h Line: 39)

DEFENSE PASS native Zhao skeleton stays connected case=8 error=0.04073108 
(Filename: E:\unity\Runtime/Export/Debug/Debug.bindings.h Line: 39)

DEFENSE RESULT case=8 lift=1.4 baseline=False touched=True saved=True score=0 firstJump=-1 firstHead=-1 end=(4.0, 0.0) 
(Filename: E:\unity\Runtime/Export/Debug/Debug.bindings.h Line: 39)

Unloading 4 Unused Serialized files (Serialized files now loaded: 0)
UnloadTime: 0.296900 ms

Unloading 3 unused Assets to reduce memory usage. Loaded Objects now: 1062.
Total: 1.380200 ms (FindLiveObjects: 0.032800 ms CreateObjectMapping: 0.008700 ms MarkObjects: 0.203300 ms  DeleteObjects: 1.135000 ms)

DEFENSE PASS serve avoids retreat and distant jump skills=False mode=1 
(Filename: E:\unity\Runtime/Export/Debug/Debug.bindings.h Line: 39)

DEFENSE PASS serve still attacks skills=False mode=1 
(Filename: E:\unity\Runtime/Export/Debug/Debug.bindings.h Line: 39)

DEFENSE PASS serve keeps player joints intact skills=False mode=1 
(Filename: E:\unity\Runtime/Export/Debug/Debug.bindings.h Line: 39)

Unloading 4 Unused Serialized files (Serialized files now loaded: 0)
UnloadTime: 0.266500 ms

Unloading 3 unused Assets to reduce memory usage. Loaded Objects now: 1062.
Total: 1.264800 ms (FindLiveObjects: 0.031600 ms CreateObjectMapping: 0.008700 ms MarkObjects: 0.181100 ms  DeleteObjects: 1.043200 ms)

DEFENSE PASS serve avoids retreat and distant jump skills=False mode=2 
(Filename: E:\unity\Runtime/Export/Debug/Debug.bindings.h Line: 39)

DEFENSE PASS serve still attacks skills=False mode=2 
(Filename: E:\unity\Runtime/Export/Debug/Debug.bindings.h Line: 39)

DEFENSE PASS serve keeps player joints intact skills=False mode=2 
(Filename: E:\unity\Runtime/Export/Debug/Debug.bindings.h Line: 39)

Unloading 4 Unused Serialized files (Serialized files now loaded: 0)
UnloadTime: 0.311900 ms

Unloading 3 unused Assets to reduce memory usage. Loaded Objects now: 1058.
Total: 1.209800 ms (FindLiveObjects: 0.041200 ms CreateObjectMapping: 0.008100 ms MarkObjects: 0.181400 ms  DeleteObjects: 0.978700 ms)

DEFENSE PASS serve avoids retreat and distant jump skills=True mode=1 
(Filename: E:\unity\Runtime/Export/Debug/Debug.bindings.h Line: 39)

DEFENSE PASS serve still attacks skills=True mode=1 
(Filename: E:\unity\Runtime/Export/Debug/Debug.bindings.h Line: 39)

DEFENSE PASS serve keeps player joints intact skills=True mode=1 
(Filename: E:\unity\Runtime/Export/Debug/Debug.bindings.h Line: 39)

Unloading 4 Unused Serialized files (Serialized files now loaded: 0)
UnloadTime: 0.350000 ms

Unloading 3 unused Assets to reduce memory usage. Loaded Objects now: 1062.
Total: 1.187400 ms (FindLiveObjects: 0.031300 ms CreateObjectMapping: 0.008300 ms MarkObjects: 0.175900 ms  DeleteObjects: 0.971700 ms)

DEFENSE PASS serve avoids retreat and distant jump skills=True mode=2 
(Filename: E:\unity\Runtime/Export/Debug/Debug.bindings.h Line: 39)

DEFENSE PASS serve still attacks skills=True mode=2 
(Filename: E:\unity\Runtime/Export/Debug/Debug.bindings.h Line: 39)

DEFENSE PASS serve keeps player joints intact skills=True mode=2 
(Filename: E:\unity\Runtime/Export/Debug/Debug.bindings.h Line: 39)

DEFENSE COMPLETE baseline=False checks=40 launches=9 touches=5 saves=2 failures=0 
(Filename: E:\unity\Runtime/Export/Debug/Debug.bindings.h Line: 39)

Setting up 12 worker threads for Enlighten.
  Thread -> id: 737c -> priority: 1 
  Thread -> id: 6220 -> priority: 1 
  Thread -> id: 3324 -> priority: 1 
  Thread -> id: 8c60 -> priority: 1 
  Thread -> id: 6694 -> priority: 1 
  Thread -> id: 56ec -> priority: 1 
  Thread -> id: 1f10 -> priority: 1 
  Thread -> id: 7ec8 -> priority: 1 
  Thread -> id: a450 -> priority: 1 
  Thread -> id: 1088 -> priority: 1 
  Thread -> id: e98 -> priority: 1 
  Thread -> id: a698 -> priority: 1 
