Process is running in low integrity mode...
Mono path[0] = 'C:/Users/Alienware/Desktop/范志毅VS赵鹏/范志毅VS赵鹏 PC双人版（32位）/鑼冨織姣匳S璧甸箯 PC鍙屼汉鐗堬紙32浣嶏級/AI Mod Source/build/ai-contest-air-test-player-experiment/FanZhiYi_Data/Managed'
Mono config path = 'C:/Users/Alienware/Desktop/范志毅VS赵鹏/范志毅VS赵鹏 PC双人版（32位）/鑼冨織姣匳S璧甸箯 PC鍙屼汉鐗堬紙32浣嶏級/AI Mod Source/build/ai-contest-air-test-player-experiment/MonoBleedingEdge/etc'
AS: AutoStreaming module initializing.Initialize engine version: 2019.4.33f1c1 (c2f94a8bebb3)
[Subsystems] Discovering subsystems at path C:/Users/Alienware/Desktop/范志毅VS赵鹏/范志毅VS赵鹏 PC双人版（32位）/鑼冨織姣匳S璧甸箯 PC鍙屼汉鐗堬紙32浣嶏級/AI Mod Source/build/ai-contest-air-test-player-experiment/FanZhiYi_Data/UnitySubsystems
GfxDevice: creating device client; threaded=1
Direct3D:
    Version:  Direct3D 11.0 [level 11.1]
    Renderer: NVIDIA GeForce RTX 5070 Laptop GPU (ID=0x2d58)
    Vendor:   (null)
    VRAM:     3072 MB
FMOD failed to initialize. This may be because your sound card is configured to give applications exclusive access, thus preventing Unity from using this device. You can change this in Control Panel > Audio Devices and Sound Themes > Playback Device > Properties > Options ... : "Soundcard does not support the minimum features needed for this soundsystem (16bit stereo output). " (59) 
(Filename:  Line: 1659)

Forced to initialize FMOD to to the device driver's system output rate 44100, this may impact performance and/or give inconsistent experiences compared to selected sample rate 48000 
(Filename:  Line: 1597)

Begin MonoManager ReloadAssembly
- Completed reload, in  0.118 seconds
<RI> Initializing input.
<RI> Input initialized.
<RI> Initialized touch support.
UnloadTime: 0.522000 ms
Curl error 7: Failed to connect to 127.0.0.1 port 7897: Bad access
 
(Filename:  Line: 867)

Curl error 7: Failed to connect to 127.0.0.1 port 7897: Bad access
 
(Filename:  Line: 867)

Curl error 7: Failed to connect to 127.0.0.1 port 7897: Bad access
 
(Filename:  Line: 867)

Curl error 7: Failed to connect to 127.0.0.1 port 7897: Bad access
 
(Filename:  Line: 867)

Unloading 5 Unused Serialized files (Serialized files now loaded: 0)
UnloadTime: 0.168400 ms

Unloading 143 unused Assets to reduce memory usage. Loaded Objects now: 1009.
Total: 0.540500 ms (FindLiveObjects: 0.057200 ms CreateObjectMapping: 0.009300 ms MarkObjects: 0.181000 ms  DeleteObjects: 0.292800 ms)

DEFENSE PASS real Fan foot contact launches skill case=0 
(Filename: E:\unity\Runtime/Export/Debug/Debug.bindings.h Line: 39)

DEFENSE PARAM case=0 nativeForce=130000 jumpEstimate=6.119894 start=(1.0, -0.4) shot=(-3.4, -1.6) 
(Filename: E:\unity\Runtime/Export/Debug/Debug.bindings.h Line: 39)

DEFENSE PASS skill forecast follows real unobstructed physics error=0.3006794 
(Filename: E:\unity\Runtime/Export/Debug/Debug.bindings.h Line: 39)

DEFENSE PASS Zhao enters dedicated curve defense case=0 
(Filename: E:\unity\Runtime/Export/Debug/Debug.bindings.h Line: 39)

DEFENSE PASS native Zhao skeleton stays connected case=0 error=0.04889691 
(Filename: E:\unity\Runtime/Export/Debug/Debug.bindings.h Line: 39)

DEFENSE RESULT case=0 lift=0 baseline=False touched=False saved=False score=0 firstJump=-1 firstHead=-1 end=(4.8, -0.7) 
(Filename: E:\unity\Runtime/Export/Debug/Debug.bindings.h Line: 39)

Unloading 4 Unused Serialized files (Serialized files now loaded: 0)
UnloadTime: 0.789100 ms

Unloading 39 unused Assets to reduce memory usage. Loaded Objects now: 1060.
Total: 1.187700 ms (FindLiveObjects: 0.063700 ms CreateObjectMapping: 0.018000 ms MarkObjects: 0.236500 ms  DeleteObjects: 0.869000 ms)

Curl error 7: Failed to connect to 127.0.0.1 port 7897: Bad access
 
(Filename:  Line: 867)

DEFENSE PASS real Fan foot contact launches skill case=1 
(Filename: E:\unity\Runtime/Export/Debug/Debug.bindings.h Line: 39)

DEFENSE PARAM case=1 nativeForce=130000 jumpEstimate=6.119894 start=(4.5, -0.4) shot=(-2.6, -1.6) 
(Filename: E:\unity\Runtime/Export/Debug/Debug.bindings.h Line: 39)

DEFENSE PASS Zhao enters dedicated curve defense case=1 
(Filename: E:\unity\Runtime/Export/Debug/Debug.bindings.h Line: 39)

DEFENSE PASS native Zhao skeleton stays connected case=1 error=0.1041672 
(Filename: E:\unity\Runtime/Export/Debug/Debug.bindings.h Line: 39)

DEFENSE RESULT case=1 lift=0 baseline=False touched=False saved=False score=0 firstJump=-1 firstHead=-1 end=(4.4, -0.3) 
(Filename: E:\unity\Runtime/Export/Debug/Debug.bindings.h Line: 39)

Unloading 4 Unused Serialized files (Serialized files now loaded: 0)
UnloadTime: 0.305000 ms

Unloading 3 unused Assets to reduce memory usage. Loaded Objects now: 1060.
Total: 1.129700 ms (FindLiveObjects: 0.033400 ms CreateObjectMapping: 0.008500 ms MarkObjects: 0.220600 ms  DeleteObjects: 0.866800 ms)

DEFENSE PASS real Fan foot contact launches skill case=2 
(Filename: E:\unity\Runtime/Export/Debug/Debug.bindings.h Line: 39)

DEFENSE PARAM case=2 nativeForce=130000 jumpEstimate=6.119894 start=(2.3, -0.4) shot=(-1.4, -1.6) 
(Filename: E:\unity\Runtime/Export/Debug/Debug.bindings.h Line: 39)

DEFENSE PASS Zhao enters dedicated curve defense case=2 
(Filename: E:\unity\Runtime/Export/Debug/Debug.bindings.h Line: 39)

DEFENSE PASS native Zhao skeleton stays connected case=2 error=0.1014409 
(Filename: E:\unity\Runtime/Export/Debug/Debug.bindings.h Line: 39)

DEFENSE RESULT case=2 lift=0 baseline=False touched=False saved=False score=0 firstJump=-1 firstHead=-1 end=(5.3, -0.9) 
(Filename: E:\unity\Runtime/Export/Debug/Debug.bindings.h Line: 39)

Unloading 4 Unused Serialized files (Serialized files now loaded: 0)
UnloadTime: 0.265400 ms

Unloading 4 unused Assets to reduce memory usage. Loaded Objects now: 1060.
Total: 1.159700 ms (FindLiveObjects: 0.031100 ms CreateObjectMapping: 0.008000 ms MarkObjects: 0.287700 ms  DeleteObjects: 0.832400 ms)

DEFENSE PASS real Fan foot contact launches skill case=3 
(Filename: E:\unity\Runtime/Export/Debug/Debug.bindings.h Line: 39)

DEFENSE PARAM case=3 nativeForce=130000 jumpEstimate=6.119894 start=(4.5, -0.4) shot=(-0.6, -1.6) 
(Filename: E:\unity\Runtime/Export/Debug/Debug.bindings.h Line: 39)

DEFENSE PASS Zhao enters dedicated curve defense case=3 
(Filename: E:\unity\Runtime/Export/Debug/Debug.bindings.h Line: 39)

DEFENSE PASS native Zhao skeleton stays connected case=3 error=0.1193549 
(Filename: E:\unity\Runtime/Export/Debug/Debug.bindings.h Line: 39)

DEFENSE RESULT case=3 lift=0 baseline=False touched=False saved=False score=0 firstJump=-1 firstHead=-1 end=(7.2, -0.9) 
(Filename: E:\unity\Runtime/Export/Debug/Debug.bindings.h Line: 39)

Unloading 4 Unused Serialized files (Serialized files now loaded: 0)
UnloadTime: 0.303100 ms

Unloading 4 unused Assets to reduce memory usage. Loaded Objects now: 1060.
Total: 1.140700 ms (FindLiveObjects: 0.054600 ms CreateObjectMapping: 0.017100 ms MarkObjects: 0.215700 ms  DeleteObjects: 0.853000 ms)

DEFENSE PASS real Fan foot contact launches skill case=4 
(Filename: E:\unity\Runtime/Export/Debug/Debug.bindings.h Line: 39)

DEFENSE PARAM case=4 nativeForce=130000 jumpEstimate=6.119894 start=(4.5, -0.4) shot=(0.4, -1.6) 
(Filename: E:\unity\Runtime/Export/Debug/Debug.bindings.h Line: 39)

DEFENSE PASS Zhao enters dedicated curve defense case=4 
(Filename: E:\unity\Runtime/Export/Debug/Debug.bindings.h Line: 39)

DEFENSE PASS native Zhao skeleton stays connected case=4 error=0.08477376 
(Filename: E:\unity\Runtime/Export/Debug/Debug.bindings.h Line: 39)

DEFENSE RESULT case=4 lift=0 baseline=False touched=False saved=False score=0 firstJump=-1 firstHead=-1 end=(6.9, -0.7) 
(Filename: E:\unity\Runtime/Export/Debug/Debug.bindings.h Line: 39)

Unloading 4 Unused Serialized files (Serialized files now loaded: 0)
UnloadTime: 0.259600 ms

Unloading 4 unused Assets to reduce memory usage. Loaded Objects now: 1060.
Total: 1.078500 ms (FindLiveObjects: 0.058300 ms CreateObjectMapping: 0.018000 ms MarkObjects: 0.264000 ms  DeleteObjects: 0.737800 ms)

DEFENSE PASS real Fan foot contact launches skill case=5 
(Filename: E:\unity\Runtime/Export/Debug/Debug.bindings.h Line: 39)

DEFENSE PARAM case=5 nativeForce=130000 jumpEstimate=6.119894 start=(4.8, -0.4) shot=(1.4, -1.6) 
(Filename: E:\unity\Runtime/Export/Debug/Debug.bindings.h Line: 39)

DEFENSE PASS Zhao enters dedicated curve defense case=5 
(Filename: E:\unity\Runtime/Export/Debug/Debug.bindings.h Line: 39)

DEFENSE PASS native Zhao skeleton stays connected case=5 error=0.06985609 
(Filename: E:\unity\Runtime/Export/Debug/Debug.bindings.h Line: 39)

DEFENSE RESULT case=5 lift=0 baseline=False touched=False saved=False score=0 firstJump=-1 firstHead=-1 end=(6.0, -0.5) 
(Filename: E:\unity\Runtime/Export/Debug/Debug.bindings.h Line: 39)

Unloading 4 Unused Serialized files (Serialized files now loaded: 0)
UnloadTime: 0.299300 ms

Unloading 4 unused Assets to reduce memory usage. Loaded Objects now: 1060.
Total: 1.159500 ms (FindLiveObjects: 0.087100 ms CreateObjectMapping: 0.017400 ms MarkObjects: 0.181200 ms  DeleteObjects: 0.873500 ms)

DEFENSE PASS real Fan foot contact launches skill case=6 
(Filename: E:\unity\Runtime/Export/Debug/Debug.bindings.h Line: 39)

DEFENSE PARAM case=6 nativeForce=130000 jumpEstimate=6.119894 start=(2.0, -0.4) shot=(-3.4, -0.3) 
(Filename: E:\unity\Runtime/Export/Debug/Debug.bindings.h Line: 39)

DEFENSE PASS Zhao enters dedicated curve defense case=6 
(Filename: E:\unity\Runtime/Export/Debug/Debug.bindings.h Line: 39)

DEFENSE PASS native Zhao skeleton stays connected case=6 error=0.1128423 
(Filename: E:\unity\Runtime/Export/Debug/Debug.bindings.h Line: 39)

DEFENSE RESULT case=6 lift=1.4 baseline=False touched=True saved=False score=1 firstJump=0.2799997 firstHead=-1 end=(7.0, -0.5) 
(Filename: E:\unity\Runtime/Export/Debug/Debug.bindings.h Line: 39)

Unloading 4 Unused Serialized files (Serialized files now loaded: 0)
UnloadTime: 0.281800 ms

Unloading 4 unused Assets to reduce memory usage. Loaded Objects now: 1060.
Total: 1.160400 ms (FindLiveObjects: 0.033700 ms CreateObjectMapping: 0.008100 ms MarkObjects: 0.187600 ms  DeleteObjects: 0.930800 ms)

DEFENSE PASS real Fan foot contact launches skill case=7 
(Filename: E:\unity\Runtime/Export/Debug/Debug.bindings.h Line: 39)

DEFENSE PARAM case=7 nativeForce=130000 jumpEstimate=6.119894 start=(3.8, -0.4) shot=(-1.8, -0.3) 
(Filename: E:\unity\Runtime/Export/Debug/Debug.bindings.h Line: 39)

DEFENSE PASS Zhao enters dedicated curve defense case=7 
(Filename: E:\unity\Runtime/Export/Debug/Debug.bindings.h Line: 39)

DEFENSE PASS native Zhao skeleton stays connected case=7 error=0.125155 
(Filename: E:\unity\Runtime/Export/Debug/Debug.bindings.h Line: 39)

DEFENSE RESULT case=7 lift=1.4 baseline=False touched=True saved=True score=0 firstJump=-1 firstHead=-1 end=(6.1, -0.4) 
(Filename: E:\unity\Runtime/Export/Debug/Debug.bindings.h Line: 39)

Unloading 4 Unused Serialized files (Serialized files now loaded: 0)
UnloadTime: 0.291400 ms

Unloading 3 unused Assets to reduce memory usage. Loaded Objects now: 1064.
Total: 1.264600 ms (FindLiveObjects: 0.034500 ms CreateObjectMapping: 0.008200 ms MarkObjects: 0.189200 ms  DeleteObjects: 1.032400 ms)

DEFENSE PASS real Fan foot contact launches skill case=8 
(Filename: E:\unity\Runtime/Export/Debug/Debug.bindings.h Line: 39)

DEFENSE PARAM case=8 nativeForce=130000 jumpEstimate=6.119894 start=(4.6, -0.4) shot=(-0.3, -0.3) 
(Filename: E:\unity\Runtime/Export/Debug/Debug.bindings.h Line: 39)

DEFENSE PASS Zhao enters dedicated curve defense case=8 
(Filename: E:\unity\Runtime/Export/Debug/Debug.bindings.h Line: 39)

DEFENSE PASS native Zhao skeleton stays connected case=8 error=0.2661912 
(Filename: E:\unity\Runtime/Export/Debug/Debug.bindings.h Line: 39)

DEFENSE RESULT case=8 lift=1.4 baseline=False touched=True saved=True score=0 firstJump=-1 firstHead=1.499999 end=(5.5, -0.4) 
(Filename: E:\unity\Runtime/Export/Debug/Debug.bindings.h Line: 39)

Unloading 4 Unused Serialized files (Serialized files now loaded: 0)
UnloadTime: 0.261000 ms

Unloading 3 unused Assets to reduce memory usage. Loaded Objects now: 1064.
Total: 1.480500 ms (FindLiveObjects: 0.035200 ms CreateObjectMapping: 0.011200 ms MarkObjects: 0.302500 ms  DeleteObjects: 1.131000 ms)

DEFENSE PASS serve avoids retreat and distant jump skills=False mode=1 
(Filename: E:\unity\Runtime/Export/Debug/Debug.bindings.h Line: 39)

DEFENSE PASS serve still attacks skills=False mode=1 
(Filename: E:\unity\Runtime/Export/Debug/Debug.bindings.h Line: 39)

DEFENSE PASS serve keeps player joints intact skills=False mode=1 
(Filename: E:\unity\Runtime/Export/Debug/Debug.bindings.h Line: 39)

Unloading 4 Unused Serialized files (Serialized files now loaded: 0)
UnloadTime: 0.258200 ms

Unloading 3 unused Assets to reduce memory usage. Loaded Objects now: 1064.
Total: 1.347700 ms (FindLiveObjects: 0.059200 ms CreateObjectMapping: 0.009900 ms MarkObjects: 0.228100 ms  DeleteObjects: 1.050000 ms)

DEFENSE PASS serve avoids retreat and distant jump skills=False mode=2 
(Filename: E:\unity\Runtime/Export/Debug/Debug.bindings.h Line: 39)

DEFENSE PASS serve still attacks skills=False mode=2 
(Filename: E:\unity\Runtime/Export/Debug/Debug.bindings.h Line: 39)

DEFENSE PASS serve keeps player joints intact skills=False mode=2 
(Filename: E:\unity\Runtime/Export/Debug/Debug.bindings.h Line: 39)

Unloading 4 Unused Serialized files (Serialized files now loaded: 0)
UnloadTime: 0.291300 ms

Unloading 3 unused Assets to reduce memory usage. Loaded Objects now: 1060.
Total: 1.185500 ms (FindLiveObjects: 0.058800 ms CreateObjectMapping: 0.007900 ms MarkObjects: 0.186500 ms  DeleteObjects: 0.932000 ms)

DEFENSE PASS serve avoids retreat and distant jump skills=True mode=1 
(Filename: E:\unity\Runtime/Export/Debug/Debug.bindings.h Line: 39)

DEFENSE PASS serve still attacks skills=True mode=1 
(Filename: E:\unity\Runtime/Export/Debug/Debug.bindings.h Line: 39)

DEFENSE PASS serve keeps player joints intact skills=True mode=1 
(Filename: E:\unity\Runtime/Export/Debug/Debug.bindings.h Line: 39)

Unloading 4 Unused Serialized files (Serialized files now loaded: 0)
UnloadTime: 0.357000 ms

Unloading 3 unused Assets to reduce memory usage. Loaded Objects now: 1064.
Total: 1.129100 ms (FindLiveObjects: 0.032000 ms CreateObjectMapping: 0.008000 ms MarkObjects: 0.183500 ms  DeleteObjects: 0.905300 ms)

DEFENSE PASS serve avoids retreat and distant jump skills=True mode=2 
(Filename: E:\unity\Runtime/Export/Debug/Debug.bindings.h Line: 39)

DEFENSE PASS serve still attacks skills=True mode=2 
(Filename: E:\unity\Runtime/Export/Debug/Debug.bindings.h Line: 39)

DEFENSE PASS serve keeps player joints intact skills=True mode=2 
(Filename: E:\unity\Runtime/Export/Debug/Debug.bindings.h Line: 39)

DEFENSE COMPLETE baseline=False checks=40 launches=9 touches=3 saves=2 failures=0 
(Filename: E:\unity\Runtime/Export/Debug/Debug.bindings.h Line: 39)

Setting up 12 worker threads for Enlighten.
  Thread -> id: 28d4 -> priority: 1 
  Thread -> id: 8244 -> priority: 1 
  Thread -> id: 86a0 -> priority: 1 
  Thread -> id: a3cc -> priority: 1 
  Thread -> id: a7e4 -> priority: 1 
  Thread -> id: 2c4 -> priority: 1 
  Thread -> id: 9f28 -> priority: 1 
  Thread -> id: 850 -> priority: 1 
  Thread -> id: 8e54 -> priority: 1 
  Thread -> id: 7d38 -> priority: 1 
  Thread -> id: 2a0 -> priority: 1 
  Thread -> id: 34b4 -> priority: 1 
