Process is running in low integrity mode...
Mono path[0] = 'C:/Users/Alienware/Desktop/范志毅VS赵鹏/范志毅VS赵鹏 PC双人版（32位）/鑼冨織姣匳S璧甸箯 PC鍙屼汉鐗堬紙32浣嶏級/AI Mod Source/build/burst-range-test-player-experiment/FanZhiYi_Data/Managed'
Mono config path = 'C:/Users/Alienware/Desktop/范志毅VS赵鹏/范志毅VS赵鹏 PC双人版（32位）/鑼冨織姣匳S璧甸箯 PC鍙屼汉鐗堬紙32浣嶏級/AI Mod Source/build/burst-range-test-player-experiment/MonoBleedingEdge/etc'
AS: AutoStreaming module initializing.Initialize engine version: 2019.4.33f1c1 (c2f94a8bebb3)
[Subsystems] Discovering subsystems at path C:/Users/Alienware/Desktop/范志毅VS赵鹏/范志毅VS赵鹏 PC双人版（32位）/鑼冨織姣匳S璧甸箯 PC鍙屼汉鐗堬紙32浣嶏級/AI Mod Source/build/burst-range-test-player-experiment/FanZhiYi_Data/UnitySubsystems
GfxDevice: creating device client; threaded=1
Direct3D:
    Version:  Direct3D 11.0 [level 11.1]
    Renderer: NVIDIA GeForce RTX 5070 Laptop GPU (ID=0x2d58)
    Vendor:   (null)
    VRAM:     3072 MB
Begin MonoManager ReloadAssembly
- Completed reload, in  2.050 seconds
<RI> Initializing input.
<RI> Input initialized.
<RI> Initialized touch support.
UnloadTime: 0.552300 ms
Curl error 7: Failed to connect to 127.0.0.1 port 7897: Bad access
 
(Filename:  Line: 867)

Curl error 7: Failed to connect to 127.0.0.1 port 7897: Bad access
 
(Filename:  Line: 867)

Curl error 7: Failed to connect to 127.0.0.1 port 7897: Bad access
 
(Filename:  Line: 867)

Unloading 5 Unused Serialized files (Serialized files now loaded: 0)
UnloadTime: 0.187500 ms

Unloading 143 unused Assets to reduce memory usage. Loaded Objects now: 1010.
Total: 0.505300 ms (FindLiveObjects: 0.034500 ms CreateObjectMapping: 0.009700 ms MarkObjects: 0.192700 ms  DeleteObjects: 0.268000 ms)

Curl error 7: Failed to connect to 127.0.0.1 port 7897: Bad access
 
(Filename:  Line: 867)

BURSTRANGE PASS keypad 0 selects kick, never header 
(Filename: E:\unity\Runtime/Export/Debug/Debug.bindings.h Line: 39)

BURSTRANGE PASS right Shift selects header, never kick 
(Filename: E:\unity\Runtime/Export/Debug/Debug.bindings.h Line: 39)

BURSTRANGE PASS L selects Fan powered native kick 
(Filename: E:\unity\Runtime/Export/Debug/Debug.bindings.h Line: 39)

BURSTRANGE PASS double ordinary shooting no longer arms burst 
(Filename: E:\unity\Runtime/Export/Debug/Debug.bindings.h Line: 39)

BURSTRANGE PASS round reset clears powered shooting request 
(Filename: E:\unity\Runtime/Export/Debug/Debug.bindings.h Line: 39)

Unloading 4 Unused Serialized files (Serialized files now loaded: 0)
UnloadTime: 0.740000 ms

Unloading 37 unused Assets to reduce memory usage. Loaded Objects now: 1060.
Total: 1.031500 ms (FindLiveObjects: 0.037300 ms CreateObjectMapping: 0.009400 ms MarkObjects: 0.205800 ms  DeleteObjects: 0.778700 ms)

BURSTRANGE CONTACT R_LowLeg height=-0.2613069 accepted=True 
(Filename: E:\unity\Runtime/Export/Debug/Debug.bindings.h Line: 39)

BURSTRANGE PASS native kick action actually ran Fan powered=False skills=False 
(Filename: E:\unity\Runtime/Export/Debug/Debug.bindings.h Line: 39)

BURSTRANGE PASS one real contact launch, ordinary shot has none Fan powered=False launches=0 skills=False 
(Filename: E:\unity\Runtime/Export/Debug/Debug.bindings.h Line: 39)

BURSTRANGE PASS shooting keeps the connected skeleton Fan error=0.06836654 
(Filename: E:\unity\Runtime/Export/Debug/Debug.bindings.h Line: 39)

BURSTRANGE PASS classic power shot requires no special skill component 
(Filename: E:\unity\Runtime/Export/Debug/Debug.bindings.h Line: 39)

Unloading 4 Unused Serialized files (Serialized files now loaded: 0)
UnloadTime: 0.272200 ms

Unloading 3 unused Assets to reduce memory usage. Loaded Objects now: 1060.
Total: 1.055800 ms (FindLiveObjects: 0.034600 ms CreateObjectMapping: 0.008500 ms MarkObjects: 0.184800 ms  DeleteObjects: 0.827500 ms)

Curl error 7: Failed to connect to 127.0.0.1 port 7897: Bad access
 
(Filename:  Line: 867)

BURSTRANGE CONTACT R_LowLeg height=-0.25956 accepted=True 
(Filename: E:\unity\Runtime/Export/Debug/Debug.bindings.h Line: 39)

BURSTRANGE PASS native kick action actually ran Fan powered=True skills=False 
(Filename: E:\unity\Runtime/Export/Debug/Debug.bindings.h Line: 39)

BURSTRANGE PASS one real contact launch, ordinary shot has none Fan powered=True launches=1 skills=False 
(Filename: E:\unity\Runtime/Export/Debug/Debug.bindings.h Line: 39)

BURSTRANGE PASS Fan real collision ball speed +20% ratio=1.2 
(Filename: E:\unity\Runtime/Export/Debug/Debug.bindings.h Line: 39)

BURSTRANGE PASS shooting keeps the connected skeleton Fan error=0.06822187 
(Filename: E:\unity\Runtime/Export/Debug/Debug.bindings.h Line: 39)

BURSTRANGE PASS classic power shot requires no special skill component 
(Filename: E:\unity\Runtime/Export/Debug/Debug.bindings.h Line: 39)

Unloading 4 Unused Serialized files (Serialized files now loaded: 0)
UnloadTime: 0.270900 ms

Unloading 3 unused Assets to reduce memory usage. Loaded Objects now: 1060.
Total: 1.204600 ms (FindLiveObjects: 0.057800 ms CreateObjectMapping: 0.017200 ms MarkObjects: 0.334500 ms  DeleteObjects: 0.794400 ms)

BURSTRANGE CONTACT L_LowLeg height=-0.2446062 accepted=True 
(Filename: E:\unity\Runtime/Export/Debug/Debug.bindings.h Line: 39)

BURSTRANGE PASS native kick action actually ran Zhao powered=False skills=False 
(Filename: E:\unity\Runtime/Export/Debug/Debug.bindings.h Line: 39)

BURSTRANGE PASS one real contact launch, ordinary shot has none Zhao powered=False launches=0 skills=False 
(Filename: E:\unity\Runtime/Export/Debug/Debug.bindings.h Line: 39)

BURSTRANGE PASS shooting keeps the connected skeleton Zhao error=0.1011824 
(Filename: E:\unity\Runtime/Export/Debug/Debug.bindings.h Line: 39)

BURSTRANGE PASS classic power shot requires no special skill component 
(Filename: E:\unity\Runtime/Export/Debug/Debug.bindings.h Line: 39)

Unloading 4 Unused Serialized files (Serialized files now loaded: 0)
UnloadTime: 0.335500 ms

Unloading 3 unused Assets to reduce memory usage. Loaded Objects now: 1060.
Total: 1.133800 ms (FindLiveObjects: 0.051100 ms CreateObjectMapping: 0.008800 ms MarkObjects: 0.192900 ms  DeleteObjects: 0.880700 ms)

BURSTRANGE CONTACT L_LowLeg height=-0.2447845 accepted=True 
(Filename: E:\unity\Runtime/Export/Debug/Debug.bindings.h Line: 39)

BURSTRANGE CONTACT R_LowLeg height=-0.02454334 accepted=True 
(Filename: E:\unity\Runtime/Export/Debug/Debug.bindings.h Line: 39)

BURSTRANGE PASS native kick action actually ran Zhao powered=True skills=False 
(Filename: E:\unity\Runtime/Export/Debug/Debug.bindings.h Line: 39)

BURSTRANGE PASS one real contact launch, ordinary shot has none Zhao powered=True launches=1 skills=False 
(Filename: E:\unity\Runtime/Export/Debug/Debug.bindings.h Line: 39)

BURSTRANGE PASS Zhao real contact power speed skills=False vx=-20.4 expected=20.4 
(Filename: E:\unity\Runtime/Export/Debug/Debug.bindings.h Line: 39)

BURSTRANGE PASS Zhao powered shot is driven low even in air vy=-9.201896 
(Filename: E:\unity\Runtime/Export/Debug/Debug.bindings.h Line: 39)

BURSTRANGE PASS shooting keeps the connected skeleton Zhao error=0.1032937 
(Filename: E:\unity\Runtime/Export/Debug/Debug.bindings.h Line: 39)

BURSTRANGE PASS classic power shot requires no special skill component 
(Filename: E:\unity\Runtime/Export/Debug/Debug.bindings.h Line: 39)

Unloading 4 Unused Serialized files (Serialized files now loaded: 0)
UnloadTime: 0.331500 ms

Unloading 3 unused Assets to reduce memory usage. Loaded Objects now: 1060.
Total: 1.347300 ms (FindLiveObjects: 0.049500 ms CreateObjectMapping: 0.010700 ms MarkObjects: 0.329400 ms  DeleteObjects: 0.957300 ms)

BURSTRANGE CONTACT R_LowLeg height=-0.25956 accepted=True 
(Filename: E:\unity\Runtime/Export/Debug/Debug.bindings.h Line: 39)

BURSTRANGE PASS native kick action actually ran Fan powered=False skills=True 
(Filename: E:\unity\Runtime/Export/Debug/Debug.bindings.h Line: 39)

BURSTRANGE PASS one real contact launch, ordinary shot has none Fan powered=False launches=0 skills=True 
(Filename: E:\unity\Runtime/Export/Debug/Debug.bindings.h Line: 39)

BURSTRANGE PASS shooting keeps the connected skeleton Fan error=0.06822187 
(Filename: E:\unity\Runtime/Export/Debug/Debug.bindings.h Line: 39)

Unloading 4 Unused Serialized files (Serialized files now loaded: 0)
UnloadTime: 0.331700 ms

Unloading 3 unused Assets to reduce memory usage. Loaded Objects now: 1060.
Total: 1.167100 ms (FindLiveObjects: 0.047100 ms CreateObjectMapping: 0.010200 ms MarkObjects: 0.264300 ms  DeleteObjects: 0.845000 ms)

BURSTRANGE CONTACT R_LowLeg height=-0.25956 accepted=True 
(Filename: E:\unity\Runtime/Export/Debug/Debug.bindings.h Line: 39)

BURSTRANGE PASS native kick action actually ran Fan powered=True skills=True 
(Filename: E:\unity\Runtime/Export/Debug/Debug.bindings.h Line: 39)

BURSTRANGE PASS one real contact launch, ordinary shot has none Fan powered=True launches=1 skills=True 
(Filename: E:\unity\Runtime/Export/Debug/Debug.bindings.h Line: 39)

BURSTRANGE PASS Fan real collision ball speed +20% ratio=1.2 
(Filename: E:\unity\Runtime/Export/Debug/Debug.bindings.h Line: 39)

BURSTRANGE PASS shooting keeps the connected skeleton Fan error=0.06822187 
(Filename: E:\unity\Runtime/Export/Debug/Debug.bindings.h Line: 39)

Unloading 4 Unused Serialized files (Serialized files now loaded: 0)
UnloadTime: 0.319800 ms

Unloading 3 unused Assets to reduce memory usage. Loaded Objects now: 1060.
Total: 1.250600 ms (FindLiveObjects: 0.061000 ms CreateObjectMapping: 0.018800 ms MarkObjects: 0.235500 ms  DeleteObjects: 0.934500 ms)

BURSTRANGE CONTACT L_LowLeg height=-0.2447845 accepted=True 
(Filename: E:\unity\Runtime/Export/Debug/Debug.bindings.h Line: 39)

BURSTRANGE PASS native kick action actually ran Zhao powered=False skills=True 
(Filename: E:\unity\Runtime/Export/Debug/Debug.bindings.h Line: 39)

BURSTRANGE PASS one real contact launch, ordinary shot has none Zhao powered=False launches=0 skills=True 
(Filename: E:\unity\Runtime/Export/Debug/Debug.bindings.h Line: 39)

BURSTRANGE PASS shooting keeps the connected skeleton Zhao error=0.1032937 
(Filename: E:\unity\Runtime/Export/Debug/Debug.bindings.h Line: 39)

Unloading 4 Unused Serialized files (Serialized files now loaded: 0)
UnloadTime: 0.397500 ms

Unloading 3 unused Assets to reduce memory usage. Loaded Objects now: 1060.
Total: 1.170900 ms (FindLiveObjects: 0.040100 ms CreateObjectMapping: 0.009000 ms MarkObjects: 0.216900 ms  DeleteObjects: 0.904500 ms)

BURSTRANGE CONTACT L_LowLeg height=-0.2446062 accepted=True 
(Filename: E:\unity\Runtime/Export/Debug/Debug.bindings.h Line: 39)

BURSTRANGE CONTACT R_LowLeg height=-0.04640729 accepted=True 
(Filename: E:\unity\Runtime/Export/Debug/Debug.bindings.h Line: 39)

BURSTRANGE PASS native kick action actually ran Zhao powered=True skills=True 
(Filename: E:\unity\Runtime/Export/Debug/Debug.bindings.h Line: 39)

BURSTRANGE PASS one real contact launch, ordinary shot has none Zhao powered=True launches=1 skills=True 
(Filename: E:\unity\Runtime/Export/Debug/Debug.bindings.h Line: 39)

BURSTRANGE PASS Zhao real contact power speed skills=True vx=-22.44 expected=22.44 
(Filename: E:\unity\Runtime/Export/Debug/Debug.bindings.h Line: 39)

BURSTRANGE PASS Zhao powered shot is driven low even in air vy=-9.274949 
(Filename: E:\unity\Runtime/Export/Debug/Debug.bindings.h Line: 39)

BURSTRANGE PASS keypad 0 displays burst skill/highlight 
(Filename: E:\unity\Runtime/Export/Debug/Debug.bindings.h Line: 39)

BURSTRANGE PASS shooting keeps the connected skeleton Zhao error=0.1011824 
(Filename: E:\unity\Runtime/Export/Debug/Debug.bindings.h Line: 39)

Unloading 4 Unused Serialized files (Serialized files now loaded: 0)
UnloadTime: 0.296700 ms

Unloading 3 unused Assets to reduce memory usage. Loaded Objects now: 1060.
Total: 1.125600 ms (FindLiveObjects: 0.035100 ms CreateObjectMapping: 0.008500 ms MarkObjects: 0.193600 ms  DeleteObjects: 0.887800 ms)

BURSTRANGE PASS same curve at 90% speed, spatial sample=0.15 
(Filename: E:\unity\Runtime/Export/Debug/Debug.bindings.h Line: 39)

BURSTRANGE PASS same curve at 90% speed, spatial sample=0.3 
(Filename: E:\unity\Runtime/Export/Debug/Debug.bindings.h Line: 39)

BURSTRANGE PASS same curve at 90% speed, spatial sample=0.45 
(Filename: E:\unity\Runtime/Export/Debug/Debug.bindings.h Line: 39)

BURSTRANGE CONTACT L_Up_Arm height=0.2627715 accepted=False 
(Filename: E:\unity\Runtime/Export/Debug/Debug.bindings.h Line: 39)

BURSTRANGE CONTACT solid=L_Up_Arm 
(Filename: E:\unity\Runtime/Export/Debug/Debug.bindings.h Line: 39)

BURSTRANGE PASS leaf ball physically hits opponent body 
(Filename: E:\unity\Runtime/Export/Debug/Debug.bindings.h Line: 39)

BURSTRANGE PASS leaf ball never tunnels through body 
(Filename: E:\unity\Runtime/Export/Debug/Debug.bindings.h Line: 39)

BURSTRANGE PASS solid collision ends curve drive instead of pushing through 
(Filename: E:\unity\Runtime/Export/Debug/Debug.bindings.h Line: 39)

BURSTRANGE PASS skill ball uses continuous detection 
(Filename: E:\unity\Runtime/Export/Debug/Debug.bindings.h Line: 39)

Unloading 4 Unused Serialized files (Serialized files now loaded: 0)
UnloadTime: 0.307800 ms

Unloading 3 unused Assets to reduce memory usage. Loaded Objects now: 1061.
Total: 1.185600 ms (FindLiveObjects: 0.037600 ms CreateObjectMapping: 0.008300 ms MarkObjects: 0.228700 ms  DeleteObjects: 0.910700 ms)

BURSTRANGE PASS emergency retreat keeps moving at real speed=4.080997 
(Filename: E:\unity\Runtime/Export/Debug/Debug.bindings.h Line: 39)

BURSTRANGE PASS emergency retreat remains balanced deviation=10.34421 
(Filename: E:\unity\Runtime/Export/Debug/Debug.bindings.h Line: 39)

BURSTRANGE PASS retreat limbs remain joined error=0.06074309 
(Filename: E:\unity\Runtime/Export/Debug/Debug.bindings.h Line: 39)

Unloading 4 Unused Serialized files (Serialized files now loaded: 0)
UnloadTime: 0.403300 ms

Unloading 2 unused Assets to reduce memory usage. Loaded Objects now: 1061.
Total: 1.221900 ms (FindLiveObjects: 0.049200 ms CreateObjectMapping: 0.016200 ms MarkObjects: 0.220800 ms  DeleteObjects: 0.935300 ms)

BURSTRANGE PASS stronger tackle uses real body contact air=False 
(Filename: E:\unity\Runtime/Export/Debug/Debug.bindings.h Line: 39)

BURSTRANGE PASS 30% stronger impact keeps skeleton joined error=0.06769521 
(Filename: E:\unity\Runtime/Export/Debug/Debug.bindings.h Line: 39)

BURSTRANGE PASS impact does not fold Fan body angle=39.07717 
(Filename: E:\unity\Runtime/Export/Debug/Debug.bindings.h Line: 39)

BURSTRANGE PASS balance recovers promptly after impact 
(Filename: E:\unity\Runtime/Export/Debug/Debug.bindings.h Line: 39)

Unloading 4 Unused Serialized files (Serialized files now loaded: 0)
UnloadTime: 0.320600 ms

Unloading 2 unused Assets to reduce memory usage. Loaded Objects now: 1061.
Total: 1.191600 ms (FindLiveObjects: 0.038900 ms CreateObjectMapping: 0.008100 ms MarkObjects: 0.200200 ms  DeleteObjects: 0.943900 ms)

BURSTRANGE PASS stronger tackle uses real body contact air=True 
(Filename: E:\unity\Runtime/Export/Debug/Debug.bindings.h Line: 39)

BURSTRANGE PASS 30% stronger impact keeps skeleton joined error=0.1715361 
(Filename: E:\unity\Runtime/Export/Debug/Debug.bindings.h Line: 39)

BURSTRANGE PASS impact does not fold Fan body angle=36.56598 
(Filename: E:\unity\Runtime/Export/Debug/Debug.bindings.h Line: 39)

BURSTRANGE PASS balance recovers promptly after impact 
(Filename: E:\unity\Runtime/Export/Debug/Debug.bindings.h Line: 39)

BURSTRANGE PASS tackle strength +30%, duration unchanged 
(Filename: E:\unity\Runtime/Export/Debug/Debug.bindings.h Line: 39)

Unloading 4 Unused Serialized files (Serialized files now loaded: 0)
UnloadTime: 0.317400 ms

Unloading 2 unused Assets to reduce memory usage. Loaded Objects now: 1061.
Total: 1.285500 ms (FindLiveObjects: 0.061600 ms CreateObjectMapping: 0.011900 ms MarkObjects: 0.266500 ms  DeleteObjects: 0.944900 ms)

BURSTRANGE PASS same Fan/Zhao contact region L_LowLeg height=-0.49 normal=(-1.0, 0.0) 
(Filename: E:\unity\Runtime/Export/Debug/Debug.bindings.h Line: 39)

BURSTRANGE PASS same Fan/Zhao contact region L_LowLeg height=-0.49 normal=(1.0, 0.0) 
(Filename: E:\unity\Runtime/Export/Debug/Debug.bindings.h Line: 39)

BURSTRANGE PASS same Fan/Zhao contact region L_LowLeg height=-0.49 normal=(0.0, -1.0) 
(Filename: E:\unity\Runtime/Export/Debug/Debug.bindings.h Line: 39)

BURSTRANGE PASS same Fan/Zhao contact region L_LowLeg height=-0.49 normal=(0.4, -0.9) 
(Filename: E:\unity\Runtime/Export/Debug/Debug.bindings.h Line: 39)

BURSTRANGE PASS same Fan/Zhao contact region L_LowLeg height=-0.45 normal=(-1.0, 0.0) 
(Filename: E:\unity\Runtime/Export/Debug/Debug.bindings.h Line: 39)

BURSTRANGE PASS same Fan/Zhao contact region L_LowLeg height=-0.45 normal=(1.0, 0.0) 
(Filename: E:\unity\Runtime/Export/Debug/Debug.bindings.h Line: 39)

BURSTRANGE PASS same Fan/Zhao contact region L_LowLeg height=-0.45 normal=(0.0, -1.0) 
(Filename: E:\unity\Runtime/Export/Debug/Debug.bindings.h Line: 39)

BURSTRANGE PASS same Fan/Zhao contact region L_LowLeg height=-0.45 normal=(0.4, -0.9) 
(Filename: E:\unity\Runtime/Export/Debug/Debug.bindings.h Line: 39)

BURSTRANGE PASS same Fan/Zhao contact region L_LowLeg height=-0.3 normal=(-1.0, 0.0) 
(Filename: E:\unity\Runtime/Export/Debug/Debug.bindings.h Line: 39)

BURSTRANGE PASS same Fan/Zhao contact region L_LowLeg height=-0.3 normal=(1.0, 0.0) 
(Filename: E:\unity\Runtime/Export/Debug/Debug.bindings.h Line: 39)

BURSTRANGE PASS same Fan/Zhao contact region L_LowLeg height=-0.3 normal=(0.0, -1.0) 
(Filename: E:\unity\Runtime/Export/Debug/Debug.bindings.h Line: 39)

BURSTRANGE PASS same Fan/Zhao contact region L_LowLeg height=-0.3 normal=(0.4, -0.9) 
(Filename: E:\unity\Runtime/Export/Debug/Debug.bindings.h Line: 39)

BURSTRANGE PASS same Fan/Zhao contact region L_LowLeg height=0 normal=(-1.0, 0.0) 
(Filename: E:\unity\Runtime/Export/Debug/Debug.bindings.h Line: 39)

BURSTRANGE PASS same Fan/Zhao contact region L_LowLeg height=0 normal=(1.0, 0.0) 
(Filename: E:\unity\Runtime/Export/Debug/Debug.bindings.h Line: 39)

BURSTRANGE PASS same Fan/Zhao contact region L_LowLeg height=0 normal=(0.0, -1.0) 
(Filename: E:\unity\Runtime/Export/Debug/Debug.bindings.h Line: 39)

BURSTRANGE PASS same Fan/Zhao contact region L_LowLeg height=0 normal=(0.4, -0.9) 
(Filename: E:\unity\Runtime/Export/Debug/Debug.bindings.h Line: 39)

BURSTRANGE PASS same Fan/Zhao contact region L_LowLeg height=0.19 normal=(-1.0, 0.0) 
(Filename: E:\unity\Runtime/Export/Debug/Debug.bindings.h Line: 39)

BURSTRANGE PASS same Fan/Zhao contact region L_LowLeg height=0.19 normal=(1.0, 0.0) 
(Filename: E:\unity\Runtime/Export/Debug/Debug.bindings.h Line: 39)

BURSTRANGE PASS same Fan/Zhao contact region L_LowLeg height=0.19 normal=(0.0, -1.0) 
(Filename: E:\unity\Runtime/Export/Debug/Debug.bindings.h Line: 39)

BURSTRANGE PASS same Fan/Zhao contact region L_LowLeg height=0.19 normal=(0.4, -0.9) 
(Filename: E:\unity\Runtime/Export/Debug/Debug.bindings.h Line: 39)

BURSTRANGE PASS same Fan/Zhao contact region L_LowLeg height=0.3 normal=(-1.0, 0.0) 
(Filename: E:\unity\Runtime/Export/Debug/Debug.bindings.h Line: 39)

BURSTRANGE PASS same Fan/Zhao contact region L_LowLeg height=0.3 normal=(1.0, 0.0) 
(Filename: E:\unity\Runtime/Export/Debug/Debug.bindings.h Line: 39)

BURSTRANGE PASS same Fan/Zhao contact region L_LowLeg height=0.3 normal=(0.0, -1.0) 
(Filename: E:\unity\Runtime/Export/Debug/Debug.bindings.h Line: 39)

BURSTRANGE PASS same Fan/Zhao contact region L_LowLeg height=0.3 normal=(0.4, -0.9) 
(Filename: E:\unity\Runtime/Export/Debug/Debug.bindings.h Line: 39)

BURSTRANGE PASS same Fan/Zhao contact region L_LowLeg height=0.45 normal=(-1.0, 0.0) 
(Filename: E:\unity\Runtime/Export/Debug/Debug.bindings.h Line: 39)

BURSTRANGE PASS same Fan/Zhao contact region L_LowLeg height=0.45 normal=(1.0, 0.0) 
(Filename: E:\unity\Runtime/Export/Debug/Debug.bindings.h Line: 39)

BURSTRANGE PASS same Fan/Zhao contact region L_LowLeg height=0.45 normal=(0.0, -1.0) 
(Filename: E:\unity\Runtime/Export/Debug/Debug.bindings.h Line: 39)

BURSTRANGE PASS same Fan/Zhao contact region L_LowLeg height=0.45 normal=(0.4, -0.9) 
(Filename: E:\unity\Runtime/Export/Debug/Debug.bindings.h Line: 39)

BURSTRANGE PASS same Fan/Zhao contact region L_LowLeg height=0.49 normal=(-1.0, 0.0) 
(Filename: E:\unity\Runtime/Export/Debug/Debug.bindings.h Line: 39)

BURSTRANGE PASS same Fan/Zhao contact region L_LowLeg height=0.49 normal=(1.0, 0.0) 
(Filename: E:\unity\Runtime/Export/Debug/Debug.bindings.h Line: 39)

BURSTRANGE PASS same Fan/Zhao contact region L_LowLeg height=0.49 normal=(0.0, -1.0) 
(Filename: E:\unity\Runtime/Export/Debug/Debug.bindings.h Line: 39)

BURSTRANGE PASS same Fan/Zhao contact region L_LowLeg height=0.49 normal=(0.4, -0.9) 
(Filename: E:\unity\Runtime/Export/Debug/Debug.bindings.h Line: 39)

BURSTRANGE PASS expanded shin accepted L_LowLeg 
(Filename: E:\unity\Runtime/Export/Debug/Debug.bindings.h Line: 39)

BURSTRANGE PASS classic shin range unchanged L_LowLeg 
(Filename: E:\unity\Runtime/Export/Debug/Debug.bindings.h Line: 39)

BURSTRANGE PASS same Fan/Zhao contact region R_LowLeg height=-0.49 normal=(-1.0, 0.0) 
(Filename: E:\unity\Runtime/Export/Debug/Debug.bindings.h Line: 39)

BURSTRANGE PASS same Fan/Zhao contact region R_LowLeg height=-0.49 normal=(1.0, 0.0) 
(Filename: E:\unity\Runtime/Export/Debug/Debug.bindings.h Line: 39)

BURSTRANGE PASS same Fan/Zhao contact region R_LowLeg height=-0.49 normal=(0.0, -1.0) 
(Filename: E:\unity\Runtime/Export/Debug/Debug.bindings.h Line: 39)

BURSTRANGE PASS same Fan/Zhao contact region R_LowLeg height=-0.49 normal=(0.4, -0.9) 
(Filename: E:\unity\Runtime/Export/Debug/Debug.bindings.h Line: 39)

BURSTRANGE PASS same Fan/Zhao contact region R_LowLeg height=-0.45 normal=(-1.0, 0.0) 
(Filename: E:\unity\Runtime/Export/Debug/Debug.bindings.h Line: 39)

BURSTRANGE PASS same Fan/Zhao contact region R_LowLeg height=-0.45 normal=(1.0, 0.0) 
(Filename: E:\unity\Runtime/Export/Debug/Debug.bindings.h Line: 39)

BURSTRANGE PASS same Fan/Zhao contact region R_LowLeg height=-0.45 normal=(0.0, -1.0) 
(Filename: E:\unity\Runtime/Export/Debug/Debug.bindings.h Line: 39)

BURSTRANGE PASS same Fan/Zhao contact region R_LowLeg height=-0.45 normal=(0.4, -0.9) 
(Filename: E:\unity\Runtime/Export/Debug/Debug.bindings.h Line: 39)

BURSTRANGE PASS same Fan/Zhao contact region R_LowLeg height=-0.3 normal=(-1.0, 0.0) 
(Filename: E:\unity\Runtime/Export/Debug/Debug.bindings.h Line: 39)

BURSTRANGE PASS same Fan/Zhao contact region R_LowLeg height=-0.3 normal=(1.0, 0.0) 
(Filename: E:\unity\Runtime/Export/Debug/Debug.bindings.h Line: 39)

BURSTRANGE PASS same Fan/Zhao contact region R_LowLeg height=-0.3 normal=(0.0, -1.0) 
(Filename: E:\unity\Runtime/Export/Debug/Debug.bindings.h Line: 39)

BURSTRANGE PASS same Fan/Zhao contact region R_LowLeg height=-0.3 normal=(0.4, -0.9) 
(Filename: E:\unity\Runtime/Export/Debug/Debug.bindings.h Line: 39)

BURSTRANGE PASS same Fan/Zhao contact region R_LowLeg height=0 normal=(-1.0, 0.0) 
(Filename: E:\unity\Runtime/Export/Debug/Debug.bindings.h Line: 39)

BURSTRANGE PASS same Fan/Zhao contact region R_LowLeg height=0 normal=(1.0, 0.0) 
(Filename: E:\unity\Runtime/Export/Debug/Debug.bindings.h Line: 39)

BURSTRANGE PASS same Fan/Zhao contact region R_LowLeg height=0 normal=(0.0, -1.0) 
(Filename: E:\unity\Runtime/Export/Debug/Debug.bindings.h Line: 39)

BURSTRANGE PASS same Fan/Zhao contact region R_LowLeg height=0 normal=(0.4, -0.9) 
(Filename: E:\unity\Runtime/Export/Debug/Debug.bindings.h Line: 39)

BURSTRANGE PASS same Fan/Zhao contact region R_LowLeg height=0.19 normal=(-1.0, 0.0) 
(Filename: E:\unity\Runtime/Export/Debug/Debug.bindings.h Line: 39)

BURSTRANGE PASS same Fan/Zhao contact region R_LowLeg height=0.19 normal=(1.0, 0.0) 
(Filename: E:\unity\Runtime/Export/Debug/Debug.bindings.h Line: 39)

BURSTRANGE PASS same Fan/Zhao contact region R_LowLeg height=0.19 normal=(0.0, -1.0) 
(Filename: E:\unity\Runtime/Export/Debug/Debug.bindings.h Line: 39)

BURSTRANGE PASS same Fan/Zhao contact region R_LowLeg height=0.19 normal=(0.4, -0.9) 
(Filename: E:\unity\Runtime/Export/Debug/Debug.bindings.h Line: 39)

BURSTRANGE PASS same Fan/Zhao contact region R_LowLeg height=0.3 normal=(-1.0, 0.0) 
(Filename: E:\unity\Runtime/Export/Debug/Debug.bindings.h Line: 39)

BURSTRANGE PASS same Fan/Zhao contact region R_LowLeg height=0.3 normal=(1.0, 0.0) 
(Filename: E:\unity\Runtime/Export/Debug/Debug.bindings.h Line: 39)

BURSTRANGE PASS same Fan/Zhao contact region R_LowLeg height=0.3 normal=(0.0, -1.0) 
(Filename: E:\unity\Runtime/Export/Debug/Debug.bindings.h Line: 39)

BURSTRANGE PASS same Fan/Zhao contact region R_LowLeg height=0.3 normal=(0.4, -0.9) 
(Filename: E:\unity\Runtime/Export/Debug/Debug.bindings.h Line: 39)

BURSTRANGE PASS same Fan/Zhao contact region R_LowLeg height=0.45 normal=(-1.0, 0.0) 
(Filename: E:\unity\Runtime/Export/Debug/Debug.bindings.h Line: 39)

BURSTRANGE PASS same Fan/Zhao contact region R_LowLeg height=0.45 normal=(1.0, 0.0) 
(Filename: E:\unity\Runtime/Export/Debug/Debug.bindings.h Line: 39)

BURSTRANGE PASS same Fan/Zhao contact region R_LowLeg height=0.45 normal=(0.0, -1.0) 
(Filename: E:\unity\Runtime/Export/Debug/Debug.bindings.h Line: 39)

BURSTRANGE PASS same Fan/Zhao contact region R_LowLeg height=0.45 normal=(0.4, -0.9) 
(Filename: E:\unity\Runtime/Export/Debug/Debug.bindings.h Line: 39)

BURSTRANGE PASS same Fan/Zhao contact region R_LowLeg height=0.49 normal=(-1.0, 0.0) 
(Filename: E:\unity\Runtime/Export/Debug/Debug.bindings.h Line: 39)

BURSTRANGE PASS same Fan/Zhao contact region R_LowLeg height=0.49 normal=(1.0, 0.0) 
(Filename: E:\unity\Runtime/Export/Debug/Debug.bindings.h Line: 39)

BURSTRANGE PASS same Fan/Zhao contact region R_LowLeg height=0.49 normal=(0.0, -1.0) 
(Filename: E:\unity\Runtime/Export/Debug/Debug.bindings.h Line: 39)

BURSTRANGE PASS same Fan/Zhao contact region R_LowLeg height=0.49 normal=(0.4, -0.9) 
(Filename: E:\unity\Runtime/Export/Debug/Debug.bindings.h Line: 39)

BURSTRANGE PASS expanded shin accepted R_LowLeg 
(Filename: E:\unity\Runtime/Export/Debug/Debug.bindings.h Line: 39)

BURSTRANGE PASS classic shin range unchanged R_LowLeg 
(Filename: E:\unity\Runtime/Export/Debug/Debug.bindings.h Line: 39)

BURSTRANGE PASS reject body/head/thigh Body 
(Filename: E:\unity\Runtime/Export/Debug/Debug.bindings.h Line: 39)

BURSTRANGE PASS reject body/head/thigh Head 
(Filename: E:\unity\Runtime/Export/Debug/Debug.bindings.h Line: 39)

BURSTRANGE PASS reject body/head/thigh L_Up_Leg 
(Filename: E:\unity\Runtime/Export/Debug/Debug.bindings.h Line: 39)

BURSTRANGE PASS reject body/head/thigh R_Up_Leg 
(Filename: E:\unity\Runtime/Export/Debug/Debug.bindings.h Line: 39)

BURSTRANGE PASS independent instep accepted 
(Filename: E:\unity\Runtime/Export/Debug/Debug.bindings.h Line: 39)

BURSTRANGE PASS independent sole rejected 
(Filename: E:\unity\Runtime/Export/Debug/Debug.bindings.h Line: 39)

BURSTRANGE PASS classic independent foot unchanged 
(Filename: E:\unity\Runtime/Export/Debug/Debug.bindings.h Line: 39)

BURSTRANGE PASS opponent limb cannot trigger skill 
(Filename: E:\unity\Runtime/Export/Debug/Debug.bindings.h Line: 39)

Unloading 4 Unused Serialized files (Serialized files now loaded: 0)
UnloadTime: 0.304100 ms

Unloading 2 unused Assets to reduce memory usage. Loaded Objects now: 1061.
Total: 1.099800 ms (FindLiveObjects: 0.053300 ms CreateObjectMapping: 0.009700 ms MarkObjects: 0.213200 ms  DeleteObjects: 0.823100 ms)

BURSTRANGE PASS expanded collision uses keypad 0 native kick skills=False 
(Filename: E:\unity\Runtime/Export/Debug/Debug.bindings.h Line: 39)

BURSTRANGE CONTACT L_Up_Leg height=-0.5029329 accepted=False 
(Filename: E:\unity\Runtime/Export/Debug/Debug.bindings.h Line: 39)

BURSTRANGE CONTACT L_LowLeg height=0.3399998 accepted=True 
(Filename: E:\unity\Runtime/Export/Debug/Debug.bindings.h Line: 39)

BURSTRANGE PASS real collision in newly eligible shin band skills=False 
(Filename: E:\unity\Runtime/Export/Debug/Debug.bindings.h Line: 39)

BURSTRANGE PASS upper shin activates only burst, once skills=False launches=0 
(Filename: E:\unity\Runtime/Export/Debug/Debug.bindings.h Line: 39)

Unloading 4 Unused Serialized files (Serialized files now loaded: 0)
UnloadTime: 0.283200 ms

Unloading 3 unused Assets to reduce memory usage. Loaded Objects now: 1061.
Total: 1.260600 ms (FindLiveObjects: 0.071300 ms CreateObjectMapping: 0.010300 ms MarkObjects: 0.219400 ms  DeleteObjects: 0.958900 ms)

BURSTRANGE PASS expanded collision uses keypad 0 native kick skills=True 
(Filename: E:\unity\Runtime/Export/Debug/Debug.bindings.h Line: 39)

BURSTRANGE CONTACT L_Up_Leg height=-0.5029329 accepted=False 
(Filename: E:\unity\Runtime/Export/Debug/Debug.bindings.h Line: 39)

BURSTRANGE CONTACT L_LowLeg height=0.3400004 accepted=True 
(Filename: E:\unity\Runtime/Export/Debug/Debug.bindings.h Line: 39)

BURSTRANGE PASS real collision in newly eligible shin band skills=True 
(Filename: E:\unity\Runtime/Export/Debug/Debug.bindings.h Line: 39)

BURSTRANGE PASS upper shin activates only burst, once skills=True launches=1 
(Filename: E:\unity\Runtime/Export/Debug/Debug.bindings.h Line: 39)

BURSTRANGE PASS expanded contact keeps burst speed 
(Filename: E:\unity\Runtime/Export/Debug/Debug.bindings.h Line: 39)

BURSTRANGE PASS expanded airborne contact keeps low flight 
(Filename: E:\unity\Runtime/Export/Debug/Debug.bindings.h Line: 39)

BURSTRANGE PASS expanded contact shows burst highlight 
(Filename: E:\unity\Runtime/Export/Debug/Debug.bindings.h Line: 39)

Unloading 4 Unused Serialized files (Serialized files now loaded: 0)
UnloadTime: 0.303600 ms

Unloading 3 unused Assets to reduce memory usage. Loaded Objects now: 1061.
Total: 1.239200 ms (FindLiveObjects: 0.047700 ms CreateObjectMapping: 0.009800 ms MarkObjects: 0.264000 ms  DeleteObjects: 0.917000 ms)

BURSTRANGE PASS expanded range still requires powered instruction 
(Filename: E:\unity\Runtime/Export/Debug/Debug.bindings.h Line: 39)

BURSTRANGE PASS behind player cannot launch 
(Filename: E:\unity\Runtime/Export/Debug/Debug.bindings.h Line: 39)

BURSTRANGE PASS contest cannot launch expanded skill 
(Filename: E:\unity\Runtime/Export/Debug/Debug.bindings.h Line: 39)

BURSTRANGE PASS powered sole contact still rejected 
(Filename: E:\unity\Runtime/Export/Debug/Debug.bindings.h Line: 39)

BURSTRANGE PASS expired contact window rejected 
(Filename: E:\unity\Runtime/Export/Debug/Debug.bindings.h Line: 39)

BURSTRANGE COMPLETE checks=149 failures=0 
(Filename: E:\unity\Runtime/Export/Debug/Debug.bindings.h Line: 39)

Setting up 12 worker threads for Enlighten.
  Thread -> id: 6ed0 -> priority: 1 
  Thread -> id: 9fb0 -> priority: 1 
  Thread -> id: 3a9c -> priority: 1 
  Thread -> id: 9d7c -> priority: 1 
  Thread -> id: 6f8c -> priority: 1 
  Thread -> id: a0d4 -> priority: 1 
  Thread -> id: 4344 -> priority: 1 
  Thread -> id: 65e0 -> priority: 1 
  Thread -> id: 5628 -> priority: 1 
  Thread -> id: 82b4 -> priority: 1 
  Thread -> id: 5828 -> priority: 1 
  Thread -> id: 6c68 -> priority: 1 
