Process is running in low integrity mode...
Mono path[0] = 'C:/Users/Alienware/Desktop/范志毅VS赵鹏/范志毅VS赵鹏 PC双人版（32位）/鑼冨織姣匳S璧甸箯 PC鍙屼汉鐗堬紙32浣嶏級/AI Mod Source/build/corner-drop-test-player-original/FanZhiYi_Data/Managed'
Mono config path = 'C:/Users/Alienware/Desktop/范志毅VS赵鹏/范志毅VS赵鹏 PC双人版（32位）/鑼冨織姣匳S璧甸箯 PC鍙屼汉鐗堬紙32浣嶏級/AI Mod Source/build/corner-drop-test-player-original/MonoBleedingEdge/etc'
AS: AutoStreaming module initializing.Initialize engine version: 2019.4.33f1c1 (c2f94a8bebb3)
[Subsystems] Discovering subsystems at path C:/Users/Alienware/Desktop/范志毅VS赵鹏/范志毅VS赵鹏 PC双人版（32位）/鑼冨織姣匳S璧甸箯 PC鍙屼汉鐗堬紙32浣嶏級/AI Mod Source/build/corner-drop-test-player-original/FanZhiYi_Data/UnitySubsystems
GfxDevice: creating device client; threaded=1
Direct3D:
    Version:  Direct3D 11.0 [level 11.1]
    Renderer: NVIDIA GeForce RTX 5070 Laptop GPU (ID=0x2d58)
    Vendor:   (null)
    VRAM:     3072 MB
Begin MonoManager ReloadAssembly
- Completed reload, in  0.113 seconds
<RI> Initializing input.
<RI> Input initialized.
<RI> Initialized touch support.
UnloadTime: 0.510500 ms
Curl error 7: Failed to connect to 127.0.0.1 port 7897: Bad access
 
(Filename:  Line: 867)

Curl error 7: Failed to connect to 127.0.0.1 port 7897: Bad access
 
(Filename:  Line: 867)

Curl error 7: Failed to connect to 127.0.0.1 port 7897: Bad access
 
(Filename:  Line: 867)

Curl error 7: Failed to connect to 127.0.0.1 port 7897: Bad access
 
(Filename:  Line: 867)

Unloading 5 Unused Serialized files (Serialized files now loaded: 0)
UnloadTime: 0.166500 ms

Unloading 143 unused Assets to reduce memory usage. Loaded Objects now: 1010.
Total: 0.466800 ms (FindLiveObjects: 0.029500 ms CreateObjectMapping: 0.008800 ms MarkObjects: 0.155100 ms  DeleteObjects: 0.273200 ms)

BOUNDARY PASS native Ball.Start attaches guard; skills=False 
(Filename: E:\unity\Runtime/Export/Debug/Debug.bindings.h Line: 39)

BOUNDARY PASS fresh rally is clear; skills=False 
(Filename: E:\unity\Runtime/Export/Debug/Debug.bindings.h Line: 39)

BOUNDARY ROOF offset=-0.2 point=(-5.9, 2.7) normal=(0.8, -0.6) shape=GameObject (1) 
(Filename: E:\unity\Runtime/Export/Debug/Debug.bindings.h Line: 39)

BOUNDARY ROOF offset=0 point=(-6.1, 2.5) normal=(0.8, -0.6) shape=GameObject (1) 
(Filename: E:\unity\Runtime/Export/Debug/Debug.bindings.h Line: 39)

BOUNDARY ROOF offset=0.2 point=(-6.3, 2.2) normal=(0.8, -0.6) shape=GameObject (1) 
(Filename: E:\unity\Runtime/Export/Debug/Debug.bindings.h Line: 39)

BOUNDARY ROOF offset=0.4 point=(-6.5, 1.9) normal=(0.8, -0.6) shape=GameObject (1) 
(Filename: E:\unity\Runtime/Export/Debug/Debug.bindings.h Line: 39)

BOUNDARY CEILING upper corner skills=False side=-1 speed=8 descending=False physical=2.441599 trigger=2.523735 
(Filename: E:\unity\Runtime/Export/Debug/Debug.bindings.h Line: 39)

BOUNDARY PASS upper corner skills=False side=-1 speed=8 descending=False measures physical bar in current edition 
(Filename: E:\unity\Runtime/Export/Debug/Debug.bindings.h Line: 39)

BOUNDARY CORNER upper corner skills=False side=-1 speed=8 descending=False ball=(-5.5, 0.7) velocity=(2.1, -5.6) score=1 out=False 
(Filename: E:\unity\Runtime/Export/Debug/Debug.bindings.h Line: 39)

BOUNDARY PASS upper corner skills=False side=-1 speed=8 descending=False real flight scores exactly once 
(Filename: E:\unity\Runtime/Export/Debug/Debug.bindings.h Line: 39)

BOUNDARY PASS upper corner skills=False side=-1 speed=8 descending=False is not mistaken for out 
(Filename: E:\unity\Runtime/Export/Debug/Debug.bindings.h Line: 39)

Curl error 7: Failed to connect to 127.0.0.1 port 7897: Bad access
 
(Filename:  Line: 867)

BOUNDARY PASS upper corner skills=False side=-1 speed=8 descending=False restarts without duplicate score 
(Filename: E:\unity\Runtime/Export/Debug/Debug.bindings.h Line: 39)

Unloading 4 Unused Serialized files (Serialized files now loaded: 0)
UnloadTime: 0.376000 ms

Unloading 39 unused Assets to reduce memory usage. Loaded Objects now: 1052.
Total: 1.341500 ms (FindLiveObjects: 0.099300 ms CreateObjectMapping: 0.009200 ms MarkObjects: 0.184500 ms  DeleteObjects: 1.048100 ms)

BOUNDARY PASS native Ball.Start attaches guard; skills=False 
(Filename: E:\unity\Runtime/Export/Debug/Debug.bindings.h Line: 39)

BOUNDARY PASS fresh rally is clear; skills=False 
(Filename: E:\unity\Runtime/Export/Debug/Debug.bindings.h Line: 39)

BOUNDARY ROOF offset=-0.2 point=(5.9, 2.7) normal=(-0.8, -0.6) shape=GameObject (1) 
(Filename: E:\unity\Runtime/Export/Debug/Debug.bindings.h Line: 39)

BOUNDARY ROOF offset=0 point=(6.1, 2.5) normal=(-0.8, -0.6) shape=GameObject (1) 
(Filename: E:\unity\Runtime/Export/Debug/Debug.bindings.h Line: 39)

BOUNDARY ROOF offset=0.2 point=(6.3, 2.2) normal=(-0.8, -0.6) shape=GameObject (1) 
(Filename: E:\unity\Runtime/Export/Debug/Debug.bindings.h Line: 39)

BOUNDARY ROOF offset=0.4 point=(6.5, 1.9) normal=(-0.8, -0.6) shape=GameObject (1) 
(Filename: E:\unity\Runtime/Export/Debug/Debug.bindings.h Line: 39)

BOUNDARY CEILING upper corner skills=False side=1 speed=8 descending=False physical=2.441599 trigger=2.523735 
(Filename: E:\unity\Runtime/Export/Debug/Debug.bindings.h Line: 39)

BOUNDARY PASS upper corner skills=False side=1 speed=8 descending=False measures physical bar in current edition 
(Filename: E:\unity\Runtime/Export/Debug/Debug.bindings.h Line: 39)

BOUNDARY CORNER upper corner skills=False side=1 speed=8 descending=False ball=(5.5, 0.7) velocity=(-2.1, -5.6) score=1 out=False 
(Filename: E:\unity\Runtime/Export/Debug/Debug.bindings.h Line: 39)

BOUNDARY PASS upper corner skills=False side=1 speed=8 descending=False real flight scores exactly once 
(Filename: E:\unity\Runtime/Export/Debug/Debug.bindings.h Line: 39)

BOUNDARY PASS upper corner skills=False side=1 speed=8 descending=False is not mistaken for out 
(Filename: E:\unity\Runtime/Export/Debug/Debug.bindings.h Line: 39)

BOUNDARY PASS upper corner skills=False side=1 speed=8 descending=False restarts without duplicate score 
(Filename: E:\unity\Runtime/Export/Debug/Debug.bindings.h Line: 39)

Unloading 4 Unused Serialized files (Serialized files now loaded: 0)
UnloadTime: 0.243000 ms

Unloading 4 unused Assets to reduce memory usage. Loaded Objects now: 1052.
Total: 1.213700 ms (FindLiveObjects: 0.052300 ms CreateObjectMapping: 0.008400 ms MarkObjects: 0.182800 ms  DeleteObjects: 0.969900 ms)

BOUNDARY PASS native Ball.Start attaches guard; skills=True 
(Filename: E:\unity\Runtime/Export/Debug/Debug.bindings.h Line: 39)

BOUNDARY PASS fresh rally is clear; skills=True 
(Filename: E:\unity\Runtime/Export/Debug/Debug.bindings.h Line: 39)

BOUNDARY ROOF offset=-0.2 point=(-5.9, 2.7) normal=(0.8, -0.6) shape=GameObject (1) 
(Filename: E:\unity\Runtime/Export/Debug/Debug.bindings.h Line: 39)

BOUNDARY ROOF offset=0 point=(-6.1, 2.5) normal=(0.8, -0.6) shape=GameObject (1) 
(Filename: E:\unity\Runtime/Export/Debug/Debug.bindings.h Line: 39)

BOUNDARY ROOF offset=0.2 point=(-6.3, 2.2) normal=(0.8, -0.6) shape=GameObject (1) 
(Filename: E:\unity\Runtime/Export/Debug/Debug.bindings.h Line: 39)

BOUNDARY ROOF offset=0.4 point=(-6.5, 1.9) normal=(0.8, -0.6) shape=GameObject (1) 
(Filename: E:\unity\Runtime/Export/Debug/Debug.bindings.h Line: 39)

BOUNDARY CEILING upper corner skills=True side=-1 speed=8 descending=False physical=2.441599 trigger=2.523735 
(Filename: E:\unity\Runtime/Export/Debug/Debug.bindings.h Line: 39)

BOUNDARY PASS upper corner skills=True side=-1 speed=8 descending=False measures physical bar in current edition 
(Filename: E:\unity\Runtime/Export/Debug/Debug.bindings.h Line: 39)

BOUNDARY CORNER upper corner skills=True side=-1 speed=8 descending=False ball=(-5.5, 0.7) velocity=(2.1, -5.6) score=1 out=False 
(Filename: E:\unity\Runtime/Export/Debug/Debug.bindings.h Line: 39)

BOUNDARY PASS upper corner skills=True side=-1 speed=8 descending=False real flight scores exactly once 
(Filename: E:\unity\Runtime/Export/Debug/Debug.bindings.h Line: 39)

BOUNDARY PASS upper corner skills=True side=-1 speed=8 descending=False is not mistaken for out 
(Filename: E:\unity\Runtime/Export/Debug/Debug.bindings.h Line: 39)

BOUNDARY PASS upper corner skills=True side=-1 speed=8 descending=False restarts without duplicate score 
(Filename: E:\unity\Runtime/Export/Debug/Debug.bindings.h Line: 39)

Unloading 4 Unused Serialized files (Serialized files now loaded: 0)
UnloadTime: 0.712600 ms

Unloading 4 unused Assets to reduce memory usage. Loaded Objects now: 1058.
Total: 1.153600 ms (FindLiveObjects: 0.047500 ms CreateObjectMapping: 0.015900 ms MarkObjects: 0.168300 ms  DeleteObjects: 0.921500 ms)

BOUNDARY PASS native Ball.Start attaches guard; skills=True 
(Filename: E:\unity\Runtime/Export/Debug/Debug.bindings.h Line: 39)

BOUNDARY PASS fresh rally is clear; skills=True 
(Filename: E:\unity\Runtime/Export/Debug/Debug.bindings.h Line: 39)

BOUNDARY ROOF offset=-0.2 point=(5.9, 2.7) normal=(-0.8, -0.6) shape=GameObject (1) 
(Filename: E:\unity\Runtime/Export/Debug/Debug.bindings.h Line: 39)

BOUNDARY ROOF offset=0 point=(6.1, 2.5) normal=(-0.8, -0.6) shape=GameObject (1) 
(Filename: E:\unity\Runtime/Export/Debug/Debug.bindings.h Line: 39)

BOUNDARY ROOF offset=0.2 point=(6.3, 2.2) normal=(-0.8, -0.6) shape=GameObject (1) 
(Filename: E:\unity\Runtime/Export/Debug/Debug.bindings.h Line: 39)

BOUNDARY ROOF offset=0.4 point=(6.5, 1.9) normal=(-0.8, -0.6) shape=GameObject (1) 
(Filename: E:\unity\Runtime/Export/Debug/Debug.bindings.h Line: 39)

BOUNDARY CEILING upper corner skills=True side=1 speed=8 descending=False physical=2.441599 trigger=2.523735 
(Filename: E:\unity\Runtime/Export/Debug/Debug.bindings.h Line: 39)

BOUNDARY PASS upper corner skills=True side=1 speed=8 descending=False measures physical bar in current edition 
(Filename: E:\unity\Runtime/Export/Debug/Debug.bindings.h Line: 39)

BOUNDARY CORNER upper corner skills=True side=1 speed=8 descending=False ball=(5.5, 0.7) velocity=(-2.1, -5.6) score=1 out=False 
(Filename: E:\unity\Runtime/Export/Debug/Debug.bindings.h Line: 39)

BOUNDARY PASS upper corner skills=True side=1 speed=8 descending=False real flight scores exactly once 
(Filename: E:\unity\Runtime/Export/Debug/Debug.bindings.h Line: 39)

BOUNDARY PASS upper corner skills=True side=1 speed=8 descending=False is not mistaken for out 
(Filename: E:\unity\Runtime/Export/Debug/Debug.bindings.h Line: 39)

BOUNDARY PASS upper corner skills=True side=1 speed=8 descending=False restarts without duplicate score 
(Filename: E:\unity\Runtime/Export/Debug/Debug.bindings.h Line: 39)

BOUNDARY COMPLETE checks=24 failures=0 
(Filename: E:\unity\Runtime/Export/Debug/Debug.bindings.h Line: 39)

Setting up 12 worker threads for Enlighten.
  Thread -> id: 7974 -> priority: 1 
  Thread -> id: 50b4 -> priority: 1 
  Thread -> id: 9254 -> priority: 1 
  Thread -> id: 20fc -> priority: 1 
  Thread -> id: 694c -> priority: 1 
  Thread -> id: 3ad8 -> priority: 1 
  Thread -> id: 5a7c -> priority: 1 
  Thread -> id: 3de8 -> priority: 1 
  Thread -> id: 76f8 -> priority: 1 
  Thread -> id: 9cd8 -> priority: 1 
  Thread -> id: 82fc -> priority: 1 
  Thread -> id: 962c -> priority: 1 
