Process is running in low integrity mode...
Mono path[0] = 'C:/Users/Alienware/Desktop/范志毅VS赵鹏/范志毅VS赵鹏 PC双人版（32位）/鑼冨織姣匳S璧甸箯 PC鍙屼汉鐗堬紙32浣嶏級/AI Mod Source/build/corner-drop-test-player-original/FanZhiYi_Data/Managed'
Mono config path = 'C:/Users/Alienware/Desktop/范志毅VS赵鹏/范志毅VS赵鹏 PC双人版（32位）/鑼冨織姣匳S璧甸箯 PC鍙屼汉鐗堬紙32浣嶏級/AI Mod Source/build/corner-drop-test-player-original/MonoBleedingEdge/etc'
AS: AutoStreaming module initializing.Initialize engine version: 2019.4.33f1c1 (c2f94a8bebb3)
[Subsystems] Discovering subsystems at path C:/Users/Alienware/Desktop/范志毅VS赵鹏/范志毅VS赵鹏 PC双人版（32位）/鑼冨織姣匳S璧甸箯 PC鍙屼汉鐗堬紙32浣嶏級/AI Mod Source/build/corner-drop-test-player-original/FanZhiYi_Data/UnitySubsystems
GfxDevice: creating device client; threaded=1
Direct3D:
    Version:  Direct3D 11.0 [level 11.1]
    Renderer: NVIDIA GeForce RTX 5070 Laptop GPU (ID=0x2d58)
    Vendor:   (null)
    VRAM:     3072 MB
Begin MonoManager ReloadAssembly
- Completed reload, in  0.118 seconds
<RI> Initializing input.
<RI> Input initialized.
<RI> Initialized touch support.
UnloadTime: 0.488200 ms
Curl error 7: Failed to connect to 127.0.0.1 port 7897: Bad access
 
(Filename:  Line: 867)

Curl error 7: Failed to connect to 127.0.0.1 port 7897: Bad access
 
(Filename:  Line: 867)

Curl error 7: Failed to connect to 127.0.0.1 port 7897: Bad access
 
(Filename:  Line: 867)

Curl error 7: Failed to connect to 127.0.0.1 port 7897: Bad access
 
(Filename:  Line: 867)

Unloading 5 Unused Serialized files (Serialized files now loaded: 0)
UnloadTime: 0.158400 ms

Unloading 143 unused Assets to reduce memory usage. Loaded Objects now: 1010.
Total: 0.470000 ms (FindLiveObjects: 0.030300 ms CreateObjectMapping: 0.009200 ms MarkObjects: 0.159100 ms  DeleteObjects: 0.271300 ms)

BOUNDARY PASS native Ball.Start attaches guard; skills=False 
(Filename: E:\unity\Runtime/Export/Debug/Debug.bindings.h Line: 39)

BOUNDARY PASS fresh rally is clear; skills=False 
(Filename: E:\unity\Runtime/Export/Debug/Debug.bindings.h Line: 39)

BOUNDARY CEILING upper corner skills=False side=-1 speed=8 descending=False physical=2.441599 trigger=2.523735 
(Filename: E:\unity\Runtime/Export/Debug/Debug.bindings.h Line: 39)

BOUNDARY PASS upper corner skills=False side=-1 speed=8 descending=False measures physical bar in current edition 
(Filename: E:\unity\Runtime/Export/Debug/Debug.bindings.h Line: 39)

BOUNDARY CORNER upper corner skills=False side=-1 speed=8 descending=False ball=(-5.5, 0.7) velocity=(2.1, -5.6) score=1 out=False 
(Filename: E:\unity\Runtime/Export/Debug/Debug.bindings.h Line: 39)

BOUNDARY PASS upper corner skills=False side=-1 speed=8 descending=False real flight scores exactly once 
(Filename: E:\unity\Runtime/Export/Debug/Debug.bindings.h Line: 39)

BOUNDARY PASS upper corner skills=False side=-1 speed=8 descending=False is not mistaken for out 
(Filename: E:\unity\Runtime/Export/Debug/Debug.bindings.h Line: 39)

Curl error 7: Failed to connect to 127.0.0.1 port 7897: Bad access
 
(Filename:  Line: 867)

BOUNDARY PASS upper corner skills=False side=-1 speed=8 descending=False restarts without duplicate score 
(Filename: E:\unity\Runtime/Export/Debug/Debug.bindings.h Line: 39)

Unloading 4 Unused Serialized files (Serialized files now loaded: 0)
UnloadTime: 0.429200 ms

Unloading 39 unused Assets to reduce memory usage. Loaded Objects now: 1052.
Total: 1.326800 ms (FindLiveObjects: 0.038900 ms CreateObjectMapping: 0.009100 ms MarkObjects: 0.229000 ms  DeleteObjects: 1.049500 ms)

BOUNDARY PASS native Ball.Start attaches guard; skills=False 
(Filename: E:\unity\Runtime/Export/Debug/Debug.bindings.h Line: 39)

BOUNDARY PASS fresh rally is clear; skills=False 
(Filename: E:\unity\Runtime/Export/Debug/Debug.bindings.h Line: 39)

BOUNDARY CEILING upper corner skills=False side=-1 speed=22 descending=True physical=2.441599 trigger=2.523735 
(Filename: E:\unity\Runtime/Export/Debug/Debug.bindings.h Line: 39)

BOUNDARY PASS upper corner skills=False side=-1 speed=22 descending=True measures physical bar in current edition 
(Filename: E:\unity\Runtime/Export/Debug/Debug.bindings.h Line: 39)

BOUNDARY CORNER upper corner skills=False side=-1 speed=22 descending=True ball=(-4.3, -0.4) velocity=(6.4, 12.5) score=0 out=False 
(Filename: E:\unity\Runtime/Export/Debug/Debug.bindings.h Line: 39)

BOUNDARY FAIL upper corner skills=False side=-1 speed=22 descending=True real flight scores exactly once 
(Filename: E:\unity\Runtime/Export/Debug/Debug.bindings.h Line: 39)

BOUNDARY PASS upper corner skills=False side=-1 speed=22 descending=True is not mistaken for out 
(Filename: E:\unity\Runtime/Export/Debug/Debug.bindings.h Line: 39)

BOUNDARY FAIL upper corner skills=False side=-1 speed=22 descending=True restarts without duplicate score 
(Filename: E:\unity\Runtime/Export/Debug/Debug.bindings.h Line: 39)

Unloading 4 Unused Serialized files (Serialized files now loaded: 0)
UnloadTime: 0.269600 ms

Unloading 3 unused Assets to reduce memory usage. Loaded Objects now: 1052.
Total: 1.261900 ms (FindLiveObjects: 0.030800 ms CreateObjectMapping: 0.008000 ms MarkObjects: 0.225200 ms  DeleteObjects: 0.997600 ms)

BOUNDARY PASS native Ball.Start attaches guard; skills=False 
(Filename: E:\unity\Runtime/Export/Debug/Debug.bindings.h Line: 39)

BOUNDARY PASS fresh rally is clear; skills=False 
(Filename: E:\unity\Runtime/Export/Debug/Debug.bindings.h Line: 39)

BOUNDARY CEILING upper corner skills=False side=-1 speed=45 descending=False physical=2.441599 trigger=2.523735 
(Filename: E:\unity\Runtime/Export/Debug/Debug.bindings.h Line: 39)

BOUNDARY PASS upper corner skills=False side=-1 speed=45 descending=False measures physical bar in current edition 
(Filename: E:\unity\Runtime/Export/Debug/Debug.bindings.h Line: 39)

BOUNDARY CORNER upper corner skills=False side=-1 speed=45 descending=False ball=(-1.6, 4.2) velocity=(13.8, 25.4) score=0 out=False 
(Filename: E:\unity\Runtime/Export/Debug/Debug.bindings.h Line: 39)

BOUNDARY FAIL upper corner skills=False side=-1 speed=45 descending=False real flight scores exactly once 
(Filename: E:\unity\Runtime/Export/Debug/Debug.bindings.h Line: 39)

BOUNDARY PASS upper corner skills=False side=-1 speed=45 descending=False is not mistaken for out 
(Filename: E:\unity\Runtime/Export/Debug/Debug.bindings.h Line: 39)

BOUNDARY FAIL upper corner skills=False side=-1 speed=45 descending=False restarts without duplicate score 
(Filename: E:\unity\Runtime/Export/Debug/Debug.bindings.h Line: 39)

Unloading 4 Unused Serialized files (Serialized files now loaded: 0)
UnloadTime: 0.292300 ms

Unloading 3 unused Assets to reduce memory usage. Loaded Objects now: 1052.
Total: 1.155000 ms (FindLiveObjects: 0.030700 ms CreateObjectMapping: 0.008000 ms MarkObjects: 0.178500 ms  DeleteObjects: 0.937600 ms)

BOUNDARY PASS native Ball.Start attaches guard; skills=False 
(Filename: E:\unity\Runtime/Export/Debug/Debug.bindings.h Line: 39)

BOUNDARY PASS fresh rally is clear; skills=False 
(Filename: E:\unity\Runtime/Export/Debug/Debug.bindings.h Line: 39)

BOUNDARY DESCENT descending upper corner skills=False side=-1 ball=(-7.2, 0.0) score=1 out=False 
(Filename: E:\unity\Runtime/Export/Debug/Debug.bindings.h Line: 39)

BOUNDARY PASS descending upper corner skills=False side=-1 initial high overlap can descend into net 
(Filename: E:\unity\Runtime/Export/Debug/Debug.bindings.h Line: 39)

BOUNDARY PASS descending upper corner skills=False side=-1 is live until valid entry 
(Filename: E:\unity\Runtime/Export/Debug/Debug.bindings.h Line: 39)

BOUNDARY PASS descending upper corner skills=False side=-1 restarts and scores only once 
(Filename: E:\unity\Runtime/Export/Debug/Debug.bindings.h Line: 39)

Unloading 4 Unused Serialized files (Serialized files now loaded: 0)
UnloadTime: 0.250700 ms

Unloading 4 unused Assets to reduce memory usage. Loaded Objects now: 1052.
Total: 1.294900 ms (FindLiveObjects: 0.045600 ms CreateObjectMapping: 0.010500 ms MarkObjects: 0.258900 ms  DeleteObjects: 0.979400 ms)

BOUNDARY PASS native Ball.Start attaches guard; skills=False 
(Filename: E:\unity\Runtime/Export/Debug/Debug.bindings.h Line: 39)

BOUNDARY PASS fresh rally is clear; skills=False 
(Filename: E:\unity\Runtime/Export/Debug/Debug.bindings.h Line: 39)

BOUNDARY CEILING upper corner skills=False side=1 speed=8 descending=False physical=2.441599 trigger=2.523735 
(Filename: E:\unity\Runtime/Export/Debug/Debug.bindings.h Line: 39)

BOUNDARY PASS upper corner skills=False side=1 speed=8 descending=False measures physical bar in current edition 
(Filename: E:\unity\Runtime/Export/Debug/Debug.bindings.h Line: 39)

BOUNDARY CORNER upper corner skills=False side=1 speed=8 descending=False ball=(5.5, 0.7) velocity=(-2.1, -5.6) score=1 out=False 
(Filename: E:\unity\Runtime/Export/Debug/Debug.bindings.h Line: 39)

BOUNDARY PASS upper corner skills=False side=1 speed=8 descending=False real flight scores exactly once 
(Filename: E:\unity\Runtime/Export/Debug/Debug.bindings.h Line: 39)

BOUNDARY PASS upper corner skills=False side=1 speed=8 descending=False is not mistaken for out 
(Filename: E:\unity\Runtime/Export/Debug/Debug.bindings.h Line: 39)

BOUNDARY PASS upper corner skills=False side=1 speed=8 descending=False restarts without duplicate score 
(Filename: E:\unity\Runtime/Export/Debug/Debug.bindings.h Line: 39)

Unloading 4 Unused Serialized files (Serialized files now loaded: 0)
UnloadTime: 0.273500 ms

Unloading 4 unused Assets to reduce memory usage. Loaded Objects now: 1052.
Total: 1.264700 ms (FindLiveObjects: 0.044100 ms CreateObjectMapping: 0.009500 ms MarkObjects: 0.246900 ms  DeleteObjects: 0.963700 ms)

BOUNDARY PASS native Ball.Start attaches guard; skills=False 
(Filename: E:\unity\Runtime/Export/Debug/Debug.bindings.h Line: 39)

BOUNDARY PASS fresh rally is clear; skills=False 
(Filename: E:\unity\Runtime/Export/Debug/Debug.bindings.h Line: 39)

BOUNDARY CEILING upper corner skills=False side=1 speed=22 descending=True physical=2.441599 trigger=2.523735 
(Filename: E:\unity\Runtime/Export/Debug/Debug.bindings.h Line: 39)

BOUNDARY PASS upper corner skills=False side=1 speed=22 descending=True measures physical bar in current edition 
(Filename: E:\unity\Runtime/Export/Debug/Debug.bindings.h Line: 39)

BOUNDARY CORNER upper corner skills=False side=1 speed=22 descending=True ball=(4.5, -0.7) velocity=(-6.4, 12.5) score=0 out=False 
(Filename: E:\unity\Runtime/Export/Debug/Debug.bindings.h Line: 39)

BOUNDARY FAIL upper corner skills=False side=1 speed=22 descending=True real flight scores exactly once 
(Filename: E:\unity\Runtime/Export/Debug/Debug.bindings.h Line: 39)

BOUNDARY PASS upper corner skills=False side=1 speed=22 descending=True is not mistaken for out 
(Filename: E:\unity\Runtime/Export/Debug/Debug.bindings.h Line: 39)

BOUNDARY FAIL upper corner skills=False side=1 speed=22 descending=True restarts without duplicate score 
(Filename: E:\unity\Runtime/Export/Debug/Debug.bindings.h Line: 39)

Unloading 4 Unused Serialized files (Serialized files now loaded: 0)
UnloadTime: 0.268900 ms

Unloading 3 unused Assets to reduce memory usage. Loaded Objects now: 1052.
Total: 1.252400 ms (FindLiveObjects: 0.030000 ms CreateObjectMapping: 0.007200 ms MarkObjects: 0.161900 ms  DeleteObjects: 1.052900 ms)

BOUNDARY PASS native Ball.Start attaches guard; skills=False 
(Filename: E:\unity\Runtime/Export/Debug/Debug.bindings.h Line: 39)

BOUNDARY PASS fresh rally is clear; skills=False 
(Filename: E:\unity\Runtime/Export/Debug/Debug.bindings.h Line: 39)

BOUNDARY CEILING upper corner skills=False side=1 speed=45 descending=False physical=2.441599 trigger=2.523735 
(Filename: E:\unity\Runtime/Export/Debug/Debug.bindings.h Line: 39)

BOUNDARY PASS upper corner skills=False side=1 speed=45 descending=False measures physical bar in current edition 
(Filename: E:\unity\Runtime/Export/Debug/Debug.bindings.h Line: 39)

BOUNDARY CORNER upper corner skills=False side=1 speed=45 descending=False ball=(1.9, 3.7) velocity=(-13.8, 25.4) score=0 out=False 
(Filename: E:\unity\Runtime/Export/Debug/Debug.bindings.h Line: 39)

BOUNDARY FAIL upper corner skills=False side=1 speed=45 descending=False real flight scores exactly once 
(Filename: E:\unity\Runtime/Export/Debug/Debug.bindings.h Line: 39)

BOUNDARY PASS upper corner skills=False side=1 speed=45 descending=False is not mistaken for out 
(Filename: E:\unity\Runtime/Export/Debug/Debug.bindings.h Line: 39)

BOUNDARY FAIL upper corner skills=False side=1 speed=45 descending=False restarts without duplicate score 
(Filename: E:\unity\Runtime/Export/Debug/Debug.bindings.h Line: 39)

Unloading 4 Unused Serialized files (Serialized files now loaded: 0)
UnloadTime: 0.274000 ms

Unloading 3 unused Assets to reduce memory usage. Loaded Objects now: 1052.
Total: 1.107100 ms (FindLiveObjects: 0.031300 ms CreateObjectMapping: 0.008200 ms MarkObjects: 0.177300 ms  DeleteObjects: 0.889900 ms)

BOUNDARY PASS native Ball.Start attaches guard; skills=False 
(Filename: E:\unity\Runtime/Export/Debug/Debug.bindings.h Line: 39)

BOUNDARY PASS fresh rally is clear; skills=False 
(Filename: E:\unity\Runtime/Export/Debug/Debug.bindings.h Line: 39)

BOUNDARY DESCENT descending upper corner skills=False side=1 ball=(7.3, 0.0) score=1 out=False 
(Filename: E:\unity\Runtime/Export/Debug/Debug.bindings.h Line: 39)

BOUNDARY PASS descending upper corner skills=False side=1 initial high overlap can descend into net 
(Filename: E:\unity\Runtime/Export/Debug/Debug.bindings.h Line: 39)

BOUNDARY PASS descending upper corner skills=False side=1 is live until valid entry 
(Filename: E:\unity\Runtime/Export/Debug/Debug.bindings.h Line: 39)

BOUNDARY PASS descending upper corner skills=False side=1 restarts and scores only once 
(Filename: E:\unity\Runtime/Export/Debug/Debug.bindings.h Line: 39)

Unloading 4 Unused Serialized files (Serialized files now loaded: 0)
UnloadTime: 0.299900 ms

Unloading 4 unused Assets to reduce memory usage. Loaded Objects now: 1052.
Total: 1.185700 ms (FindLiveObjects: 0.050500 ms CreateObjectMapping: 0.015700 ms MarkObjects: 0.184000 ms  DeleteObjects: 0.935100 ms)

BOUNDARY PASS native Ball.Start attaches guard; skills=True 
(Filename: E:\unity\Runtime/Export/Debug/Debug.bindings.h Line: 39)

BOUNDARY PASS fresh rally is clear; skills=True 
(Filename: E:\unity\Runtime/Export/Debug/Debug.bindings.h Line: 39)

BOUNDARY CEILING upper corner skills=True side=-1 speed=8 descending=False physical=2.441599 trigger=2.523735 
(Filename: E:\unity\Runtime/Export/Debug/Debug.bindings.h Line: 39)

BOUNDARY PASS upper corner skills=True side=-1 speed=8 descending=False measures physical bar in current edition 
(Filename: E:\unity\Runtime/Export/Debug/Debug.bindings.h Line: 39)

BOUNDARY CORNER upper corner skills=True side=-1 speed=8 descending=False ball=(-5.5, 0.7) velocity=(2.1, -5.6) score=1 out=False 
(Filename: E:\unity\Runtime/Export/Debug/Debug.bindings.h Line: 39)

BOUNDARY PASS upper corner skills=True side=-1 speed=8 descending=False real flight scores exactly once 
(Filename: E:\unity\Runtime/Export/Debug/Debug.bindings.h Line: 39)

BOUNDARY PASS upper corner skills=True side=-1 speed=8 descending=False is not mistaken for out 
(Filename: E:\unity\Runtime/Export/Debug/Debug.bindings.h Line: 39)

BOUNDARY PASS upper corner skills=True side=-1 speed=8 descending=False restarts without duplicate score 
(Filename: E:\unity\Runtime/Export/Debug/Debug.bindings.h Line: 39)

Unloading 4 Unused Serialized files (Serialized files now loaded: 0)
UnloadTime: 0.721000 ms

Unloading 4 unused Assets to reduce memory usage. Loaded Objects now: 1058.
Total: 1.248300 ms (FindLiveObjects: 0.050100 ms CreateObjectMapping: 0.015100 ms MarkObjects: 0.194200 ms  DeleteObjects: 0.988400 ms)

BOUNDARY PASS native Ball.Start attaches guard; skills=True 
(Filename: E:\unity\Runtime/Export/Debug/Debug.bindings.h Line: 39)

BOUNDARY PASS fresh rally is clear; skills=True 
(Filename: E:\unity\Runtime/Export/Debug/Debug.bindings.h Line: 39)

BOUNDARY CEILING upper corner skills=True side=-1 speed=22 descending=True physical=2.441599 trigger=2.523735 
(Filename: E:\unity\Runtime/Export/Debug/Debug.bindings.h Line: 39)

BOUNDARY PASS upper corner skills=True side=-1 speed=22 descending=True measures physical bar in current edition 
(Filename: E:\unity\Runtime/Export/Debug/Debug.bindings.h Line: 39)

BOUNDARY CORNER upper corner skills=True side=-1 speed=22 descending=True ball=(-4.3, -0.4) velocity=(6.4, 12.5) score=0 out=False 
(Filename: E:\unity\Runtime/Export/Debug/Debug.bindings.h Line: 39)

BOUNDARY FAIL upper corner skills=True side=-1 speed=22 descending=True real flight scores exactly once 
(Filename: E:\unity\Runtime/Export/Debug/Debug.bindings.h Line: 39)

BOUNDARY PASS upper corner skills=True side=-1 speed=22 descending=True is not mistaken for out 
(Filename: E:\unity\Runtime/Export/Debug/Debug.bindings.h Line: 39)

Curl error 7: Failed to connect to 127.0.0.1 port 7897: Bad access
 
(Filename:  Line: 867)

BOUNDARY FAIL upper corner skills=True side=-1 speed=22 descending=True restarts without duplicate score 
(Filename: E:\unity\Runtime/Export/Debug/Debug.bindings.h Line: 39)

Unloading 4 Unused Serialized files (Serialized files now loaded: 0)
UnloadTime: 0.258800 ms

Unloading 3 unused Assets to reduce memory usage. Loaded Objects now: 1058.
Total: 1.162700 ms (FindLiveObjects: 0.030900 ms CreateObjectMapping: 0.007100 ms MarkObjects: 0.236100 ms  DeleteObjects: 0.888200 ms)

BOUNDARY PASS native Ball.Start attaches guard; skills=True 
(Filename: E:\unity\Runtime/Export/Debug/Debug.bindings.h Line: 39)

BOUNDARY PASS fresh rally is clear; skills=True 
(Filename: E:\unity\Runtime/Export/Debug/Debug.bindings.h Line: 39)

BOUNDARY CEILING upper corner skills=True side=-1 speed=45 descending=False physical=2.441599 trigger=2.523735 
(Filename: E:\unity\Runtime/Export/Debug/Debug.bindings.h Line: 39)

BOUNDARY PASS upper corner skills=True side=-1 speed=45 descending=False measures physical bar in current edition 
(Filename: E:\unity\Runtime/Export/Debug/Debug.bindings.h Line: 39)

BOUNDARY CORNER upper corner skills=True side=-1 speed=45 descending=False ball=(-1.8, 3.7) velocity=(13.8, 25.4) score=0 out=False 
(Filename: E:\unity\Runtime/Export/Debug/Debug.bindings.h Line: 39)

BOUNDARY FAIL upper corner skills=True side=-1 speed=45 descending=False real flight scores exactly once 
(Filename: E:\unity\Runtime/Export/Debug/Debug.bindings.h Line: 39)

BOUNDARY PASS upper corner skills=True side=-1 speed=45 descending=False is not mistaken for out 
(Filename: E:\unity\Runtime/Export/Debug/Debug.bindings.h Line: 39)

BOUNDARY FAIL upper corner skills=True side=-1 speed=45 descending=False restarts without duplicate score 
(Filename: E:\unity\Runtime/Export/Debug/Debug.bindings.h Line: 39)

Unloading 4 Unused Serialized files (Serialized files now loaded: 0)
UnloadTime: 0.251500 ms

Unloading 3 unused Assets to reduce memory usage. Loaded Objects now: 1058.
Total: 1.222400 ms (FindLiveObjects: 0.051000 ms CreateObjectMapping: 0.015700 ms MarkObjects: 0.209300 ms  DeleteObjects: 0.946000 ms)

BOUNDARY PASS native Ball.Start attaches guard; skills=True 
(Filename: E:\unity\Runtime/Export/Debug/Debug.bindings.h Line: 39)

BOUNDARY PASS fresh rally is clear; skills=True 
(Filename: E:\unity\Runtime/Export/Debug/Debug.bindings.h Line: 39)

BOUNDARY DESCENT descending upper corner skills=True side=-1 ball=(-7.2, 0.0) score=1 out=False 
(Filename: E:\unity\Runtime/Export/Debug/Debug.bindings.h Line: 39)

BOUNDARY PASS descending upper corner skills=True side=-1 initial high overlap can descend into net 
(Filename: E:\unity\Runtime/Export/Debug/Debug.bindings.h Line: 39)

BOUNDARY PASS descending upper corner skills=True side=-1 is live until valid entry 
(Filename: E:\unity\Runtime/Export/Debug/Debug.bindings.h Line: 39)

BOUNDARY PASS descending upper corner skills=True side=-1 restarts and scores only once 
(Filename: E:\unity\Runtime/Export/Debug/Debug.bindings.h Line: 39)

Unloading 4 Unused Serialized files (Serialized files now loaded: 0)
UnloadTime: 0.257000 ms

Unloading 4 unused Assets to reduce memory usage. Loaded Objects now: 1058.
Total: 1.251700 ms (FindLiveObjects: 0.050500 ms CreateObjectMapping: 0.015100 ms MarkObjects: 0.292400 ms  DeleteObjects: 0.893200 ms)

BOUNDARY PASS native Ball.Start attaches guard; skills=True 
(Filename: E:\unity\Runtime/Export/Debug/Debug.bindings.h Line: 39)

BOUNDARY PASS fresh rally is clear; skills=True 
(Filename: E:\unity\Runtime/Export/Debug/Debug.bindings.h Line: 39)

BOUNDARY CEILING upper corner skills=True side=1 speed=8 descending=False physical=2.441599 trigger=2.523735 
(Filename: E:\unity\Runtime/Export/Debug/Debug.bindings.h Line: 39)

BOUNDARY PASS upper corner skills=True side=1 speed=8 descending=False measures physical bar in current edition 
(Filename: E:\unity\Runtime/Export/Debug/Debug.bindings.h Line: 39)

BOUNDARY CORNER upper corner skills=True side=1 speed=8 descending=False ball=(5.6, 0.8) velocity=(-2.1, -5.6) score=1 out=False 
(Filename: E:\unity\Runtime/Export/Debug/Debug.bindings.h Line: 39)

BOUNDARY PASS upper corner skills=True side=1 speed=8 descending=False real flight scores exactly once 
(Filename: E:\unity\Runtime/Export/Debug/Debug.bindings.h Line: 39)

BOUNDARY PASS upper corner skills=True side=1 speed=8 descending=False is not mistaken for out 
(Filename: E:\unity\Runtime/Export/Debug/Debug.bindings.h Line: 39)

BOUNDARY PASS upper corner skills=True side=1 speed=8 descending=False restarts without duplicate score 
(Filename: E:\unity\Runtime/Export/Debug/Debug.bindings.h Line: 39)

Unloading 4 Unused Serialized files (Serialized files now loaded: 0)
UnloadTime: 0.272600 ms

Unloading 4 unused Assets to reduce memory usage. Loaded Objects now: 1058.
Total: 1.322600 ms (FindLiveObjects: 0.053000 ms CreateObjectMapping: 0.016200 ms MarkObjects: 0.259500 ms  DeleteObjects: 0.993300 ms)

BOUNDARY PASS native Ball.Start attaches guard; skills=True 
(Filename: E:\unity\Runtime/Export/Debug/Debug.bindings.h Line: 39)

BOUNDARY PASS fresh rally is clear; skills=True 
(Filename: E:\unity\Runtime/Export/Debug/Debug.bindings.h Line: 39)

BOUNDARY CEILING upper corner skills=True side=1 speed=22 descending=True physical=2.441599 trigger=2.523735 
(Filename: E:\unity\Runtime/Export/Debug/Debug.bindings.h Line: 39)

BOUNDARY PASS upper corner skills=True side=1 speed=22 descending=True measures physical bar in current edition 
(Filename: E:\unity\Runtime/Export/Debug/Debug.bindings.h Line: 39)

BOUNDARY CORNER upper corner skills=True side=1 speed=22 descending=True ball=(4.5, -0.7) velocity=(-6.4, 12.5) score=0 out=False 
(Filename: E:\unity\Runtime/Export/Debug/Debug.bindings.h Line: 39)

BOUNDARY FAIL upper corner skills=True side=1 speed=22 descending=True real flight scores exactly once 
(Filename: E:\unity\Runtime/Export/Debug/Debug.bindings.h Line: 39)

BOUNDARY PASS upper corner skills=True side=1 speed=22 descending=True is not mistaken for out 
(Filename: E:\unity\Runtime/Export/Debug/Debug.bindings.h Line: 39)

BOUNDARY FAIL upper corner skills=True side=1 speed=22 descending=True restarts without duplicate score 
(Filename: E:\unity\Runtime/Export/Debug/Debug.bindings.h Line: 39)

Unloading 4 Unused Serialized files (Serialized files now loaded: 0)
UnloadTime: 0.257400 ms

Unloading 3 unused Assets to reduce memory usage. Loaded Objects now: 1058.
Total: 1.135100 ms (FindLiveObjects: 0.031600 ms CreateObjectMapping: 0.008200 ms MarkObjects: 0.216900 ms  DeleteObjects: 0.877900 ms)

BOUNDARY PASS native Ball.Start attaches guard; skills=True 
(Filename: E:\unity\Runtime/Export/Debug/Debug.bindings.h Line: 39)

BOUNDARY PASS fresh rally is clear; skills=True 
(Filename: E:\unity\Runtime/Export/Debug/Debug.bindings.h Line: 39)

BOUNDARY CEILING upper corner skills=True side=1 speed=45 descending=False physical=2.441599 trigger=2.523735 
(Filename: E:\unity\Runtime/Export/Debug/Debug.bindings.h Line: 39)

BOUNDARY PASS upper corner skills=True side=1 speed=45 descending=False measures physical bar in current edition 
(Filename: E:\unity\Runtime/Export/Debug/Debug.bindings.h Line: 39)

BOUNDARY CORNER upper corner skills=True side=1 speed=45 descending=False ball=(1.9, 3.7) velocity=(-13.8, 25.4) score=0 out=False 
(Filename: E:\unity\Runtime/Export/Debug/Debug.bindings.h Line: 39)

BOUNDARY FAIL upper corner skills=True side=1 speed=45 descending=False real flight scores exactly once 
(Filename: E:\unity\Runtime/Export/Debug/Debug.bindings.h Line: 39)

BOUNDARY PASS upper corner skills=True side=1 speed=45 descending=False is not mistaken for out 
(Filename: E:\unity\Runtime/Export/Debug/Debug.bindings.h Line: 39)

BOUNDARY FAIL upper corner skills=True side=1 speed=45 descending=False restarts without duplicate score 
(Filename: E:\unity\Runtime/Export/Debug/Debug.bindings.h Line: 39)

Unloading 4 Unused Serialized files (Serialized files now loaded: 0)
UnloadTime: 0.241700 ms

Unloading 3 unused Assets to reduce memory usage. Loaded Objects now: 1058.
Total: 1.207100 ms (FindLiveObjects: 0.030400 ms CreateObjectMapping: 0.008200 ms MarkObjects: 0.169600 ms  DeleteObjects: 0.998500 ms)

BOUNDARY PASS native Ball.Start attaches guard; skills=True 
(Filename: E:\unity\Runtime/Export/Debug/Debug.bindings.h Line: 39)

BOUNDARY PASS fresh rally is clear; skills=True 
(Filename: E:\unity\Runtime/Export/Debug/Debug.bindings.h Line: 39)

BOUNDARY DESCENT descending upper corner skills=True side=1 ball=(7.3, 0.0) score=1 out=False 
(Filename: E:\unity\Runtime/Export/Debug/Debug.bindings.h Line: 39)

BOUNDARY PASS descending upper corner skills=True side=1 initial high overlap can descend into net 
(Filename: E:\unity\Runtime/Export/Debug/Debug.bindings.h Line: 39)

BOUNDARY PASS descending upper corner skills=True side=1 is live until valid entry 
(Filename: E:\unity\Runtime/Export/Debug/Debug.bindings.h Line: 39)

BOUNDARY PASS descending upper corner skills=True side=1 restarts and scores only once 
(Filename: E:\unity\Runtime/Export/Debug/Debug.bindings.h Line: 39)

BOUNDARY COMPLETE checks=92 failures=16 
(Filename: E:\unity\Runtime/Export/Debug/Debug.bindings.h Line: 39)

Setting up 12 worker threads for Enlighten.
  Thread -> id: 4e24 -> priority: 1 
  Thread -> id: a040 -> priority: 1 
  Thread -> id: 3db4 -> priority: 1 
  Thread -> id: 8f10 -> priority: 1 
  Thread -> id: 7974 -> priority: 1 
  Thread -> id: 2fa0 -> priority: 1 
  Thread -> id: 318 -> priority: 1 
  Thread -> id: 4084 -> priority: 1 
  Thread -> id: 2a60 -> priority: 1 
  Thread -> id: 3094 -> priority: 1 
  Thread -> id: 36d4 -> priority: 1 
  Thread -> id: 1dc -> priority: 1 
