Process is running in low integrity mode...
Mono path[0] = 'C:/Users/Alienware/Desktop/范志毅VS赵鹏/范志毅VS赵鹏 PC双人版（32位）/鑼冨織姣匳S璧甸箯 PC鍙屼汉鐗堬紙32浣嶏級/AI Mod Source/build/corner-drop-test-player-original/FanZhiYi_Data/Managed'
Mono config path = 'C:/Users/Alienware/Desktop/范志毅VS赵鹏/范志毅VS赵鹏 PC双人版（32位）/鑼冨織姣匳S璧甸箯 PC鍙屼汉鐗堬紙32浣嶏級/AI Mod Source/build/corner-drop-test-player-original/MonoBleedingEdge/etc'
AS: AutoStreaming module initializing.Initialize engine version: 2019.4.33f1c1 (c2f94a8bebb3)
[Subsystems] Discovering subsystems at path C:/Users/Alienware/Desktop/范志毅VS赵鹏/范志毅VS赵鹏 PC双人版（32位）/鑼冨織姣匳S璧甸箯 PC鍙屼汉鐗堬紙32浣嶏級/AI Mod Source/build/corner-drop-test-player-original/FanZhiYi_Data/UnitySubsystems
GfxDevice: creating device client; threaded=1
Direct3D:
    Version:  Direct3D 11.0 [level 11.1]
    Renderer: NVIDIA GeForce RTX 5070 Laptop GPU (ID=0x2d58)
    Vendor:   (null)
    VRAM:     3072 MB
Begin MonoManager ReloadAssembly
- Completed reload, in  0.112 seconds
<RI> Initializing input.
<RI> Input initialized.
<RI> Initialized touch support.
UnloadTime: 0.502000 ms
Curl error 7: Failed to connect to 127.0.0.1 port 7897: Bad access
 
(Filename:  Line: 867)

Curl error 7: Failed to connect to 127.0.0.1 port 7897: Bad access
 
(Filename:  Line: 867)

Curl error 7: Failed to connect to 127.0.0.1 port 7897: Bad access
 
(Filename:  Line: 867)

Curl error 7: Failed to connect to 127.0.0.1 port 7897: Bad access
 
(Filename:  Line: 867)

Unloading 5 Unused Serialized files (Serialized files now loaded: 0)
UnloadTime: 0.169900 ms

Unloading 143 unused Assets to reduce memory usage. Loaded Objects now: 1010.
Total: 0.550200 ms (FindLiveObjects: 0.084000 ms CreateObjectMapping: 0.021300 ms MarkObjects: 0.168100 ms  DeleteObjects: 0.276400 ms)

BOUNDARY PASS native Ball.Start attaches guard; skills=False 
(Filename: E:\unity\Runtime/Export/Debug/Debug.bindings.h Line: 39)

BOUNDARY PASS fresh rally is clear; skills=False 
(Filename: E:\unity\Runtime/Export/Debug/Debug.bindings.h Line: 39)

BOUNDARY PASS near goal inside pitch stays live skills=False side=-1 
(Filename: E:\unity\Runtime/Export/Debug/Debug.bindings.h Line: 39)

BOUNDARY PASS near goal inside pitch stays live skills=False side=1 
(Filename: E:\unity\Runtime/Export/Debug/Debug.bindings.h Line: 39)

BOUNDARY PASS pause suspends new boundary decisions skills=False 
(Filename: E:\unity\Runtime/Export/Debug/Debug.bindings.h Line: 39)

BOUNDARY PASS resume catches ball behind goal skills=False 
(Filename: E:\unity\Runtime/Export/Debug/Debug.bindings.h Line: 39)

Curl error 7: Failed to connect to 127.0.0.1 port 7897: Bad access
 
(Filename:  Line: 867)

BOUNDARY PASS resume skills=False clears out/stop state after restart 
(Filename: E:\unity\Runtime/Export/Debug/Debug.bindings.h Line: 39)

BOUNDARY PASS resume skills=False ball returns to pitch 
(Filename: E:\unity\Runtime/Export/Debug/Debug.bindings.h Line: 39)

BOUNDARY PASS resume skills=False restart keeps score unchanged 
(Filename: E:\unity\Runtime/Export/Debug/Debug.bindings.h Line: 39)

Unloading 4 Unused Serialized files (Serialized files now loaded: 0)
UnloadTime: 0.344800 ms

Unloading 38 unused Assets to reduce memory usage. Loaded Objects now: 1052.
Total: 1.182200 ms (FindLiveObjects: 0.031500 ms CreateObjectMapping: 0.008400 ms MarkObjects: 0.176000 ms  DeleteObjects: 0.966000 ms)

BOUNDARY PASS native Ball.Start attaches guard; skills=False 
(Filename: E:\unity\Runtime/Export/Debug/Debug.bindings.h Line: 39)

BOUNDARY PASS fresh rally is clear; skills=False 
(Filename: E:\unity\Runtime/Export/Debug/Debug.bindings.h Line: 39)

BOUNDARY PASS native out skills=False side=-1 actual OutTrigger starts restart 
(Filename: E:\unity\Runtime/Export/Debug/Debug.bindings.h Line: 39)

BOUNDARY PASS native out skills=False side=-1 clears out/stop state after restart 
(Filename: E:\unity\Runtime/Export/Debug/Debug.bindings.h Line: 39)

BOUNDARY PASS native out skills=False side=-1 ball returns to pitch 
(Filename: E:\unity\Runtime/Export/Debug/Debug.bindings.h Line: 39)

BOUNDARY PASS native out skills=False side=-1 restart keeps score unchanged 
(Filename: E:\unity\Runtime/Export/Debug/Debug.bindings.h Line: 39)

Unloading 4 Unused Serialized files (Serialized files now loaded: 0)
UnloadTime: 0.282200 ms

Unloading 4 unused Assets to reduce memory usage. Loaded Objects now: 1052.
Total: 1.248000 ms (FindLiveObjects: 0.053400 ms CreateObjectMapping: 0.009500 ms MarkObjects: 0.171200 ms  DeleteObjects: 1.013500 ms)

BOUNDARY PASS native Ball.Start attaches guard; skills=False 
(Filename: E:\unity\Runtime/Export/Debug/Debug.bindings.h Line: 39)

BOUNDARY PASS fresh rally is clear; skills=False 
(Filename: E:\unity\Runtime/Export/Debug/Debug.bindings.h Line: 39)

BOUNDARY PASS behind goal skills=False side=-1 elevated=False is out instead of trapped 
(Filename: E:\unity\Runtime/Export/Debug/Debug.bindings.h Line: 39)

BOUNDARY PASS behind goal skills=False side=-1 elevated=False awards no goal 
(Filename: E:\unity\Runtime/Export/Debug/Debug.bindings.h Line: 39)

BOUNDARY PASS behind goal skills=False side=-1 elevated=False physical rebound cannot score 
(Filename: E:\unity\Runtime/Export/Debug/Debug.bindings.h Line: 39)

BOUNDARY PASS behind goal skills=False side=-1 elevated=False clears out/stop state after restart 
(Filename: E:\unity\Runtime/Export/Debug/Debug.bindings.h Line: 39)

BOUNDARY PASS behind goal skills=False side=-1 elevated=False ball returns to pitch 
(Filename: E:\unity\Runtime/Export/Debug/Debug.bindings.h Line: 39)

BOUNDARY PASS behind goal skills=False side=-1 elevated=False restart keeps score unchanged 
(Filename: E:\unity\Runtime/Export/Debug/Debug.bindings.h Line: 39)

Unloading 4 Unused Serialized files (Serialized files now loaded: 0)
UnloadTime: 0.231300 ms

Unloading 4 unused Assets to reduce memory usage. Loaded Objects now: 1052.
Total: 1.117200 ms (FindLiveObjects: 0.030600 ms CreateObjectMapping: 0.008400 ms MarkObjects: 0.223900 ms  DeleteObjects: 0.854000 ms)

BOUNDARY PASS native Ball.Start attaches guard; skills=False 
(Filename: E:\unity\Runtime/Export/Debug/Debug.bindings.h Line: 39)

BOUNDARY PASS fresh rally is clear; skills=False 
(Filename: E:\unity\Runtime/Export/Debug/Debug.bindings.h Line: 39)

BOUNDARY PASS behind goal skills=False side=-1 elevated=True is out instead of trapped 
(Filename: E:\unity\Runtime/Export/Debug/Debug.bindings.h Line: 39)

BOUNDARY PASS behind goal skills=False side=-1 elevated=True awards no goal 
(Filename: E:\unity\Runtime/Export/Debug/Debug.bindings.h Line: 39)

BOUNDARY PASS behind goal skills=False side=-1 elevated=True physical rebound cannot score 
(Filename: E:\unity\Runtime/Export/Debug/Debug.bindings.h Line: 39)

BOUNDARY PASS behind goal skills=False side=-1 elevated=True clears out/stop state after restart 
(Filename: E:\unity\Runtime/Export/Debug/Debug.bindings.h Line: 39)

BOUNDARY PASS behind goal skills=False side=-1 elevated=True ball returns to pitch 
(Filename: E:\unity\Runtime/Export/Debug/Debug.bindings.h Line: 39)

BOUNDARY PASS behind goal skills=False side=-1 elevated=True restart keeps score unchanged 
(Filename: E:\unity\Runtime/Export/Debug/Debug.bindings.h Line: 39)

Unloading 4 Unused Serialized files (Serialized files now loaded: 0)
UnloadTime: 0.239400 ms

Unloading 4 unused Assets to reduce memory usage. Loaded Objects now: 1052.
Total: 1.147200 ms (FindLiveObjects: 0.077000 ms CreateObjectMapping: 0.008700 ms MarkObjects: 0.172600 ms  DeleteObjects: 0.888300 ms)

BOUNDARY PASS native Ball.Start attaches guard; skills=False 
(Filename: E:\unity\Runtime/Export/Debug/Debug.bindings.h Line: 39)

BOUNDARY PASS fresh rally is clear; skills=False 
(Filename: E:\unity\Runtime/Export/Debug/Debug.bindings.h Line: 39)

BOUNDARY PASS valid goal skills=False side=-1 native trigger counts once 
(Filename: E:\unity\Runtime/Export/Debug/Debug.bindings.h Line: 39)

BOUNDARY PASS valid goal skills=False side=-1 net entry is not mistaken for out 
(Filename: E:\unity\Runtime/Export/Debug/Debug.bindings.h Line: 39)

BOUNDARY PASS valid goal skills=False side=-1 native restart completes 
(Filename: E:\unity\Runtime/Export/Debug/Debug.bindings.h Line: 39)

BOUNDARY PASS valid goal skills=False side=-1 ball returns inside pitch 
(Filename: E:\unity\Runtime/Export/Debug/Debug.bindings.h Line: 39)

Unloading 4 Unused Serialized files (Serialized files now loaded: 0)
UnloadTime: 0.249900 ms

Unloading 4 unused Assets to reduce memory usage. Loaded Objects now: 1052.
Total: 1.112900 ms (FindLiveObjects: 0.045200 ms CreateObjectMapping: 0.015600 ms MarkObjects: 0.214900 ms  DeleteObjects: 0.837000 ms)

BOUNDARY PASS native Ball.Start attaches guard; skills=False 
(Filename: E:\unity\Runtime/Export/Debug/Debug.bindings.h Line: 39)

BOUNDARY PASS fresh rally is clear; skills=False 
(Filename: E:\unity\Runtime/Export/Debug/Debug.bindings.h Line: 39)

BOUNDARY GROUND rolling goal skills=False side=-1 floor=-1.81 mouth=Center: (-6.1, 0.4, 0.0), Extents: (0.1, 2.1, 0.0) ball=Center: (-7.2, -1.5, -0.4), Extents: (0.3, 0.3, 0.0) 
(Filename: E:\unity\Runtime/Export/Debug/Debug.bindings.h Line: 39)

BOUNDARY PASS rolling goal skills=False side=-1 counts real floor-level entry 
(Filename: E:\unity\Runtime/Export/Debug/Debug.bindings.h Line: 39)

BOUNDARY PASS rolling goal skills=False side=-1 does not whistle out 
(Filename: E:\unity\Runtime/Export/Debug/Debug.bindings.h Line: 39)

BOUNDARY PASS rolling goal skills=False side=-1 scores once and restarts 
(Filename: E:\unity\Runtime/Export/Debug/Debug.bindings.h Line: 39)

Unloading 4 Unused Serialized files (Serialized files now loaded: 0)
UnloadTime: 0.270500 ms

Unloading 4 unused Assets to reduce memory usage. Loaded Objects now: 1052.
Total: 1.358200 ms (FindLiveObjects: 0.087700 ms CreateObjectMapping: 0.018400 ms MarkObjects: 0.267400 ms  DeleteObjects: 0.984300 ms)

BOUNDARY PASS native Ball.Start attaches guard; skills=False 
(Filename: E:\unity\Runtime/Export/Debug/Debug.bindings.h Line: 39)

BOUNDARY PASS fresh rally is clear; skills=False 
(Filename: E:\unity\Runtime/Export/Debug/Debug.bindings.h Line: 39)

BOUNDARY CEILING upper corner skills=False side=-1 speed=8 descending=False physical=2.441599 trigger=2.523735 
(Filename: E:\unity\Runtime/Export/Debug/Debug.bindings.h Line: 39)

BOUNDARY PASS upper corner skills=False side=-1 speed=8 descending=False measures physical bar in current edition 
(Filename: E:\unity\Runtime/Export/Debug/Debug.bindings.h Line: 39)

BOUNDARY CORNER upper corner skills=False side=-1 speed=8 descending=False ball=(-5.5, 0.7) velocity=(2.1, -5.6) score=1 out=False 
(Filename: E:\unity\Runtime/Export/Debug/Debug.bindings.h Line: 39)

BOUNDARY PASS upper corner skills=False side=-1 speed=8 descending=False real flight scores exactly once 
(Filename: E:\unity\Runtime/Export/Debug/Debug.bindings.h Line: 39)

BOUNDARY PASS upper corner skills=False side=-1 speed=8 descending=False is not mistaken for out 
(Filename: E:\unity\Runtime/Export/Debug/Debug.bindings.h Line: 39)

BOUNDARY PASS upper corner skills=False side=-1 speed=8 descending=False restarts without duplicate score 
(Filename: E:\unity\Runtime/Export/Debug/Debug.bindings.h Line: 39)

Unloading 4 Unused Serialized files (Serialized files now loaded: 0)
UnloadTime: 0.245900 ms

Unloading 4 unused Assets to reduce memory usage. Loaded Objects now: 1052.
Total: 1.118100 ms (FindLiveObjects: 0.054000 ms CreateObjectMapping: 0.010500 ms MarkObjects: 0.177300 ms  DeleteObjects: 0.876100 ms)

BOUNDARY PASS native Ball.Start attaches guard; skills=False 
(Filename: E:\unity\Runtime/Export/Debug/Debug.bindings.h Line: 39)

BOUNDARY PASS fresh rally is clear; skills=False 
(Filename: E:\unity\Runtime/Export/Debug/Debug.bindings.h Line: 39)

BOUNDARY CEILING upper corner skills=False side=-1 speed=22 descending=True physical=2.441599 trigger=2.523735 
(Filename: E:\unity\Runtime/Export/Debug/Debug.bindings.h Line: 39)

BOUNDARY PASS upper corner skills=False side=-1 speed=22 descending=True measures physical bar in current edition 
(Filename: E:\unity\Runtime/Export/Debug/Debug.bindings.h Line: 39)

BOUNDARY CORNER upper corner skills=False side=-1 speed=22 descending=True ball=(-4.3, -0.4) velocity=(6.4, 12.5) score=1 out=False 
(Filename: E:\unity\Runtime/Export/Debug/Debug.bindings.h Line: 39)

BOUNDARY PASS upper corner skills=False side=-1 speed=22 descending=True real flight scores exactly once 
(Filename: E:\unity\Runtime/Export/Debug/Debug.bindings.h Line: 39)

BOUNDARY PASS upper corner skills=False side=-1 speed=22 descending=True is not mistaken for out 
(Filename: E:\unity\Runtime/Export/Debug/Debug.bindings.h Line: 39)

BOUNDARY PASS upper corner skills=False side=-1 speed=22 descending=True restarts without duplicate score 
(Filename: E:\unity\Runtime/Export/Debug/Debug.bindings.h Line: 39)

Unloading 4 Unused Serialized files (Serialized files now loaded: 0)
UnloadTime: 0.256800 ms

Unloading 4 unused Assets to reduce memory usage. Loaded Objects now: 1052.
Total: 1.102500 ms (FindLiveObjects: 0.038600 ms CreateObjectMapping: 0.008000 ms MarkObjects: 0.175800 ms  DeleteObjects: 0.879700 ms)

BOUNDARY PASS native Ball.Start attaches guard; skills=False 
(Filename: E:\unity\Runtime/Export/Debug/Debug.bindings.h Line: 39)

BOUNDARY PASS fresh rally is clear; skills=False 
(Filename: E:\unity\Runtime/Export/Debug/Debug.bindings.h Line: 39)

BOUNDARY CEILING upper corner skills=False side=-1 speed=45 descending=False physical=2.441599 trigger=2.523735 
(Filename: E:\unity\Runtime/Export/Debug/Debug.bindings.h Line: 39)

BOUNDARY PASS upper corner skills=False side=-1 speed=45 descending=False measures physical bar in current edition 
(Filename: E:\unity\Runtime/Export/Debug/Debug.bindings.h Line: 39)

BOUNDARY CORNER upper corner skills=False side=-1 speed=45 descending=False ball=(-1.6, 4.2) velocity=(13.8, 25.4) score=1 out=False 
(Filename: E:\unity\Runtime/Export/Debug/Debug.bindings.h Line: 39)

BOUNDARY PASS upper corner skills=False side=-1 speed=45 descending=False real flight scores exactly once 
(Filename: E:\unity\Runtime/Export/Debug/Debug.bindings.h Line: 39)

BOUNDARY PASS upper corner skills=False side=-1 speed=45 descending=False is not mistaken for out 
(Filename: E:\unity\Runtime/Export/Debug/Debug.bindings.h Line: 39)

BOUNDARY PASS upper corner skills=False side=-1 speed=45 descending=False restarts without duplicate score 
(Filename: E:\unity\Runtime/Export/Debug/Debug.bindings.h Line: 39)

Unloading 4 Unused Serialized files (Serialized files now loaded: 0)
UnloadTime: 0.237300 ms

Unloading 4 unused Assets to reduce memory usage. Loaded Objects now: 1052.
Total: 1.205600 ms (FindLiveObjects: 0.030800 ms CreateObjectMapping: 0.008400 ms MarkObjects: 0.280100 ms  DeleteObjects: 0.885800 ms)

BOUNDARY PASS native Ball.Start attaches guard; skills=False 
(Filename: E:\unity\Runtime/Export/Debug/Debug.bindings.h Line: 39)

BOUNDARY PASS fresh rally is clear; skills=False 
(Filename: E:\unity\Runtime/Export/Debug/Debug.bindings.h Line: 39)

BOUNDARY DESCENT descending upper corner skills=False side=-1 ball=(-7.3, -0.1) score=1 out=False 
(Filename: E:\unity\Runtime/Export/Debug/Debug.bindings.h Line: 39)

BOUNDARY PASS descending upper corner skills=False side=-1 initial high overlap can descend into net 
(Filename: E:\unity\Runtime/Export/Debug/Debug.bindings.h Line: 39)

BOUNDARY PASS descending upper corner skills=False side=-1 is live until valid entry 
(Filename: E:\unity\Runtime/Export/Debug/Debug.bindings.h Line: 39)

Curl error 7: Failed to connect to 127.0.0.1 port 7897: Bad access
 
(Filename:  Line: 867)

BOUNDARY PASS descending upper corner skills=False side=-1 restarts and scores only once 
(Filename: E:\unity\Runtime/Export/Debug/Debug.bindings.h Line: 39)

Unloading 4 Unused Serialized files (Serialized files now loaded: 0)
UnloadTime: 0.243300 ms

Unloading 4 unused Assets to reduce memory usage. Loaded Objects now: 1052.
Total: 1.156200 ms (FindLiveObjects: 0.044100 ms CreateObjectMapping: 0.015900 ms MarkObjects: 0.181300 ms  DeleteObjects: 0.914500 ms)

BOUNDARY PASS native Ball.Start attaches guard; skills=False 
(Filename: E:\unity\Runtime/Export/Debug/Debug.bindings.h Line: 39)

BOUNDARY PASS fresh rally is clear; skills=False 
(Filename: E:\unity\Runtime/Export/Debug/Debug.bindings.h Line: 39)

BOUNDARY PASS native out skills=False side=1 actual OutTrigger starts restart 
(Filename: E:\unity\Runtime/Export/Debug/Debug.bindings.h Line: 39)

BOUNDARY PASS native out skills=False side=1 clears out/stop state after restart 
(Filename: E:\unity\Runtime/Export/Debug/Debug.bindings.h Line: 39)

BOUNDARY PASS native out skills=False side=1 ball returns to pitch 
(Filename: E:\unity\Runtime/Export/Debug/Debug.bindings.h Line: 39)

BOUNDARY PASS native out skills=False side=1 restart keeps score unchanged 
(Filename: E:\unity\Runtime/Export/Debug/Debug.bindings.h Line: 39)

Unloading 4 Unused Serialized files (Serialized files now loaded: 0)
UnloadTime: 0.238000 ms

Unloading 4 unused Assets to reduce memory usage. Loaded Objects now: 1052.
Total: 1.312100 ms (FindLiveObjects: 0.059600 ms CreateObjectMapping: 0.021900 ms MarkObjects: 0.267900 ms  DeleteObjects: 0.962000 ms)

BOUNDARY PASS native Ball.Start attaches guard; skills=False 
(Filename: E:\unity\Runtime/Export/Debug/Debug.bindings.h Line: 39)

BOUNDARY PASS fresh rally is clear; skills=False 
(Filename: E:\unity\Runtime/Export/Debug/Debug.bindings.h Line: 39)

BOUNDARY PASS behind goal skills=False side=1 elevated=False is out instead of trapped 
(Filename: E:\unity\Runtime/Export/Debug/Debug.bindings.h Line: 39)

BOUNDARY PASS behind goal skills=False side=1 elevated=False awards no goal 
(Filename: E:\unity\Runtime/Export/Debug/Debug.bindings.h Line: 39)

BOUNDARY PASS behind goal skills=False side=1 elevated=False physical rebound cannot score 
(Filename: E:\unity\Runtime/Export/Debug/Debug.bindings.h Line: 39)

BOUNDARY PASS behind goal skills=False side=1 elevated=False clears out/stop state after restart 
(Filename: E:\unity\Runtime/Export/Debug/Debug.bindings.h Line: 39)

BOUNDARY PASS behind goal skills=False side=1 elevated=False ball returns to pitch 
(Filename: E:\unity\Runtime/Export/Debug/Debug.bindings.h Line: 39)

BOUNDARY PASS behind goal skills=False side=1 elevated=False restart keeps score unchanged 
(Filename: E:\unity\Runtime/Export/Debug/Debug.bindings.h Line: 39)

Unloading 4 Unused Serialized files (Serialized files now loaded: 0)
UnloadTime: 0.246100 ms

Unloading 4 unused Assets to reduce memory usage. Loaded Objects now: 1052.
Total: 1.057300 ms (FindLiveObjects: 0.049500 ms CreateObjectMapping: 0.010900 ms MarkObjects: 0.170000 ms  DeleteObjects: 0.826600 ms)

BOUNDARY PASS native Ball.Start attaches guard; skills=False 
(Filename: E:\unity\Runtime/Export/Debug/Debug.bindings.h Line: 39)

BOUNDARY PASS fresh rally is clear; skills=False 
(Filename: E:\unity\Runtime/Export/Debug/Debug.bindings.h Line: 39)

BOUNDARY PASS behind goal skills=False side=1 elevated=True is out instead of trapped 
(Filename: E:\unity\Runtime/Export/Debug/Debug.bindings.h Line: 39)

BOUNDARY PASS behind goal skills=False side=1 elevated=True awards no goal 
(Filename: E:\unity\Runtime/Export/Debug/Debug.bindings.h Line: 39)

BOUNDARY PASS behind goal skills=False side=1 elevated=True physical rebound cannot score 
(Filename: E:\unity\Runtime/Export/Debug/Debug.bindings.h Line: 39)

BOUNDARY PASS behind goal skills=False side=1 elevated=True clears out/stop state after restart 
(Filename: E:\unity\Runtime/Export/Debug/Debug.bindings.h Line: 39)

BOUNDARY PASS behind goal skills=False side=1 elevated=True ball returns to pitch 
(Filename: E:\unity\Runtime/Export/Debug/Debug.bindings.h Line: 39)

BOUNDARY PASS behind goal skills=False side=1 elevated=True restart keeps score unchanged 
(Filename: E:\unity\Runtime/Export/Debug/Debug.bindings.h Line: 39)

Unloading 4 Unused Serialized files (Serialized files now loaded: 0)
UnloadTime: 0.246400 ms

Unloading 4 unused Assets to reduce memory usage. Loaded Objects now: 1052.
Total: 1.273300 ms (FindLiveObjects: 0.056600 ms CreateObjectMapping: 0.018700 ms MarkObjects: 0.178000 ms  DeleteObjects: 1.019500 ms)

BOUNDARY PASS native Ball.Start attaches guard; skills=False 
(Filename: E:\unity\Runtime/Export/Debug/Debug.bindings.h Line: 39)

BOUNDARY PASS fresh rally is clear; skills=False 
(Filename: E:\unity\Runtime/Export/Debug/Debug.bindings.h Line: 39)

BOUNDARY PASS valid goal skills=False side=1 native trigger counts once 
(Filename: E:\unity\Runtime/Export/Debug/Debug.bindings.h Line: 39)

BOUNDARY PASS valid goal skills=False side=1 net entry is not mistaken for out 
(Filename: E:\unity\Runtime/Export/Debug/Debug.bindings.h Line: 39)

BOUNDARY PASS valid goal skills=False side=1 native restart completes 
(Filename: E:\unity\Runtime/Export/Debug/Debug.bindings.h Line: 39)

BOUNDARY PASS valid goal skills=False side=1 ball returns inside pitch 
(Filename: E:\unity\Runtime/Export/Debug/Debug.bindings.h Line: 39)

Unloading 4 Unused Serialized files (Serialized files now loaded: 0)
UnloadTime: 0.250500 ms

Unloading 4 unused Assets to reduce memory usage. Loaded Objects now: 1052.
Total: 1.203100 ms (FindLiveObjects: 0.031500 ms CreateObjectMapping: 0.008000 ms MarkObjects: 0.167900 ms  DeleteObjects: 0.995300 ms)

BOUNDARY PASS native Ball.Start attaches guard; skills=False 
(Filename: E:\unity\Runtime/Export/Debug/Debug.bindings.h Line: 39)

BOUNDARY PASS fresh rally is clear; skills=False 
(Filename: E:\unity\Runtime/Export/Debug/Debug.bindings.h Line: 39)

BOUNDARY GROUND rolling goal skills=False side=1 floor=-1.81 mouth=Center: (6.2, 0.4, 0.0), Extents: (0.1, 2.1, 0.0) ball=Center: (7.3, -1.5, -0.4), Extents: (0.3, 0.3, 0.0) 
(Filename: E:\unity\Runtime/Export/Debug/Debug.bindings.h Line: 39)

BOUNDARY PASS rolling goal skills=False side=1 counts real floor-level entry 
(Filename: E:\unity\Runtime/Export/Debug/Debug.bindings.h Line: 39)

BOUNDARY PASS rolling goal skills=False side=1 does not whistle out 
(Filename: E:\unity\Runtime/Export/Debug/Debug.bindings.h Line: 39)

BOUNDARY PASS rolling goal skills=False side=1 scores once and restarts 
(Filename: E:\unity\Runtime/Export/Debug/Debug.bindings.h Line: 39)

Unloading 4 Unused Serialized files (Serialized files now loaded: 0)
UnloadTime: 0.253000 ms

Unloading 4 unused Assets to reduce memory usage. Loaded Objects now: 1052.
Total: 1.367500 ms (FindLiveObjects: 0.052900 ms CreateObjectMapping: 0.015900 ms MarkObjects: 0.256700 ms  DeleteObjects: 1.041300 ms)

BOUNDARY PASS native Ball.Start attaches guard; skills=False 
(Filename: E:\unity\Runtime/Export/Debug/Debug.bindings.h Line: 39)

BOUNDARY PASS fresh rally is clear; skills=False 
(Filename: E:\unity\Runtime/Export/Debug/Debug.bindings.h Line: 39)

BOUNDARY CEILING upper corner skills=False side=1 speed=8 descending=False physical=2.441599 trigger=2.523735 
(Filename: E:\unity\Runtime/Export/Debug/Debug.bindings.h Line: 39)

BOUNDARY PASS upper corner skills=False side=1 speed=8 descending=False measures physical bar in current edition 
(Filename: E:\unity\Runtime/Export/Debug/Debug.bindings.h Line: 39)

BOUNDARY CORNER upper corner skills=False side=1 speed=8 descending=False ball=(5.6, 0.8) velocity=(-2.1, -5.6) score=1 out=False 
(Filename: E:\unity\Runtime/Export/Debug/Debug.bindings.h Line: 39)

BOUNDARY PASS upper corner skills=False side=1 speed=8 descending=False real flight scores exactly once 
(Filename: E:\unity\Runtime/Export/Debug/Debug.bindings.h Line: 39)

BOUNDARY PASS upper corner skills=False side=1 speed=8 descending=False is not mistaken for out 
(Filename: E:\unity\Runtime/Export/Debug/Debug.bindings.h Line: 39)

BOUNDARY PASS upper corner skills=False side=1 speed=8 descending=False restarts without duplicate score 
(Filename: E:\unity\Runtime/Export/Debug/Debug.bindings.h Line: 39)

Unloading 4 Unused Serialized files (Serialized files now loaded: 0)
UnloadTime: 0.236200 ms

Unloading 4 unused Assets to reduce memory usage. Loaded Objects now: 1052.
Total: 1.229000 ms (FindLiveObjects: 0.031500 ms CreateObjectMapping: 0.008000 ms MarkObjects: 0.231600 ms  DeleteObjects: 0.957700 ms)

BOUNDARY PASS native Ball.Start attaches guard; skills=False 
(Filename: E:\unity\Runtime/Export/Debug/Debug.bindings.h Line: 39)

BOUNDARY PASS fresh rally is clear; skills=False 
(Filename: E:\unity\Runtime/Export/Debug/Debug.bindings.h Line: 39)

BOUNDARY CEILING upper corner skills=False side=1 speed=22 descending=True physical=2.441599 trigger=2.523735 
(Filename: E:\unity\Runtime/Export/Debug/Debug.bindings.h Line: 39)

BOUNDARY PASS upper corner skills=False side=1 speed=22 descending=True measures physical bar in current edition 
(Filename: E:\unity\Runtime/Export/Debug/Debug.bindings.h Line: 39)

BOUNDARY CORNER upper corner skills=False side=1 speed=22 descending=True ball=(4.3, -0.5) velocity=(-6.4, 12.5) score=1 out=False 
(Filename: E:\unity\Runtime/Export/Debug/Debug.bindings.h Line: 39)

BOUNDARY PASS upper corner skills=False side=1 speed=22 descending=True real flight scores exactly once 
(Filename: E:\unity\Runtime/Export/Debug/Debug.bindings.h Line: 39)

BOUNDARY PASS upper corner skills=False side=1 speed=22 descending=True is not mistaken for out 
(Filename: E:\unity\Runtime/Export/Debug/Debug.bindings.h Line: 39)

BOUNDARY PASS upper corner skills=False side=1 speed=22 descending=True restarts without duplicate score 
(Filename: E:\unity\Runtime/Export/Debug/Debug.bindings.h Line: 39)

Unloading 4 Unused Serialized files (Serialized files now loaded: 0)
UnloadTime: 0.254300 ms

Unloading 4 unused Assets to reduce memory usage. Loaded Objects now: 1052.
Total: 1.120300 ms (FindLiveObjects: 0.057800 ms CreateObjectMapping: 0.008500 ms MarkObjects: 0.176800 ms  DeleteObjects: 0.877000 ms)

BOUNDARY PASS native Ball.Start attaches guard; skills=False 
(Filename: E:\unity\Runtime/Export/Debug/Debug.bindings.h Line: 39)

BOUNDARY PASS fresh rally is clear; skills=False 
(Filename: E:\unity\Runtime/Export/Debug/Debug.bindings.h Line: 39)

BOUNDARY CEILING upper corner skills=False side=1 speed=45 descending=False physical=2.441599 trigger=2.523735 
(Filename: E:\unity\Runtime/Export/Debug/Debug.bindings.h Line: 39)

BOUNDARY PASS upper corner skills=False side=1 speed=45 descending=False measures physical bar in current edition 
(Filename: E:\unity\Runtime/Export/Debug/Debug.bindings.h Line: 39)

BOUNDARY CORNER upper corner skills=False side=1 speed=45 descending=False ball=(1.6, 4.2) velocity=(-13.8, 25.4) score=1 out=False 
(Filename: E:\unity\Runtime/Export/Debug/Debug.bindings.h Line: 39)

BOUNDARY PASS upper corner skills=False side=1 speed=45 descending=False real flight scores exactly once 
(Filename: E:\unity\Runtime/Export/Debug/Debug.bindings.h Line: 39)

BOUNDARY PASS upper corner skills=False side=1 speed=45 descending=False is not mistaken for out 
(Filename: E:\unity\Runtime/Export/Debug/Debug.bindings.h Line: 39)

BOUNDARY PASS upper corner skills=False side=1 speed=45 descending=False restarts without duplicate score 
(Filename: E:\unity\Runtime/Export/Debug/Debug.bindings.h Line: 39)

Unloading 4 Unused Serialized files (Serialized files now loaded: 0)
UnloadTime: 0.238500 ms

Unloading 4 unused Assets to reduce memory usage. Loaded Objects now: 1052.
Total: 1.267200 ms (FindLiveObjects: 0.051600 ms CreateObjectMapping: 0.015200 ms MarkObjects: 0.330200 ms  DeleteObjects: 0.869500 ms)

BOUNDARY PASS native Ball.Start attaches guard; skills=False 
(Filename: E:\unity\Runtime/Export/Debug/Debug.bindings.h Line: 39)

BOUNDARY PASS fresh rally is clear; skills=False 
(Filename: E:\unity\Runtime/Export/Debug/Debug.bindings.h Line: 39)

BOUNDARY DESCENT descending upper corner skills=False side=1 ball=(7.3, 0.0) score=1 out=False 
(Filename: E:\unity\Runtime/Export/Debug/Debug.bindings.h Line: 39)

BOUNDARY PASS descending upper corner skills=False side=1 initial high overlap can descend into net 
(Filename: E:\unity\Runtime/Export/Debug/Debug.bindings.h Line: 39)

BOUNDARY PASS descending upper corner skills=False side=1 is live until valid entry 
(Filename: E:\unity\Runtime/Export/Debug/Debug.bindings.h Line: 39)

BOUNDARY PASS descending upper corner skills=False side=1 restarts and scores only once 
(Filename: E:\unity\Runtime/Export/Debug/Debug.bindings.h Line: 39)

Unloading 4 Unused Serialized files (Serialized files now loaded: 0)
UnloadTime: 0.242900 ms

Unloading 4 unused Assets to reduce memory usage. Loaded Objects now: 1052.
Total: 1.301500 ms (FindLiveObjects: 0.030100 ms CreateObjectMapping: 0.007800 ms MarkObjects: 0.259300 ms  DeleteObjects: 1.004000 ms)

BOUNDARY PASS native Ball.Start attaches guard; skills=True 
(Filename: E:\unity\Runtime/Export/Debug/Debug.bindings.h Line: 39)

BOUNDARY PASS fresh rally is clear; skills=True 
(Filename: E:\unity\Runtime/Export/Debug/Debug.bindings.h Line: 39)

BOUNDARY PASS near goal inside pitch stays live skills=True side=-1 
(Filename: E:\unity\Runtime/Export/Debug/Debug.bindings.h Line: 39)

BOUNDARY PASS near goal inside pitch stays live skills=True side=1 
(Filename: E:\unity\Runtime/Export/Debug/Debug.bindings.h Line: 39)

BOUNDARY PASS pause suspends new boundary decisions skills=True 
(Filename: E:\unity\Runtime/Export/Debug/Debug.bindings.h Line: 39)

BOUNDARY PASS resume catches ball behind goal skills=True 
(Filename: E:\unity\Runtime/Export/Debug/Debug.bindings.h Line: 39)

BOUNDARY PASS resume skills=True clears out/stop state after restart 
(Filename: E:\unity\Runtime/Export/Debug/Debug.bindings.h Line: 39)

BOUNDARY PASS resume skills=True ball returns to pitch 
(Filename: E:\unity\Runtime/Export/Debug/Debug.bindings.h Line: 39)

BOUNDARY PASS resume skills=True restart keeps score unchanged 
(Filename: E:\unity\Runtime/Export/Debug/Debug.bindings.h Line: 39)

Unloading 4 Unused Serialized files (Serialized files now loaded: 0)
UnloadTime: 0.693000 ms

Unloading 3 unused Assets to reduce memory usage. Loaded Objects now: 1058.
Total: 1.251300 ms (FindLiveObjects: 0.053600 ms CreateObjectMapping: 0.016000 ms MarkObjects: 0.203300 ms  DeleteObjects: 0.977900 ms)

BOUNDARY PASS native Ball.Start attaches guard; skills=True 
(Filename: E:\unity\Runtime/Export/Debug/Debug.bindings.h Line: 39)

BOUNDARY PASS fresh rally is clear; skills=True 
(Filename: E:\unity\Runtime/Export/Debug/Debug.bindings.h Line: 39)

BOUNDARY PASS native out skills=True side=-1 actual OutTrigger starts restart 
(Filename: E:\unity\Runtime/Export/Debug/Debug.bindings.h Line: 39)

BOUNDARY PASS native out skills=True side=-1 clears out/stop state after restart 
(Filename: E:\unity\Runtime/Export/Debug/Debug.bindings.h Line: 39)

BOUNDARY PASS native out skills=True side=-1 ball returns to pitch 
(Filename: E:\unity\Runtime/Export/Debug/Debug.bindings.h Line: 39)

BOUNDARY PASS native out skills=True side=-1 restart keeps score unchanged 
(Filename: E:\unity\Runtime/Export/Debug/Debug.bindings.h Line: 39)

Unloading 4 Unused Serialized files (Serialized files now loaded: 0)
UnloadTime: 0.241400 ms

Unloading 4 unused Assets to reduce memory usage. Loaded Objects now: 1058.
Total: 1.315500 ms (FindLiveObjects: 0.032700 ms CreateObjectMapping: 0.008400 ms MarkObjects: 0.220800 ms  DeleteObjects: 1.053000 ms)

BOUNDARY PASS native Ball.Start attaches guard; skills=True 
(Filename: E:\unity\Runtime/Export/Debug/Debug.bindings.h Line: 39)

BOUNDARY PASS fresh rally is clear; skills=True 
(Filename: E:\unity\Runtime/Export/Debug/Debug.bindings.h Line: 39)

BOUNDARY PASS behind goal skills=True side=-1 elevated=False is out instead of trapped 
(Filename: E:\unity\Runtime/Export/Debug/Debug.bindings.h Line: 39)

BOUNDARY PASS behind goal skills=True side=-1 elevated=False awards no goal 
(Filename: E:\unity\Runtime/Export/Debug/Debug.bindings.h Line: 39)

BOUNDARY PASS behind goal skills=True side=-1 elevated=False physical rebound cannot score 
(Filename: E:\unity\Runtime/Export/Debug/Debug.bindings.h Line: 39)

BOUNDARY PASS behind goal skills=True side=-1 elevated=False clears out/stop state after restart 
(Filename: E:\unity\Runtime/Export/Debug/Debug.bindings.h Line: 39)

BOUNDARY PASS behind goal skills=True side=-1 elevated=False ball returns to pitch 
(Filename: E:\unity\Runtime/Export/Debug/Debug.bindings.h Line: 39)

BOUNDARY PASS behind goal skills=True side=-1 elevated=False restart keeps score unchanged 
(Filename: E:\unity\Runtime/Export/Debug/Debug.bindings.h Line: 39)

Unloading 4 Unused Serialized files (Serialized files now loaded: 0)
UnloadTime: 0.265400 ms

Unloading 4 unused Assets to reduce memory usage. Loaded Objects now: 1058.
Total: 1.169800 ms (FindLiveObjects: 0.030600 ms CreateObjectMapping: 0.008100 ms MarkObjects: 0.216700 ms  DeleteObjects: 0.913800 ms)

BOUNDARY PASS native Ball.Start attaches guard; skills=True 
(Filename: E:\unity\Runtime/Export/Debug/Debug.bindings.h Line: 39)

BOUNDARY PASS fresh rally is clear; skills=True 
(Filename: E:\unity\Runtime/Export/Debug/Debug.bindings.h Line: 39)

BOUNDARY PASS behind goal skills=True side=-1 elevated=True is out instead of trapped 
(Filename: E:\unity\Runtime/Export/Debug/Debug.bindings.h Line: 39)

BOUNDARY PASS behind goal skills=True side=-1 elevated=True awards no goal 
(Filename: E:\unity\Runtime/Export/Debug/Debug.bindings.h Line: 39)

BOUNDARY PASS behind goal skills=True side=-1 elevated=True physical rebound cannot score 
(Filename: E:\unity\Runtime/Export/Debug/Debug.bindings.h Line: 39)

BOUNDARY PASS behind goal skills=True side=-1 elevated=True clears out/stop state after restart 
(Filename: E:\unity\Runtime/Export/Debug/Debug.bindings.h Line: 39)

BOUNDARY PASS behind goal skills=True side=-1 elevated=True ball returns to pitch 
(Filename: E:\unity\Runtime/Export/Debug/Debug.bindings.h Line: 39)

BOUNDARY PASS behind goal skills=True side=-1 elevated=True restart keeps score unchanged 
(Filename: E:\unity\Runtime/Export/Debug/Debug.bindings.h Line: 39)

Unloading 4 Unused Serialized files (Serialized files now loaded: 0)
UnloadTime: 0.260000 ms

Unloading 4 unused Assets to reduce memory usage. Loaded Objects now: 1058.
Total: 1.195300 ms (FindLiveObjects: 0.063300 ms CreateObjectMapping: 0.014000 ms MarkObjects: 0.204000 ms  DeleteObjects: 0.913800 ms)

BOUNDARY PASS native Ball.Start attaches guard; skills=True 
(Filename: E:\unity\Runtime/Export/Debug/Debug.bindings.h Line: 39)

BOUNDARY PASS fresh rally is clear; skills=True 
(Filename: E:\unity\Runtime/Export/Debug/Debug.bindings.h Line: 39)

BOUNDARY PASS valid goal skills=True side=-1 native trigger counts once 
(Filename: E:\unity\Runtime/Export/Debug/Debug.bindings.h Line: 39)

BOUNDARY PASS valid goal skills=True side=-1 net entry is not mistaken for out 
(Filename: E:\unity\Runtime/Export/Debug/Debug.bindings.h Line: 39)

BOUNDARY PASS valid goal skills=True side=-1 native restart completes 
(Filename: E:\unity\Runtime/Export/Debug/Debug.bindings.h Line: 39)

BOUNDARY PASS valid goal skills=True side=-1 ball returns inside pitch 
(Filename: E:\unity\Runtime/Export/Debug/Debug.bindings.h Line: 39)

Unloading 4 Unused Serialized files (Serialized files now loaded: 0)
UnloadTime: 0.257500 ms

Unloading 4 unused Assets to reduce memory usage. Loaded Objects now: 1058.
Total: 1.068700 ms (FindLiveObjects: 0.030600 ms CreateObjectMapping: 0.007800 ms MarkObjects: 0.161000 ms  DeleteObjects: 0.869100 ms)

BOUNDARY PASS native Ball.Start attaches guard; skills=True 
(Filename: E:\unity\Runtime/Export/Debug/Debug.bindings.h Line: 39)

BOUNDARY PASS fresh rally is clear; skills=True 
(Filename: E:\unity\Runtime/Export/Debug/Debug.bindings.h Line: 39)

BOUNDARY GROUND rolling goal skills=True side=-1 floor=-1.81 mouth=Center: (-6.1, 0.4, 0.0), Extents: (0.1, 2.1, 0.0) ball=Center: (-7.2, -1.5, -0.4), Extents: (0.3, 0.3, 0.0) 
(Filename: E:\unity\Runtime/Export/Debug/Debug.bindings.h Line: 39)

BOUNDARY PASS rolling goal skills=True side=-1 counts real floor-level entry 
(Filename: E:\unity\Runtime/Export/Debug/Debug.bindings.h Line: 39)

BOUNDARY PASS rolling goal skills=True side=-1 does not whistle out 
(Filename: E:\unity\Runtime/Export/Debug/Debug.bindings.h Line: 39)

BOUNDARY PASS rolling goal skills=True side=-1 scores once and restarts 
(Filename: E:\unity\Runtime/Export/Debug/Debug.bindings.h Line: 39)

Unloading 4 Unused Serialized files (Serialized files now loaded: 0)
UnloadTime: 0.289300 ms

Unloading 4 unused Assets to reduce memory usage. Loaded Objects now: 1058.
Total: 1.125600 ms (FindLiveObjects: 0.049500 ms CreateObjectMapping: 0.009800 ms MarkObjects: 0.170000 ms  DeleteObjects: 0.895900 ms)

BOUNDARY PASS native Ball.Start attaches guard; skills=True 
(Filename: E:\unity\Runtime/Export/Debug/Debug.bindings.h Line: 39)

BOUNDARY PASS fresh rally is clear; skills=True 
(Filename: E:\unity\Runtime/Export/Debug/Debug.bindings.h Line: 39)

BOUNDARY CEILING upper corner skills=True side=-1 speed=8 descending=False physical=2.441599 trigger=2.523735 
(Filename: E:\unity\Runtime/Export/Debug/Debug.bindings.h Line: 39)

BOUNDARY PASS upper corner skills=True side=-1 speed=8 descending=False measures physical bar in current edition 
(Filename: E:\unity\Runtime/Export/Debug/Debug.bindings.h Line: 39)

BOUNDARY CORNER upper corner skills=True side=-1 speed=8 descending=False ball=(-5.5, 0.7) velocity=(2.1, -5.6) score=1 out=False 
(Filename: E:\unity\Runtime/Export/Debug/Debug.bindings.h Line: 39)

BOUNDARY PASS upper corner skills=True side=-1 speed=8 descending=False real flight scores exactly once 
(Filename: E:\unity\Runtime/Export/Debug/Debug.bindings.h Line: 39)

BOUNDARY PASS upper corner skills=True side=-1 speed=8 descending=False is not mistaken for out 
(Filename: E:\unity\Runtime/Export/Debug/Debug.bindings.h Line: 39)

BOUNDARY PASS upper corner skills=True side=-1 speed=8 descending=False restarts without duplicate score 
(Filename: E:\unity\Runtime/Export/Debug/Debug.bindings.h Line: 39)

Unloading 4 Unused Serialized files (Serialized files now loaded: 0)
UnloadTime: 0.247200 ms

Unloading 4 unused Assets to reduce memory usage. Loaded Objects now: 1058.
Total: 1.148300 ms (FindLiveObjects: 0.050300 ms CreateObjectMapping: 0.009600 ms MarkObjects: 0.170000 ms  DeleteObjects: 0.918200 ms)

BOUNDARY PASS native Ball.Start attaches guard; skills=True 
(Filename: E:\unity\Runtime/Export/Debug/Debug.bindings.h Line: 39)

BOUNDARY PASS fresh rally is clear; skills=True 
(Filename: E:\unity\Runtime/Export/Debug/Debug.bindings.h Line: 39)

BOUNDARY CEILING upper corner skills=True side=-1 speed=22 descending=True physical=2.441599 trigger=2.523735 
(Filename: E:\unity\Runtime/Export/Debug/Debug.bindings.h Line: 39)

BOUNDARY PASS upper corner skills=True side=-1 speed=22 descending=True measures physical bar in current edition 
(Filename: E:\unity\Runtime/Export/Debug/Debug.bindings.h Line: 39)

BOUNDARY CORNER upper corner skills=True side=-1 speed=22 descending=True ball=(-4.3, -0.4) velocity=(6.4, 12.5) score=1 out=False 
(Filename: E:\unity\Runtime/Export/Debug/Debug.bindings.h Line: 39)

BOUNDARY PASS upper corner skills=True side=-1 speed=22 descending=True real flight scores exactly once 
(Filename: E:\unity\Runtime/Export/Debug/Debug.bindings.h Line: 39)

BOUNDARY PASS upper corner skills=True side=-1 speed=22 descending=True is not mistaken for out 
(Filename: E:\unity\Runtime/Export/Debug/Debug.bindings.h Line: 39)

BOUNDARY PASS upper corner skills=True side=-1 speed=22 descending=True restarts without duplicate score 
(Filename: E:\unity\Runtime/Export/Debug/Debug.bindings.h Line: 39)

Unloading 4 Unused Serialized files (Serialized files now loaded: 0)
UnloadTime: 0.308200 ms

Unloading 4 unused Assets to reduce memory usage. Loaded Objects now: 1058.
Total: 1.080700 ms (FindLiveObjects: 0.057300 ms CreateObjectMapping: 0.018600 ms MarkObjects: 0.179500 ms  DeleteObjects: 0.824800 ms)

BOUNDARY PASS native Ball.Start attaches guard; skills=True 
(Filename: E:\unity\Runtime/Export/Debug/Debug.bindings.h Line: 39)

BOUNDARY PASS fresh rally is clear; skills=True 
(Filename: E:\unity\Runtime/Export/Debug/Debug.bindings.h Line: 39)

BOUNDARY CEILING upper corner skills=True side=-1 speed=45 descending=False physical=2.441599 trigger=2.523735 
(Filename: E:\unity\Runtime/Export/Debug/Debug.bindings.h Line: 39)

BOUNDARY PASS upper corner skills=True side=-1 speed=45 descending=False measures physical bar in current edition 
(Filename: E:\unity\Runtime/Export/Debug/Debug.bindings.h Line: 39)

BOUNDARY CORNER upper corner skills=True side=-1 speed=45 descending=False ball=(-1.6, 4.2) velocity=(13.8, 25.4) score=1 out=False 
(Filename: E:\unity\Runtime/Export/Debug/Debug.bindings.h Line: 39)

BOUNDARY PASS upper corner skills=True side=-1 speed=45 descending=False real flight scores exactly once 
(Filename: E:\unity\Runtime/Export/Debug/Debug.bindings.h Line: 39)

BOUNDARY PASS upper corner skills=True side=-1 speed=45 descending=False is not mistaken for out 
(Filename: E:\unity\Runtime/Export/Debug/Debug.bindings.h Line: 39)

Curl error 7: Failed to connect to 127.0.0.1 port 7897: Bad access
 
(Filename:  Line: 867)

BOUNDARY PASS upper corner skills=True side=-1 speed=45 descending=False restarts without duplicate score 
(Filename: E:\unity\Runtime/Export/Debug/Debug.bindings.h Line: 39)

Unloading 4 Unused Serialized files (Serialized files now loaded: 0)
UnloadTime: 0.285400 ms

Unloading 4 unused Assets to reduce memory usage. Loaded Objects now: 1058.
Total: 1.207600 ms (FindLiveObjects: 0.032100 ms CreateObjectMapping: 0.007800 ms MarkObjects: 0.202800 ms  DeleteObjects: 0.964300 ms)

BOUNDARY PASS native Ball.Start attaches guard; skills=True 
(Filename: E:\unity\Runtime/Export/Debug/Debug.bindings.h Line: 39)

BOUNDARY PASS fresh rally is clear; skills=True 
(Filename: E:\unity\Runtime/Export/Debug/Debug.bindings.h Line: 39)

BOUNDARY DESCENT descending upper corner skills=True side=-1 ball=(-7.2, 0.0) score=1 out=False 
(Filename: E:\unity\Runtime/Export/Debug/Debug.bindings.h Line: 39)

BOUNDARY PASS descending upper corner skills=True side=-1 initial high overlap can descend into net 
(Filename: E:\unity\Runtime/Export/Debug/Debug.bindings.h Line: 39)

BOUNDARY PASS descending upper corner skills=True side=-1 is live until valid entry 
(Filename: E:\unity\Runtime/Export/Debug/Debug.bindings.h Line: 39)

BOUNDARY PASS descending upper corner skills=True side=-1 restarts and scores only once 
(Filename: E:\unity\Runtime/Export/Debug/Debug.bindings.h Line: 39)

Unloading 4 Unused Serialized files (Serialized files now loaded: 0)
UnloadTime: 0.290900 ms

Unloading 4 unused Assets to reduce memory usage. Loaded Objects now: 1058.
Total: 1.259000 ms (FindLiveObjects: 0.038100 ms CreateObjectMapping: 0.008800 ms MarkObjects: 0.217900 ms  DeleteObjects: 0.993500 ms)

BOUNDARY PASS native Ball.Start attaches guard; skills=True 
(Filename: E:\unity\Runtime/Export/Debug/Debug.bindings.h Line: 39)

BOUNDARY PASS fresh rally is clear; skills=True 
(Filename: E:\unity\Runtime/Export/Debug/Debug.bindings.h Line: 39)

BOUNDARY PASS native out skills=True side=1 actual OutTrigger starts restart 
(Filename: E:\unity\Runtime/Export/Debug/Debug.bindings.h Line: 39)

BOUNDARY PASS native out skills=True side=1 clears out/stop state after restart 
(Filename: E:\unity\Runtime/Export/Debug/Debug.bindings.h Line: 39)

BOUNDARY PASS native out skills=True side=1 ball returns to pitch 
(Filename: E:\unity\Runtime/Export/Debug/Debug.bindings.h Line: 39)

BOUNDARY PASS native out skills=True side=1 restart keeps score unchanged 
(Filename: E:\unity\Runtime/Export/Debug/Debug.bindings.h Line: 39)

Unloading 4 Unused Serialized files (Serialized files now loaded: 0)
UnloadTime: 0.312700 ms

Unloading 4 unused Assets to reduce memory usage. Loaded Objects now: 1058.
Total: 1.177000 ms (FindLiveObjects: 0.036500 ms CreateObjectMapping: 0.008500 ms MarkObjects: 0.246100 ms  DeleteObjects: 0.885600 ms)

BOUNDARY PASS native Ball.Start attaches guard; skills=True 
(Filename: E:\unity\Runtime/Export/Debug/Debug.bindings.h Line: 39)

BOUNDARY PASS fresh rally is clear; skills=True 
(Filename: E:\unity\Runtime/Export/Debug/Debug.bindings.h Line: 39)

BOUNDARY PASS behind goal skills=True side=1 elevated=False is out instead of trapped 
(Filename: E:\unity\Runtime/Export/Debug/Debug.bindings.h Line: 39)

BOUNDARY PASS behind goal skills=True side=1 elevated=False awards no goal 
(Filename: E:\unity\Runtime/Export/Debug/Debug.bindings.h Line: 39)

BOUNDARY PASS behind goal skills=True side=1 elevated=False physical rebound cannot score 
(Filename: E:\unity\Runtime/Export/Debug/Debug.bindings.h Line: 39)

BOUNDARY PASS behind goal skills=True side=1 elevated=False clears out/stop state after restart 
(Filename: E:\unity\Runtime/Export/Debug/Debug.bindings.h Line: 39)

BOUNDARY PASS behind goal skills=True side=1 elevated=False ball returns to pitch 
(Filename: E:\unity\Runtime/Export/Debug/Debug.bindings.h Line: 39)

BOUNDARY PASS behind goal skills=True side=1 elevated=False restart keeps score unchanged 
(Filename: E:\unity\Runtime/Export/Debug/Debug.bindings.h Line: 39)

Unloading 4 Unused Serialized files (Serialized files now loaded: 0)
UnloadTime: 0.259600 ms

Unloading 4 unused Assets to reduce memory usage. Loaded Objects now: 1058.
Total: 1.697400 ms (FindLiveObjects: 0.053600 ms CreateObjectMapping: 0.017000 ms MarkObjects: 0.555300 ms  DeleteObjects: 1.070800 ms)

BOUNDARY PASS native Ball.Start attaches guard; skills=True 
(Filename: E:\unity\Runtime/Export/Debug/Debug.bindings.h Line: 39)

BOUNDARY PASS fresh rally is clear; skills=True 
(Filename: E:\unity\Runtime/Export/Debug/Debug.bindings.h Line: 39)

BOUNDARY PASS behind goal skills=True side=1 elevated=True is out instead of trapped 
(Filename: E:\unity\Runtime/Export/Debug/Debug.bindings.h Line: 39)

BOUNDARY PASS behind goal skills=True side=1 elevated=True awards no goal 
(Filename: E:\unity\Runtime/Export/Debug/Debug.bindings.h Line: 39)

BOUNDARY PASS behind goal skills=True side=1 elevated=True physical rebound cannot score 
(Filename: E:\unity\Runtime/Export/Debug/Debug.bindings.h Line: 39)

BOUNDARY PASS behind goal skills=True side=1 elevated=True clears out/stop state after restart 
(Filename: E:\unity\Runtime/Export/Debug/Debug.bindings.h Line: 39)

BOUNDARY PASS behind goal skills=True side=1 elevated=True ball returns to pitch 
(Filename: E:\unity\Runtime/Export/Debug/Debug.bindings.h Line: 39)

BOUNDARY PASS behind goal skills=True side=1 elevated=True restart keeps score unchanged 
(Filename: E:\unity\Runtime/Export/Debug/Debug.bindings.h Line: 39)

Unloading 4 Unused Serialized files (Serialized files now loaded: 0)
UnloadTime: 0.250600 ms

Unloading 4 unused Assets to reduce memory usage. Loaded Objects now: 1058.
Total: 1.258800 ms (FindLiveObjects: 0.033100 ms CreateObjectMapping: 0.008500 ms MarkObjects: 0.187000 ms  DeleteObjects: 1.030100 ms)

BOUNDARY PASS native Ball.Start attaches guard; skills=True 
(Filename: E:\unity\Runtime/Export/Debug/Debug.bindings.h Line: 39)

BOUNDARY PASS fresh rally is clear; skills=True 
(Filename: E:\unity\Runtime/Export/Debug/Debug.bindings.h Line: 39)

BOUNDARY PASS valid goal skills=True side=1 native trigger counts once 
(Filename: E:\unity\Runtime/Export/Debug/Debug.bindings.h Line: 39)

BOUNDARY PASS valid goal skills=True side=1 net entry is not mistaken for out 
(Filename: E:\unity\Runtime/Export/Debug/Debug.bindings.h Line: 39)

BOUNDARY PASS valid goal skills=True side=1 native restart completes 
(Filename: E:\unity\Runtime/Export/Debug/Debug.bindings.h Line: 39)

BOUNDARY PASS valid goal skills=True side=1 ball returns inside pitch 
(Filename: E:\unity\Runtime/Export/Debug/Debug.bindings.h Line: 39)

Unloading 4 Unused Serialized files (Serialized files now loaded: 0)
UnloadTime: 0.256400 ms

Unloading 4 unused Assets to reduce memory usage. Loaded Objects now: 1058.
Total: 1.200500 ms (FindLiveObjects: 0.031900 ms CreateObjectMapping: 0.007900 ms MarkObjects: 0.173700 ms  DeleteObjects: 0.986600 ms)

BOUNDARY PASS native Ball.Start attaches guard; skills=True 
(Filename: E:\unity\Runtime/Export/Debug/Debug.bindings.h Line: 39)

BOUNDARY PASS fresh rally is clear; skills=True 
(Filename: E:\unity\Runtime/Export/Debug/Debug.bindings.h Line: 39)

BOUNDARY GROUND rolling goal skills=True side=1 floor=-1.81 mouth=Center: (6.2, 0.4, 0.0), Extents: (0.1, 2.1, 0.0) ball=Center: (7.3, -1.5, -0.4), Extents: (0.3, 0.3, 0.0) 
(Filename: E:\unity\Runtime/Export/Debug/Debug.bindings.h Line: 39)

BOUNDARY PASS rolling goal skills=True side=1 counts real floor-level entry 
(Filename: E:\unity\Runtime/Export/Debug/Debug.bindings.h Line: 39)

BOUNDARY PASS rolling goal skills=True side=1 does not whistle out 
(Filename: E:\unity\Runtime/Export/Debug/Debug.bindings.h Line: 39)

BOUNDARY PASS rolling goal skills=True side=1 scores once and restarts 
(Filename: E:\unity\Runtime/Export/Debug/Debug.bindings.h Line: 39)

Unloading 4 Unused Serialized files (Serialized files now loaded: 0)
UnloadTime: 0.288500 ms

Unloading 4 unused Assets to reduce memory usage. Loaded Objects now: 1058.
Total: 1.260100 ms (FindLiveObjects: 0.038000 ms CreateObjectMapping: 0.008700 ms MarkObjects: 0.234900 ms  DeleteObjects: 0.978200 ms)

BOUNDARY PASS native Ball.Start attaches guard; skills=True 
(Filename: E:\unity\Runtime/Export/Debug/Debug.bindings.h Line: 39)

BOUNDARY PASS fresh rally is clear; skills=True 
(Filename: E:\unity\Runtime/Export/Debug/Debug.bindings.h Line: 39)

BOUNDARY CEILING upper corner skills=True side=1 speed=8 descending=False physical=2.441599 trigger=2.523735 
(Filename: E:\unity\Runtime/Export/Debug/Debug.bindings.h Line: 39)

BOUNDARY PASS upper corner skills=True side=1 speed=8 descending=False measures physical bar in current edition 
(Filename: E:\unity\Runtime/Export/Debug/Debug.bindings.h Line: 39)

BOUNDARY CORNER upper corner skills=True side=1 speed=8 descending=False ball=(5.5, 0.7) velocity=(-2.1, -5.6) score=1 out=False 
(Filename: E:\unity\Runtime/Export/Debug/Debug.bindings.h Line: 39)

BOUNDARY PASS upper corner skills=True side=1 speed=8 descending=False real flight scores exactly once 
(Filename: E:\unity\Runtime/Export/Debug/Debug.bindings.h Line: 39)

BOUNDARY PASS upper corner skills=True side=1 speed=8 descending=False is not mistaken for out 
(Filename: E:\unity\Runtime/Export/Debug/Debug.bindings.h Line: 39)

BOUNDARY PASS upper corner skills=True side=1 speed=8 descending=False restarts without duplicate score 
(Filename: E:\unity\Runtime/Export/Debug/Debug.bindings.h Line: 39)

Unloading 4 Unused Serialized files (Serialized files now loaded: 0)
UnloadTime: 0.256900 ms

Unloading 4 unused Assets to reduce memory usage. Loaded Objects now: 1058.
Total: 1.171100 ms (FindLiveObjects: 0.034600 ms CreateObjectMapping: 0.009200 ms MarkObjects: 0.211900 ms  DeleteObjects: 0.914900 ms)

BOUNDARY PASS native Ball.Start attaches guard; skills=True 
(Filename: E:\unity\Runtime/Export/Debug/Debug.bindings.h Line: 39)

BOUNDARY PASS fresh rally is clear; skills=True 
(Filename: E:\unity\Runtime/Export/Debug/Debug.bindings.h Line: 39)

BOUNDARY CEILING upper corner skills=True side=1 speed=22 descending=True physical=2.441599 trigger=2.523735 
(Filename: E:\unity\Runtime/Export/Debug/Debug.bindings.h Line: 39)

BOUNDARY PASS upper corner skills=True side=1 speed=22 descending=True measures physical bar in current edition 
(Filename: E:\unity\Runtime/Export/Debug/Debug.bindings.h Line: 39)

BOUNDARY CORNER upper corner skills=True side=1 speed=22 descending=True ball=(4.3, -0.5) velocity=(-6.4, 12.5) score=1 out=False 
(Filename: E:\unity\Runtime/Export/Debug/Debug.bindings.h Line: 39)

BOUNDARY PASS upper corner skills=True side=1 speed=22 descending=True real flight scores exactly once 
(Filename: E:\unity\Runtime/Export/Debug/Debug.bindings.h Line: 39)

BOUNDARY PASS upper corner skills=True side=1 speed=22 descending=True is not mistaken for out 
(Filename: E:\unity\Runtime/Export/Debug/Debug.bindings.h Line: 39)

BOUNDARY PASS upper corner skills=True side=1 speed=22 descending=True restarts without duplicate score 
(Filename: E:\unity\Runtime/Export/Debug/Debug.bindings.h Line: 39)

Unloading 4 Unused Serialized files (Serialized files now loaded: 0)
UnloadTime: 0.324000 ms

Unloading 4 unused Assets to reduce memory usage. Loaded Objects now: 1058.
Total: 1.204600 ms (FindLiveObjects: 0.069900 ms CreateObjectMapping: 0.008700 ms MarkObjects: 0.247800 ms  DeleteObjects: 0.877700 ms)

BOUNDARY PASS native Ball.Start attaches guard; skills=True 
(Filename: E:\unity\Runtime/Export/Debug/Debug.bindings.h Line: 39)

BOUNDARY PASS fresh rally is clear; skills=True 
(Filename: E:\unity\Runtime/Export/Debug/Debug.bindings.h Line: 39)

BOUNDARY CEILING upper corner skills=True side=1 speed=45 descending=False physical=2.441599 trigger=2.523735 
(Filename: E:\unity\Runtime/Export/Debug/Debug.bindings.h Line: 39)

BOUNDARY PASS upper corner skills=True side=1 speed=45 descending=False measures physical bar in current edition 
(Filename: E:\unity\Runtime/Export/Debug/Debug.bindings.h Line: 39)

BOUNDARY CORNER upper corner skills=True side=1 speed=45 descending=False ball=(1.6, 4.2) velocity=(-13.8, 25.4) score=1 out=False 
(Filename: E:\unity\Runtime/Export/Debug/Debug.bindings.h Line: 39)

BOUNDARY PASS upper corner skills=True side=1 speed=45 descending=False real flight scores exactly once 
(Filename: E:\unity\Runtime/Export/Debug/Debug.bindings.h Line: 39)

BOUNDARY PASS upper corner skills=True side=1 speed=45 descending=False is not mistaken for out 
(Filename: E:\unity\Runtime/Export/Debug/Debug.bindings.h Line: 39)

BOUNDARY PASS upper corner skills=True side=1 speed=45 descending=False restarts without duplicate score 
(Filename: E:\unity\Runtime/Export/Debug/Debug.bindings.h Line: 39)

Unloading 4 Unused Serialized files (Serialized files now loaded: 0)
UnloadTime: 0.311500 ms

Unloading 4 unused Assets to reduce memory usage. Loaded Objects now: 1058.
Total: 1.296300 ms (FindLiveObjects: 0.060900 ms CreateObjectMapping: 0.016600 ms MarkObjects: 0.304200 ms  DeleteObjects: 0.914000 ms)

BOUNDARY PASS native Ball.Start attaches guard; skills=True 
(Filename: E:\unity\Runtime/Export/Debug/Debug.bindings.h Line: 39)

BOUNDARY PASS fresh rally is clear; skills=True 
(Filename: E:\unity\Runtime/Export/Debug/Debug.bindings.h Line: 39)

BOUNDARY DESCENT descending upper corner skills=True side=1 ball=(7.3, 0.0) score=1 out=False 
(Filename: E:\unity\Runtime/Export/Debug/Debug.bindings.h Line: 39)

BOUNDARY PASS descending upper corner skills=True side=1 initial high overlap can descend into net 
(Filename: E:\unity\Runtime/Export/Debug/Debug.bindings.h Line: 39)

BOUNDARY PASS descending upper corner skills=True side=1 is live until valid entry 
(Filename: E:\unity\Runtime/Export/Debug/Debug.bindings.h Line: 39)

BOUNDARY PASS descending upper corner skills=True side=1 restarts and scores only once 
(Filename: E:\unity\Runtime/Export/Debug/Debug.bindings.h Line: 39)

BOUNDARY COMPLETE checks=242 failures=0 
(Filename: E:\unity\Runtime/Export/Debug/Debug.bindings.h Line: 39)

Setting up 12 worker threads for Enlighten.
  Thread -> id: 54a8 -> priority: 1 
  Thread -> id: 59a4 -> priority: 1 
  Thread -> id: 23c8 -> priority: 1 
  Thread -> id: 1fc0 -> priority: 1 
  Thread -> id: b28 -> priority: 1 
  Thread -> id: 57f4 -> priority: 1 
  Thread -> id: 5570 -> priority: 1 
  Thread -> id: 7724 -> priority: 1 
  Thread -> id: 679c -> priority: 1 
  Thread -> id: 619c -> priority: 1 
  Thread -> id: 8b34 -> priority: 1 
  Thread -> id: 1d28 -> priority: 1 
