Process is running in low integrity mode...
Mono path[0] = 'C:/Users/Alienware/Desktop/范志毅VS赵鹏/范志毅VS赵鹏 PC双人版（32位）/鑼冨織姣匳S璧甸箯 PC鍙屼汉鐗堬紙32浣嶏級/AI Mod Source/build/corner-drop-test-player-original/FanZhiYi_Data/Managed'
Mono config path = 'C:/Users/Alienware/Desktop/范志毅VS赵鹏/范志毅VS赵鹏 PC双人版（32位）/鑼冨織姣匳S璧甸箯 PC鍙屼汉鐗堬紙32浣嶏級/AI Mod Source/build/corner-drop-test-player-original/MonoBleedingEdge/etc'
AS: AutoStreaming module initializing.Initialize engine version: 2019.4.33f1c1 (c2f94a8bebb3)
[Subsystems] Discovering subsystems at path C:/Users/Alienware/Desktop/范志毅VS赵鹏/范志毅VS赵鹏 PC双人版（32位）/鑼冨織姣匳S璧甸箯 PC鍙屼汉鐗堬紙32浣嶏級/AI Mod Source/build/corner-drop-test-player-original/FanZhiYi_Data/UnitySubsystems
GfxDevice: creating device client; threaded=1
Direct3D:
    Version:  Direct3D 11.0 [level 11.1]
    Renderer: NVIDIA GeForce RTX 5070 Laptop GPU (ID=0x2d58)
    Vendor:   (null)
    VRAM:     3072 MB
Begin MonoManager ReloadAssembly
- Completed reload, in  0.114 seconds
<RI> Initializing input.
<RI> Input initialized.
<RI> Initialized touch support.
UnloadTime: 0.559800 ms
Curl error 7: Failed to connect to 127.0.0.1 port 7897: Bad access
 
(Filename:  Line: 867)

Curl error 7: Failed to connect to 127.0.0.1 port 7897: Bad access
 
(Filename:  Line: 867)

Curl error 7: Failed to connect to 127.0.0.1 port 7897: Bad access
 
(Filename:  Line: 867)

Curl error 7: Failed to connect to 127.0.0.1 port 7897: Bad access
 
(Filename:  Line: 867)

Unloading 5 Unused Serialized files (Serialized files now loaded: 0)
UnloadTime: 0.170600 ms

Unloading 143 unused Assets to reduce memory usage. Loaded Objects now: 1009.
Total: 0.585600 ms (FindLiveObjects: 0.048900 ms CreateObjectMapping: 0.009700 ms MarkObjects: 0.225400 ms  DeleteObjects: 0.301300 ms)

DROP HEIGHT floor=-1.81 shin=0.7456 radius=0.2585001 low=-1.4372 
(Filename: E:\unity\Runtime/Export/Debug/Debug.bindings.h Line: 39)

DROP PASS standing shin reference follows edition size 
(Filename: E:\unity\Runtime/Export/Debug/Debug.bindings.h Line: 39)

DROP PASS front ball flying away does not auto drop 
(Filename: E:\unity\Runtime/Export/Debug/Debug.bindings.h Line: 39)

DROP PASS stationary ball does not auto drop 
(Filename: E:\unity\Runtime/Export/Debug/Debug.bindings.h Line: 39)

DROP PASS rear incoming ball requires manual key 
(Filename: E:\unity\Runtime/Export/Debug/Debug.bindings.h Line: 39)

DROP PASS high incoming ball stays above fixed standing shin threshold 
(Filename: E:\unity\Runtime/Export/Debug/Debug.bindings.h Line: 39)

DROP PASS steep downward ball is not low flat flight 
(Filename: E:\unity\Runtime/Export/Debug/Debug.bindings.h Line: 39)

DROP PASS distant low ball does not cause premature drop 
(Filename: E:\unity\Runtime/Export/Debug/Debug.bindings.h Line: 39)

DROP PASS near front low flat incoming ball is eligible 
(Filename: E:\unity\Runtime/Export/Debug/Debug.bindings.h Line: 39)

DROP PASS paused game does not auto drop 
(Filename: E:\unity\Runtime/Export/Debug/Debug.bindings.h Line: 39)

DROP PASS stopped rally does not auto drop 
(Filename: E:\unity\Runtime/Export/Debug/Debug.bindings.h Line: 39)

DROP PASS manual S with front ball cannot bypass automatic conditions 
(Filename: E:\unity\Runtime/Export/Debug/Debug.bindings.h Line: 39)

Unloading 4 Unused Serialized files (Serialized files now loaded: 0)
UnloadTime: 1.075000 ms

Unloading 37 unused Assets to reduce memory usage. Loaded Objects now: 1057.
Total: 1.325600 ms (FindLiveObjects: 0.040800 ms CreateObjectMapping: 0.008900 ms MarkObjects: 0.298300 ms  DeleteObjects: 0.976900 ms)

DROP PASS grounded player does not trigger air descent 
(Filename: E:\unity\Runtime/Export/Debug/Debug.bindings.h Line: 39)

Unloading 4 Unused Serialized files (Serialized files now loaded: 0)
UnloadTime: 0.295500 ms

Unloading 2 unused Assets to reduce memory usage. Loaded Objects now: 1057.
Total: 1.528400 ms (FindLiveObjects: 0.067600 ms CreateObjectMapping: 0.009800 ms MarkObjects: 0.308400 ms  DeleteObjects: 1.141900 ms)

Curl error 7: Failed to connect to 127.0.0.1 port 7897: Bad access
 
(Filename:  Line: 867)

DROP PASS skills=False rear=False press=False remap=False semi-auto activation follows front/rear rules 
(Filename: E:\unity\Runtime/Export/Debug/Debug.bindings.h Line: 39)

DROP PASS skills=False rear=False press=False remap=False descent preserves connected skeleton 
(Filename: E:\unity\Runtime/Export/Debug/Debug.bindings.h Line: 39)

DROP PASS skills=False rear=False press=False remap=False all native joints retained 
(Filename: E:\unity\Runtime/Export/Debug/Debug.bindings.h Line: 39)

Unloading 4 Unused Serialized files (Serialized files now loaded: 0)
UnloadTime: 0.274500 ms

Unloading 2 unused Assets to reduce memory usage. Loaded Objects now: 1057.
Total: 1.652800 ms (FindLiveObjects: 0.076000 ms CreateObjectMapping: 0.018300 ms MarkObjects: 0.306600 ms  DeleteObjects: 1.251200 ms)

DROP PASS skills=False rear=True press=True remap=False semi-auto activation follows front/rear rules 
(Filename: E:\unity\Runtime/Export/Debug/Debug.bindings.h Line: 39)

DROP PASS skills=False rear=True press=True remap=False descent preserves connected skeleton 
(Filename: E:\unity\Runtime/Export/Debug/Debug.bindings.h Line: 39)

DROP PASS skills=False rear=True press=True remap=False all native joints retained 
(Filename: E:\unity\Runtime/Export/Debug/Debug.bindings.h Line: 39)

Unloading 4 Unused Serialized files (Serialized files now loaded: 0)
UnloadTime: 0.261200 ms

Unloading 2 unused Assets to reduce memory usage. Loaded Objects now: 1057.
Total: 1.248300 ms (FindLiveObjects: 0.041100 ms CreateObjectMapping: 0.008900 ms MarkObjects: 0.209100 ms  DeleteObjects: 0.988800 ms)

DROP PASS skills=True rear=False press=False remap=False semi-auto activation follows front/rear rules 
(Filename: E:\unity\Runtime/Export/Debug/Debug.bindings.h Line: 39)

DROP PASS skills=True rear=False press=False remap=False descent preserves connected skeleton 
(Filename: E:\unity\Runtime/Export/Debug/Debug.bindings.h Line: 39)

DROP PASS skills=True rear=False press=False remap=False all native joints retained 
(Filename: E:\unity\Runtime/Export/Debug/Debug.bindings.h Line: 39)

DROP PASS skills=True rear=False press=False remap=False fast descent stays bounded 
(Filename: E:\unity\Runtime/Export/Debug/Debug.bindings.h Line: 39)

DROP PASS skills=True rear=False press=False remap=False lands through actual ground collision 
(Filename: E:\unity\Runtime/Export/Debug/Debug.bindings.h Line: 39)

DROP PASS skills=True rear=False press=False remap=False landing ends assistance 
(Filename: E:\unity\Runtime/Export/Debug/Debug.bindings.h Line: 39)

DROP PASS skills=True rear=False press=False remap=False reset clears animation 
(Filename: E:\unity\Runtime/Export/Debug/Debug.bindings.h Line: 39)

Unloading 4 Unused Serialized files (Serialized files now loaded: 0)
UnloadTime: 0.278300 ms

Unloading 2 unused Assets to reduce memory usage. Loaded Objects now: 1057.
Total: 1.233100 ms (FindLiveObjects: 0.038900 ms CreateObjectMapping: 0.009100 ms MarkObjects: 0.220000 ms  DeleteObjects: 0.964600 ms)

DROP PASS skills=True rear=True press=False remap=False semi-auto activation follows front/rear rules 
(Filename: E:\unity\Runtime/Export/Debug/Debug.bindings.h Line: 39)

DROP PASS skills=True rear=True press=False remap=False descent preserves connected skeleton 
(Filename: E:\unity\Runtime/Export/Debug/Debug.bindings.h Line: 39)

DROP PASS skills=True rear=True press=False remap=False all native joints retained 
(Filename: E:\unity\Runtime/Export/Debug/Debug.bindings.h Line: 39)

Unloading 4 Unused Serialized files (Serialized files now loaded: 0)
UnloadTime: 0.317600 ms

Unloading 2 unused Assets to reduce memory usage. Loaded Objects now: 1057.
Total: 1.284700 ms (FindLiveObjects: 0.044900 ms CreateObjectMapping: 0.008600 ms MarkObjects: 0.249100 ms  DeleteObjects: 0.981400 ms)

DROP PASS skills=True rear=True press=True remap=False semi-auto activation follows front/rear rules 
(Filename: E:\unity\Runtime/Export/Debug/Debug.bindings.h Line: 39)

DROP PASS skills=True rear=True press=True remap=False descent preserves connected skeleton 
(Filename: E:\unity\Runtime/Export/Debug/Debug.bindings.h Line: 39)

DROP PASS skills=True rear=True press=True remap=False all native joints retained 
(Filename: E:\unity\Runtime/Export/Debug/Debug.bindings.h Line: 39)

DROP PASS skills=True rear=True press=True remap=False fast descent stays bounded 
(Filename: E:\unity\Runtime/Export/Debug/Debug.bindings.h Line: 39)

DROP PASS skills=True rear=True press=True remap=False lands through actual ground collision 
(Filename: E:\unity\Runtime/Export/Debug/Debug.bindings.h Line: 39)

DROP PASS skills=True rear=True press=True remap=False landing ends assistance 
(Filename: E:\unity\Runtime/Export/Debug/Debug.bindings.h Line: 39)

DROP PASS skills=True rear=True press=True remap=False reset clears animation 
(Filename: E:\unity\Runtime/Export/Debug/Debug.bindings.h Line: 39)

Unloading 4 Unused Serialized files (Serialized files now loaded: 0)
UnloadTime: 0.376300 ms

Unloading 2 unused Assets to reduce memory usage. Loaded Objects now: 1057.
Total: 1.174000 ms (FindLiveObjects: 0.057900 ms CreateObjectMapping: 0.017900 ms MarkObjects: 0.211700 ms  DeleteObjects: 0.886100 ms)

DROP PASS custom down key accepted 
(Filename: E:\unity\Runtime/Export/Debug/Debug.bindings.h Line: 39)

DROP PASS skills=True rear=True press=True remap=True semi-auto activation follows front/rear rules 
(Filename: E:\unity\Runtime/Export/Debug/Debug.bindings.h Line: 39)

DROP PASS skills=True rear=True press=True remap=True descent preserves connected skeleton 
(Filename: E:\unity\Runtime/Export/Debug/Debug.bindings.h Line: 39)

DROP PASS skills=True rear=True press=True remap=True all native joints retained 
(Filename: E:\unity\Runtime/Export/Debug/Debug.bindings.h Line: 39)

DROP PASS skills=True rear=True press=True remap=True fast descent stays bounded 
(Filename: E:\unity\Runtime/Export/Debug/Debug.bindings.h Line: 39)

DROP PASS skills=True rear=True press=True remap=True lands through actual ground collision 
(Filename: E:\unity\Runtime/Export/Debug/Debug.bindings.h Line: 39)

DROP PASS skills=True rear=True press=True remap=True landing ends assistance 
(Filename: E:\unity\Runtime/Export/Debug/Debug.bindings.h Line: 39)

DROP PASS skills=True rear=True press=True remap=True reset clears animation 
(Filename: E:\unity\Runtime/Export/Debug/Debug.bindings.h Line: 39)

DROP COMPLETE checks=43 failures=0 
(Filename: E:\unity\Runtime/Export/Debug/Debug.bindings.h Line: 39)

Setting up 12 worker threads for Enlighten.
  Thread -> id: 1dbc -> priority: 1 
  Thread -> id: 91ac -> priority: 1 
  Thread -> id: 9da0 -> priority: 1 
  Thread -> id: 150c -> priority: 1 
  Thread -> id: 52d4 -> priority: 1 
  Thread -> id: 6214 -> priority: 1 
  Thread -> id: 89a8 -> priority: 1 
  Thread -> id: 1014 -> priority: 1 
  Thread -> id: 470c -> priority: 1 
  Thread -> id: 9db4 -> priority: 1 
  Thread -> id: 78dc -> priority: 1 
  Thread -> id: 4c90 -> priority: 1 
