Process is running in low integrity mode...
Mono path[0] = 'C:/Users/Alienware/Desktop/范志毅VS赵鹏/范志毅VS赵鹏 PC双人版（32位）/鑼冨織姣匳S璧甸箯 PC鍙屼汉鐗堬紙32浣嶏級/AI Mod Source/build/corner-drop-test-player-experiment/FanZhiYi_Data/Managed'
Mono config path = 'C:/Users/Alienware/Desktop/范志毅VS赵鹏/范志毅VS赵鹏 PC双人版（32位）/鑼冨織姣匳S璧甸箯 PC鍙屼汉鐗堬紙32浣嶏級/AI Mod Source/build/corner-drop-test-player-experiment/MonoBleedingEdge/etc'
AS: AutoStreaming module initializing.Initialize engine version: 2019.4.33f1c1 (c2f94a8bebb3)
[Subsystems] Discovering subsystems at path C:/Users/Alienware/Desktop/范志毅VS赵鹏/范志毅VS赵鹏 PC双人版（32位）/鑼冨織姣匳S璧甸箯 PC鍙屼汉鐗堬紙32浣嶏級/AI Mod Source/build/corner-drop-test-player-experiment/FanZhiYi_Data/UnitySubsystems
GfxDevice: creating device client; threaded=1
Direct3D:
    Version:  Direct3D 11.0 [level 11.1]
    Renderer: NVIDIA GeForce RTX 5070 Laptop GPU (ID=0x2d58)
    Vendor:   (null)
    VRAM:     3072 MB
Begin MonoManager ReloadAssembly
- Completed reload, in  0.117 seconds
<RI> Initializing input.
<RI> Input initialized.
<RI> Initialized touch support.
UnloadTime: 0.566300 ms
Curl error 7: Failed to connect to 127.0.0.1 port 7897: Bad access
 
(Filename:  Line: 867)

Curl error 7: Failed to connect to 127.0.0.1 port 7897: Bad access
 
(Filename:  Line: 867)

Curl error 7: Failed to connect to 127.0.0.1 port 7897: Bad access
 
(Filename:  Line: 867)

Curl error 7: Failed to connect to 127.0.0.1 port 7897: Bad access
 
(Filename:  Line: 867)

Unloading 5 Unused Serialized files (Serialized files now loaded: 0)
UnloadTime: 0.160100 ms

Unloading 143 unused Assets to reduce memory usage. Loaded Objects now: 1009.
Total: 0.573100 ms (FindLiveObjects: 0.037800 ms CreateObjectMapping: 0.018000 ms MarkObjects: 0.181300 ms  DeleteObjects: 0.335700 ms)

DROP HEIGHT floor=-1.81 shin=0.5592 radius=0.1938753 low=-1.5304 
(Filename: E:\unity\Runtime/Export/Debug/Debug.bindings.h Line: 39)

DROP PASS standing shin reference follows edition size 
(Filename: E:\unity\Runtime/Export/Debug/Debug.bindings.h Line: 39)

DROP PASS front ball flying away does not auto drop 
(Filename: E:\unity\Runtime/Export/Debug/Debug.bindings.h Line: 39)

DROP PASS stationary ball does not auto drop 
(Filename: E:\unity\Runtime/Export/Debug/Debug.bindings.h Line: 39)

DROP PASS rear incoming ball requires manual key 
(Filename: E:\unity\Runtime/Export/Debug/Debug.bindings.h Line: 39)

DROP PASS high incoming ball stays above fixed standing shin threshold 
(Filename: E:\unity\Runtime/Export/Debug/Debug.bindings.h Line: 39)

DROP PASS steep downward ball is not low flat flight 
(Filename: E:\unity\Runtime/Export/Debug/Debug.bindings.h Line: 39)

DROP PASS distant low ball does not cause premature drop 
(Filename: E:\unity\Runtime/Export/Debug/Debug.bindings.h Line: 39)

DROP PASS near front low flat incoming ball is eligible 
(Filename: E:\unity\Runtime/Export/Debug/Debug.bindings.h Line: 39)

DROP PASS paused game does not auto drop 
(Filename: E:\unity\Runtime/Export/Debug/Debug.bindings.h Line: 39)

DROP PASS stopped rally does not auto drop 
(Filename: E:\unity\Runtime/Export/Debug/Debug.bindings.h Line: 39)

DROP PASS manual S with front ball cannot bypass automatic conditions 
(Filename: E:\unity\Runtime/Export/Debug/Debug.bindings.h Line: 39)

Unloading 4 Unused Serialized files (Serialized files now loaded: 0)
UnloadTime: 1.000700 ms

Unloading 37 unused Assets to reduce memory usage. Loaded Objects now: 1059.
Total: 1.622900 ms (FindLiveObjects: 0.072100 ms CreateObjectMapping: 0.009100 ms MarkObjects: 0.338500 ms  DeleteObjects: 1.202500 ms)

DROP PASS grounded player does not trigger air descent 
(Filename: E:\unity\Runtime/Export/Debug/Debug.bindings.h Line: 39)

Unloading 4 Unused Serialized files (Serialized files now loaded: 0)
UnloadTime: 0.293700 ms

Unloading 2 unused Assets to reduce memory usage. Loaded Objects now: 1059.
Total: 1.278800 ms (FindLiveObjects: 0.038900 ms CreateObjectMapping: 0.008700 ms MarkObjects: 0.230500 ms  DeleteObjects: 1.000400 ms)

Curl error 7: Failed to connect to 127.0.0.1 port 7897: Bad access
 
(Filename:  Line: 867)

DROP PASS skills=False rear=False press=False remap=False semi-auto activation follows front/rear rules 
(Filename: E:\unity\Runtime/Export/Debug/Debug.bindings.h Line: 39)

DROP PASS skills=False rear=False press=False remap=False descent preserves connected skeleton 
(Filename: E:\unity\Runtime/Export/Debug/Debug.bindings.h Line: 39)

DROP PASS skills=False rear=False press=False remap=False all native joints retained 
(Filename: E:\unity\Runtime/Export/Debug/Debug.bindings.h Line: 39)

Unloading 4 Unused Serialized files (Serialized files now loaded: 0)
UnloadTime: 0.279100 ms

Unloading 2 unused Assets to reduce memory usage. Loaded Objects now: 1059.
Total: 1.359600 ms (FindLiveObjects: 0.034800 ms CreateObjectMapping: 0.008100 ms MarkObjects: 0.260000 ms  DeleteObjects: 1.056400 ms)

DROP PASS skills=False rear=True press=True remap=False semi-auto activation follows front/rear rules 
(Filename: E:\unity\Runtime/Export/Debug/Debug.bindings.h Line: 39)

DROP PASS skills=False rear=True press=True remap=False descent preserves connected skeleton 
(Filename: E:\unity\Runtime/Export/Debug/Debug.bindings.h Line: 39)

DROP PASS skills=False rear=True press=True remap=False all native joints retained 
(Filename: E:\unity\Runtime/Export/Debug/Debug.bindings.h Line: 39)

Unloading 4 Unused Serialized files (Serialized files now loaded: 0)
UnloadTime: 0.289700 ms

Unloading 2 unused Assets to reduce memory usage. Loaded Objects now: 1059.
Total: 1.140200 ms (FindLiveObjects: 0.061200 ms CreateObjectMapping: 0.018000 ms MarkObjects: 0.241600 ms  DeleteObjects: 0.818900 ms)

DROP PASS skills=True rear=False press=False remap=False semi-auto activation follows front/rear rules 
(Filename: E:\unity\Runtime/Export/Debug/Debug.bindings.h Line: 39)

DROP PASS skills=True rear=False press=False remap=False descent preserves connected skeleton 
(Filename: E:\unity\Runtime/Export/Debug/Debug.bindings.h Line: 39)

DROP PASS skills=True rear=False press=False remap=False all native joints retained 
(Filename: E:\unity\Runtime/Export/Debug/Debug.bindings.h Line: 39)

DROP PASS skills=True rear=False press=False remap=False fast descent stays bounded 
(Filename: E:\unity\Runtime/Export/Debug/Debug.bindings.h Line: 39)

DROP PASS skills=True rear=False press=False remap=False lands through actual ground collision 
(Filename: E:\unity\Runtime/Export/Debug/Debug.bindings.h Line: 39)

DROP PASS skills=True rear=False press=False remap=False landing ends assistance 
(Filename: E:\unity\Runtime/Export/Debug/Debug.bindings.h Line: 39)

DROP PASS skills=True rear=False press=False remap=False reset clears animation 
(Filename: E:\unity\Runtime/Export/Debug/Debug.bindings.h Line: 39)

Unloading 4 Unused Serialized files (Serialized files now loaded: 0)
UnloadTime: 0.313000 ms

Unloading 2 unused Assets to reduce memory usage. Loaded Objects now: 1059.
Total: 1.360900 ms (FindLiveObjects: 0.056600 ms CreateObjectMapping: 0.016600 ms MarkObjects: 0.198700 ms  DeleteObjects: 1.088400 ms)

DROP PASS skills=True rear=True press=False remap=False semi-auto activation follows front/rear rules 
(Filename: E:\unity\Runtime/Export/Debug/Debug.bindings.h Line: 39)

DROP PASS skills=True rear=True press=False remap=False descent preserves connected skeleton 
(Filename: E:\unity\Runtime/Export/Debug/Debug.bindings.h Line: 39)

DROP PASS skills=True rear=True press=False remap=False all native joints retained 
(Filename: E:\unity\Runtime/Export/Debug/Debug.bindings.h Line: 39)

Unloading 4 Unused Serialized files (Serialized files now loaded: 0)
UnloadTime: 0.321400 ms

Unloading 2 unused Assets to reduce memory usage. Loaded Objects now: 1059.
Total: 1.332800 ms (FindLiveObjects: 0.064300 ms CreateObjectMapping: 0.018800 ms MarkObjects: 0.315600 ms  DeleteObjects: 0.933400 ms)

DROP PASS skills=True rear=True press=True remap=False semi-auto activation follows front/rear rules 
(Filename: E:\unity\Runtime/Export/Debug/Debug.bindings.h Line: 39)

DROP PASS skills=True rear=True press=True remap=False descent preserves connected skeleton 
(Filename: E:\unity\Runtime/Export/Debug/Debug.bindings.h Line: 39)

DROP PASS skills=True rear=True press=True remap=False all native joints retained 
(Filename: E:\unity\Runtime/Export/Debug/Debug.bindings.h Line: 39)

DROP PASS skills=True rear=True press=True remap=False fast descent stays bounded 
(Filename: E:\unity\Runtime/Export/Debug/Debug.bindings.h Line: 39)

DROP PASS skills=True rear=True press=True remap=False lands through actual ground collision 
(Filename: E:\unity\Runtime/Export/Debug/Debug.bindings.h Line: 39)

DROP PASS skills=True rear=True press=True remap=False landing ends assistance 
(Filename: E:\unity\Runtime/Export/Debug/Debug.bindings.h Line: 39)

DROP PASS skills=True rear=True press=True remap=False reset clears animation 
(Filename: E:\unity\Runtime/Export/Debug/Debug.bindings.h Line: 39)

Unloading 4 Unused Serialized files (Serialized files now loaded: 0)
UnloadTime: 0.330500 ms

Unloading 2 unused Assets to reduce memory usage. Loaded Objects now: 1059.
Total: 1.398400 ms (FindLiveObjects: 0.060800 ms CreateObjectMapping: 0.018500 ms MarkObjects: 0.233800 ms  DeleteObjects: 1.084700 ms)

DROP PASS custom down key accepted 
(Filename: E:\unity\Runtime/Export/Debug/Debug.bindings.h Line: 39)

DROP PASS skills=True rear=True press=True remap=True semi-auto activation follows front/rear rules 
(Filename: E:\unity\Runtime/Export/Debug/Debug.bindings.h Line: 39)

DROP PASS skills=True rear=True press=True remap=True descent preserves connected skeleton 
(Filename: E:\unity\Runtime/Export/Debug/Debug.bindings.h Line: 39)

DROP PASS skills=True rear=True press=True remap=True all native joints retained 
(Filename: E:\unity\Runtime/Export/Debug/Debug.bindings.h Line: 39)

DROP PASS skills=True rear=True press=True remap=True fast descent stays bounded 
(Filename: E:\unity\Runtime/Export/Debug/Debug.bindings.h Line: 39)

DROP PASS skills=True rear=True press=True remap=True lands through actual ground collision 
(Filename: E:\unity\Runtime/Export/Debug/Debug.bindings.h Line: 39)

DROP PASS skills=True rear=True press=True remap=True landing ends assistance 
(Filename: E:\unity\Runtime/Export/Debug/Debug.bindings.h Line: 39)

DROP PASS skills=True rear=True press=True remap=True reset clears animation 
(Filename: E:\unity\Runtime/Export/Debug/Debug.bindings.h Line: 39)

DROP COMPLETE checks=43 failures=0 
(Filename: E:\unity\Runtime/Export/Debug/Debug.bindings.h Line: 39)

Setting up 12 worker threads for Enlighten.
  Thread -> id: 9994 -> priority: 1 
  Thread -> id: 85c0 -> priority: 1 
  Thread -> id: 624c -> priority: 1 
  Thread -> id: a64 -> priority: 1 
  Thread -> id: 45bc -> priority: 1 
  Thread -> id: 8fe0 -> priority: 1 
  Thread -> id: 9b38 -> priority: 1 
  Thread -> id: 34b4 -> priority: 1 
  Thread -> id: 9f50 -> priority: 1 
  Thread -> id: 3394 -> priority: 1 
  Thread -> id: 89f4 -> priority: 1 
  Thread -> id: a1b4 -> priority: 1 
