Process is running in low integrity mode...
Mono path[0] = 'C:/Users/Alienware/Desktop/范志毅VS赵鹏/范志毅VS赵鹏 PC双人版（32位）/鑼冨織姣匳S璧甸箯 PC鍙屼汉鐗堬紙32浣嶏級/AI Mod Source/build/corner-drop-test-player-experiment/FanZhiYi_Data/Managed'
Mono config path = 'C:/Users/Alienware/Desktop/范志毅VS赵鹏/范志毅VS赵鹏 PC双人版（32位）/鑼冨織姣匳S璧甸箯 PC鍙屼汉鐗堬紙32浣嶏級/AI Mod Source/build/corner-drop-test-player-experiment/MonoBleedingEdge/etc'
AS: AutoStreaming module initializing.Initialize engine version: 2019.4.33f1c1 (c2f94a8bebb3)
[Subsystems] Discovering subsystems at path C:/Users/Alienware/Desktop/范志毅VS赵鹏/范志毅VS赵鹏 PC双人版（32位）/鑼冨織姣匳S璧甸箯 PC鍙屼汉鐗堬紙32浣嶏級/AI Mod Source/build/corner-drop-test-player-experiment/FanZhiYi_Data/UnitySubsystems
GfxDevice: creating device client; threaded=1
Direct3D:
    Version:  Direct3D 11.0 [level 11.1]
    Renderer: NVIDIA GeForce RTX 5070 Laptop GPU (ID=0x2d58)
    Vendor:   (null)
    VRAM:     3072 MB
Begin MonoManager ReloadAssembly
- Completed reload, in  0.117 seconds
<RI> Initializing input.
<RI> Input initialized.
<RI> Initialized touch support.
UnloadTime: 0.469100 ms
Curl error 7: Failed to connect to 127.0.0.1 port 7897: Bad access
 
(Filename:  Line: 867)

Curl error 7: Failed to connect to 127.0.0.1 port 7897: Bad access
 
(Filename:  Line: 867)

Curl error 7: Failed to connect to 127.0.0.1 port 7897: Bad access
 
(Filename:  Line: 867)

Curl error 7: Failed to connect to 127.0.0.1 port 7897: Bad access
 
(Filename:  Line: 867)

Unloading 5 Unused Serialized files (Serialized files now loaded: 0)
UnloadTime: 0.168200 ms

Unloading 143 unused Assets to reduce memory usage. Loaded Objects now: 1010.
Total: 0.441500 ms (FindLiveObjects: 0.048900 ms CreateObjectMapping: 0.017500 ms MarkObjects: 0.186900 ms  DeleteObjects: 0.187900 ms)

BOUNDARY PASS native Ball.Start attaches guard; skills=False 
(Filename: E:\unity\Runtime/Export/Debug/Debug.bindings.h Line: 39)

BOUNDARY PASS fresh rally is clear; skills=False 
(Filename: E:\unity\Runtime/Export/Debug/Debug.bindings.h Line: 39)

BOUNDARY PASS near goal inside pitch stays live skills=False side=-1 
(Filename: E:\unity\Runtime/Export/Debug/Debug.bindings.h Line: 39)

BOUNDARY PASS near goal inside pitch stays live skills=False side=1 
(Filename: E:\unity\Runtime/Export/Debug/Debug.bindings.h Line: 39)

BOUNDARY PASS pause suspends new boundary decisions skills=False 
(Filename: E:\unity\Runtime/Export/Debug/Debug.bindings.h Line: 39)

BOUNDARY PASS resume catches ball behind goal skills=False 
(Filename: E:\unity\Runtime/Export/Debug/Debug.bindings.h Line: 39)

Curl error 7: Failed to connect to 127.0.0.1 port 7897: Bad access
 
(Filename:  Line: 867)

BOUNDARY PASS resume skills=False clears out/stop state after restart 
(Filename: E:\unity\Runtime/Export/Debug/Debug.bindings.h Line: 39)

BOUNDARY PASS resume skills=False ball returns to pitch 
(Filename: E:\unity\Runtime/Export/Debug/Debug.bindings.h Line: 39)

BOUNDARY PASS resume skills=False restart keeps score unchanged 
(Filename: E:\unity\Runtime/Export/Debug/Debug.bindings.h Line: 39)

Unloading 4 Unused Serialized files (Serialized files now loaded: 0)
UnloadTime: 0.394100 ms

Unloading 38 unused Assets to reduce memory usage. Loaded Objects now: 1054.
Total: 1.187600 ms (FindLiveObjects: 0.037300 ms CreateObjectMapping: 0.008800 ms MarkObjects: 0.255400 ms  DeleteObjects: 0.885800 ms)

BOUNDARY PASS native Ball.Start attaches guard; skills=False 
(Filename: E:\unity\Runtime/Export/Debug/Debug.bindings.h Line: 39)

BOUNDARY PASS fresh rally is clear; skills=False 
(Filename: E:\unity\Runtime/Export/Debug/Debug.bindings.h Line: 39)

BOUNDARY PASS native out skills=False side=-1 actual OutTrigger starts restart 
(Filename: E:\unity\Runtime/Export/Debug/Debug.bindings.h Line: 39)

BOUNDARY PASS native out skills=False side=-1 clears out/stop state after restart 
(Filename: E:\unity\Runtime/Export/Debug/Debug.bindings.h Line: 39)

BOUNDARY PASS native out skills=False side=-1 ball returns to pitch 
(Filename: E:\unity\Runtime/Export/Debug/Debug.bindings.h Line: 39)

BOUNDARY PASS native out skills=False side=-1 restart keeps score unchanged 
(Filename: E:\unity\Runtime/Export/Debug/Debug.bindings.h Line: 39)

Unloading 4 Unused Serialized files (Serialized files now loaded: 0)
UnloadTime: 0.301100 ms

Unloading 4 unused Assets to reduce memory usage. Loaded Objects now: 1054.
Total: 1.363500 ms (FindLiveObjects: 0.035800 ms CreateObjectMapping: 0.008700 ms MarkObjects: 0.226900 ms  DeleteObjects: 1.091800 ms)

BOUNDARY PASS native Ball.Start attaches guard; skills=False 
(Filename: E:\unity\Runtime/Export/Debug/Debug.bindings.h Line: 39)

BOUNDARY PASS fresh rally is clear; skills=False 
(Filename: E:\unity\Runtime/Export/Debug/Debug.bindings.h Line: 39)

BOUNDARY PASS behind goal skills=False side=-1 elevated=False is out instead of trapped 
(Filename: E:\unity\Runtime/Export/Debug/Debug.bindings.h Line: 39)

BOUNDARY PASS behind goal skills=False side=-1 elevated=False awards no goal 
(Filename: E:\unity\Runtime/Export/Debug/Debug.bindings.h Line: 39)

BOUNDARY PASS behind goal skills=False side=-1 elevated=False physical rebound cannot score 
(Filename: E:\unity\Runtime/Export/Debug/Debug.bindings.h Line: 39)

BOUNDARY PASS behind goal skills=False side=-1 elevated=False clears out/stop state after restart 
(Filename: E:\unity\Runtime/Export/Debug/Debug.bindings.h Line: 39)

BOUNDARY PASS behind goal skills=False side=-1 elevated=False ball returns to pitch 
(Filename: E:\unity\Runtime/Export/Debug/Debug.bindings.h Line: 39)

BOUNDARY PASS behind goal skills=False side=-1 elevated=False restart keeps score unchanged 
(Filename: E:\unity\Runtime/Export/Debug/Debug.bindings.h Line: 39)

Unloading 4 Unused Serialized files (Serialized files now loaded: 0)
UnloadTime: 0.271500 ms

Unloading 4 unused Assets to reduce memory usage. Loaded Objects now: 1054.
Total: 1.502700 ms (FindLiveObjects: 0.051000 ms CreateObjectMapping: 0.015600 ms MarkObjects: 0.338600 ms  DeleteObjects: 1.096800 ms)

BOUNDARY PASS native Ball.Start attaches guard; skills=False 
(Filename: E:\unity\Runtime/Export/Debug/Debug.bindings.h Line: 39)

BOUNDARY PASS fresh rally is clear; skills=False 
(Filename: E:\unity\Runtime/Export/Debug/Debug.bindings.h Line: 39)

BOUNDARY PASS behind goal skills=False side=-1 elevated=True is out instead of trapped 
(Filename: E:\unity\Runtime/Export/Debug/Debug.bindings.h Line: 39)

BOUNDARY PASS behind goal skills=False side=-1 elevated=True awards no goal 
(Filename: E:\unity\Runtime/Export/Debug/Debug.bindings.h Line: 39)

BOUNDARY PASS behind goal skills=False side=-1 elevated=True physical rebound cannot score 
(Filename: E:\unity\Runtime/Export/Debug/Debug.bindings.h Line: 39)

BOUNDARY PASS behind goal skills=False side=-1 elevated=True clears out/stop state after restart 
(Filename: E:\unity\Runtime/Export/Debug/Debug.bindings.h Line: 39)

BOUNDARY PASS behind goal skills=False side=-1 elevated=True ball returns to pitch 
(Filename: E:\unity\Runtime/Export/Debug/Debug.bindings.h Line: 39)

BOUNDARY PASS behind goal skills=False side=-1 elevated=True restart keeps score unchanged 
(Filename: E:\unity\Runtime/Export/Debug/Debug.bindings.h Line: 39)

Unloading 4 Unused Serialized files (Serialized files now loaded: 0)
UnloadTime: 0.280300 ms

Unloading 4 unused Assets to reduce memory usage. Loaded Objects now: 1054.
Total: 1.262200 ms (FindLiveObjects: 0.031300 ms CreateObjectMapping: 0.008000 ms MarkObjects: 0.174500 ms  DeleteObjects: 1.047900 ms)

BOUNDARY PASS native Ball.Start attaches guard; skills=False 
(Filename: E:\unity\Runtime/Export/Debug/Debug.bindings.h Line: 39)

BOUNDARY PASS fresh rally is clear; skills=False 
(Filename: E:\unity\Runtime/Export/Debug/Debug.bindings.h Line: 39)

BOUNDARY PASS valid goal skills=False side=-1 native trigger counts once 
(Filename: E:\unity\Runtime/Export/Debug/Debug.bindings.h Line: 39)

BOUNDARY PASS valid goal skills=False side=-1 net entry is not mistaken for out 
(Filename: E:\unity\Runtime/Export/Debug/Debug.bindings.h Line: 39)

BOUNDARY PASS valid goal skills=False side=-1 native restart completes 
(Filename: E:\unity\Runtime/Export/Debug/Debug.bindings.h Line: 39)

BOUNDARY PASS valid goal skills=False side=-1 ball returns inside pitch 
(Filename: E:\unity\Runtime/Export/Debug/Debug.bindings.h Line: 39)

Unloading 4 Unused Serialized files (Serialized files now loaded: 0)
UnloadTime: 0.222800 ms

Unloading 4 unused Assets to reduce memory usage. Loaded Objects now: 1054.
Total: 1.091700 ms (FindLiveObjects: 0.072300 ms CreateObjectMapping: 0.007800 ms MarkObjects: 0.158600 ms  DeleteObjects: 0.852800 ms)

BOUNDARY PASS native Ball.Start attaches guard; skills=False 
(Filename: E:\unity\Runtime/Export/Debug/Debug.bindings.h Line: 39)

BOUNDARY PASS fresh rally is clear; skills=False 
(Filename: E:\unity\Runtime/Export/Debug/Debug.bindings.h Line: 39)

BOUNDARY GROUND rolling goal skills=False side=-1 floor=-1.81 mouth=Center: (-6.1, 0.0, 0.0), Extents: (0.1, 1.7, 0.0) ball=Center: (-7.2, -1.6, -0.4), Extents: (0.2, 0.2, 0.0) 
(Filename: E:\unity\Runtime/Export/Debug/Debug.bindings.h Line: 39)

BOUNDARY PASS rolling goal skills=False side=-1 counts real floor-level entry 
(Filename: E:\unity\Runtime/Export/Debug/Debug.bindings.h Line: 39)

BOUNDARY PASS rolling goal skills=False side=-1 does not whistle out 
(Filename: E:\unity\Runtime/Export/Debug/Debug.bindings.h Line: 39)

BOUNDARY PASS rolling goal skills=False side=-1 scores once and restarts 
(Filename: E:\unity\Runtime/Export/Debug/Debug.bindings.h Line: 39)

Unloading 4 Unused Serialized files (Serialized files now loaded: 0)
UnloadTime: 0.267700 ms

Unloading 4 unused Assets to reduce memory usage. Loaded Objects now: 1054.
Total: 1.081100 ms (FindLiveObjects: 0.052100 ms CreateObjectMapping: 0.008300 ms MarkObjects: 0.175200 ms  DeleteObjects: 0.845300 ms)

BOUNDARY PASS native Ball.Start attaches guard; skills=False 
(Filename: E:\unity\Runtime/Export/Debug/Debug.bindings.h Line: 39)

BOUNDARY PASS fresh rally is clear; skills=False 
(Filename: E:\unity\Runtime/Export/Debug/Debug.bindings.h Line: 39)

BOUNDARY CEILING upper corner skills=False side=-1 speed=8 descending=False physical=1.591279 trigger=1.656988 
(Filename: E:\unity\Runtime/Export/Debug/Debug.bindings.h Line: 39)

BOUNDARY PASS upper corner skills=False side=-1 speed=8 descending=False measures physical bar in current edition 
(Filename: E:\unity\Runtime/Export/Debug/Debug.bindings.h Line: 39)

BOUNDARY CORNER upper corner skills=False side=-1 speed=8 descending=False ball=(-5.9, -0.1) velocity=(0.8, -5.8) score=1 out=False 
(Filename: E:\unity\Runtime/Export/Debug/Debug.bindings.h Line: 39)

BOUNDARY PASS upper corner skills=False side=-1 speed=8 descending=False real flight scores exactly once 
(Filename: E:\unity\Runtime/Export/Debug/Debug.bindings.h Line: 39)

BOUNDARY PASS upper corner skills=False side=-1 speed=8 descending=False is not mistaken for out 
(Filename: E:\unity\Runtime/Export/Debug/Debug.bindings.h Line: 39)

BOUNDARY PASS upper corner skills=False side=-1 speed=8 descending=False restarts without duplicate score 
(Filename: E:\unity\Runtime/Export/Debug/Debug.bindings.h Line: 39)

Unloading 4 Unused Serialized files (Serialized files now loaded: 0)
UnloadTime: 0.277500 ms

Unloading 4 unused Assets to reduce memory usage. Loaded Objects now: 1054.
Total: 1.140300 ms (FindLiveObjects: 0.049900 ms CreateObjectMapping: 0.015400 ms MarkObjects: 0.187900 ms  DeleteObjects: 0.886800 ms)

BOUNDARY PASS native Ball.Start attaches guard; skills=False 
(Filename: E:\unity\Runtime/Export/Debug/Debug.bindings.h Line: 39)

BOUNDARY PASS fresh rally is clear; skills=False 
(Filename: E:\unity\Runtime/Export/Debug/Debug.bindings.h Line: 39)

BOUNDARY CEILING upper corner skills=False side=-1 speed=22 descending=True physical=1.591279 trigger=1.656988 
(Filename: E:\unity\Runtime/Export/Debug/Debug.bindings.h Line: 39)

BOUNDARY PASS upper corner skills=False side=-1 speed=22 descending=True measures physical bar in current edition 
(Filename: E:\unity\Runtime/Export/Debug/Debug.bindings.h Line: 39)

BOUNDARY CORNER upper corner skills=False side=-1 speed=22 descending=True ball=(-5.2, 0.1) velocity=(4.5, 12.8) score=1 out=False 
(Filename: E:\unity\Runtime/Export/Debug/Debug.bindings.h Line: 39)

BOUNDARY PASS upper corner skills=False side=-1 speed=22 descending=True real flight scores exactly once 
(Filename: E:\unity\Runtime/Export/Debug/Debug.bindings.h Line: 39)

BOUNDARY PASS upper corner skills=False side=-1 speed=22 descending=True is not mistaken for out 
(Filename: E:\unity\Runtime/Export/Debug/Debug.bindings.h Line: 39)

BOUNDARY PASS upper corner skills=False side=-1 speed=22 descending=True restarts without duplicate score 
(Filename: E:\unity\Runtime/Export/Debug/Debug.bindings.h Line: 39)

Unloading 4 Unused Serialized files (Serialized files now loaded: 0)
UnloadTime: 0.269900 ms

Unloading 4 unused Assets to reduce memory usage. Loaded Objects now: 1054.
Total: 1.155300 ms (FindLiveObjects: 0.030800 ms CreateObjectMapping: 0.008400 ms MarkObjects: 0.196200 ms  DeleteObjects: 0.919500 ms)

BOUNDARY PASS native Ball.Start attaches guard; skills=False 
(Filename: E:\unity\Runtime/Export/Debug/Debug.bindings.h Line: 39)

BOUNDARY PASS fresh rally is clear; skills=False 
(Filename: E:\unity\Runtime/Export/Debug/Debug.bindings.h Line: 39)

BOUNDARY CEILING upper corner skills=False side=-1 speed=45 descending=False physical=1.591279 trigger=1.656988 
(Filename: E:\unity\Runtime/Export/Debug/Debug.bindings.h Line: 39)

BOUNDARY PASS upper corner skills=False side=-1 speed=45 descending=False measures physical bar in current edition 
(Filename: E:\unity\Runtime/Export/Debug/Debug.bindings.h Line: 39)

BOUNDARY CORNER upper corner skills=False side=-1 speed=45 descending=False ball=(-3.2, 5.0) velocity=(10.0, 26.3) score=1 out=False 
(Filename: E:\unity\Runtime/Export/Debug/Debug.bindings.h Line: 39)

BOUNDARY PASS upper corner skills=False side=-1 speed=45 descending=False real flight scores exactly once 
(Filename: E:\unity\Runtime/Export/Debug/Debug.bindings.h Line: 39)

BOUNDARY PASS upper corner skills=False side=-1 speed=45 descending=False is not mistaken for out 
(Filename: E:\unity\Runtime/Export/Debug/Debug.bindings.h Line: 39)

BOUNDARY PASS upper corner skills=False side=-1 speed=45 descending=False restarts without duplicate score 
(Filename: E:\unity\Runtime/Export/Debug/Debug.bindings.h Line: 39)

Unloading 4 Unused Serialized files (Serialized files now loaded: 0)
UnloadTime: 0.304700 ms

Unloading 4 unused Assets to reduce memory usage. Loaded Objects now: 1054.
Total: 1.101500 ms (FindLiveObjects: 0.036900 ms CreateObjectMapping: 0.009000 ms MarkObjects: 0.228700 ms  DeleteObjects: 0.826300 ms)

BOUNDARY PASS native Ball.Start attaches guard; skills=False 
(Filename: E:\unity\Runtime/Export/Debug/Debug.bindings.h Line: 39)

BOUNDARY PASS fresh rally is clear; skills=False 
(Filename: E:\unity\Runtime/Export/Debug/Debug.bindings.h Line: 39)

BOUNDARY DESCENT descending upper corner skills=False side=-1 ball=(-7.3, -0.8) score=1 out=False 
(Filename: E:\unity\Runtime/Export/Debug/Debug.bindings.h Line: 39)

BOUNDARY PASS descending upper corner skills=False side=-1 initial high overlap can descend into net 
(Filename: E:\unity\Runtime/Export/Debug/Debug.bindings.h Line: 39)

BOUNDARY PASS descending upper corner skills=False side=-1 is live until valid entry 
(Filename: E:\unity\Runtime/Export/Debug/Debug.bindings.h Line: 39)

Curl error 7: Failed to connect to 127.0.0.1 port 7897: Bad access
 
(Filename:  Line: 867)

BOUNDARY PASS descending upper corner skills=False side=-1 restarts and scores only once 
(Filename: E:\unity\Runtime/Export/Debug/Debug.bindings.h Line: 39)

Unloading 4 Unused Serialized files (Serialized files now loaded: 0)
UnloadTime: 0.243100 ms

Unloading 4 unused Assets to reduce memory usage. Loaded Objects now: 1054.
Total: 1.176700 ms (FindLiveObjects: 0.056800 ms CreateObjectMapping: 0.009000 ms MarkObjects: 0.174100 ms  DeleteObjects: 0.936500 ms)

BOUNDARY PASS native Ball.Start attaches guard; skills=False 
(Filename: E:\unity\Runtime/Export/Debug/Debug.bindings.h Line: 39)

BOUNDARY PASS fresh rally is clear; skills=False 
(Filename: E:\unity\Runtime/Export/Debug/Debug.bindings.h Line: 39)

BOUNDARY PASS native out skills=False side=1 actual OutTrigger starts restart 
(Filename: E:\unity\Runtime/Export/Debug/Debug.bindings.h Line: 39)

BOUNDARY PASS native out skills=False side=1 clears out/stop state after restart 
(Filename: E:\unity\Runtime/Export/Debug/Debug.bindings.h Line: 39)

BOUNDARY PASS native out skills=False side=1 ball returns to pitch 
(Filename: E:\unity\Runtime/Export/Debug/Debug.bindings.h Line: 39)

BOUNDARY PASS native out skills=False side=1 restart keeps score unchanged 
(Filename: E:\unity\Runtime/Export/Debug/Debug.bindings.h Line: 39)

Unloading 4 Unused Serialized files (Serialized files now loaded: 0)
UnloadTime: 0.249200 ms

Unloading 4 unused Assets to reduce memory usage. Loaded Objects now: 1054.
Total: 1.202400 ms (FindLiveObjects: 0.050400 ms CreateObjectMapping: 0.016300 ms MarkObjects: 0.234600 ms  DeleteObjects: 0.900700 ms)

BOUNDARY PASS native Ball.Start attaches guard; skills=False 
(Filename: E:\unity\Runtime/Export/Debug/Debug.bindings.h Line: 39)

BOUNDARY PASS fresh rally is clear; skills=False 
(Filename: E:\unity\Runtime/Export/Debug/Debug.bindings.h Line: 39)

BOUNDARY PASS behind goal skills=False side=1 elevated=False is out instead of trapped 
(Filename: E:\unity\Runtime/Export/Debug/Debug.bindings.h Line: 39)

BOUNDARY PASS behind goal skills=False side=1 elevated=False awards no goal 
(Filename: E:\unity\Runtime/Export/Debug/Debug.bindings.h Line: 39)

BOUNDARY PASS behind goal skills=False side=1 elevated=False physical rebound cannot score 
(Filename: E:\unity\Runtime/Export/Debug/Debug.bindings.h Line: 39)

BOUNDARY PASS behind goal skills=False side=1 elevated=False clears out/stop state after restart 
(Filename: E:\unity\Runtime/Export/Debug/Debug.bindings.h Line: 39)

BOUNDARY PASS behind goal skills=False side=1 elevated=False ball returns to pitch 
(Filename: E:\unity\Runtime/Export/Debug/Debug.bindings.h Line: 39)

BOUNDARY PASS behind goal skills=False side=1 elevated=False restart keeps score unchanged 
(Filename: E:\unity\Runtime/Export/Debug/Debug.bindings.h Line: 39)

Unloading 4 Unused Serialized files (Serialized files now loaded: 0)
UnloadTime: 0.235900 ms

Unloading 4 unused Assets to reduce memory usage. Loaded Objects now: 1054.
Total: 1.115500 ms (FindLiveObjects: 0.048800 ms CreateObjectMapping: 0.015400 ms MarkObjects: 0.174200 ms  DeleteObjects: 0.876800 ms)

BOUNDARY PASS native Ball.Start attaches guard; skills=False 
(Filename: E:\unity\Runtime/Export/Debug/Debug.bindings.h Line: 39)

BOUNDARY PASS fresh rally is clear; skills=False 
(Filename: E:\unity\Runtime/Export/Debug/Debug.bindings.h Line: 39)

BOUNDARY PASS behind goal skills=False side=1 elevated=True is out instead of trapped 
(Filename: E:\unity\Runtime/Export/Debug/Debug.bindings.h Line: 39)

BOUNDARY PASS behind goal skills=False side=1 elevated=True awards no goal 
(Filename: E:\unity\Runtime/Export/Debug/Debug.bindings.h Line: 39)

BOUNDARY PASS behind goal skills=False side=1 elevated=True physical rebound cannot score 
(Filename: E:\unity\Runtime/Export/Debug/Debug.bindings.h Line: 39)

BOUNDARY PASS behind goal skills=False side=1 elevated=True clears out/stop state after restart 
(Filename: E:\unity\Runtime/Export/Debug/Debug.bindings.h Line: 39)

BOUNDARY PASS behind goal skills=False side=1 elevated=True ball returns to pitch 
(Filename: E:\unity\Runtime/Export/Debug/Debug.bindings.h Line: 39)

BOUNDARY PASS behind goal skills=False side=1 elevated=True restart keeps score unchanged 
(Filename: E:\unity\Runtime/Export/Debug/Debug.bindings.h Line: 39)

Unloading 4 Unused Serialized files (Serialized files now loaded: 0)
UnloadTime: 0.244300 ms

Unloading 4 unused Assets to reduce memory usage. Loaded Objects now: 1054.
Total: 1.169100 ms (FindLiveObjects: 0.031100 ms CreateObjectMapping: 0.008000 ms MarkObjects: 0.172400 ms  DeleteObjects: 0.957400 ms)

BOUNDARY PASS native Ball.Start attaches guard; skills=False 
(Filename: E:\unity\Runtime/Export/Debug/Debug.bindings.h Line: 39)

BOUNDARY PASS fresh rally is clear; skills=False 
(Filename: E:\unity\Runtime/Export/Debug/Debug.bindings.h Line: 39)

BOUNDARY PASS valid goal skills=False side=1 native trigger counts once 
(Filename: E:\unity\Runtime/Export/Debug/Debug.bindings.h Line: 39)

BOUNDARY PASS valid goal skills=False side=1 net entry is not mistaken for out 
(Filename: E:\unity\Runtime/Export/Debug/Debug.bindings.h Line: 39)

BOUNDARY PASS valid goal skills=False side=1 native restart completes 
(Filename: E:\unity\Runtime/Export/Debug/Debug.bindings.h Line: 39)

BOUNDARY PASS valid goal skills=False side=1 ball returns inside pitch 
(Filename: E:\unity\Runtime/Export/Debug/Debug.bindings.h Line: 39)

Unloading 4 Unused Serialized files (Serialized files now loaded: 0)
UnloadTime: 0.237200 ms

Unloading 4 unused Assets to reduce memory usage. Loaded Objects now: 1054.
Total: 1.106400 ms (FindLiveObjects: 0.050400 ms CreateObjectMapping: 0.010500 ms MarkObjects: 0.171100 ms  DeleteObjects: 0.873900 ms)

BOUNDARY PASS native Ball.Start attaches guard; skills=False 
(Filename: E:\unity\Runtime/Export/Debug/Debug.bindings.h Line: 39)

BOUNDARY PASS fresh rally is clear; skills=False 
(Filename: E:\unity\Runtime/Export/Debug/Debug.bindings.h Line: 39)

BOUNDARY GROUND rolling goal skills=False side=1 floor=-1.81 mouth=Center: (6.2, 0.0, 0.0), Extents: (0.1, 1.7, 0.0) ball=Center: (7.3, -1.6, -0.4), Extents: (0.2, 0.2, 0.0) 
(Filename: E:\unity\Runtime/Export/Debug/Debug.bindings.h Line: 39)

BOUNDARY PASS rolling goal skills=False side=1 counts real floor-level entry 
(Filename: E:\unity\Runtime/Export/Debug/Debug.bindings.h Line: 39)

BOUNDARY PASS rolling goal skills=False side=1 does not whistle out 
(Filename: E:\unity\Runtime/Export/Debug/Debug.bindings.h Line: 39)

BOUNDARY PASS rolling goal skills=False side=1 scores once and restarts 
(Filename: E:\unity\Runtime/Export/Debug/Debug.bindings.h Line: 39)

Unloading 4 Unused Serialized files (Serialized files now loaded: 0)
UnloadTime: 0.272400 ms

Unloading 4 unused Assets to reduce memory usage. Loaded Objects now: 1054.
Total: 1.162700 ms (FindLiveObjects: 0.048300 ms CreateObjectMapping: 0.016000 ms MarkObjects: 0.200300 ms  DeleteObjects: 0.897800 ms)

BOUNDARY PASS native Ball.Start attaches guard; skills=False 
(Filename: E:\unity\Runtime/Export/Debug/Debug.bindings.h Line: 39)

BOUNDARY PASS fresh rally is clear; skills=False 
(Filename: E:\unity\Runtime/Export/Debug/Debug.bindings.h Line: 39)

BOUNDARY CEILING upper corner skills=False side=1 speed=8 descending=False physical=1.59128 trigger=1.656988 
(Filename: E:\unity\Runtime/Export/Debug/Debug.bindings.h Line: 39)

BOUNDARY PASS upper corner skills=False side=1 speed=8 descending=False measures physical bar in current edition 
(Filename: E:\unity\Runtime/Export/Debug/Debug.bindings.h Line: 39)

BOUNDARY CORNER upper corner skills=False side=1 speed=8 descending=False ball=(5.9, -0.1) velocity=(-0.8, -5.8) score=1 out=False 
(Filename: E:\unity\Runtime/Export/Debug/Debug.bindings.h Line: 39)

BOUNDARY PASS upper corner skills=False side=1 speed=8 descending=False real flight scores exactly once 
(Filename: E:\unity\Runtime/Export/Debug/Debug.bindings.h Line: 39)

BOUNDARY PASS upper corner skills=False side=1 speed=8 descending=False is not mistaken for out 
(Filename: E:\unity\Runtime/Export/Debug/Debug.bindings.h Line: 39)

BOUNDARY PASS upper corner skills=False side=1 speed=8 descending=False restarts without duplicate score 
(Filename: E:\unity\Runtime/Export/Debug/Debug.bindings.h Line: 39)

Unloading 4 Unused Serialized files (Serialized files now loaded: 0)
UnloadTime: 0.267200 ms

Unloading 4 unused Assets to reduce memory usage. Loaded Objects now: 1054.
Total: 1.227800 ms (FindLiveObjects: 0.033600 ms CreateObjectMapping: 0.008300 ms MarkObjects: 0.211700 ms  DeleteObjects: 0.974000 ms)

BOUNDARY PASS native Ball.Start attaches guard; skills=False 
(Filename: E:\unity\Runtime/Export/Debug/Debug.bindings.h Line: 39)

BOUNDARY PASS fresh rally is clear; skills=False 
(Filename: E:\unity\Runtime/Export/Debug/Debug.bindings.h Line: 39)

BOUNDARY CEILING upper corner skills=False side=1 speed=22 descending=True physical=1.59128 trigger=1.656988 
(Filename: E:\unity\Runtime/Export/Debug/Debug.bindings.h Line: 39)

BOUNDARY PASS upper corner skills=False side=1 speed=22 descending=True measures physical bar in current edition 
(Filename: E:\unity\Runtime/Export/Debug/Debug.bindings.h Line: 39)

BOUNDARY CORNER upper corner skills=False side=1 speed=22 descending=True ball=(5.2, 0.1) velocity=(-4.5, 12.8) score=1 out=False 
(Filename: E:\unity\Runtime/Export/Debug/Debug.bindings.h Line: 39)

BOUNDARY PASS upper corner skills=False side=1 speed=22 descending=True real flight scores exactly once 
(Filename: E:\unity\Runtime/Export/Debug/Debug.bindings.h Line: 39)

BOUNDARY PASS upper corner skills=False side=1 speed=22 descending=True is not mistaken for out 
(Filename: E:\unity\Runtime/Export/Debug/Debug.bindings.h Line: 39)

BOUNDARY PASS upper corner skills=False side=1 speed=22 descending=True restarts without duplicate score 
(Filename: E:\unity\Runtime/Export/Debug/Debug.bindings.h Line: 39)

Unloading 4 Unused Serialized files (Serialized files now loaded: 0)
UnloadTime: 0.232400 ms

Unloading 4 unused Assets to reduce memory usage. Loaded Objects now: 1054.
Total: 1.172700 ms (FindLiveObjects: 0.051100 ms CreateObjectMapping: 0.015000 ms MarkObjects: 0.175500 ms  DeleteObjects: 0.930700 ms)

BOUNDARY PASS native Ball.Start attaches guard; skills=False 
(Filename: E:\unity\Runtime/Export/Debug/Debug.bindings.h Line: 39)

BOUNDARY PASS fresh rally is clear; skills=False 
(Filename: E:\unity\Runtime/Export/Debug/Debug.bindings.h Line: 39)

BOUNDARY CEILING upper corner skills=False side=1 speed=45 descending=False physical=1.59128 trigger=1.656988 
(Filename: E:\unity\Runtime/Export/Debug/Debug.bindings.h Line: 39)

BOUNDARY PASS upper corner skills=False side=1 speed=45 descending=False measures physical bar in current edition 
(Filename: E:\unity\Runtime/Export/Debug/Debug.bindings.h Line: 39)

BOUNDARY CORNER upper corner skills=False side=1 speed=45 descending=False ball=(3.4, 4.4) velocity=(-10.0, 26.3) score=1 out=False 
(Filename: E:\unity\Runtime/Export/Debug/Debug.bindings.h Line: 39)

BOUNDARY PASS upper corner skills=False side=1 speed=45 descending=False real flight scores exactly once 
(Filename: E:\unity\Runtime/Export/Debug/Debug.bindings.h Line: 39)

BOUNDARY PASS upper corner skills=False side=1 speed=45 descending=False is not mistaken for out 
(Filename: E:\unity\Runtime/Export/Debug/Debug.bindings.h Line: 39)

BOUNDARY PASS upper corner skills=False side=1 speed=45 descending=False restarts without duplicate score 
(Filename: E:\unity\Runtime/Export/Debug/Debug.bindings.h Line: 39)

Unloading 4 Unused Serialized files (Serialized files now loaded: 0)
UnloadTime: 0.248300 ms

Unloading 4 unused Assets to reduce memory usage. Loaded Objects now: 1054.
Total: 1.253900 ms (FindLiveObjects: 0.052900 ms CreateObjectMapping: 0.015900 ms MarkObjects: 0.287100 ms  DeleteObjects: 0.897700 ms)

BOUNDARY PASS native Ball.Start attaches guard; skills=False 
(Filename: E:\unity\Runtime/Export/Debug/Debug.bindings.h Line: 39)

BOUNDARY PASS fresh rally is clear; skills=False 
(Filename: E:\unity\Runtime/Export/Debug/Debug.bindings.h Line: 39)

BOUNDARY DESCENT descending upper corner skills=False side=1 ball=(7.3, -0.8) score=1 out=False 
(Filename: E:\unity\Runtime/Export/Debug/Debug.bindings.h Line: 39)

BOUNDARY PASS descending upper corner skills=False side=1 initial high overlap can descend into net 
(Filename: E:\unity\Runtime/Export/Debug/Debug.bindings.h Line: 39)

BOUNDARY PASS descending upper corner skills=False side=1 is live until valid entry 
(Filename: E:\unity\Runtime/Export/Debug/Debug.bindings.h Line: 39)

BOUNDARY PASS descending upper corner skills=False side=1 restarts and scores only once 
(Filename: E:\unity\Runtime/Export/Debug/Debug.bindings.h Line: 39)

Unloading 4 Unused Serialized files (Serialized files now loaded: 0)
UnloadTime: 0.244300 ms

Unloading 4 unused Assets to reduce memory usage. Loaded Objects now: 1054.
Total: 1.353900 ms (FindLiveObjects: 0.050300 ms CreateObjectMapping: 0.015300 ms MarkObjects: 0.242800 ms  DeleteObjects: 1.045000 ms)

BOUNDARY PASS native Ball.Start attaches guard; skills=True 
(Filename: E:\unity\Runtime/Export/Debug/Debug.bindings.h Line: 39)

BOUNDARY PASS fresh rally is clear; skills=True 
(Filename: E:\unity\Runtime/Export/Debug/Debug.bindings.h Line: 39)

BOUNDARY PASS near goal inside pitch stays live skills=True side=-1 
(Filename: E:\unity\Runtime/Export/Debug/Debug.bindings.h Line: 39)

BOUNDARY PASS near goal inside pitch stays live skills=True side=1 
(Filename: E:\unity\Runtime/Export/Debug/Debug.bindings.h Line: 39)

BOUNDARY PASS pause suspends new boundary decisions skills=True 
(Filename: E:\unity\Runtime/Export/Debug/Debug.bindings.h Line: 39)

BOUNDARY PASS resume catches ball behind goal skills=True 
(Filename: E:\unity\Runtime/Export/Debug/Debug.bindings.h Line: 39)

BOUNDARY PASS resume skills=True clears out/stop state after restart 
(Filename: E:\unity\Runtime/Export/Debug/Debug.bindings.h Line: 39)

BOUNDARY PASS resume skills=True ball returns to pitch 
(Filename: E:\unity\Runtime/Export/Debug/Debug.bindings.h Line: 39)

BOUNDARY PASS resume skills=True restart keeps score unchanged 
(Filename: E:\unity\Runtime/Export/Debug/Debug.bindings.h Line: 39)

Unloading 4 Unused Serialized files (Serialized files now loaded: 0)
UnloadTime: 0.696300 ms

Unloading 3 unused Assets to reduce memory usage. Loaded Objects now: 1060.
Total: 1.260500 ms (FindLiveObjects: 0.050700 ms CreateObjectMapping: 0.015600 ms MarkObjects: 0.219300 ms  DeleteObjects: 0.974500 ms)

BOUNDARY PASS native Ball.Start attaches guard; skills=True 
(Filename: E:\unity\Runtime/Export/Debug/Debug.bindings.h Line: 39)

BOUNDARY PASS fresh rally is clear; skills=True 
(Filename: E:\unity\Runtime/Export/Debug/Debug.bindings.h Line: 39)

BOUNDARY PASS native out skills=True side=-1 actual OutTrigger starts restart 
(Filename: E:\unity\Runtime/Export/Debug/Debug.bindings.h Line: 39)

BOUNDARY PASS native out skills=True side=-1 clears out/stop state after restart 
(Filename: E:\unity\Runtime/Export/Debug/Debug.bindings.h Line: 39)

BOUNDARY PASS native out skills=True side=-1 ball returns to pitch 
(Filename: E:\unity\Runtime/Export/Debug/Debug.bindings.h Line: 39)

BOUNDARY PASS native out skills=True side=-1 restart keeps score unchanged 
(Filename: E:\unity\Runtime/Export/Debug/Debug.bindings.h Line: 39)

Unloading 4 Unused Serialized files (Serialized files now loaded: 0)
UnloadTime: 0.312400 ms

Unloading 4 unused Assets to reduce memory usage. Loaded Objects now: 1060.
Total: 1.106700 ms (FindLiveObjects: 0.052200 ms CreateObjectMapping: 0.009600 ms MarkObjects: 0.266100 ms  DeleteObjects: 0.777800 ms)

BOUNDARY PASS native Ball.Start attaches guard; skills=True 
(Filename: E:\unity\Runtime/Export/Debug/Debug.bindings.h Line: 39)

BOUNDARY PASS fresh rally is clear; skills=True 
(Filename: E:\unity\Runtime/Export/Debug/Debug.bindings.h Line: 39)

BOUNDARY PASS behind goal skills=True side=-1 elevated=False is out instead of trapped 
(Filename: E:\unity\Runtime/Export/Debug/Debug.bindings.h Line: 39)

BOUNDARY PASS behind goal skills=True side=-1 elevated=False awards no goal 
(Filename: E:\unity\Runtime/Export/Debug/Debug.bindings.h Line: 39)

BOUNDARY PASS behind goal skills=True side=-1 elevated=False physical rebound cannot score 
(Filename: E:\unity\Runtime/Export/Debug/Debug.bindings.h Line: 39)

BOUNDARY PASS behind goal skills=True side=-1 elevated=False clears out/stop state after restart 
(Filename: E:\unity\Runtime/Export/Debug/Debug.bindings.h Line: 39)

BOUNDARY PASS behind goal skills=True side=-1 elevated=False ball returns to pitch 
(Filename: E:\unity\Runtime/Export/Debug/Debug.bindings.h Line: 39)

BOUNDARY PASS behind goal skills=True side=-1 elevated=False restart keeps score unchanged 
(Filename: E:\unity\Runtime/Export/Debug/Debug.bindings.h Line: 39)

Unloading 4 Unused Serialized files (Serialized files now loaded: 0)
UnloadTime: 0.297600 ms

Unloading 4 unused Assets to reduce memory usage. Loaded Objects now: 1060.
Total: 1.352900 ms (FindLiveObjects: 0.047400 ms CreateObjectMapping: 0.013100 ms MarkObjects: 0.291700 ms  DeleteObjects: 1.000400 ms)

BOUNDARY PASS native Ball.Start attaches guard; skills=True 
(Filename: E:\unity\Runtime/Export/Debug/Debug.bindings.h Line: 39)

BOUNDARY PASS fresh rally is clear; skills=True 
(Filename: E:\unity\Runtime/Export/Debug/Debug.bindings.h Line: 39)

BOUNDARY PASS behind goal skills=True side=-1 elevated=True is out instead of trapped 
(Filename: E:\unity\Runtime/Export/Debug/Debug.bindings.h Line: 39)

BOUNDARY PASS behind goal skills=True side=-1 elevated=True awards no goal 
(Filename: E:\unity\Runtime/Export/Debug/Debug.bindings.h Line: 39)

BOUNDARY PASS behind goal skills=True side=-1 elevated=True physical rebound cannot score 
(Filename: E:\unity\Runtime/Export/Debug/Debug.bindings.h Line: 39)

BOUNDARY PASS behind goal skills=True side=-1 elevated=True clears out/stop state after restart 
(Filename: E:\unity\Runtime/Export/Debug/Debug.bindings.h Line: 39)

BOUNDARY PASS behind goal skills=True side=-1 elevated=True ball returns to pitch 
(Filename: E:\unity\Runtime/Export/Debug/Debug.bindings.h Line: 39)

BOUNDARY PASS behind goal skills=True side=-1 elevated=True restart keeps score unchanged 
(Filename: E:\unity\Runtime/Export/Debug/Debug.bindings.h Line: 39)

Unloading 4 Unused Serialized files (Serialized files now loaded: 0)
UnloadTime: 0.458500 ms

Unloading 4 unused Assets to reduce memory usage. Loaded Objects now: 1060.
Total: 1.105300 ms (FindLiveObjects: 0.034300 ms CreateObjectMapping: 0.008300 ms MarkObjects: 0.187700 ms  DeleteObjects: 0.874800 ms)

BOUNDARY PASS native Ball.Start attaches guard; skills=True 
(Filename: E:\unity\Runtime/Export/Debug/Debug.bindings.h Line: 39)

BOUNDARY PASS fresh rally is clear; skills=True 
(Filename: E:\unity\Runtime/Export/Debug/Debug.bindings.h Line: 39)

BOUNDARY PASS valid goal skills=True side=-1 native trigger counts once 
(Filename: E:\unity\Runtime/Export/Debug/Debug.bindings.h Line: 39)

BOUNDARY PASS valid goal skills=True side=-1 net entry is not mistaken for out 
(Filename: E:\unity\Runtime/Export/Debug/Debug.bindings.h Line: 39)

BOUNDARY PASS valid goal skills=True side=-1 native restart completes 
(Filename: E:\unity\Runtime/Export/Debug/Debug.bindings.h Line: 39)

BOUNDARY PASS valid goal skills=True side=-1 ball returns inside pitch 
(Filename: E:\unity\Runtime/Export/Debug/Debug.bindings.h Line: 39)

Unloading 4 Unused Serialized files (Serialized files now loaded: 0)
UnloadTime: 0.295500 ms

Unloading 4 unused Assets to reduce memory usage. Loaded Objects now: 1060.
Total: 1.217900 ms (FindLiveObjects: 0.035400 ms CreateObjectMapping: 0.008500 ms MarkObjects: 0.209500 ms  DeleteObjects: 0.964200 ms)

BOUNDARY PASS native Ball.Start attaches guard; skills=True 
(Filename: E:\unity\Runtime/Export/Debug/Debug.bindings.h Line: 39)

BOUNDARY PASS fresh rally is clear; skills=True 
(Filename: E:\unity\Runtime/Export/Debug/Debug.bindings.h Line: 39)

BOUNDARY GROUND rolling goal skills=True side=-1 floor=-1.81 mouth=Center: (-6.1, 0.0, 0.0), Extents: (0.1, 1.7, 0.0) ball=Center: (-7.2, -1.6, -0.4), Extents: (0.2, 0.2, 0.0) 
(Filename: E:\unity\Runtime/Export/Debug/Debug.bindings.h Line: 39)

BOUNDARY PASS rolling goal skills=True side=-1 counts real floor-level entry 
(Filename: E:\unity\Runtime/Export/Debug/Debug.bindings.h Line: 39)

BOUNDARY PASS rolling goal skills=True side=-1 does not whistle out 
(Filename: E:\unity\Runtime/Export/Debug/Debug.bindings.h Line: 39)

BOUNDARY PASS rolling goal skills=True side=-1 scores once and restarts 
(Filename: E:\unity\Runtime/Export/Debug/Debug.bindings.h Line: 39)

Unloading 4 Unused Serialized files (Serialized files now loaded: 0)
UnloadTime: 0.312100 ms

Unloading 4 unused Assets to reduce memory usage. Loaded Objects now: 1060.
Total: 1.308100 ms (FindLiveObjects: 0.033800 ms CreateObjectMapping: 0.008400 ms MarkObjects: 0.213100 ms  DeleteObjects: 1.052500 ms)

BOUNDARY PASS native Ball.Start attaches guard; skills=True 
(Filename: E:\unity\Runtime/Export/Debug/Debug.bindings.h Line: 39)

BOUNDARY PASS fresh rally is clear; skills=True 
(Filename: E:\unity\Runtime/Export/Debug/Debug.bindings.h Line: 39)

BOUNDARY CEILING upper corner skills=True side=-1 speed=8 descending=False physical=1.591279 trigger=1.656988 
(Filename: E:\unity\Runtime/Export/Debug/Debug.bindings.h Line: 39)

BOUNDARY PASS upper corner skills=True side=-1 speed=8 descending=False measures physical bar in current edition 
(Filename: E:\unity\Runtime/Export/Debug/Debug.bindings.h Line: 39)

BOUNDARY CORNER upper corner skills=True side=-1 speed=8 descending=False ball=(-5.9, 0.0) velocity=(0.8, -5.8) score=1 out=False 
(Filename: E:\unity\Runtime/Export/Debug/Debug.bindings.h Line: 39)

BOUNDARY PASS upper corner skills=True side=-1 speed=8 descending=False real flight scores exactly once 
(Filename: E:\unity\Runtime/Export/Debug/Debug.bindings.h Line: 39)

BOUNDARY PASS upper corner skills=True side=-1 speed=8 descending=False is not mistaken for out 
(Filename: E:\unity\Runtime/Export/Debug/Debug.bindings.h Line: 39)

BOUNDARY PASS upper corner skills=True side=-1 speed=8 descending=False restarts without duplicate score 
(Filename: E:\unity\Runtime/Export/Debug/Debug.bindings.h Line: 39)

Unloading 4 Unused Serialized files (Serialized files now loaded: 0)
UnloadTime: 0.267200 ms

Unloading 4 unused Assets to reduce memory usage. Loaded Objects now: 1060.
Total: 1.153300 ms (FindLiveObjects: 0.036000 ms CreateObjectMapping: 0.008700 ms MarkObjects: 0.205800 ms  DeleteObjects: 0.902500 ms)

BOUNDARY PASS native Ball.Start attaches guard; skills=True 
(Filename: E:\unity\Runtime/Export/Debug/Debug.bindings.h Line: 39)

BOUNDARY PASS fresh rally is clear; skills=True 
(Filename: E:\unity\Runtime/Export/Debug/Debug.bindings.h Line: 39)

BOUNDARY CEILING upper corner skills=True side=-1 speed=22 descending=True physical=1.591279 trigger=1.656988 
(Filename: E:\unity\Runtime/Export/Debug/Debug.bindings.h Line: 39)

BOUNDARY PASS upper corner skills=True side=-1 speed=22 descending=True measures physical bar in current edition 
(Filename: E:\unity\Runtime/Export/Debug/Debug.bindings.h Line: 39)

BOUNDARY CORNER upper corner skills=True side=-1 speed=22 descending=True ball=(-5.3, -0.1) velocity=(4.5, 12.8) score=1 out=False 
(Filename: E:\unity\Runtime/Export/Debug/Debug.bindings.h Line: 39)

BOUNDARY PASS upper corner skills=True side=-1 speed=22 descending=True real flight scores exactly once 
(Filename: E:\unity\Runtime/Export/Debug/Debug.bindings.h Line: 39)

BOUNDARY PASS upper corner skills=True side=-1 speed=22 descending=True is not mistaken for out 
(Filename: E:\unity\Runtime/Export/Debug/Debug.bindings.h Line: 39)

BOUNDARY PASS upper corner skills=True side=-1 speed=22 descending=True restarts without duplicate score 
(Filename: E:\unity\Runtime/Export/Debug/Debug.bindings.h Line: 39)

Unloading 4 Unused Serialized files (Serialized files now loaded: 0)
UnloadTime: 0.279600 ms

Unloading 4 unused Assets to reduce memory usage. Loaded Objects now: 1060.
Total: 1.359500 ms (FindLiveObjects: 0.036800 ms CreateObjectMapping: 0.008800 ms MarkObjects: 0.284800 ms  DeleteObjects: 1.028600 ms)

BOUNDARY PASS native Ball.Start attaches guard; skills=True 
(Filename: E:\unity\Runtime/Export/Debug/Debug.bindings.h Line: 39)

BOUNDARY PASS fresh rally is clear; skills=True 
(Filename: E:\unity\Runtime/Export/Debug/Debug.bindings.h Line: 39)

BOUNDARY CEILING upper corner skills=True side=-1 speed=45 descending=False physical=1.591279 trigger=1.656988 
(Filename: E:\unity\Runtime/Export/Debug/Debug.bindings.h Line: 39)

BOUNDARY PASS upper corner skills=True side=-1 speed=45 descending=False measures physical bar in current edition 
(Filename: E:\unity\Runtime/Export/Debug/Debug.bindings.h Line: 39)

BOUNDARY CORNER upper corner skills=True side=-1 speed=45 descending=False ball=(-3.2, 5.0) velocity=(10.0, 26.3) score=1 out=False 
(Filename: E:\unity\Runtime/Export/Debug/Debug.bindings.h Line: 39)

BOUNDARY PASS upper corner skills=True side=-1 speed=45 descending=False real flight scores exactly once 
(Filename: E:\unity\Runtime/Export/Debug/Debug.bindings.h Line: 39)

BOUNDARY PASS upper corner skills=True side=-1 speed=45 descending=False is not mistaken for out 
(Filename: E:\unity\Runtime/Export/Debug/Debug.bindings.h Line: 39)

Curl error 7: Failed to connect to 127.0.0.1 port 7897: Bad access
 
(Filename:  Line: 867)

BOUNDARY PASS upper corner skills=True side=-1 speed=45 descending=False restarts without duplicate score 
(Filename: E:\unity\Runtime/Export/Debug/Debug.bindings.h Line: 39)

Unloading 4 Unused Serialized files (Serialized files now loaded: 0)
UnloadTime: 0.280100 ms

Unloading 4 unused Assets to reduce memory usage. Loaded Objects now: 1060.
Total: 1.404200 ms (FindLiveObjects: 0.050100 ms CreateObjectMapping: 0.015700 ms MarkObjects: 0.214000 ms  DeleteObjects: 1.124000 ms)

BOUNDARY PASS native Ball.Start attaches guard; skills=True 
(Filename: E:\unity\Runtime/Export/Debug/Debug.bindings.h Line: 39)

BOUNDARY PASS fresh rally is clear; skills=True 
(Filename: E:\unity\Runtime/Export/Debug/Debug.bindings.h Line: 39)

BOUNDARY DESCENT descending upper corner skills=True side=-1 ball=(-7.3, -0.8) score=1 out=False 
(Filename: E:\unity\Runtime/Export/Debug/Debug.bindings.h Line: 39)

BOUNDARY PASS descending upper corner skills=True side=-1 initial high overlap can descend into net 
(Filename: E:\unity\Runtime/Export/Debug/Debug.bindings.h Line: 39)

BOUNDARY PASS descending upper corner skills=True side=-1 is live until valid entry 
(Filename: E:\unity\Runtime/Export/Debug/Debug.bindings.h Line: 39)

BOUNDARY PASS descending upper corner skills=True side=-1 restarts and scores only once 
(Filename: E:\unity\Runtime/Export/Debug/Debug.bindings.h Line: 39)

Unloading 4 Unused Serialized files (Serialized files now loaded: 0)
UnloadTime: 0.282500 ms

Unloading 4 unused Assets to reduce memory usage. Loaded Objects now: 1060.
Total: 1.254200 ms (FindLiveObjects: 0.092600 ms CreateObjectMapping: 0.009000 ms MarkObjects: 0.181900 ms  DeleteObjects: 0.970200 ms)

BOUNDARY PASS native Ball.Start attaches guard; skills=True 
(Filename: E:\unity\Runtime/Export/Debug/Debug.bindings.h Line: 39)

BOUNDARY PASS fresh rally is clear; skills=True 
(Filename: E:\unity\Runtime/Export/Debug/Debug.bindings.h Line: 39)

BOUNDARY PASS native out skills=True side=1 actual OutTrigger starts restart 
(Filename: E:\unity\Runtime/Export/Debug/Debug.bindings.h Line: 39)

BOUNDARY PASS native out skills=True side=1 clears out/stop state after restart 
(Filename: E:\unity\Runtime/Export/Debug/Debug.bindings.h Line: 39)

BOUNDARY PASS native out skills=True side=1 ball returns to pitch 
(Filename: E:\unity\Runtime/Export/Debug/Debug.bindings.h Line: 39)

BOUNDARY PASS native out skills=True side=1 restart keeps score unchanged 
(Filename: E:\unity\Runtime/Export/Debug/Debug.bindings.h Line: 39)

Unloading 4 Unused Serialized files (Serialized files now loaded: 0)
UnloadTime: 0.338900 ms

Unloading 4 unused Assets to reduce memory usage. Loaded Objects now: 1060.
Total: 1.180100 ms (FindLiveObjects: 0.034400 ms CreateObjectMapping: 0.008600 ms MarkObjects: 0.193800 ms  DeleteObjects: 0.943100 ms)

BOUNDARY PASS native Ball.Start attaches guard; skills=True 
(Filename: E:\unity\Runtime/Export/Debug/Debug.bindings.h Line: 39)

BOUNDARY PASS fresh rally is clear; skills=True 
(Filename: E:\unity\Runtime/Export/Debug/Debug.bindings.h Line: 39)

BOUNDARY PASS behind goal skills=True side=1 elevated=False is out instead of trapped 
(Filename: E:\unity\Runtime/Export/Debug/Debug.bindings.h Line: 39)

BOUNDARY PASS behind goal skills=True side=1 elevated=False awards no goal 
(Filename: E:\unity\Runtime/Export/Debug/Debug.bindings.h Line: 39)

BOUNDARY PASS behind goal skills=True side=1 elevated=False physical rebound cannot score 
(Filename: E:\unity\Runtime/Export/Debug/Debug.bindings.h Line: 39)

BOUNDARY PASS behind goal skills=True side=1 elevated=False clears out/stop state after restart 
(Filename: E:\unity\Runtime/Export/Debug/Debug.bindings.h Line: 39)

BOUNDARY PASS behind goal skills=True side=1 elevated=False ball returns to pitch 
(Filename: E:\unity\Runtime/Export/Debug/Debug.bindings.h Line: 39)

BOUNDARY PASS behind goal skills=True side=1 elevated=False restart keeps score unchanged 
(Filename: E:\unity\Runtime/Export/Debug/Debug.bindings.h Line: 39)

Unloading 4 Unused Serialized files (Serialized files now loaded: 0)
UnloadTime: 0.320100 ms

Unloading 4 unused Assets to reduce memory usage. Loaded Objects now: 1060.
Total: 1.091900 ms (FindLiveObjects: 0.031900 ms CreateObjectMapping: 0.008200 ms MarkObjects: 0.173500 ms  DeleteObjects: 0.878200 ms)

BOUNDARY PASS native Ball.Start attaches guard; skills=True 
(Filename: E:\unity\Runtime/Export/Debug/Debug.bindings.h Line: 39)

BOUNDARY PASS fresh rally is clear; skills=True 
(Filename: E:\unity\Runtime/Export/Debug/Debug.bindings.h Line: 39)

BOUNDARY PASS behind goal skills=True side=1 elevated=True is out instead of trapped 
(Filename: E:\unity\Runtime/Export/Debug/Debug.bindings.h Line: 39)

BOUNDARY PASS behind goal skills=True side=1 elevated=True awards no goal 
(Filename: E:\unity\Runtime/Export/Debug/Debug.bindings.h Line: 39)

BOUNDARY PASS behind goal skills=True side=1 elevated=True physical rebound cannot score 
(Filename: E:\unity\Runtime/Export/Debug/Debug.bindings.h Line: 39)

BOUNDARY PASS behind goal skills=True side=1 elevated=True clears out/stop state after restart 
(Filename: E:\unity\Runtime/Export/Debug/Debug.bindings.h Line: 39)

BOUNDARY PASS behind goal skills=True side=1 elevated=True ball returns to pitch 
(Filename: E:\unity\Runtime/Export/Debug/Debug.bindings.h Line: 39)

BOUNDARY PASS behind goal skills=True side=1 elevated=True restart keeps score unchanged 
(Filename: E:\unity\Runtime/Export/Debug/Debug.bindings.h Line: 39)

Unloading 4 Unused Serialized files (Serialized files now loaded: 0)
UnloadTime: 0.282100 ms

Unloading 4 unused Assets to reduce memory usage. Loaded Objects now: 1060.
Total: 1.245200 ms (FindLiveObjects: 0.035800 ms CreateObjectMapping: 0.009700 ms MarkObjects: 0.245600 ms  DeleteObjects: 0.953600 ms)

BOUNDARY PASS native Ball.Start attaches guard; skills=True 
(Filename: E:\unity\Runtime/Export/Debug/Debug.bindings.h Line: 39)

BOUNDARY PASS fresh rally is clear; skills=True 
(Filename: E:\unity\Runtime/Export/Debug/Debug.bindings.h Line: 39)

BOUNDARY PASS valid goal skills=True side=1 native trigger counts once 
(Filename: E:\unity\Runtime/Export/Debug/Debug.bindings.h Line: 39)

BOUNDARY PASS valid goal skills=True side=1 net entry is not mistaken for out 
(Filename: E:\unity\Runtime/Export/Debug/Debug.bindings.h Line: 39)

BOUNDARY PASS valid goal skills=True side=1 native restart completes 
(Filename: E:\unity\Runtime/Export/Debug/Debug.bindings.h Line: 39)

BOUNDARY PASS valid goal skills=True side=1 ball returns inside pitch 
(Filename: E:\unity\Runtime/Export/Debug/Debug.bindings.h Line: 39)

Unloading 4 Unused Serialized files (Serialized files now loaded: 0)
UnloadTime: 0.296000 ms

Unloading 4 unused Assets to reduce memory usage. Loaded Objects now: 1060.
Total: 1.144100 ms (FindLiveObjects: 0.033100 ms CreateObjectMapping: 0.008300 ms MarkObjects: 0.192500 ms  DeleteObjects: 0.909600 ms)

BOUNDARY PASS native Ball.Start attaches guard; skills=True 
(Filename: E:\unity\Runtime/Export/Debug/Debug.bindings.h Line: 39)

BOUNDARY PASS fresh rally is clear; skills=True 
(Filename: E:\unity\Runtime/Export/Debug/Debug.bindings.h Line: 39)

BOUNDARY GROUND rolling goal skills=True side=1 floor=-1.81 mouth=Center: (6.2, 0.0, 0.0), Extents: (0.1, 1.7, 0.0) ball=Center: (7.3, -1.6, -0.4), Extents: (0.2, 0.2, 0.0) 
(Filename: E:\unity\Runtime/Export/Debug/Debug.bindings.h Line: 39)

BOUNDARY PASS rolling goal skills=True side=1 counts real floor-level entry 
(Filename: E:\unity\Runtime/Export/Debug/Debug.bindings.h Line: 39)

BOUNDARY PASS rolling goal skills=True side=1 does not whistle out 
(Filename: E:\unity\Runtime/Export/Debug/Debug.bindings.h Line: 39)

BOUNDARY PASS rolling goal skills=True side=1 scores once and restarts 
(Filename: E:\unity\Runtime/Export/Debug/Debug.bindings.h Line: 39)

Unloading 4 Unused Serialized files (Serialized files now loaded: 0)
UnloadTime: 0.329500 ms

Unloading 4 unused Assets to reduce memory usage. Loaded Objects now: 1060.
Total: 1.412000 ms (FindLiveObjects: 0.045100 ms CreateObjectMapping: 0.009800 ms MarkObjects: 0.274200 ms  DeleteObjects: 1.082000 ms)

BOUNDARY PASS native Ball.Start attaches guard; skills=True 
(Filename: E:\unity\Runtime/Export/Debug/Debug.bindings.h Line: 39)

BOUNDARY PASS fresh rally is clear; skills=True 
(Filename: E:\unity\Runtime/Export/Debug/Debug.bindings.h Line: 39)

BOUNDARY CEILING upper corner skills=True side=1 speed=8 descending=False physical=1.59128 trigger=1.656988 
(Filename: E:\unity\Runtime/Export/Debug/Debug.bindings.h Line: 39)

BOUNDARY PASS upper corner skills=True side=1 speed=8 descending=False measures physical bar in current edition 
(Filename: E:\unity\Runtime/Export/Debug/Debug.bindings.h Line: 39)

BOUNDARY CORNER upper corner skills=True side=1 speed=8 descending=False ball=(6.0, 0.0) velocity=(-0.8, -5.8) score=1 out=False 
(Filename: E:\unity\Runtime/Export/Debug/Debug.bindings.h Line: 39)

BOUNDARY PASS upper corner skills=True side=1 speed=8 descending=False real flight scores exactly once 
(Filename: E:\unity\Runtime/Export/Debug/Debug.bindings.h Line: 39)

BOUNDARY PASS upper corner skills=True side=1 speed=8 descending=False is not mistaken for out 
(Filename: E:\unity\Runtime/Export/Debug/Debug.bindings.h Line: 39)

BOUNDARY PASS upper corner skills=True side=1 speed=8 descending=False restarts without duplicate score 
(Filename: E:\unity\Runtime/Export/Debug/Debug.bindings.h Line: 39)

Unloading 4 Unused Serialized files (Serialized files now loaded: 0)
UnloadTime: 0.286800 ms

Unloading 4 unused Assets to reduce memory usage. Loaded Objects now: 1060.
Total: 1.234300 ms (FindLiveObjects: 0.035800 ms CreateObjectMapping: 0.008500 ms MarkObjects: 0.199900 ms  DeleteObjects: 0.989900 ms)

BOUNDARY PASS native Ball.Start attaches guard; skills=True 
(Filename: E:\unity\Runtime/Export/Debug/Debug.bindings.h Line: 39)

BOUNDARY PASS fresh rally is clear; skills=True 
(Filename: E:\unity\Runtime/Export/Debug/Debug.bindings.h Line: 39)

BOUNDARY CEILING upper corner skills=True side=1 speed=22 descending=True physical=1.59128 trigger=1.656988 
(Filename: E:\unity\Runtime/Export/Debug/Debug.bindings.h Line: 39)

BOUNDARY PASS upper corner skills=True side=1 speed=22 descending=True measures physical bar in current edition 
(Filename: E:\unity\Runtime/Export/Debug/Debug.bindings.h Line: 39)

BOUNDARY CORNER upper corner skills=True side=1 speed=22 descending=True ball=(5.2, 0.1) velocity=(-4.5, 12.8) score=1 out=False 
(Filename: E:\unity\Runtime/Export/Debug/Debug.bindings.h Line: 39)

BOUNDARY PASS upper corner skills=True side=1 speed=22 descending=True real flight scores exactly once 
(Filename: E:\unity\Runtime/Export/Debug/Debug.bindings.h Line: 39)

BOUNDARY PASS upper corner skills=True side=1 speed=22 descending=True is not mistaken for out 
(Filename: E:\unity\Runtime/Export/Debug/Debug.bindings.h Line: 39)

BOUNDARY PASS upper corner skills=True side=1 speed=22 descending=True restarts without duplicate score 
(Filename: E:\unity\Runtime/Export/Debug/Debug.bindings.h Line: 39)

Unloading 4 Unused Serialized files (Serialized files now loaded: 0)
UnloadTime: 0.275400 ms

Unloading 4 unused Assets to reduce memory usage. Loaded Objects now: 1060.
Total: 1.368500 ms (FindLiveObjects: 0.061300 ms CreateObjectMapping: 0.019200 ms MarkObjects: 0.217000 ms  DeleteObjects: 1.070500 ms)

BOUNDARY PASS native Ball.Start attaches guard; skills=True 
(Filename: E:\unity\Runtime/Export/Debug/Debug.bindings.h Line: 39)

BOUNDARY PASS fresh rally is clear; skills=True 
(Filename: E:\unity\Runtime/Export/Debug/Debug.bindings.h Line: 39)

BOUNDARY CEILING upper corner skills=True side=1 speed=45 descending=False physical=1.59128 trigger=1.656988 
(Filename: E:\unity\Runtime/Export/Debug/Debug.bindings.h Line: 39)

BOUNDARY PASS upper corner skills=True side=1 speed=45 descending=False measures physical bar in current edition 
(Filename: E:\unity\Runtime/Export/Debug/Debug.bindings.h Line: 39)

BOUNDARY CORNER upper corner skills=True side=1 speed=45 descending=False ball=(3.2, 5.0) velocity=(-10.0, 26.3) score=1 out=False 
(Filename: E:\unity\Runtime/Export/Debug/Debug.bindings.h Line: 39)

BOUNDARY PASS upper corner skills=True side=1 speed=45 descending=False real flight scores exactly once 
(Filename: E:\unity\Runtime/Export/Debug/Debug.bindings.h Line: 39)

BOUNDARY PASS upper corner skills=True side=1 speed=45 descending=False is not mistaken for out 
(Filename: E:\unity\Runtime/Export/Debug/Debug.bindings.h Line: 39)

BOUNDARY PASS upper corner skills=True side=1 speed=45 descending=False restarts without duplicate score 
(Filename: E:\unity\Runtime/Export/Debug/Debug.bindings.h Line: 39)

Unloading 4 Unused Serialized files (Serialized files now loaded: 0)
UnloadTime: 0.277100 ms

Unloading 4 unused Assets to reduce memory usage. Loaded Objects now: 1060.
Total: 1.143500 ms (FindLiveObjects: 0.036700 ms CreateObjectMapping: 0.009000 ms MarkObjects: 0.206100 ms  DeleteObjects: 0.891100 ms)

BOUNDARY PASS native Ball.Start attaches guard; skills=True 
(Filename: E:\unity\Runtime/Export/Debug/Debug.bindings.h Line: 39)

BOUNDARY PASS fresh rally is clear; skills=True 
(Filename: E:\unity\Runtime/Export/Debug/Debug.bindings.h Line: 39)

BOUNDARY DESCENT descending upper corner skills=True side=1 ball=(7.3, -0.8) score=1 out=False 
(Filename: E:\unity\Runtime/Export/Debug/Debug.bindings.h Line: 39)

BOUNDARY PASS descending upper corner skills=True side=1 initial high overlap can descend into net 
(Filename: E:\unity\Runtime/Export/Debug/Debug.bindings.h Line: 39)

BOUNDARY PASS descending upper corner skills=True side=1 is live until valid entry 
(Filename: E:\unity\Runtime/Export/Debug/Debug.bindings.h Line: 39)

BOUNDARY PASS descending upper corner skills=True side=1 restarts and scores only once 
(Filename: E:\unity\Runtime/Export/Debug/Debug.bindings.h Line: 39)

BOUNDARY COMPLETE checks=242 failures=0 
(Filename: E:\unity\Runtime/Export/Debug/Debug.bindings.h Line: 39)

Setting up 12 worker threads for Enlighten.
  Thread -> id: 5b80 -> priority: 1 
  Thread -> id: 6404 -> priority: 1 
  Thread -> id: 2644 -> priority: 1 
  Thread -> id: 40f4 -> priority: 1 
  Thread -> id: 4ef4 -> priority: 1 
  Thread -> id: 111c -> priority: 1 
  Thread -> id: a474 -> priority: 1 
  Thread -> id: 9e50 -> priority: 1 
  Thread -> id: 58d8 -> priority: 1 
  Thread -> id: 9f60 -> priority: 1 
  Thread -> id: 7bc -> priority: 1 
  Thread -> id: 1798 -> priority: 1 
