Mono path[0] = 'C:/Users/Alienware/Documents/范志毅VS赵鹏/范志毅VS赵鹏 PC双人版（32位）/鑼冨織姣匳S璧甸箯 PC鍙屼汉鐗堬紙32浣嶏級/AI Mod Source/build/fan-strategy-test-player-original/FanZhiYi_Data/Managed'
Mono config path = 'C:/Users/Alienware/Documents/范志毅VS赵鹏/范志毅VS赵鹏 PC双人版（32位）/鑼冨織姣匳S璧甸箯 PC鍙屼汉鐗堬紙32浣嶏級/AI Mod Source/build/fan-strategy-test-player-original/MonoBleedingEdge/etc'
AS: AutoStreaming module initializing.Initialize engine version: 2019.4.33f1c1 (c2f94a8bebb3)
[Subsystems] Discovering subsystems at path C:/Users/Alienware/Documents/范志毅VS赵鹏/范志毅VS赵鹏 PC双人版（32位）/鑼冨織姣匳S璧甸箯 PC鍙屼汉鐗堬紙32浣嶏級/AI Mod Source/build/fan-strategy-test-player-original/FanZhiYi_Data/UnitySubsystems
GfxDevice: creating device client; threaded=1
Direct3D:
    Version:  Direct3D 11.0 [level 11.1]
    Renderer: NVIDIA GeForce RTX 5070 Laptop GPU (ID=0x2d58)
    Vendor:   (null)
    VRAM:     3072 MB
    Driver:   32.0.15.9608
Begin MonoManager ReloadAssembly
- Completed reload, in  0.090 seconds
<RI> Initializing input.
<RI> Input initialized.
<RI> Initialized touch support.
UnloadTime: 0.772100 ms
Unloading 5 Unused Serialized files (Serialized files now loaded: 0)
UnloadTime: 0.167300 ms

Unloading 143 unused Assets to reduce memory usage. Loaded Objects now: 1009.
Total: 0.587800 ms (FindLiveObjects: 0.053200 ms CreateObjectMapping: 0.018300 ms MarkObjects: 0.203900 ms  DeleteObjects: 0.311800 ms)

STRATEGY PARAM side=Zhao skills=True scale=1 jump=6.119894 gravity=1 head=0.7555736 
(Filename: E:\unity\Runtime/Export/Debug/Debug.bindings.h Line: 39)

STRATEGY PASS low AI starts native emergency recovery without human input 
(Filename: E:\unity\Runtime/Export/Debug/Debug.bindings.h Line: 39)

STRATEGY RECOVERY low gap=1.2 rolling=2 step=0 ball=(1.2, -1.5) vel=(2.0, -0.2) body=(0.0, 0.2) running=(0.4, 7.1) rescue=True passed=False 
(Filename: E:\unity\Runtime/Export/Debug/Debug.bindings.h Line: 39)

STRATEGY RECOVERY low gap=1.2 rolling=2 step=20 ball=(1.8, -1.5) vel=(1.3, 0.0) body=(1.1, 1.6) running=(4.7, 2.2) rescue=True passed=False 
(Filename: E:\unity\Runtime/Export/Debug/Debug.bindings.h Line: 39)

STRATEGY RECOVERY low gap=1.2 rolling=2 step=40 ball=(2.3, -1.5) vel=(1.3, 0.0) body=(2.4, 1.7) running=(3.5, -2.0) rescue=True passed=False 
(Filename: E:\unity\Runtime/Export/Debug/Debug.bindings.h Line: 39)

STRATEGY RECOVERY low gap=1.2 rolling=2 step=60 ball=(2.8, -1.5) vel=(1.3, 0.0) body=(3.1, 0.1) running=(0.0, -5.8) rescue=True passed=True 
(Filename: E:\unity\Runtime/Export/Debug/Debug.bindings.h Line: 39)

STRATEGY RECOVERY low gap=1.2 rolling=2 step=80 ball=(2.3, -1.5) vel=(-3.5, 0.0) body=(3.2, 0.1) running=(0.4, -0.5) rescue=False passed=True 
(Filename: E:\unity\Runtime/Export/Debug/Debug.bindings.h Line: 39)

STRATEGY RECOVERY low gap=1.2 rolling=2 step=100 ball=(1.2, -1.5) vel=(-2.5, 0.0) body=(3.2, 0.1) running=(0.0, 0.0) rescue=False passed=True 
(Filename: E:\unity\Runtime/Export/Debug/Debug.bindings.h Line: 39)

STRATEGY RECOVERY low gap=1.2 rolling=2 step=120 ball=(0.2, -1.5) vel=(-2.5, 0.0) body=(3.2, 0.1) running=(0.1, 0.0) rescue=False passed=True 
(Filename: E:\unity\Runtime/Export/Debug/Debug.bindings.h Line: 39)

STRATEGY RECOVERY low gap=1.2 rolling=2 step=140 ball=(-0.8, -1.5) vel=(-2.5, 0.0) body=(3.2, 0.1) running=(0.0, 0.0) rescue=False passed=True 
(Filename: E:\unity\Runtime/Export/Debug/Debug.bindings.h Line: 39)

STRATEGY RECOVERY low gap=1.2 rolling=2 step=160 ball=(-1.8, -1.5) vel=(-2.4, 0.0) body=(3.2, 0.1) running=(-0.1, 0.0) rescue=False passed=True 
(Filename: E:\unity\Runtime/Export/Debug/Debug.bindings.h Line: 39)

STRATEGY RECOVERY low gap=1.2 rolling=2 step=180 ball=(-2.7, -1.5) vel=(-2.4, 0.0) body=(3.2, 0.1) running=(0.0, 0.0) rescue=False passed=True 
(Filename: E:\unity\Runtime/Export/Debug/Debug.bindings.h Line: 39)

STRATEGY RECOVERY low gap=1.2 rolling=2 step=200 ball=(-3.7, -1.5) vel=(-2.4, 0.0) body=(3.2, 0.1) running=(0.0, 0.0) rescue=False passed=True 
(Filename: E:\unity\Runtime/Export/Debug/Debug.bindings.h Line: 39)

STRATEGY PASS low gap=1.2 rolling=2 AI uses correct jump/backbend/run branch 
(Filename: E:\unity\Runtime/Export/Debug/Debug.bindings.h Line: 39)

STRATEGY PASS low gap=1.2 rolling=2 recovery reaches goal side or clears head ball 
(Filename: E:\unity\Runtime/Export/Debug/Debug.bindings.h Line: 39)

STRATEGY PASS low gap=1.2 rolling=2 recovery avoids scoring into own goal 
(Filename: E:\unity\Runtime/Export/Debug/Debug.bindings.h Line: 39)

STRATEGY PASS low gap=1.2 rolling=2 real skeleton preserved error=0.06104453 
(Filename: E:\unity\Runtime/Export/Debug/Debug.bindings.h Line: 39)

STRATEGY PASS low gap=1.2 rolling=2 balanced after recovery tilt=9.302551 
(Filename: E:\unity\Runtime/Export/Debug/Debug.bindings.h Line: 39)

STRATEGY PASS low gap=1.2 rolling=2 committed recovery is not interrupted by shooting 
(Filename: E:\unity\Runtime/Export/Debug/Debug.bindings.h Line: 39)

STRATEGY PASS low gap=1.2 rolling=2 each attempt has a bounded duration=1.259269 
(Filename: E:\unity\Runtime/Export/Debug/Debug.bindings.h Line: 39)

Unloading 4 Unused Serialized files (Serialized files now loaded: 0)
UnloadTime: 0.876400 ms

Unloading 38 unused Assets to reduce memory usage. Loaded Objects now: 1058.
Total: 1.136500 ms (FindLiveObjects: 0.030900 ms CreateObjectMapping: 0.008100 ms MarkObjects: 0.169300 ms  DeleteObjects: 0.928000 ms)

STRATEGY PARAM side=Zhao skills=True scale=1 jump=6.119894 gravity=1 head=0.7555736 
(Filename: E:\unity\Runtime/Export/Debug/Debug.bindings.h Line: 39)

STRATEGY PASS low AI starts native emergency recovery without human input 
(Filename: E:\unity\Runtime/Export/Debug/Debug.bindings.h Line: 39)

STRATEGY RECOVERY low gap=0.8 rolling=3 step=0 ball=(0.9, -1.5) vel=(3.0, -0.2) body=(0.0, 0.2) running=(0.4, 7.1) rescue=True passed=False 
(Filename: E:\unity\Runtime/Export/Debug/Debug.bindings.h Line: 39)

STRATEGY RECOVERY low gap=0.8 rolling=3 step=20 ball=(1.7, -1.5) vel=(2.0, 0.0) body=(1.2, 1.6) running=(5.2, 2.2) rescue=True passed=False 
(Filename: E:\unity\Runtime/Export/Debug/Debug.bindings.h Line: 39)

STRATEGY RECOVERY low gap=0.8 rolling=3 step=40 ball=(2.5, -1.5) vel=(2.0, 0.0) body=(2.7, 1.7) running=(4.2, -2.0) rescue=True passed=False 
(Filename: E:\unity\Runtime/Export/Debug/Debug.bindings.h Line: 39)

STRATEGY RECOVERY low gap=0.8 rolling=3 step=60 ball=(3.2, -1.5) vel=(0.0, 0.0) body=(3.4, 0.1) running=(-0.2, -5.7) rescue=True passed=True 
(Filename: E:\unity\Runtime/Export/Debug/Debug.bindings.h Line: 39)

STRATEGY RECOVERY low gap=0.8 rolling=3 step=80 ball=(2.8, -1.5) vel=(-2.4, 0.0) body=(3.5, 0.1) running=(-0.2, -0.3) rescue=False passed=True 
(Filename: E:\unity\Runtime/Export/Debug/Debug.bindings.h Line: 39)

STRATEGY RECOVERY low gap=0.8 rolling=3 step=100 ball=(1.7, -1.5) vel=(-3.0, 0.0) body=(3.5, 0.1) running=(-0.1, 0.1) rescue=False passed=True 
(Filename: E:\unity\Runtime/Export/Debug/Debug.bindings.h Line: 39)

STRATEGY RECOVERY low gap=0.8 rolling=3 step=120 ball=(0.4, -1.5) vel=(-3.0, 0.0) body=(3.5, 0.1) running=(0.1, 0.0) rescue=False passed=True 
(Filename: E:\unity\Runtime/Export/Debug/Debug.bindings.h Line: 39)

STRATEGY RECOVERY low gap=0.8 rolling=3 step=140 ball=(-0.8, -1.5) vel=(-3.0, 0.0) body=(3.6, 0.1) running=(0.0, 0.0) rescue=False passed=True 
(Filename: E:\unity\Runtime/Export/Debug/Debug.bindings.h Line: 39)

STRATEGY RECOVERY low gap=0.8 rolling=3 step=160 ball=(-2.0, -1.5) vel=(-3.0, 0.0) body=(3.5, 0.1) running=(-0.1, 0.0) rescue=False passed=True 
(Filename: E:\unity\Runtime/Export/Debug/Debug.bindings.h Line: 39)

STRATEGY RECOVERY low gap=0.8 rolling=3 step=180 ball=(-3.1, -1.5) vel=(-3.0, 0.0) body=(3.5, 0.1) running=(0.1, 0.0) rescue=False passed=True 
(Filename: E:\unity\Runtime/Export/Debug/Debug.bindings.h Line: 39)

STRATEGY RECOVERY low gap=0.8 rolling=3 step=200 ball=(-4.3, -1.5) vel=(-2.9, 0.0) body=(3.6, 0.1) running=(0.0, 0.0) rescue=False passed=True 
(Filename: E:\unity\Runtime/Export/Debug/Debug.bindings.h Line: 39)

STRATEGY PASS low gap=0.8 rolling=3 AI uses correct jump/backbend/run branch 
(Filename: E:\unity\Runtime/Export/Debug/Debug.bindings.h Line: 39)

STRATEGY PASS low gap=0.8 rolling=3 recovery reaches goal side or clears head ball 
(Filename: E:\unity\Runtime/Export/Debug/Debug.bindings.h Line: 39)

STRATEGY PASS low gap=0.8 rolling=3 recovery avoids scoring into own goal 
(Filename: E:\unity\Runtime/Export/Debug/Debug.bindings.h Line: 39)

STRATEGY PASS low gap=0.8 rolling=3 real skeleton preserved error=0.06908336 
(Filename: E:\unity\Runtime/Export/Debug/Debug.bindings.h Line: 39)

STRATEGY PASS low gap=0.8 rolling=3 balanced after recovery tilt=8.966644 
(Filename: E:\unity\Runtime/Export/Debug/Debug.bindings.h Line: 39)

STRATEGY PASS low gap=0.8 rolling=3 committed recovery is not interrupted by shooting 
(Filename: E:\unity\Runtime/Export/Debug/Debug.bindings.h Line: 39)

STRATEGY PASS low gap=0.8 rolling=3 each attempt has a bounded duration=1.258934 
(Filename: E:\unity\Runtime/Export/Debug/Debug.bindings.h Line: 39)

Unloading 4 Unused Serialized files (Serialized files now loaded: 0)
UnloadTime: 0.274900 ms

Unloading 3 unused Assets to reduce memory usage. Loaded Objects now: 1058.
Total: 1.926600 ms (FindLiveObjects: 0.387500 ms CreateObjectMapping: 0.379100 ms MarkObjects: 0.210800 ms  DeleteObjects: 0.948800 ms)

STRATEGY PARAM side=Zhao skills=True scale=1 jump=6.119894 gravity=1 head=0.7555736 
(Filename: E:\unity\Runtime/Export/Debug/Debug.bindings.h Line: 39)

STRATEGY PASS low AI starts native emergency recovery without human input 
(Filename: E:\unity\Runtime/Export/Debug/Debug.bindings.h Line: 39)

STRATEGY RECOVERY low gap=1.6 rolling=3 step=0 ball=(1.7, -1.5) vel=(3.0, -0.2) body=(0.0, 0.2) running=(0.4, 7.1) rescue=True passed=False 
(Filename: E:\unity\Runtime/Export/Debug/Debug.bindings.h Line: 39)

STRATEGY RECOVERY low gap=1.6 rolling=3 step=20 ball=(2.5, -1.5) vel=(2.0, 0.0) body=(1.3, 1.6) running=(6.5, 2.2) rescue=True passed=False 
(Filename: E:\unity\Runtime/Export/Debug/Debug.bindings.h Line: 39)

STRATEGY RECOVERY low gap=1.6 rolling=3 step=40 ball=(3.3, -1.5) vel=(2.0, 0.0) body=(3.2, 1.7) running=(5.2, -2.0) rescue=True passed=False 
(Filename: E:\unity\Runtime/Export/Debug/Debug.bindings.h Line: 39)

STRATEGY RECOVERY low gap=1.6 rolling=3 step=60 ball=(4.0, -1.5) vel=(0.0, 0.0) body=(4.2, 0.1) running=(-0.3, -5.8) rescue=True passed=True 
(Filename: E:\unity\Runtime/Export/Debug/Debug.bindings.h Line: 39)

STRATEGY RECOVERY low gap=1.6 rolling=3 step=80 ball=(3.6, -1.5) vel=(-2.4, 0.0) body=(4.3, 0.1) running=(-0.4, -0.3) rescue=False passed=True 
(Filename: E:\unity\Runtime/Export/Debug/Debug.bindings.h Line: 39)

STRATEGY RECOVERY low gap=1.6 rolling=3 step=100 ball=(2.5, -1.5) vel=(-2.9, 0.0) body=(4.3, 0.1) running=(-0.2, 0.0) rescue=False passed=True 
(Filename: E:\unity\Runtime/Export/Debug/Debug.bindings.h Line: 39)

STRATEGY RECOVERY low gap=1.6 rolling=3 step=120 ball=(1.4, -1.5) vel=(-2.9, 0.0) body=(4.3, 0.1) running=(0.1, 0.0) rescue=False passed=True 
(Filename: E:\unity\Runtime/Export/Debug/Debug.bindings.h Line: 39)

STRATEGY RECOVERY low gap=1.6 rolling=3 step=140 ball=(0.2, -1.5) vel=(-2.9, 0.0) body=(4.4, 0.1) running=(0.1, 0.0) rescue=False passed=True 
(Filename: E:\unity\Runtime/Export/Debug/Debug.bindings.h Line: 39)

STRATEGY RECOVERY low gap=1.6 rolling=3 step=160 ball=(-0.9, -1.5) vel=(-2.8, 0.0) body=(4.4, 0.1) running=(-0.1, 0.0) rescue=False passed=True 
(Filename: E:\unity\Runtime/Export/Debug/Debug.bindings.h Line: 39)

STRATEGY RECOVERY low gap=1.6 rolling=3 step=180 ball=(-2.1, -1.5) vel=(-2.8, 0.0) body=(4.3, 0.1) running=(0.0, 0.0) rescue=False passed=True 
(Filename: E:\unity\Runtime/Export/Debug/Debug.bindings.h Line: 39)

STRATEGY RECOVERY low gap=1.6 rolling=3 step=200 ball=(-3.2, -1.5) vel=(-2.8, 0.0) body=(4.4, 0.1) running=(0.1, 0.0) rescue=False passed=True 
(Filename: E:\unity\Runtime/Export/Debug/Debug.bindings.h Line: 39)

STRATEGY PASS low gap=1.6 rolling=3 AI uses correct jump/backbend/run branch 
(Filename: E:\unity\Runtime/Export/Debug/Debug.bindings.h Line: 39)

STRATEGY PASS low gap=1.6 rolling=3 recovery reaches goal side or clears head ball 
(Filename: E:\unity\Runtime/Export/Debug/Debug.bindings.h Line: 39)

STRATEGY PASS low gap=1.6 rolling=3 recovery avoids scoring into own goal 
(Filename: E:\unity\Runtime/Export/Debug/Debug.bindings.h Line: 39)

STRATEGY PASS low gap=1.6 rolling=3 real skeleton preserved error=0.07701413 
(Filename: E:\unity\Runtime/Export/Debug/Debug.bindings.h Line: 39)

STRATEGY PASS low gap=1.6 rolling=3 balanced after recovery tilt=9.36087 
(Filename: E:\unity\Runtime/Export/Debug/Debug.bindings.h Line: 39)

STRATEGY PASS low gap=1.6 rolling=3 committed recovery is not interrupted by shooting 
(Filename: E:\unity\Runtime/Export/Debug/Debug.bindings.h Line: 39)

STRATEGY PASS low gap=1.6 rolling=3 each attempt has a bounded duration=1.25933 
(Filename: E:\unity\Runtime/Export/Debug/Debug.bindings.h Line: 39)

Unloading 4 Unused Serialized files (Serialized files now loaded: 0)
UnloadTime: 0.261100 ms

Unloading 3 unused Assets to reduce memory usage. Loaded Objects now: 1058.
Total: 1.213200 ms (FindLiveObjects: 0.050900 ms CreateObjectMapping: 0.033000 ms MarkObjects: 0.213900 ms  DeleteObjects: 0.915100 ms)

STRATEGY PARAM side=Zhao skills=True scale=1 jump=6.119894 gravity=1 head=0.7580314 
(Filename: E:\unity\Runtime/Export/Debug/Debug.bindings.h Line: 39)

STRATEGY PASS head AI starts native emergency recovery without human input 
(Filename: E:\unity\Runtime/Export/Debug/Debug.bindings.h Line: 39)

STRATEGY RECOVERY head gap=1.2 rolling=2 step=0 ball=(0.5, 0.8) vel=(0.0, 0.0) body=(0.0, 0.1) running=(0.0, 0.0) rescue=True passed=False 
(Filename: E:\unity\Runtime/Export/Debug/Debug.bindings.h Line: 39)

STRATEGY RECOVERY head gap=1.2 rolling=2 step=20 ball=(3.7, 2.5) vel=(9.0, 4.8) body=(0.0, 0.1) running=(-0.1, 0.0) rescue=False passed=False 
(Filename: E:\unity\Runtime/Export/Debug/Debug.bindings.h Line: 39)

STRATEGY RECOVERY head gap=1.2 rolling=2 step=40 ball=(7.3, 4.4) vel=(9.0, 4.8) body=(0.0, 0.1) running=(0.0, 0.0) rescue=False passed=False 
(Filename: E:\unity\Runtime/Export/Debug/Debug.bindings.h Line: 39)

STRATEGY RECOVERY head gap=1.2 rolling=2 step=60 ball=(7.5, 3.8) vel=(-4.9, -4.6) body=(0.0, 0.1) running=(0.0, 0.0) rescue=False passed=False 
(Filename: E:\unity\Runtime/Export/Debug/Debug.bindings.h Line: 39)

STRATEGY RECOVERY head gap=1.2 rolling=2 step=80 ball=(7.1, 3.5) vel=(3.6, 4.1) body=(0.0, 0.1) running=(0.0, 0.0) rescue=False passed=False 
(Filename: E:\unity\Runtime/Export/Debug/Debug.bindings.h Line: 39)

STRATEGY RECOVERY head gap=1.2 rolling=2 step=100 ball=(8.5, 4.9) vel=(2.7, -3.3) body=(0.0, 0.1) running=(0.0, 0.0) rescue=False passed=False 
(Filename: E:\unity\Runtime/Export/Debug/Debug.bindings.h Line: 39)

STRATEGY RECOVERY head gap=1.2 rolling=2 step=120 ball=(8.0, 3.6) vel=(-2.2, -3.1) body=(0.0, 0.1) running=(0.0, 0.0) rescue=False passed=False 
(Filename: E:\unity\Runtime/Export/Debug/Debug.bindings.h Line: 39)

STRATEGY RECOVERY head gap=1.2 rolling=2 step=140 ball=(3.6, 3.3) vel=(0.0, 0.0) body=(6.1, 0.3) running=(0.2, -0.9) rescue=False passed=True 
(Filename: E:\unity\Runtime/Export/Debug/Debug.bindings.h Line: 39)

STRATEGY RECOVERY head gap=1.2 rolling=2 step=160 ball=(3.6, 3.3) vel=(0.0, 0.0) body=(6.1, 0.1) running=(-0.4, 0.1) rescue=False passed=True 
(Filename: E:\unity\Runtime/Export/Debug/Debug.bindings.h Line: 39)

STRATEGY RECOVERY head gap=1.2 rolling=2 step=180 ball=(3.6, 3.3) vel=(0.0, 0.0) body=(6.0, 0.1) running=(0.1, 0.0) rescue=False passed=True 
(Filename: E:\unity\Runtime/Export/Debug/Debug.bindings.h Line: 39)

STRATEGY RECOVERY head gap=1.2 rolling=2 step=200 ball=(3.6, 3.3) vel=(0.0, 0.0) body=(6.1, 0.1) running=(0.2, 0.0) rescue=False passed=True 
(Filename: E:\unity\Runtime/Export/Debug/Debug.bindings.h Line: 39)

STRATEGY PASS head gap=1.2 rolling=2 AI uses correct jump/backbend/run branch 
(Filename: E:\unity\Runtime/Export/Debug/Debug.bindings.h Line: 39)

STRATEGY PASS head gap=1.2 rolling=2 recovery reaches goal side or clears head ball 
(Filename: E:\unity\Runtime/Export/Debug/Debug.bindings.h Line: 39)

STRATEGY PASS head gap=1.2 rolling=2 recovery avoids scoring into own goal 
(Filename: E:\unity\Runtime/Export/Debug/Debug.bindings.h Line: 39)

STRATEGY PASS head gap=1.2 rolling=2 real skeleton preserved error=0.03193214 
(Filename: E:\unity\Runtime/Export/Debug/Debug.bindings.h Line: 39)

STRATEGY PASS head gap=1.2 rolling=2 balanced after recovery tilt=9.081604 
(Filename: E:\unity\Runtime/Export/Debug/Debug.bindings.h Line: 39)

STRATEGY PASS head gap=1.2 rolling=2 committed recovery is not interrupted by shooting 
(Filename: E:\unity\Runtime/Export/Debug/Debug.bindings.h Line: 39)

STRATEGY PASS head gap=1.2 rolling=2 each attempt has a bounded duration=0.03544807 
(Filename: E:\unity\Runtime/Export/Debug/Debug.bindings.h Line: 39)

Unloading 4 Unused Serialized files (Serialized files now loaded: 0)
UnloadTime: 0.267100 ms

Unloading 4 unused Assets to reduce memory usage. Loaded Objects now: 1062.
Total: 1.132000 ms (FindLiveObjects: 0.052700 ms CreateObjectMapping: 0.009600 ms MarkObjects: 0.177800 ms  DeleteObjects: 0.891500 ms)

STRATEGY PARAM side=Zhao skills=True scale=1 jump=6.119894 gravity=1 head=0.7555736 
(Filename: E:\unity\Runtime/Export/Debug/Debug.bindings.h Line: 39)

STRATEGY PASS high AI starts native emergency recovery without human input 
(Filename: E:\unity\Runtime/Export/Debug/Debug.bindings.h Line: 39)

STRATEGY RECOVERY high gap=1.2 rolling=2 step=0 ball=(1.2, 2.9) vel=(0.0, 0.0) body=(0.0, 0.1) running=(1.1, -0.4) rescue=True passed=False 
(Filename: E:\unity\Runtime/Export/Debug/Debug.bindings.h Line: 39)

STRATEGY RECOVERY high gap=1.2 rolling=2 step=20 ball=(1.2, 2.9) vel=(0.0, 0.0) body=(1.3, -0.6) running=(3.2, -1.9) rescue=True passed=False 
(Filename: E:\unity\Runtime/Export/Debug/Debug.bindings.h Line: 39)

STRATEGY RECOVERY high gap=1.2 rolling=2 step=40 ball=(1.2, 2.9) vel=(0.0, 0.0) body=(1.8, -0.3) running=(-1.3, 6.0) rescue=False passed=True 
(Filename: E:\unity\Runtime/Export/Debug/Debug.bindings.h Line: 39)

STRATEGY RECOVERY high gap=1.2 rolling=2 step=60 ball=(1.2, 2.9) vel=(0.0, 0.0) body=(1.6, 1.2) running=(0.0, 1.8) rescue=False passed=True 
(Filename: E:\unity\Runtime/Export/Debug/Debug.bindings.h Line: 39)

STRATEGY RECOVERY high gap=1.2 rolling=2 step=80 ball=(1.2, 2.9) vel=(0.0, 0.0) body=(1.6, 1.2) running=(-0.1, -2.0) rescue=False passed=True 
(Filename: E:\unity\Runtime/Export/Debug/Debug.bindings.h Line: 39)

STRATEGY RECOVERY high gap=1.2 rolling=2 step=100 ball=(1.2, 2.9) vel=(0.0, 0.0) body=(1.7, -0.1) running=(0.2, -0.1) rescue=False passed=True 
(Filename: E:\unity\Runtime/Export/Debug/Debug.bindings.h Line: 39)

STRATEGY RECOVERY high gap=1.2 rolling=2 step=120 ball=(1.2, 2.9) vel=(0.0, 0.0) body=(1.6, 0.1) running=(0.2, -0.1) rescue=False passed=True 
(Filename: E:\unity\Runtime/Export/Debug/Debug.bindings.h Line: 39)

STRATEGY RECOVERY high gap=1.2 rolling=2 step=140 ball=(1.2, 2.9) vel=(0.0, 0.0) body=(1.6, 0.1) running=(-0.1, 0.0) rescue=False passed=True 
(Filename: E:\unity\Runtime/Export/Debug/Debug.bindings.h Line: 39)

STRATEGY RECOVERY high gap=1.2 rolling=2 step=160 ball=(1.2, 2.9) vel=(0.0, 0.0) body=(1.6, 0.1) running=(0.1, 0.0) rescue=False passed=True 
(Filename: E:\unity\Runtime/Export/Debug/Debug.bindings.h Line: 39)

STRATEGY RECOVERY high gap=1.2 rolling=2 step=180 ball=(1.2, 2.9) vel=(0.0, 0.0) body=(1.6, 0.1) running=(-0.1, 0.0) rescue=False passed=True 
(Filename: E:\unity\Runtime/Export/Debug/Debug.bindings.h Line: 39)

STRATEGY RECOVERY high gap=1.2 rolling=2 step=200 ball=(1.2, 2.9) vel=(0.0, 0.0) body=(1.6, 0.1) running=(0.0, 0.0) rescue=False passed=True 
(Filename: E:\unity\Runtime/Export/Debug/Debug.bindings.h Line: 39)

STRATEGY PASS high gap=1.2 rolling=2 AI uses correct jump/backbend/run branch 
(Filename: E:\unity\Runtime/Export/Debug/Debug.bindings.h Line: 39)

STRATEGY PASS high gap=1.2 rolling=2 recovery reaches goal side or clears head ball 
(Filename: E:\unity\Runtime/Export/Debug/Debug.bindings.h Line: 39)

STRATEGY PASS high gap=1.2 rolling=2 recovery avoids scoring into own goal 
(Filename: E:\unity\Runtime/Export/Debug/Debug.bindings.h Line: 39)

STRATEGY PASS high gap=1.2 rolling=2 real skeleton preserved error=0.09946589 
(Filename: E:\unity\Runtime/Export/Debug/Debug.bindings.h Line: 39)

STRATEGY PASS high gap=1.2 rolling=2 balanced after recovery tilt=8.877594 
(Filename: E:\unity\Runtime/Export/Debug/Debug.bindings.h Line: 39)

STRATEGY PASS high gap=1.2 rolling=2 committed recovery is not interrupted by shooting 
(Filename: E:\unity\Runtime/Export/Debug/Debug.bindings.h Line: 39)

STRATEGY PASS high gap=1.2 rolling=2 each attempt has a bounded duration=0.6994114 
(Filename: E:\unity\Runtime/Export/Debug/Debug.bindings.h Line: 39)

Unloading 4 Unused Serialized files (Serialized files now loaded: 0)
UnloadTime: 0.270000 ms

Unloading 2 unused Assets to reduce memory usage. Loaded Objects now: 1058.
Total: 1.306600 ms (FindLiveObjects: 0.068500 ms CreateObjectMapping: 0.017200 ms MarkObjects: 0.167800 ms  DeleteObjects: 1.052500 ms)

STRATEGY PARAM side=Zhao skills=True scale=1 jump=6.119894 gravity=1 head=0.754433 
(Filename: E:\unity\Runtime/Export/Debug/Debug.bindings.h Line: 39)

STRATEGY PASS unreachable rising high ball prepositions instead of jumping 
(Filename: E:\unity\Runtime/Export/Debug/Debug.bindings.h Line: 39)

STRATEGY PASS aerial plan retains standing reference height 
(Filename: E:\unity\Runtime/Export/Debug/Debug.bindings.h Line: 39)

STRATEGY PASS fast overhead pass avoids futile late jump 
(Filename: E:\unity\Runtime/Export/Debug/Debug.bindings.h Line: 39)

Unloading 4 Unused Serialized files (Serialized files now loaded: 0)
UnloadTime: 0.263200 ms

Unloading 2 unused Assets to reduce memory usage. Loaded Objects now: 1058.
Total: 1.113300 ms (FindLiveObjects: 0.030100 ms CreateObjectMapping: 0.008000 ms MarkObjects: 0.179200 ms  DeleteObjects: 0.895700 ms)

STRATEGY PARAM side=Zhao skills=True scale=1 jump=6.119894 gravity=1 head=0.754949 
(Filename: E:\unity\Runtime/Export/Debug/Debug.bindings.h Line: 39)

STRATEGY PASS rising incoming shot executes interception action jumps=1 heads=1 
(Filename: E:\unity\Runtime/Export/Debug/Debug.bindings.h Line: 39)

STRATEGY PASS rising incoming shot reaches native player collision 
(Filename: E:\unity\Runtime/Export/Debug/Debug.bindings.h Line: 39)

STRATEGY PASS rising interception retains physical skeleton error=0.2317543 
(Filename: E:\unity\Runtime/Export/Debug/Debug.bindings.h Line: 39)

Unloading 4 Unused Serialized files (Serialized files now loaded: 0)
UnloadTime: 0.280200 ms

Unloading 3 unused Assets to reduce memory usage. Loaded Objects now: 1063.
Total: 1.268200 ms (FindLiveObjects: 0.032700 ms CreateObjectMapping: 0.008000 ms MarkObjects: 0.278400 ms  DeleteObjects: 0.948700 ms)

STRATEGY PARAM side=Zhao skills=True scale=1 jump=6.119894 gravity=1 head=0.7580314 
(Filename: E:\unity\Runtime/Export/Debug/Debug.bindings.h Line: 39)

STRATEGY PASS returning foot ball uses real collision fixture 
(Filename: E:\unity\Runtime/Export/Debug/Debug.bindings.h Line: 39)

STRATEGY PASS returning contact does not receive an own-goal push vx=0 
(Filename: E:\unity\Runtime/Export/Debug/Debug.bindings.h Line: 39)

STRATEGY PASS returning-contact absorption retains rig error=0.04520648 
(Filename: E:\unity\Runtime/Export/Debug/Debug.bindings.h Line: 39)

Unloading 4 Unused Serialized files (Serialized files now loaded: 0)
UnloadTime: 0.266600 ms

Unloading 2 unused Assets to reduce memory usage. Loaded Objects now: 1059.
Total: 1.139500 ms (FindLiveObjects: 0.042700 ms CreateObjectMapping: 0.012900 ms MarkObjects: 0.203600 ms  DeleteObjects: 0.880000 ms)

STRATEGY PARAM side=Zhao skills=True scale=1 jump=6.119894 gravity=1 head=0.7580314 
(Filename: E:\unity\Runtime/Export/Debug/Debug.bindings.h Line: 39)

STRATEGY CONTACT step=0 ball=(0.6, 0.3) vx=0 body=(0.0, 0.1) rescue=False recovery=0.9839745 kick=False 
(Filename: E:\unity\Runtime/Export/Debug/Debug.bindings.h Line: 39)

STRATEGY CONTACT step=1 ball=(0.6, 0.3) vx=0 body=(0.0, 0.1) rescue=False recovery=0.9639759 kick=False 
(Filename: E:\unity\Runtime/Export/Debug/Debug.bindings.h Line: 39)

STRATEGY CONTACT step=2 ball=(0.6, 0.3) vx=0 body=(0.0, 0.1) rescue=False recovery=0.9439754 kick=False 
(Filename: E:\unity\Runtime/Export/Debug/Debug.bindings.h Line: 39)

STRATEGY CONTACT step=3 ball=(0.6, 0.3) vx=0 body=(0.0, 0.1) rescue=False recovery=0.923975 kick=False 
(Filename: E:\unity\Runtime/Export/Debug/Debug.bindings.h Line: 39)

STRATEGY CONTACT step=4 ball=(0.6, 0.3) vx=0 body=(0.0, 0.1) rescue=False recovery=0.9039745 kick=False 
(Filename: E:\unity\Runtime/Export/Debug/Debug.bindings.h Line: 39)

STRATEGY CONTACT step=5 ball=(0.6, 0.3) vx=0 body=(0.0, 0.1) rescue=False recovery=0.883976 kick=False 
(Filename: E:\unity\Runtime/Export/Debug/Debug.bindings.h Line: 39)

STRATEGY CONTACT step=6 ball=(0.6, 0.2) vx=0 body=(0.0, 0.1) rescue=False recovery=0.8639755 kick=False 
(Filename: E:\unity\Runtime/Export/Debug/Debug.bindings.h Line: 39)

STRATEGY CONTACT step=7 ball=(0.6, 0.2) vx=0 body=(0.0, 0.1) rescue=False recovery=0.8439751 kick=False 
(Filename: E:\unity\Runtime/Export/Debug/Debug.bindings.h Line: 39)

STRATEGY CONTACT step=8 ball=(0.6, 0.2) vx=0 body=(0.0, 0.1) rescue=False recovery=0.8239746 kick=False 
(Filename: E:\unity\Runtime/Export/Debug/Debug.bindings.h Line: 39)

STRATEGY CONTACT step=9 ball=(0.6, 0.2) vx=0 body=(0.0, 0.1) rescue=False recovery=0.8039761 kick=False 
(Filename: E:\unity\Runtime/Export/Debug/Debug.bindings.h Line: 39)

STRATEGY CONTACT step=10 ball=(0.6, 0.2) vx=0 body=(0.0, 0.1) rescue=False recovery=0.7839756 kick=False 
(Filename: E:\unity\Runtime/Export/Debug/Debug.bindings.h Line: 39)

STRATEGY CONTACT step=11 ball=(0.6, 0.2) vx=0 body=(0.0, 0.1) rescue=False recovery=0.7639751 kick=False 
(Filename: E:\unity\Runtime/Export/Debug/Debug.bindings.h Line: 39)

STRATEGY CONTACT step=12 ball=(0.6, 0.2) vx=0 body=(0.0, 0.1) rescue=False recovery=0.7439747 kick=False 
(Filename: E:\unity\Runtime/Export/Debug/Debug.bindings.h Line: 39)

STRATEGY CONTACT step=13 ball=(0.6, 0.1) vx=0 body=(0.0, 0.1) rescue=False recovery=0.7239761 kick=False 
(Filename: E:\unity\Runtime/Export/Debug/Debug.bindings.h Line: 39)

STRATEGY CONTACT step=14 ball=(0.6, 0.1) vx=0 body=(0.0, 0.1) rescue=False recovery=0.7039757 kick=False 
(Filename: E:\unity\Runtime/Export/Debug/Debug.bindings.h Line: 39)

STRATEGY CONTACT step=15 ball=(0.6, 0.1) vx=0 body=(0.0, 0.1) rescue=False recovery=0.6839752 kick=False 
(Filename: E:\unity\Runtime/Export/Debug/Debug.bindings.h Line: 39)

STRATEGY CONTACT step=16 ball=(0.6, 0.1) vx=0 body=(0.0, 0.1) rescue=False recovery=0.6639748 kick=False 
(Filename: E:\unity\Runtime/Export/Debug/Debug.bindings.h Line: 39)

STRATEGY CONTACT step=17 ball=(0.6, 0.1) vx=0 body=(0.0, 0.1) rescue=False recovery=0.6439762 kick=False 
(Filename: E:\unity\Runtime/Export/Debug/Debug.bindings.h Line: 39)

STRATEGY CONTACT step=18 ball=(0.6, 0.1) vx=0 body=(0.0, 0.1) rescue=False recovery=0.6239758 kick=False 
(Filename: E:\unity\Runtime/Export/Debug/Debug.bindings.h Line: 39)

STRATEGY CONTACT step=19 ball=(0.6, 0.1) vx=0 body=(0.0, 0.1) rescue=False recovery=0.6039753 kick=False 
(Filename: E:\unity\Runtime/Export/Debug/Debug.bindings.h Line: 39)

STRATEGY CONTACT step=20 ball=(0.7, 0.0) vx=0 body=(0.0, 0.1) rescue=False recovery=0.5839748 kick=False 
(Filename: E:\unity\Runtime/Export/Debug/Debug.bindings.h Line: 39)

STRATEGY CONTACT step=21 ball=(0.7, 0.0) vx=0 body=(0.0, 0.1) rescue=False recovery=0.5639763 kick=False 
(Filename: E:\unity\Runtime/Export/Debug/Debug.bindings.h Line: 39)

STRATEGY CONTACT step=22 ball=(0.7, 0.0) vx=0 body=(0.0, 0.1) rescue=False recovery=0.5439758 kick=False 
(Filename: E:\unity\Runtime/Export/Debug/Debug.bindings.h Line: 39)

STRATEGY CONTACT step=23 ball=(0.7, 0.0) vx=0 body=(0.0, 0.1) rescue=False recovery=0.5239754 kick=False 
(Filename: E:\unity\Runtime/Export/Debug/Debug.bindings.h Line: 39)

STRATEGY CONTACT step=24 ball=(0.7, 0.0) vx=0 body=(0.0, 0.1) rescue=False recovery=0.5039749 kick=False 
(Filename: E:\unity\Runtime/Export/Debug/Debug.bindings.h Line: 39)

STRATEGY CONTACT step=25 ball=(0.7, 0.0) vx=0 body=(0.0, 0.1) rescue=False recovery=0.4839745 kick=False 
(Filename: E:\unity\Runtime/Export/Debug/Debug.bindings.h Line: 39)

STRATEGY CONTACT step=26 ball=(0.7, -0.1) vx=0 body=(0.0, 0.1) rescue=False recovery=0.4639759 kick=False 
(Filename: E:\unity\Runtime/Export/Debug/Debug.bindings.h Line: 39)

STRATEGY CONTACT step=27 ball=(0.7, -0.1) vx=0 body=(0.0, 0.1) rescue=False recovery=0.4439754 kick=False 
(Filename: E:\unity\Runtime/Export/Debug/Debug.bindings.h Line: 39)

STRATEGY CONTACT step=28 ball=(0.7, -0.1) vx=0 body=(0.0, 0.1) rescue=False recovery=0.423975 kick=False 
(Filename: E:\unity\Runtime/Export/Debug/Debug.bindings.h Line: 39)

STRATEGY CONTACT step=29 ball=(0.7, -0.1) vx=0 body=(0.0, 0.1) rescue=False recovery=0.4039745 kick=False 
(Filename: E:\unity\Runtime/Export/Debug/Debug.bindings.h Line: 39)

STRATEGY CONTACT step=30 ball=(0.7, -0.1) vx=0 body=(0.0, 0.1) rescue=False recovery=0.383976 kick=False 
(Filename: E:\unity\Runtime/Export/Debug/Debug.bindings.h Line: 39)

STRATEGY CONTACT step=31 ball=(0.7, -0.2) vx=0 body=(0.0, 0.1) rescue=False recovery=0.3639755 kick=False 
(Filename: E:\unity\Runtime/Export/Debug/Debug.bindings.h Line: 39)

STRATEGY CONTACT step=32 ball=(0.7, -0.2) vx=0 body=(0.0, 0.1) rescue=False recovery=0.3439751 kick=False 
(Filename: E:\unity\Runtime/Export/Debug/Debug.bindings.h Line: 39)

STRATEGY CONTACT step=33 ball=(0.7, -0.2) vx=0 body=(0.0, 0.1) rescue=False recovery=0.3239746 kick=False 
(Filename: E:\unity\Runtime/Export/Debug/Debug.bindings.h Line: 39)

STRATEGY CONTACT step=34 ball=(0.7, -0.3) vx=0 body=(0.0, 0.1) rescue=False recovery=0.3039761 kick=False 
(Filename: E:\unity\Runtime/Export/Debug/Debug.bindings.h Line: 39)

STRATEGY CONTACT step=35 ball=(0.7, -0.3) vx=0 body=(0.0, 0.1) rescue=False recovery=0.2839756 kick=False 
(Filename: E:\unity\Runtime/Export/Debug/Debug.bindings.h Line: 39)

STRATEGY CONTACT step=36 ball=(0.7, -0.4) vx=0 body=(0.0, 0.1) rescue=False recovery=0.2639751 kick=False 
(Filename: E:\unity\Runtime/Export/Debug/Debug.bindings.h Line: 39)

STRATEGY CONTACT step=37 ball=(0.7, -0.4) vx=0 body=(0.0, 0.1) rescue=False recovery=0.2439747 kick=False 
(Filename: E:\unity\Runtime/Export/Debug/Debug.bindings.h Line: 39)

STRATEGY CONTACT step=38 ball=(0.7, -0.5) vx=0 body=(0.0, 0.1) rescue=False recovery=0.2239761 kick=False 
(Filename: E:\unity\Runtime/Export/Debug/Debug.bindings.h Line: 39)

STRATEGY CONTACT step=39 ball=(0.7, -0.5) vx=0 body=(0.0, 0.1) rescue=False recovery=0.2039757 kick=False 
(Filename: E:\unity\Runtime/Export/Debug/Debug.bindings.h Line: 39)

STRATEGY CONTACT step=40 ball=(0.7, -0.6) vx=0 body=(0.0, 0.1) rescue=False recovery=0.1839752 kick=False 
(Filename: E:\unity\Runtime/Export/Debug/Debug.bindings.h Line: 39)

STRATEGY CONTACT step=41 ball=(0.7, -0.7) vx=0 body=(0.0, 0.1) rescue=False recovery=0.1639748 kick=False 
(Filename: E:\unity\Runtime/Export/Debug/Debug.bindings.h Line: 39)

STRATEGY CONTACT step=42 ball=(0.7, -0.7) vx=0 body=(0.0, 0.1) rescue=False recovery=0.1439762 kick=False 
(Filename: E:\unity\Runtime/Export/Debug/Debug.bindings.h Line: 39)

STRATEGY CONTACT step=43 ball=(0.7, -0.8) vx=0 body=(0.0, 0.1) rescue=False recovery=0.1239758 kick=False 
(Filename: E:\unity\Runtime/Export/Debug/Debug.bindings.h Line: 39)

STRATEGY CONTACT step=44 ball=(0.7, -0.9) vx=0 body=(0.0, 0.1) rescue=False recovery=0.1039753 kick=False 
(Filename: E:\unity\Runtime/Export/Debug/Debug.bindings.h Line: 39)

STRATEGY CONTACT step=45 ball=(0.7, -1.0) vx=0 body=(0.0, 0.1) rescue=False recovery=0.08397484 kick=False 
(Filename: E:\unity\Runtime/Export/Debug/Debug.bindings.h Line: 39)

STRATEGY CONTACT step=46 ball=(0.7, -1.1) vx=0 body=(0.0, 0.1) rescue=False recovery=0.06397629 kick=False 
(Filename: E:\unity\Runtime/Export/Debug/Debug.bindings.h Line: 39)

STRATEGY CONTACT step=47 ball=(0.7, -1.2) vx=0 body=(0.0, 0.1) rescue=False recovery=0.04397583 kick=False 
(Filename: E:\unity\Runtime/Export/Debug/Debug.bindings.h Line: 39)

STRATEGY CONTACT step=48 ball=(0.7, -1.3) vx=0 body=(0.0, 0.1) rescue=False recovery=0.02397537 kick=False 
(Filename: E:\unity\Runtime/Export/Debug/Debug.bindings.h Line: 39)

STRATEGY CONTACT step=49 ball=(0.7, -1.4) vx=0 body=(0.0, 0.1) rescue=False recovery=0.003974915 kick=False 
(Filename: E:\unity\Runtime/Export/Debug/Debug.bindings.h Line: 39)

STRATEGY CONTACT step=50 ball=(0.7, -1.5) vx=0 body=(0.0, 0.1) rescue=True recovery=1 kick=False 
(Filename: E:\unity\Runtime/Export/Debug/Debug.bindings.h Line: 39)

STRATEGY CONTACT step=51 ball=(0.7, -1.5) vx=0 body=(0.0, 0.1) rescue=True recovery=1 kick=False 
(Filename: E:\unity\Runtime/Export/Debug/Debug.bindings.h Line: 39)

STRATEGY CONTACT step=52 ball=(0.7, -1.5) vx=0 body=(0.0, 0.1) rescue=True recovery=1 kick=False 
(Filename: E:\unity\Runtime/Export/Debug/Debug.bindings.h Line: 39)

STRATEGY CONTACT step=53 ball=(0.7, -1.4) vx=0 body=(0.0, 0.1) rescue=True recovery=1 kick=False 
(Filename: E:\unity\Runtime/Export/Debug/Debug.bindings.h Line: 39)

STRATEGY CONTACT step=54 ball=(0.7, -1.3) vx=0 body=(0.0, 0.1) rescue=True recovery=1 kick=False 
(Filename: E:\unity\Runtime/Export/Debug/Debug.bindings.h Line: 39)

STRATEGY CONTACT step=55 ball=(0.7, -1.2) vx=0 body=(0.0, 0.1) rescue=True recovery=1 kick=False 
(Filename: E:\unity\Runtime/Export/Debug/Debug.bindings.h Line: 39)

STRATEGY CONTACT step=56 ball=(0.7, -1.2) vx=0 body=(0.0, 0.1) rescue=True recovery=1 kick=False 
(Filename: E:\unity\Runtime/Export/Debug/Debug.bindings.h Line: 39)

STRATEGY CONTACT step=57 ball=(0.7, -1.1) vx=0 body=(0.0, 0.1) rescue=True recovery=1 kick=False 
(Filename: E:\unity\Runtime/Export/Debug/Debug.bindings.h Line: 39)

STRATEGY CONTACT step=58 ball=(0.7, -1.1) vx=0 body=(0.0, 0.1) rescue=True recovery=1 kick=False 
(Filename: E:\unity\Runtime/Export/Debug/Debug.bindings.h Line: 39)

STRATEGY CONTACT step=59 ball=(0.7, -1.0) vx=0 body=(0.0, 0.1) rescue=True recovery=1 kick=False 
(Filename: E:\unity\Runtime/Export/Debug/Debug.bindings.h Line: 39)

STRATEGY PASS returning torso ball uses real collision fixture 
(Filename: E:\unity\Runtime/Export/Debug/Debug.bindings.h Line: 39)

STRATEGY PASS returning contact does not receive an own-goal push vx=0 
(Filename: E:\unity\Runtime/Export/Debug/Debug.bindings.h Line: 39)

STRATEGY PASS returning-contact absorption retains rig error=0.03807151 
(Filename: E:\unity\Runtime/Export/Debug/Debug.bindings.h Line: 39)

Unloading 4 Unused Serialized files (Serialized files now loaded: 0)
UnloadTime: 0.253700 ms

Unloading 3 unused Assets to reduce memory usage. Loaded Objects now: 1059.
Total: 1.056500 ms (FindLiveObjects: 0.029700 ms CreateObjectMapping: 0.008200 ms MarkObjects: 0.161300 ms  DeleteObjects: 0.857000 ms)

STRATEGY PARAM side=Zhao skills=True scale=1 jump=6.119894 gravity=1 head=0.7555736 
(Filename: E:\unity\Runtime/Export/Debug/Debug.bindings.h Line: 39)

STRATEGY LOB step=0 ball=(2.5, 3.0) velocity=(-3.2, -0.7) player=(2.0, 0.2) run=(0.6, 6.9) head=(1.9, 0.9, 0.3) target=1.800937 eta=0.32 jump=False heading=False plan=True rescue=False standing=0.7442687 axis=-0.3636858 
(Filename: E:\unity\Runtime/Export/Debug/Debug.bindings.h Line: 39)

STRATEGY LOB step=8 ball=(2.0, 2.8) velocity=(-3.2, -2.3) player=(2.0, 1.0) run=(-0.8, 4.6) head=(1.8, 1.7, 0.3) target=1.957175 eta=0.12 jump=False heading=False plan=True rescue=False standing=0.7442687 axis=0 
(Filename: E:\unity\Runtime/Export/Debug/Debug.bindings.h Line: 39)

STRATEGY LOB step=16 ball=(1.5, 2.5) velocity=(-2.8, -0.1) player=(1.9, 1.5) run=(-0.5, 2.5) head=(1.4, 1.9, 0.3) target=2.100778 eta=0.04 jump=False heading=False plan=True rescue=False standing=0.7442687 axis=0.2664292 
(Filename: E:\unity\Runtime/Export/Debug/Debug.bindings.h Line: 39)

STRATEGY LOB step=24 ball=(1.3, 2.9) velocity=(-0.8, 4.2) player=(1.8, 1.7) run=(-0.9, 0.0) head=(1.5, 2.3, 0.3) target=0.3272632 eta=2.4 jump=False heading=False plan=True rescue=False standing=0.7442687 axis=-0.65 
(Filename: E:\unity\Runtime/Export/Debug/Debug.bindings.h Line: 39)

STRATEGY LOB step=32 ball=(1.1, 3.4) velocity=(-0.8, 2.6) player=(1.9, 1.6) run=(0.0, -1.9) head=(1.8, 2.3, 0.3) target=0.3272632 eta=2.4 jump=False heading=False plan=True rescue=False standing=0.7442687 axis=-0.65 
(Filename: E:\unity\Runtime/Export/Debug/Debug.bindings.h Line: 39)

STRATEGY LOB step=40 ball=(1.0, 3.7) velocity=(-0.8, 1.0) player=(1.7, 1.3) run=(-1.8, -2.3) head=(1.8, 2.0, 0.3) target=0.3272632 eta=2.4 jump=False heading=False plan=True rescue=False standing=0.7442687 axis=-0.65 
(Filename: E:\unity\Runtime/Export/Debug/Debug.bindings.h Line: 39)

STRATEGY LOB step=48 ball=(0.9, 3.7) velocity=(-0.8, -0.5) player=(1.3, 0.7) run=(-2.3, -4.4) head=(1.2, 1.4, 0.3) target=0.2617526 eta=2.4 jump=False heading=False plan=True rescue=False standing=0.7442687 axis=-0.65 
(Filename: E:\unity\Runtime/Export/Debug/Debug.bindings.h Line: 39)

STRATEGY LOB step=56 ball=(0.8, 3.5) velocity=(-0.8, -2.1) player=(1.0, 0.3) run=(-2.9, -0.1) head=(0.8, 1.0, 0.3) target=0.4180427 eta=2.4 jump=False heading=False plan=True rescue=False standing=0.7442687 axis=-0.65 
(Filename: E:\unity\Runtime/Export/Debug/Debug.bindings.h Line: 39)

STRATEGY LOB step=64 ball=(0.7, 3.0) velocity=(-0.8, -3.7) player=(0.7, 0.2) run=(-1.4, -1.5) head=(0.7, 0.9, 0.3) target=0.5985087 eta=0.2 jump=False heading=False plan=True rescue=False standing=0.7442687 axis=0.6392803 
(Filename: E:\unity\Runtime/Export/Debug/Debug.bindings.h Line: 39)

STRATEGY LOB step=72 ball=(0.5, 2.3) velocity=(-0.8, -5.2) player=(0.4, 0.0) run=(-1.5, -0.4) head=(0.6, 0.7, 0.3) target=0.4647883 eta=0.12 jump=False heading=False plan=False rescue=True standing=0.7442687 axis=0 
(Filename: E:\unity\Runtime/Export/Debug/Debug.bindings.h Line: 39)

STRATEGY LOB step=80 ball=(0.4, 1.3) velocity=(-0.8, -6.8) player=(0.4, 0.1) run=(1.8, 0.5) head=(0.5, 0.8, 0.3) target=0.4647883 eta=0.12 jump=False heading=False plan=False rescue=True standing=0.7442687 axis=0 
(Filename: E:\unity\Runtime/Export/Debug/Debug.bindings.h Line: 39)

STRATEGY LOB step=88 ball=(0.1, 1.0) velocity=(-1.7, -2.3) player=(0.7, 0.1) run=(0.6, 0.1) head=(0.7, 0.8, 0.3) target=0.4647883 eta=0.12 jump=False heading=False plan=False rescue=True standing=0.7442687 axis=0 
(Filename: E:\unity\Runtime/Export/Debug/Debug.bindings.h Line: 39)

STRATEGY LOB step=96 ball=(-0.1, 0.5) velocity=(-1.7, -3.9) player=(0.8, 0.1) run=(0.3, 0.0) head=(0.7, 0.8, 0.3) target=0.4647883 eta=0.12 jump=False heading=False plan=False rescue=False standing=0.7442687 axis=0 
(Filename: E:\unity\Runtime/Export/Debug/Debug.bindings.h Line: 39)

STRATEGY PASS live lob plans reachable contact Zhao skills=True jump=False 
(Filename: E:\unity\Runtime/Export/Debug/Debug.bindings.h Line: 39)

STRATEGY PASS live lob intercepted by native collision or existing head skill Zhao skills=True collision=True header=False 
(Filename: E:\unity\Runtime/Export/Debug/Debug.bindings.h Line: 39)

STRATEGY PASS lob interception preserves skeleton Zhao error=0.1099236 
(Filename: E:\unity\Runtime/Export/Debug/Debug.bindings.h Line: 39)

STRATEGY COMPLETE checks=55 lobTouches=1 failures=0 
(Filename: E:\unity\Runtime/Export/Debug/Debug.bindings.h Line: 39)

Setting up 12 worker threads for Enlighten.
  Thread -> id: 61ac -> priority: 1 
  Thread -> id: 8710 -> priority: 1 
  Thread -> id: 3e20 -> priority: 1 
  Thread -> id: 787c -> priority: 1 
  Thread -> id: 2a3c -> priority: 1 
  Thread -> id: 32c -> priority: 1 
  Thread -> id: 4c50 -> priority: 1 
  Thread -> id: 8c3c -> priority: 1 
  Thread -> id: 2124 -> priority: 1 
  Thread -> id: 9544 -> priority: 1 
  Thread -> id: 785c -> priority: 1 
  Thread -> id: 7264 -> priority: 1 
Curl error 42: Callback aborted
 
(Filename:  Line: 867)

