Mono path[0] = 'C:/Users/Alienware/Documents/范志毅VS赵鹏/范志毅VS赵鹏 PC双人版（32位）/鑼冨織姣匳S璧甸箯 PC鍙屼汉鐗堬紙32浣嶏級/AI Mod Source/build/fan-strategy-test-player-original/FanZhiYi_Data/Managed'
Mono config path = 'C:/Users/Alienware/Documents/范志毅VS赵鹏/范志毅VS赵鹏 PC双人版（32位）/鑼冨織姣匳S璧甸箯 PC鍙屼汉鐗堬紙32浣嶏級/AI Mod Source/build/fan-strategy-test-player-original/MonoBleedingEdge/etc'
AS: AutoStreaming module initializing.Initialize engine version: 2019.4.33f1c1 (c2f94a8bebb3)
[Subsystems] Discovering subsystems at path C:/Users/Alienware/Documents/范志毅VS赵鹏/范志毅VS赵鹏 PC双人版（32位）/鑼冨織姣匳S璧甸箯 PC鍙屼汉鐗堬紙32浣嶏級/AI Mod Source/build/fan-strategy-test-player-original/FanZhiYi_Data/UnitySubsystems
GfxDevice: creating device client; threaded=1
Direct3D:
    Version:  Direct3D 11.0 [level 11.1]
    Renderer: NVIDIA GeForce RTX 5070 Laptop GPU (ID=0x2d58)
    Vendor:   (null)
    VRAM:     3072 MB
    Driver:   32.0.15.9608
Begin MonoManager ReloadAssembly
- Completed reload, in  0.093 seconds
<RI> Initializing input.
<RI> Input initialized.
<RI> Initialized touch support.
UnloadTime: 0.504400 ms
CONTROLS PASS start menu offers binding settings 
(Filename: E:\unity\Runtime/Export/Debug/Debug.bindings.h Line: 39)

CONTROLS PASS menu button opens settings overlay 
(Filename: E:\unity\Runtime/Export/Debug/Debug.bindings.h Line: 39)

CONTROLS PASS all fourteen default slots include Zhao right Shift header 
(Filename: E:\unity\Runtime/Export/Debug/Debug.bindings.h Line: 39)

CONTROLS PASS settings buttons remain inside viewport (1280.0, 720.0) 
(Filename: E:\unity\Runtime/Export/Debug/Debug.bindings.h Line: 39)

CONTROLS PASS settings screenshot captured 1280 
(Filename: E:\unity\Runtime/Export/Debug/Debug.bindings.h Line: 39)

CONTROLS PASS settings buttons remain inside viewport (800.0, 600.0) 
(Filename: E:\unity\Runtime/Export/Debug/Debug.bindings.h Line: 39)

CONTROLS PASS settings screenshot captured 800 
(Filename: E:\unity\Runtime/Export/Debug/Debug.bindings.h Line: 39)

CONTROLS PASS UI rejects another player's occupied key 
(Filename: E:\unity\Runtime/Export/Debug/Debug.bindings.h Line: 39)

CONTROLS PASS UI captures and displays new key 
(Filename: E:\unity\Runtime/Export/Debug/Debug.bindings.h Line: 39)

CONTROLS PASS UI binding persists after reload 
(Filename: E:\unity\Runtime/Export/Debug/Debug.bindings.h Line: 39)

CONTROLS PASS UI restores current defaults 
(Filename: E:\unity\Runtime/Export/Debug/Debug.bindings.h Line: 39)

CONTROLS PASS done closes overlay 
(Filename: E:\unity\Runtime/Export/Debug/Debug.bindings.h Line: 39)

Unloading 5 Unused Serialized files (Serialized files now loaded: 0)
UnloadTime: 0.185300 ms

Unloading 143 unused Assets to reduce memory usage. Loaded Objects now: 1012.
Total: 0.579800 ms (FindLiveObjects: 0.040100 ms CreateObjectMapping: 0.010500 ms MarkObjects: 0.192900 ms  DeleteObjects: 0.335900 ms)

CONTROLS PASS default binding p=0 action=0 
(Filename: E:\unity\Runtime/Export/Debug/Debug.bindings.h Line: 39)

CONTROLS PASS default binding p=0 action=1 
(Filename: E:\unity\Runtime/Export/Debug/Debug.bindings.h Line: 39)

CONTROLS PASS default binding p=0 action=2 
(Filename: E:\unity\Runtime/Export/Debug/Debug.bindings.h Line: 39)

CONTROLS PASS default binding p=0 action=3 
(Filename: E:\unity\Runtime/Export/Debug/Debug.bindings.h Line: 39)

CONTROLS PASS default binding p=0 action=4 
(Filename: E:\unity\Runtime/Export/Debug/Debug.bindings.h Line: 39)

CONTROLS PASS default binding p=0 action=5 
(Filename: E:\unity\Runtime/Export/Debug/Debug.bindings.h Line: 39)

CONTROLS PASS default binding p=0 action=6 
(Filename: E:\unity\Runtime/Export/Debug/Debug.bindings.h Line: 39)

CONTROLS PASS default binding p=1 action=0 
(Filename: E:\unity\Runtime/Export/Debug/Debug.bindings.h Line: 39)

CONTROLS PASS default binding p=1 action=1 
(Filename: E:\unity\Runtime/Export/Debug/Debug.bindings.h Line: 39)

CONTROLS PASS default binding p=1 action=2 
(Filename: E:\unity\Runtime/Export/Debug/Debug.bindings.h Line: 39)

CONTROLS PASS default binding p=1 action=3 
(Filename: E:\unity\Runtime/Export/Debug/Debug.bindings.h Line: 39)

CONTROLS PASS default binding p=1 action=4 
(Filename: E:\unity\Runtime/Export/Debug/Debug.bindings.h Line: 39)

CONTROLS PASS default binding p=1 action=5 
(Filename: E:\unity\Runtime/Export/Debug/Debug.bindings.h Line: 39)

CONTROLS PASS default binding p=1 action=6 
(Filename: E:\unity\Runtime/Export/Debug/Debug.bindings.h Line: 39)

CONTROLS PASS custom left drives native movement 
(Filename: E:\unity\Runtime/Export/Debug/Debug.bindings.h Line: 39)

CONTROLS PASS opposite movement keys cancel 
(Filename: E:\unity\Runtime/Export/Debug/Debug.bindings.h Line: 39)

CONTROLS PASS custom right drives native movement 
(Filename: E:\unity\Runtime/Export/Debug/Debug.bindings.h Line: 39)

CONTROLS PASS custom shooting key reaches native Kick slot 
(Filename: E:\unity\Runtime/Export/Debug/Debug.bindings.h Line: 39)

CONTROLS PASS old shooting key stops after rebinding 
(Filename: E:\unity\Runtime/Export/Debug/Debug.bindings.h Line: 39)

CONTROLS PASS custom down reaches Fan quick drop 
(Filename: E:\unity\Runtime/Export/Debug/Debug.bindings.h Line: 39)

CONTROLS PASS custom jump reaches native jump slot 
(Filename: E:\unity\Runtime/Export/Debug/Debug.bindings.h Line: 39)

CONTROLS PASS both players' changes persist 
(Filename: E:\unity\Runtime/Export/Debug/Debug.bindings.h Line: 39)

CONTROLS PASS cross-player key conflicts rejected 
(Filename: E:\unity\Runtime/Export/Debug/Debug.bindings.h Line: 39)

Unloading 4 Unused Serialized files (Serialized files now loaded: 0)
UnloadTime: 0.411600 ms

Unloading 40 unused Assets to reduce memory usage. Loaded Objects now: 1058.
Total: 1.325300 ms (FindLiveObjects: 0.033900 ms CreateObjectMapping: 0.008600 ms MarkObjects: 0.224000 ms  DeleteObjects: 1.058500 ms)

CONTROLS PASS native Zhao head slot assigned skills=False 
(Filename: E:\unity\Runtime/Export/Debug/Debug.bindings.h Line: 39)

CONTROLS CLIPS Zhao Kick,Jump,Walk,Idle,BackWalk,Head, 
(Filename: E:\unity\Runtime/Export/Debug/Debug.bindings.h Line: 39)

HEADER LIVE frame=0 head=-8.46 body=-24.31 headRot=6.085323 ballV=(0.0, 0.0) 
(Filename: E:\unity\Runtime/Export/Debug/Debug.bindings.h Line: 39)

HEADER LIVE frame=3 head=51.20666 body=12.0539 headRot=5.190816 ballV=(0.0, 0.0) 
(Filename: E:\unity\Runtime/Export/Debug/Debug.bindings.h Line: 39)

HEADER LIVE frame=6 head=81.24542 body=30.50201 headRot=32.88632 ballV=(-4.3, 0.0) 
(Filename: E:\unity\Runtime/Export/Debug/Debug.bindings.h Line: 39)

HEADER LIVE frame=9 head=72.97649 body=27.24299 headRot=56.01316 ballV=(-3.8, 0.0) 
(Filename: E:\unity\Runtime/Export/Debug/Debug.bindings.h Line: 39)

HEADER LIVE frame=12 head=58.08554 body=21.37403 headRot=65.83914 ballV=(-3.8, 0.0) 
(Filename: E:\unity\Runtime/Export/Debug/Debug.bindings.h Line: 39)

HEADER LIVE frame=15 head=39.90687 body=14.20929 headRot=61.49788 ballV=(-3.8, 0.0) 
(Filename: E:\unity\Runtime/Export/Debug/Debug.bindings.h Line: 39)

HEADER LIVE frame=18 head=21.42198 body=6.923862 headRot=39.77124 ballV=(-3.8, 0.0) 
(Filename: E:\unity\Runtime/Export/Debug/Debug.bindings.h Line: 39)

HEADER LIVE frame=21 head=6.882408 body=1.193399 headRot=9.516207 ballV=(-3.8, 0.0) 
(Filename: E:\unity\Runtime/Export/Debug/Debug.bindings.h Line: 39)

CONTROLS PASS human key executes Zhao header animation skills=False remapped=False 
(Filename: E:\unity\Runtime/Export/Debug/Debug.bindings.h Line: 39)

CONTROLS PASS header keeps Zhao lower-body sprite scale and facing 
(Filename: E:\unity\Runtime/Export/Debug/Debug.bindings.h Line: 39)

CONTROLS PASS header has real varying neck targets range=90.35886 
(Filename: E:\unity\Runtime/Export/Debug/Debug.bindings.h Line: 39)

CONTROLS PASS header visibly swings physical head degrees=60.49034 
(Filename: E:\unity\Runtime/Export/Debug/Debug.bindings.h Line: 39)

CONTROLS PASS stationary front ball headed toward opponent vx=-4.25118 
(Filename: E:\unity\Runtime/Export/Debug/Debug.bindings.h Line: 39)

CONTROLS PASS header preserves actual head-ball collision skills=False remapped=False 
(Filename: E:\unity\Runtime/Export/Debug/Debug.bindings.h Line: 39)

CONTROLS PASS header retains connected model error=0.03500398 
(Filename: E:\unity\Runtime/Export/Debug/Debug.bindings.h Line: 39)

CONTROLS PASS header returns to normal state 
(Filename: E:\unity\Runtime/Export/Debug/Debug.bindings.h Line: 39)

CONTROLS PASS header releases mirrored goals after recovery idle=4.96 actual=4.96 
(Filename: E:\unity\Runtime/Export/Debug/Debug.bindings.h Line: 39)

CONTROLS PASS next heading command swings again degrees=66.53441 
(Filename: E:\unity\Runtime/Export/Debug/Debug.bindings.h Line: 39)

Unloading 4 Unused Serialized files (Serialized files now loaded: 0)
UnloadTime: 0.325800 ms

Unloading 6 unused Assets to reduce memory usage. Loaded Objects now: 1063.
Total: 1.270300 ms (FindLiveObjects: 0.058200 ms CreateObjectMapping: 0.017800 ms MarkObjects: 0.210600 ms  DeleteObjects: 0.983300 ms)

CONTROLS PASS native Zhao head slot assigned skills=True 
(Filename: E:\unity\Runtime/Export/Debug/Debug.bindings.h Line: 39)

CONTROLS CLIPS Zhao Kick,Jump,Walk,Idle,BackWalk,Head, 
(Filename: E:\unity\Runtime/Export/Debug/Debug.bindings.h Line: 39)

HEADER LIVE frame=0 head=-8.46 body=-24.31 headRot=6.085323 ballV=(0.0, 0.0) 
(Filename: E:\unity\Runtime/Export/Debug/Debug.bindings.h Line: 39)

HEADER LIVE frame=3 head=50.09508 body=11.37644 headRot=359.9065 ballV=(0.0, 0.0) 
(Filename: E:\unity\Runtime/Export/Debug/Debug.bindings.h Line: 39)

HEADER LIVE frame=6 head=81.29736 body=30.52248 headRot=37.56081 ballV=(-4.4, 0.0) 
(Filename: E:\unity\Runtime/Export/Debug/Debug.bindings.h Line: 39)

HEADER LIVE frame=9 head=73.25516 body=27.35282 headRot=57.66954 ballV=(-3.9, 0.0) 
(Filename: E:\unity\Runtime/Export/Debug/Debug.bindings.h Line: 39)

HEADER LIVE frame=12 head=58.48084 body=21.52983 headRot=66.6071 ballV=(-3.9, 0.0) 
(Filename: E:\unity\Runtime/Export/Debug/Debug.bindings.h Line: 39)

HEADER LIVE frame=15 head=40.34 body=14.38 headRot=67.19713 ballV=(-3.9, 0.0) 
(Filename: E:\unity\Runtime/Export/Debug/Debug.bindings.h Line: 39)

HEADER LIVE frame=18 head=21.8999 body=7.112225 headRot=37.53606 ballV=(-3.9, 0.0) 
(Filename: E:\unity\Runtime/Export/Debug/Debug.bindings.h Line: 39)

HEADER LIVE frame=21 head=7.214828 body=1.324411 headRot=17.33035 ballV=(-3.9, 0.0) 
(Filename: E:\unity\Runtime/Export/Debug/Debug.bindings.h Line: 39)

CONTROLS PASS human key executes Zhao header animation skills=True remapped=False 
(Filename: E:\unity\Runtime/Export/Debug/Debug.bindings.h Line: 39)

CONTROLS PASS header keeps Zhao lower-body sprite scale and facing 
(Filename: E:\unity\Runtime/Export/Debug/Debug.bindings.h Line: 39)

CONTROLS PASS header has real varying neck targets range=90.36002 
(Filename: E:\unity\Runtime/Export/Debug/Debug.bindings.h Line: 39)

CONTROLS PASS header visibly swings physical head degrees=60.92037 
(Filename: E:\unity\Runtime/Export/Debug/Debug.bindings.h Line: 39)

CONTROLS PASS stationary front ball headed toward opponent vx=-4.379056 
(Filename: E:\unity\Runtime/Export/Debug/Debug.bindings.h Line: 39)

CONTROLS PASS header preserves actual head-ball collision skills=True remapped=False 
(Filename: E:\unity\Runtime/Export/Debug/Debug.bindings.h Line: 39)

CONTROLS PASS header retains connected model error=0.05644858 
(Filename: E:\unity\Runtime/Export/Debug/Debug.bindings.h Line: 39)

CONTROLS PASS header returns to normal state 
(Filename: E:\unity\Runtime/Export/Debug/Debug.bindings.h Line: 39)

CONTROLS PASS header releases mirrored goals after recovery idle=4.96 actual=4.96 
(Filename: E:\unity\Runtime/Export/Debug/Debug.bindings.h Line: 39)

CONTROLS PASS next heading command swings again degrees=63.8856 
(Filename: E:\unity\Runtime/Export/Debug/Debug.bindings.h Line: 39)

Unloading 4 Unused Serialized files (Serialized files now loaded: 0)
UnloadTime: 0.717700 ms

Unloading 6 unused Assets to reduce memory usage. Loaded Objects now: 1069.
Total: 1.197600 ms (FindLiveObjects: 0.061300 ms CreateObjectMapping: 0.008800 ms MarkObjects: 0.207600 ms  DeleteObjects: 0.919600 ms)

CONTROLS PASS native Zhao head slot assigned skills=True 
(Filename: E:\unity\Runtime/Export/Debug/Debug.bindings.h Line: 39)

CONTROLS CLIPS Zhao Kick,Jump,Walk,Idle,BackWalk,Head, 
(Filename: E:\unity\Runtime/Export/Debug/Debug.bindings.h Line: 39)

HEADER LIVE frame=0 head=-8.46 body=-24.31 headRot=4.67142 ballV=(0.0, 0.0) 
(Filename: E:\unity\Runtime/Export/Debug/Debug.bindings.h Line: 39)

HEADER LIVE frame=3 head=50.09134 body=11.37417 headRot=9.93391 ballV=(0.0, 0.0) 
(Filename: E:\unity\Runtime/Export/Debug/Debug.bindings.h Line: 39)

HEADER LIVE frame=6 head=81.28868 body=30.51906 headRot=39.33092 ballV=(-4.1, -0.5) 
(Filename: E:\unity\Runtime/Export/Debug/Debug.bindings.h Line: 39)

HEADER LIVE frame=9 head=73.22637 body=27.34147 headRot=53.20819 ballV=(-4.1, -0.5) 
(Filename: E:\unity\Runtime/Export/Debug/Debug.bindings.h Line: 39)

HEADER LIVE frame=12 head=58.4206 body=21.50609 headRot=67.61044 ballV=(-4.1, -0.5) 
(Filename: E:\unity\Runtime/Export/Debug/Debug.bindings.h Line: 39)

HEADER LIVE frame=15 head=39.96331 body=14.23154 headRot=64.0232 ballV=(-4.1, -0.5) 
(Filename: E:\unity\Runtime/Export/Debug/Debug.bindings.h Line: 39)

HEADER LIVE frame=18 head=21.85656 body=7.095144 headRot=35.47003 ballV=(-4.1, -0.5) 
(Filename: E:\unity\Runtime/Export/Debug/Debug.bindings.h Line: 39)

HEADER LIVE frame=21 head=7.145325 body=1.29702 headRot=15.80818 ballV=(-4.1, -0.5) 
(Filename: E:\unity\Runtime/Export/Debug/Debug.bindings.h Line: 39)

CONTROLS PASS human key executes Zhao header animation skills=True remapped=True 
(Filename: E:\unity\Runtime/Export/Debug/Debug.bindings.h Line: 39)

CONTROLS PASS header keeps Zhao lower-body sprite scale and facing 
(Filename: E:\unity\Runtime/Export/Debug/Debug.bindings.h Line: 39)

CONTROLS PASS header has real varying neck targets range=90.36002 
(Filename: E:\unity\Runtime/Export/Debug/Debug.bindings.h Line: 39)

CONTROLS PASS header visibly swings physical head degrees=62.09426 
(Filename: E:\unity\Runtime/Export/Debug/Debug.bindings.h Line: 39)

CONTROLS PASS stationary front ball headed toward opponent vx=-4.564744 
(Filename: E:\unity\Runtime/Export/Debug/Debug.bindings.h Line: 39)

CONTROLS PASS header preserves actual head-ball collision skills=True remapped=True 
(Filename: E:\unity\Runtime/Export/Debug/Debug.bindings.h Line: 39)

CONTROLS PASS header retains connected model error=0.03459761 
(Filename: E:\unity\Runtime/Export/Debug/Debug.bindings.h Line: 39)

CONTROLS PASS header returns to normal state 
(Filename: E:\unity\Runtime/Export/Debug/Debug.bindings.h Line: 39)

CONTROLS PASS header releases mirrored goals after recovery idle=4.96 actual=4.96 
(Filename: E:\unity\Runtime/Export/Debug/Debug.bindings.h Line: 39)

CONTROLS PASS next heading command swings again degrees=65.32304 
(Filename: E:\unity\Runtime/Export/Debug/Debug.bindings.h Line: 39)

CONTROLS COMPLETE checks=68 failures=0 
(Filename: E:\unity\Runtime/Export/Debug/Debug.bindings.h Line: 39)

Setting up 12 worker threads for Enlighten.
  Thread -> id: 8ab8 -> priority: 1 
  Thread -> id: 230c -> priority: 1 
  Thread -> id: 77fc -> priority: 1 
  Thread -> id: 884c -> priority: 1 
  Thread -> id: d48 -> priority: 1 
  Thread -> id: 7688 -> priority: 1 
  Thread -> id: 842c -> priority: 1 
  Thread -> id: 5d94 -> priority: 1 
  Thread -> id: 9f48 -> priority: 1 
  Thread -> id: 1f70 -> priority: 1 
  Thread -> id: 8d68 -> priority: 1 
  Thread -> id: 6284 -> priority: 1 
Curl error 42: Callback aborted
 
(Filename:  Line: 867)

