Mono path[0] = 'C:/Users/Alienware/Documents/范志毅VS赵鹏/范志毅VS赵鹏 PC双人版（32位）/鑼冨織姣匳S璧甸箯 PC鍙屼汉鐗堬紙32浣嶏級/AI Mod Source/build/fan-strategy-test-player-experiment/FanZhiYi_Data/Managed'
Mono config path = 'C:/Users/Alienware/Documents/范志毅VS赵鹏/范志毅VS赵鹏 PC双人版（32位）/鑼冨織姣匳S璧甸箯 PC鍙屼汉鐗堬紙32浣嶏級/AI Mod Source/build/fan-strategy-test-player-experiment/MonoBleedingEdge/etc'
AS: AutoStreaming module initializing.Initialize engine version: 2019.4.33f1c1 (c2f94a8bebb3)
[Subsystems] Discovering subsystems at path C:/Users/Alienware/Documents/范志毅VS赵鹏/范志毅VS赵鹏 PC双人版（32位）/鑼冨織姣匳S璧甸箯 PC鍙屼汉鐗堬紙32浣嶏級/AI Mod Source/build/fan-strategy-test-player-experiment/FanZhiYi_Data/UnitySubsystems
GfxDevice: creating device client; threaded=1
Direct3D:
    Version:  Direct3D 11.0 [level 11.1]
    Renderer: NVIDIA GeForce RTX 5070 Laptop GPU (ID=0x2d58)
    Vendor:   (null)
    VRAM:     3072 MB
    Driver:   32.0.15.9608
Begin MonoManager ReloadAssembly
- Completed reload, in  0.089 seconds
<RI> Initializing input.
<RI> Input initialized.
<RI> Initialized touch support.
UnloadTime: 0.764300 ms
DEFENSE WATCH real=2.800407 time=0.02 scale=1 fixed=0.02 checks=0 
(Filename: E:\unity\Runtime/Export/Debug/Debug.bindings.h Line: 39)

Unloading 5 Unused Serialized files (Serialized files now loaded: 0)
UnloadTime: 0.163400 ms

Unloading 143 unused Assets to reduce memory usage. Loaded Objects now: 1009.
Total: 0.544800 ms (FindLiveObjects: 0.035800 ms CreateObjectMapping: 0.009400 ms MarkObjects: 0.201100 ms  DeleteObjects: 0.298200 ms)

DEFENSE PASS real Fan foot contact launches skill case=0 
(Filename: E:\unity\Runtime/Export/Debug/Debug.bindings.h Line: 39)

DEFENSE PARAM case=0 nativeForce=130000 jumpEstimate=6.119894 start=(1.0, -0.4) shot=(-3.4, -1.6) 
(Filename: E:\unity\Runtime/Export/Debug/Debug.bindings.h Line: 39)

DEFENSE PASS skill forecast follows real unobstructed physics error=0.2994685 
(Filename: E:\unity\Runtime/Export/Debug/Debug.bindings.h Line: 39)

DEFENSE PASS Zhao enters dedicated curve defense case=0 
(Filename: E:\unity\Runtime/Export/Debug/Debug.bindings.h Line: 39)

DEFENSE PASS native Zhao skeleton stays connected case=0 error=0.1239643 
(Filename: E:\unity\Runtime/Export/Debug/Debug.bindings.h Line: 39)

DEFENSE RESULT case=0 lift=0 baseline=False touched=False saved=False score=0 firstJump=-1 firstHead=-1 end=(7.1, -0.8) 
(Filename: E:\unity\Runtime/Export/Debug/Debug.bindings.h Line: 39)

Unloading 4 Unused Serialized files (Serialized files now loaded: 0)
UnloadTime: 0.777700 ms

Unloading 39 unused Assets to reduce memory usage. Loaded Objects now: 1061.
Total: 1.286200 ms (FindLiveObjects: 0.036600 ms CreateObjectMapping: 0.008700 ms MarkObjects: 0.202100 ms  DeleteObjects: 1.038400 ms)

DEFENSE PASS real Fan foot contact launches skill case=1 
(Filename: E:\unity\Runtime/Export/Debug/Debug.bindings.h Line: 39)

DEFENSE PARAM case=1 nativeForce=130000 jumpEstimate=6.119894 start=(4.5, -0.4) shot=(-2.6, -1.6) 
(Filename: E:\unity\Runtime/Export/Debug/Debug.bindings.h Line: 39)

DEFENSE PASS Zhao enters dedicated curve defense case=1 
(Filename: E:\unity\Runtime/Export/Debug/Debug.bindings.h Line: 39)

DEFENSE PASS native Zhao skeleton stays connected case=1 error=0.04055013 
(Filename: E:\unity\Runtime/Export/Debug/Debug.bindings.h Line: 39)

DEFENSE RESULT case=1 lift=0 baseline=False touched=False saved=False score=0 firstJump=-1 firstHead=-1 end=(5.3, 0.3) 
(Filename: E:\unity\Runtime/Export/Debug/Debug.bindings.h Line: 39)

Unloading 4 Unused Serialized files (Serialized files now loaded: 0)
UnloadTime: 0.319500 ms

Unloading 3 unused Assets to reduce memory usage. Loaded Objects now: 1061.
Total: 1.227600 ms (FindLiveObjects: 0.039700 ms CreateObjectMapping: 0.008600 ms MarkObjects: 0.225100 ms  DeleteObjects: 0.953800 ms)

DEFENSE PASS real Fan foot contact launches skill case=2 
(Filename: E:\unity\Runtime/Export/Debug/Debug.bindings.h Line: 39)

DEFENSE PARAM case=2 nativeForce=130000 jumpEstimate=6.119894 start=(2.3, -0.4) shot=(-1.4, -1.6) 
(Filename: E:\unity\Runtime/Export/Debug/Debug.bindings.h Line: 39)

DEFENSE PASS Zhao enters dedicated curve defense case=2 
(Filename: E:\unity\Runtime/Export/Debug/Debug.bindings.h Line: 39)

DEFENSE PASS native Zhao skeleton stays connected case=2 error=0.2143909 
(Filename: E:\unity\Runtime/Export/Debug/Debug.bindings.h Line: 39)

DEFENSE RESULT case=2 lift=0 baseline=False touched=False saved=False score=0 firstJump=-1 firstHead=-1 end=(7.2, -0.9) 
(Filename: E:\unity\Runtime/Export/Debug/Debug.bindings.h Line: 39)

Unloading 4 Unused Serialized files (Serialized files now loaded: 0)
UnloadTime: 0.283100 ms

Unloading 4 unused Assets to reduce memory usage. Loaded Objects now: 1061.
Total: 1.364200 ms (FindLiveObjects: 0.031700 ms CreateObjectMapping: 0.008300 ms MarkObjects: 0.277200 ms  DeleteObjects: 1.046800 ms)

DEFENSE PASS real Fan foot contact launches skill case=3 
(Filename: E:\unity\Runtime/Export/Debug/Debug.bindings.h Line: 39)

DEFENSE PARAM case=3 nativeForce=130000 jumpEstimate=6.119894 start=(4.5, -0.4) shot=(-0.6, -1.6) 
(Filename: E:\unity\Runtime/Export/Debug/Debug.bindings.h Line: 39)

DEFENSE PASS Zhao enters dedicated curve defense case=3 
(Filename: E:\unity\Runtime/Export/Debug/Debug.bindings.h Line: 39)

DEFENSE PASS native Zhao skeleton stays connected case=3 error=0.0831744 
(Filename: E:\unity\Runtime/Export/Debug/Debug.bindings.h Line: 39)

DEFENSE RESULT case=3 lift=0 baseline=False touched=False saved=False score=0 firstJump=-1 firstHead=-1 end=(7.6, -0.8) 
(Filename: E:\unity\Runtime/Export/Debug/Debug.bindings.h Line: 39)

Unloading 4 Unused Serialized files (Serialized files now loaded: 0)
UnloadTime: 0.304600 ms

Unloading 4 unused Assets to reduce memory usage. Loaded Objects now: 1061.
Total: 1.216900 ms (FindLiveObjects: 0.033700 ms CreateObjectMapping: 0.008500 ms MarkObjects: 0.192900 ms  DeleteObjects: 0.981400 ms)

DEFENSE PASS real Fan foot contact launches skill case=4 
(Filename: E:\unity\Runtime/Export/Debug/Debug.bindings.h Line: 39)

DEFENSE PARAM case=4 nativeForce=130000 jumpEstimate=6.119894 start=(4.5, -0.4) shot=(0.4, -1.6) 
(Filename: E:\unity\Runtime/Export/Debug/Debug.bindings.h Line: 39)

DEFENSE PASS Zhao enters dedicated curve defense case=4 
(Filename: E:\unity\Runtime/Export/Debug/Debug.bindings.h Line: 39)

DEFENSE PASS native Zhao skeleton stays connected case=4 error=0.05610595 
(Filename: E:\unity\Runtime/Export/Debug/Debug.bindings.h Line: 39)

DEFENSE RESULT case=4 lift=0 baseline=False touched=False saved=False score=0 firstJump=-1 firstHead=-1 end=(6.2, -0.8) 
(Filename: E:\unity\Runtime/Export/Debug/Debug.bindings.h Line: 39)

Unloading 4 Unused Serialized files (Serialized files now loaded: 0)
UnloadTime: 0.264500 ms

Unloading 4 unused Assets to reduce memory usage. Loaded Objects now: 1061.
Total: 1.156200 ms (FindLiveObjects: 0.031500 ms CreateObjectMapping: 0.008200 ms MarkObjects: 0.173100 ms  DeleteObjects: 0.943300 ms)

DEFENSE WATCH real=12.80865 time=9.879995 scale=1 fixed=0.02 checks=16 
(Filename: E:\unity\Runtime/Export/Debug/Debug.bindings.h Line: 39)

DEFENSE PASS real Fan foot contact launches skill case=5 
(Filename: E:\unity\Runtime/Export/Debug/Debug.bindings.h Line: 39)

DEFENSE PARAM case=5 nativeForce=130000 jumpEstimate=6.119894 start=(4.8, -0.4) shot=(1.4, -1.6) 
(Filename: E:\unity\Runtime/Export/Debug/Debug.bindings.h Line: 39)

DEFENSE PASS Zhao enters dedicated curve defense case=5 
(Filename: E:\unity\Runtime/Export/Debug/Debug.bindings.h Line: 39)

DEFENSE PASS native Zhao skeleton stays connected case=5 error=0.06286492 
(Filename: E:\unity\Runtime/Export/Debug/Debug.bindings.h Line: 39)

DEFENSE RESULT case=5 lift=0 baseline=False touched=False saved=False score=0 firstJump=-1 firstHead=-1 end=(6.5, -0.5) 
(Filename: E:\unity\Runtime/Export/Debug/Debug.bindings.h Line: 39)

Unloading 4 Unused Serialized files (Serialized files now loaded: 0)
UnloadTime: 0.266900 ms

Unloading 4 unused Assets to reduce memory usage. Loaded Objects now: 1061.
Total: 1.124000 ms (FindLiveObjects: 0.031700 ms CreateObjectMapping: 0.015400 ms MarkObjects: 0.178200 ms  DeleteObjects: 0.898400 ms)

DEFENSE PASS real Fan foot contact launches skill case=6 
(Filename: E:\unity\Runtime/Export/Debug/Debug.bindings.h Line: 39)

DEFENSE PARAM case=6 nativeForce=130000 jumpEstimate=6.119894 start=(2.0, -0.4) shot=(-3.4, -0.3) 
(Filename: E:\unity\Runtime/Export/Debug/Debug.bindings.h Line: 39)

DEFENSE PASS Zhao enters dedicated curve defense case=6 
(Filename: E:\unity\Runtime/Export/Debug/Debug.bindings.h Line: 39)

DEFENSE PASS native Zhao skeleton stays connected case=6 error=0.08495997 
(Filename: E:\unity\Runtime/Export/Debug/Debug.bindings.h Line: 39)

DEFENSE RESULT case=6 lift=1.4 baseline=False touched=True saved=False score=1 firstJump=0.2799997 firstHead=-1 end=(6.0, -0.5) 
(Filename: E:\unity\Runtime/Export/Debug/Debug.bindings.h Line: 39)

Unloading 4 Unused Serialized files (Serialized files now loaded: 0)
UnloadTime: 0.278500 ms

Unloading 4 unused Assets to reduce memory usage. Loaded Objects now: 1061.
Total: 1.187100 ms (FindLiveObjects: 0.055700 ms CreateObjectMapping: 0.015600 ms MarkObjects: 0.172300 ms  DeleteObjects: 0.943100 ms)

DEFENSE PASS real Fan foot contact launches skill case=7 
(Filename: E:\unity\Runtime/Export/Debug/Debug.bindings.h Line: 39)

DEFENSE PARAM case=7 nativeForce=130000 jumpEstimate=6.119894 start=(3.8, -0.4) shot=(-1.8, -0.3) 
(Filename: E:\unity\Runtime/Export/Debug/Debug.bindings.h Line: 39)

DEFENSE PASS Zhao enters dedicated curve defense case=7 
(Filename: E:\unity\Runtime/Export/Debug/Debug.bindings.h Line: 39)

DEFENSE PASS native Zhao skeleton stays connected case=7 error=0.1225815 
(Filename: E:\unity\Runtime/Export/Debug/Debug.bindings.h Line: 39)

DEFENSE RESULT case=7 lift=1.4 baseline=False touched=True saved=True score=0 firstJump=-1 firstHead=-1 end=(5.9, -0.5) 
(Filename: E:\unity\Runtime/Export/Debug/Debug.bindings.h Line: 39)

Unloading 4 Unused Serialized files (Serialized files now loaded: 0)
UnloadTime: 0.277600 ms

Unloading 3 unused Assets to reduce memory usage. Loaded Objects now: 1065.
Total: 1.389700 ms (FindLiveObjects: 0.053600 ms CreateObjectMapping: 0.016500 ms MarkObjects: 0.216900 ms  DeleteObjects: 1.102400 ms)

DEFENSE PASS real Fan foot contact launches skill case=8 
(Filename: E:\unity\Runtime/Export/Debug/Debug.bindings.h Line: 39)

DEFENSE PARAM case=8 nativeForce=130000 jumpEstimate=6.119894 start=(4.6, -0.4) shot=(-0.3, -0.3) 
(Filename: E:\unity\Runtime/Export/Debug/Debug.bindings.h Line: 39)

DEFENSE PASS Zhao enters dedicated curve defense case=8 
(Filename: E:\unity\Runtime/Export/Debug/Debug.bindings.h Line: 39)

DEFENSE PASS native Zhao skeleton stays connected case=8 error=0.2661718 
(Filename: E:\unity\Runtime/Export/Debug/Debug.bindings.h Line: 39)

DEFENSE RESULT case=8 lift=1.4 baseline=False touched=True saved=True score=0 firstJump=-1 firstHead=-1 end=(2.7, -0.7) 
(Filename: E:\unity\Runtime/Export/Debug/Debug.bindings.h Line: 39)

Unloading 4 Unused Serialized files (Serialized files now loaded: 0)
UnloadTime: 0.260200 ms

Unloading 3 unused Assets to reduce memory usage. Loaded Objects now: 1065.
Total: 1.106100 ms (FindLiveObjects: 0.057200 ms CreateObjectMapping: 0.017100 ms MarkObjects: 0.197900 ms  DeleteObjects: 0.833400 ms)

DEFENSE PASS serve avoids retreat and distant jump skills=False mode=1 
(Filename: E:\unity\Runtime/Export/Debug/Debug.bindings.h Line: 39)

DEFENSE PASS serve still attacks skills=False mode=1 
(Filename: E:\unity\Runtime/Export/Debug/Debug.bindings.h Line: 39)

DEFENSE PASS serve keeps player joints intact skills=False mode=1 
(Filename: E:\unity\Runtime/Export/Debug/Debug.bindings.h Line: 39)

Unloading 4 Unused Serialized files (Serialized files now loaded: 0)
UnloadTime: 0.281700 ms

Unloading 3 unused Assets to reduce memory usage. Loaded Objects now: 1065.
Total: 1.307100 ms (FindLiveObjects: 0.054600 ms CreateObjectMapping: 0.016600 ms MarkObjects: 0.256900 ms  DeleteObjects: 0.978300 ms)

DEFENSE WATCH real=22.81423 time=19.3598 scale=1 fixed=0.02 checks=31 
(Filename: E:\unity\Runtime/Export/Debug/Debug.bindings.h Line: 39)

DEFENSE PASS serve avoids retreat and distant jump skills=False mode=2 
(Filename: E:\unity\Runtime/Export/Debug/Debug.bindings.h Line: 39)

DEFENSE PASS serve still attacks skills=False mode=2 
(Filename: E:\unity\Runtime/Export/Debug/Debug.bindings.h Line: 39)

DEFENSE PASS serve keeps player joints intact skills=False mode=2 
(Filename: E:\unity\Runtime/Export/Debug/Debug.bindings.h Line: 39)

Unloading 4 Unused Serialized files (Serialized files now loaded: 0)
UnloadTime: 0.282400 ms

Unloading 3 unused Assets to reduce memory usage. Loaded Objects now: 1061.
Total: 1.207200 ms (FindLiveObjects: 0.072700 ms CreateObjectMapping: 0.009600 ms MarkObjects: 0.166200 ms  DeleteObjects: 0.958100 ms)

DEFENSE PASS serve avoids retreat and distant jump skills=True mode=1 
(Filename: E:\unity\Runtime/Export/Debug/Debug.bindings.h Line: 39)

DEFENSE PASS serve still attacks skills=True mode=1 
(Filename: E:\unity\Runtime/Export/Debug/Debug.bindings.h Line: 39)

DEFENSE PASS serve keeps player joints intact skills=True mode=1 
(Filename: E:\unity\Runtime/Export/Debug/Debug.bindings.h Line: 39)

Unloading 4 Unused Serialized files (Serialized files now loaded: 0)
UnloadTime: 0.271700 ms

Unloading 3 unused Assets to reduce memory usage. Loaded Objects now: 1065.
Total: 1.178900 ms (FindLiveObjects: 0.057500 ms CreateObjectMapping: 0.016700 ms MarkObjects: 0.245200 ms  DeleteObjects: 0.859000 ms)

DEFENSE PASS serve avoids retreat and distant jump skills=True mode=2 
(Filename: E:\unity\Runtime/Export/Debug/Debug.bindings.h Line: 39)

DEFENSE PASS serve still attacks skills=True mode=2 
(Filename: E:\unity\Runtime/Export/Debug/Debug.bindings.h Line: 39)

DEFENSE PASS serve keeps player joints intact skills=True mode=2 
(Filename: E:\unity\Runtime/Export/Debug/Debug.bindings.h Line: 39)

DEFENSE COMPLETE baseline=False checks=40 launches=9 touches=3 saves=2 failures=0 
(Filename: E:\unity\Runtime/Export/Debug/Debug.bindings.h Line: 39)

Setting up 12 worker threads for Enlighten.
  Thread -> id: 89b4 -> priority: 1 
  Thread -> id: 1120 -> priority: 1 
  Thread -> id: 8aa8 -> priority: 1 
  Thread -> id: 4f54 -> priority: 1 
  Thread -> id: a2c8 -> priority: 1 
  Thread -> id: d4c -> priority: 1 
  Thread -> id: 2a74 -> priority: 1 
  Thread -> id: 940 -> priority: 1 
  Thread -> id: a5c0 -> priority: 1 
  Thread -> id: 7f94 -> priority: 1 
  Thread -> id: b40 -> priority: 1 
  Thread -> id: a294 -> priority: 1 
Curl error 42: Callback aborted
 
(Filename:  Line: 867)

