Process is running in low integrity mode...
Mono path[0] = 'C:/Users/Alienware/Desktop/范志毅VS赵鹏/范志毅VS赵鹏 PC双人版（32位）/鑼冨織姣匳S璧甸箯 PC鍙屼汉鐗堬紙32浣嶏級/AI Mod Source/build/burst-test-player/FanZhiYi_Data/Managed'
Mono config path = 'C:/Users/Alienware/Desktop/范志毅VS赵鹏/范志毅VS赵鹏 PC双人版（32位）/鑼冨織姣匳S璧甸箯 PC鍙屼汉鐗堬紙32浣嶏級/AI Mod Source/build/burst-test-player/MonoBleedingEdge/etc'
AS: AutoStreaming module initializing.Initialize engine version: 2019.4.33f1c1 (c2f94a8bebb3)
[Subsystems] Discovering subsystems at path C:/Users/Alienware/Desktop/范志毅VS赵鹏/范志毅VS赵鹏 PC双人版（32位）/鑼冨織姣匳S璧甸箯 PC鍙屼汉鐗堬紙32浣嶏級/AI Mod Source/build/burst-test-player/FanZhiYi_Data/UnitySubsystems
Forcing GfxDevice: Null
GfxDevice: creating device client; threaded=0
NullGfxDevice:
    Version:  NULL 1.0 [1.0]
    Renderer: Null Device
    Vendor:   Unity Technologies
Begin MonoManager ReloadAssembly
- Completed reload, in  0.076 seconds
Microsoft Media Foundation video decoding to texture disabled: graphics device is Null, only Direct3D 11 and Direct3D 12 (only on desktop) are supported for hardware-accelerated video decoding.
UnloadTime: 0.553200 ms
Unloading 5 Unused Serialized files (Serialized files now loaded: 0)
UnloadTime: 0.167100 ms

Unloading 113 unused Assets to reduce memory usage. Loaded Objects now: 1003.
Total: 0.514200 ms (FindLiveObjects: 0.054900 ms CreateObjectMapping: 0.019100 ms MarkObjects: 0.162600 ms  DeleteObjects: 0.277200 ms)

COURT Ball position=(0.0, 3.2, -0.4) bounds=Center: (0.0, 3.2, -0.4), Extents: (0.3, 0.3, 0.0) trigger=False 
(Filename: E:\unity\Runtime/Export/Debug/Debug.bindings.h Line: 39)

COURT Head position=(-4.2, 1.0, 0.3) bounds=Center: (-4.2, 1.0, 0.3), Extents: (0.3, 0.3, 0.0) trigger=False 
(Filename: E:\unity\Runtime/Export/Debug/Debug.bindings.h Line: 39)

COURT Head position=(4.1, 1.0, 0.3) bounds=Center: (4.1, 1.0, 0.3), Extents: (0.3, 0.3, 0.0) trigger=False 
(Filename: E:\unity\Runtime/Export/Debug/Debug.bindings.h Line: 39)

COURT L_Low_Arm position=(-4.6, -0.1, 0.3) bounds=Center: (-4.6, -0.1, 0.3), Extents: (0.2, 0.4, 0.0) trigger=False 
(Filename: E:\unity\Runtime/Export/Debug/Debug.bindings.h Line: 39)

COURT R_Low_Arm position=(-4.0, -0.2, 0.3) bounds=Center: (-4.1, -0.2, 0.3), Extents: (0.2, 0.4, 0.0) trigger=False 
(Filename: E:\unity\Runtime/Export/Debug/Debug.bindings.h Line: 39)

COURT UP position=(0.0, 5.8, 0.0) bounds=Center: (0.0, 5.8, 0.0), Extents: (9.1, 0.5, 0.0) trigger=False 
(Filename: E:\unity\Runtime/Export/Debug/Debug.bindings.h Line: 39)

COURT R_Up_Leg position=(-4.1, -0.5, 0.3) bounds=Center: (-4.1, -0.5, 0.3), Extents: (0.2, 0.5, 0.0) trigger=False 
(Filename: E:\unity\Runtime/Export/Debug/Debug.bindings.h Line: 39)

COURT Down position=(0.0, -2.3, 0.0) bounds=Center: (0.0, -2.3, 0.0), Extents: (9.1, 0.5, 0.0) trigger=False 
(Filename: E:\unity\Runtime/Export/Debug/Debug.bindings.h Line: 39)

COURT R_Up_Arm position=(-4.1, 0.3, 0.3) bounds=Center: (-4.1, 0.3, 0.3), Extents: (0.2, 0.3, 0.0) trigger=False 
(Filename: E:\unity\Runtime/Export/Debug/Debug.bindings.h Line: 39)

COURT Right position=(9.4, 0.0, 0.0) bounds=Center: (9.4, 0.0, 0.0), Extents: (0.5, 5.5, 0.0) trigger=False 
(Filename: E:\unity\Runtime/Export/Debug/Debug.bindings.h Line: 39)

COURT Left position=(-9.4, 0.0, 0.0) bounds=Center: (-9.4, 0.0, 0.0), Extents: (0.5, 5.5, 0.0) trigger=False 
(Filename: E:\unity\Runtime/Export/Debug/Debug.bindings.h Line: 39)

COURT L_Up_Leg position=(-4.4, -0.5, 0.3) bounds=Center: (-4.4, -0.5, 0.3), Extents: (0.1, 0.4, 0.0) trigger=False 
(Filename: E:\unity\Runtime/Export/Debug/Debug.bindings.h Line: 39)

COURT L_Up_Arm position=(-4.6, 0.4, 0.3) bounds=Center: (-4.6, 0.4, 0.3), Extents: (0.2, 0.3, 0.0) trigger=False 
(Filename: E:\unity\Runtime/Export/Debug/Debug.bindings.h Line: 39)

COURT R_LowLeg position=(-3.9, -1.2, 0.3) bounds=Center: (-4.0, -1.2, 0.3), Extents: (0.1, 0.4, 0.0) trigger=False 
(Filename: E:\unity\Runtime/Export/Debug/Debug.bindings.h Line: 39)

COURT L_LowLeg position=(-4.4, -1.2, 0.3) bounds=Center: (-4.5, -1.2, 0.3), Extents: (0.1, 0.4, 0.0) trigger=False 
(Filename: E:\unity\Runtime/Export/Debug/Debug.bindings.h Line: 39)

COURT Body position=(-4.3, 0.3, 0.3) bounds=Center: (-4.3, 0.2, 0.3), Extents: (0.3, 0.4, 0.0) trigger=False 
(Filename: E:\unity\Runtime/Export/Debug/Debug.bindings.h Line: 39)

COURT GameObject position=(-7.7, 0.4, 0.0) bounds=Center: (-7.9, -0.9, 0.0), Extents: (0.2, 1.1, 0.0) trigger=False 
(Filename: E:\unity\Runtime/Export/Debug/Debug.bindings.h Line: 39)

COURT GameObject (1) position=(-6.9, 1.5, 0.0) bounds=Center: (-6.9, 1.5, 0.0), Extents: (1.2, 1.5, 0.0) trigger=False 
(Filename: E:\unity\Runtime/Export/Debug/Debug.bindings.h Line: 39)

COURT OutTrigger position=(-6.0, 4.0, 0.0) bounds=Center: (-6.0, 4.0, 0.0), Extents: (0.1, 1.3, 0.0) trigger=True 
(Filename: E:\unity\Runtime/Export/Debug/Debug.bindings.h Line: 39)

COURT GoalTrigger position=(-6.1, 0.4, 0.0) bounds=Center: (-6.1, 0.4, 0.0), Extents: (0.1, 2.1, 0.0) trigger=True 
(Filename: E:\unity\Runtime/Export/Debug/Debug.bindings.h Line: 39)

COURT R_Up_Leg position=(4.4, -0.5, 0.3) bounds=Center: (4.4, -0.5, 0.3), Extents: (0.1, 0.5, 0.0) trigger=False 
(Filename: E:\unity\Runtime/Export/Debug/Debug.bindings.h Line: 39)

COURT R_Low_Arm position=(4.6, -0.1, 0.3) bounds=Center: (4.6, -0.1, 0.3), Extents: (0.1, 0.4, 0.0) trigger=False 
(Filename: E:\unity\Runtime/Export/Debug/Debug.bindings.h Line: 39)

COURT L_Low_Arm position=(4.0, -0.2, 0.3) bounds=Center: (3.9, -0.2, 0.3), Extents: (0.2, 0.4, 0.0) trigger=False 
(Filename: E:\unity\Runtime/Export/Debug/Debug.bindings.h Line: 39)

COURT R_Up_Arm position=(4.6, 0.4, 0.3) bounds=Center: (4.6, 0.4, 0.3), Extents: (0.2, 0.3, 0.0) trigger=False 
(Filename: E:\unity\Runtime/Export/Debug/Debug.bindings.h Line: 39)

COURT L_Up_Arm position=(4.1, 0.2, 0.3) bounds=Center: (4.1, 0.2, 0.3), Extents: (0.1, 0.3, 0.0) trigger=False 
(Filename: E:\unity\Runtime/Export/Debug/Debug.bindings.h Line: 39)

COURT L_LowLeg position=(3.9, -1.2, 0.3) bounds=Center: (4.0, -1.2, 0.3), Extents: (0.1, 0.3, 0.0) trigger=False 
(Filename: E:\unity\Runtime/Export/Debug/Debug.bindings.h Line: 39)

COURT R_LowLeg position=(4.4, -1.2, 0.3) bounds=Center: (4.4, -1.2, 0.3), Extents: (0.1, 0.3, 0.0) trigger=False 
(Filename: E:\unity\Runtime/Export/Debug/Debug.bindings.h Line: 39)

COURT L_Up_Leg position=(4.1, -0.5, 0.3) bounds=Center: (4.1, -0.5, 0.3), Extents: (0.2, 0.5, 0.0) trigger=False 
(Filename: E:\unity\Runtime/Export/Debug/Debug.bindings.h Line: 39)

COURT Body position=(4.3, 0.3, 0.3) bounds=Center: (4.3, 0.2, 0.3), Extents: (0.3, 0.5, 0.0) trigger=False 
(Filename: E:\unity\Runtime/Export/Debug/Debug.bindings.h Line: 39)

COURT GoalTrigger position=(6.2, 0.4, 0.0) bounds=Center: (6.2, 0.4, 0.0), Extents: (0.1, 2.1, 0.0) trigger=True 
(Filename: E:\unity\Runtime/Export/Debug/Debug.bindings.h Line: 39)

COURT OutTrigger position=(6.1, 4.0, 0.0) bounds=Center: (6.1, 4.0, 0.0), Extents: (0.1, 1.3, 0.0) trigger=True 
(Filename: E:\unity\Runtime/Export/Debug/Debug.bindings.h Line: 39)

COURT GameObject (1) position=(7.0, 1.5, 0.0) bounds=Center: (6.9, 1.5, 0.0), Extents: (1.2, 1.5, 0.0) trigger=False 
(Filename: E:\unity\Runtime/Export/Debug/Debug.bindings.h Line: 39)

COURT GameObject position=(7.8, 0.4, 0.0) bounds=Center: (7.9, -0.9, 0.0), Extents: (0.2, 1.1, 0.0) trigger=False 
(Filename: E:\unity\Runtime/Export/Debug/Debug.bindings.h Line: 39)

Setting up 12 worker threads for Enlighten.
  Thread -> id: 8448 -> priority: 1 
  Thread -> id: 68b0 -> priority: 1 
  Thread -> id: 2f50 -> priority: 1 
  Thread -> id: 4e78 -> priority: 1 
  Thread -> id: 6500 -> priority: 1 
  Thread -> id: 7a60 -> priority: 1 
  Thread -> id: 5218 -> priority: 1 
  Thread -> id: 4518 -> priority: 1 
  Thread -> id: 3d94 -> priority: 1 
  Thread -> id: 19e8 -> priority: 1 
  Thread -> id: 9b54 -> priority: 1 
  Thread -> id: 8b94 -> priority: 1 
