Process is running in low integrity mode...
Mono path[0] = 'C:/Users/Alienware/Desktop/范志毅VS赵鹏/范志毅VS赵鹏 PC双人版（32位）/鑼冨織姣匳S璧甸箯 PC鍙屼汉鐗堬紙32浣嶏級/AI Mod Source/build/ground-contest-test-player-experiment/FanZhiYi_Data/Managed'
Mono config path = 'C:/Users/Alienware/Desktop/范志毅VS赵鹏/范志毅VS赵鹏 PC双人版（32位）/鑼冨織姣匳S璧甸箯 PC鍙屼汉鐗堬紙32浣嶏級/AI Mod Source/build/ground-contest-test-player-experiment/MonoBleedingEdge/etc'
AS: AutoStreaming module initializing.Initialize engine version: 2019.4.33f1c1 (c2f94a8bebb3)
[Subsystems] Discovering subsystems at path C:/Users/Alienware/Desktop/范志毅VS赵鹏/范志毅VS赵鹏 PC双人版（32位）/鑼冨織姣匳S璧甸箯 PC鍙屼汉鐗堬紙32浣嶏級/AI Mod Source/build/ground-contest-test-player-experiment/FanZhiYi_Data/UnitySubsystems
GfxDevice: creating device client; threaded=1
Direct3D:
    Version:  Direct3D 11.0 [level 11.1]
    Renderer: NVIDIA GeForce RTX 5070 Laptop GPU (ID=0x2d58)
    Vendor:   (null)
    VRAM:     3072 MB
Begin MonoManager ReloadAssembly
- Completed reload, in  0.124 seconds
<RI> Initializing input.
<RI> Input initialized.
<RI> Initialized touch support.
UnloadTime: 0.513100 ms
Curl error 7: Failed to connect to 127.0.0.1 port 7897: Bad access
 
(Filename:  Line: 867)

Curl error 7: Failed to connect to 127.0.0.1 port 7897: Bad access
 
(Filename:  Line: 867)

Curl error 7: Failed to connect to 127.0.0.1 port 7897: Bad access
 
(Filename:  Line: 867)

Unloading 5 Unused Serialized files (Serialized files now loaded: 0)
UnloadTime: 0.171400 ms

Unloading 143 unused Assets to reduce memory usage. Loaded Objects now: 1010.
Total: 0.648400 ms (FindLiveObjects: 0.038000 ms CreateObjectMapping: 0.009700 ms MarkObjects: 0.210600 ms  DeleteObjects: 0.389700 ms)

MAGNETIC MUSCLE 6 L_Up_Leg 
(Filename: E:\unity\Runtime/Export/Debug/Debug.bindings.h Line: 39)

MAGNETIC MUSCLE 7 L_LowLeg 
(Filename: E:\unity\Runtime/Export/Debug/Debug.bindings.h Line: 39)

MAGNETIC MUSCLE 8 R_Up_Leg 
(Filename: E:\unity\Runtime/Export/Debug/Debug.bindings.h Line: 39)

MAGNETIC MUSCLE 9 R_LowLeg 
(Filename: E:\unity\Runtime/Export/Debug/Debug.bindings.h Line: 39)

Curl error 7: Failed to connect to 127.0.0.1 port 7897: Bad access
 
(Filename:  Line: 867)

MAGNETIC PASS classic has no magnetic skill 
(Filename: E:\unity\Runtime/Export/Debug/Debug.bindings.h Line: 39)

MAGNETIC PASS classic native shooting rate 
(Filename: E:\unity\Runtime/Export/Debug/Debug.bindings.h Line: 39)

Unloading 4 Unused Serialized files (Serialized files now loaded: 0)
UnloadTime: 0.458300 ms

Unloading 37 unused Assets to reduce memory usage. Loaded Objects now: 1054.
Total: 1.072400 ms (FindLiveObjects: 0.038400 ms CreateObjectMapping: 0.009100 ms MarkObjects: 0.225400 ms  DeleteObjects: 0.799300 ms)

MAGNETIC MUSCLE 6 L_Up_Leg 
(Filename: E:\unity\Runtime/Export/Debug/Debug.bindings.h Line: 39)

MAGNETIC MUSCLE 7 L_LowLeg 
(Filename: E:\unity\Runtime/Export/Debug/Debug.bindings.h Line: 39)

MAGNETIC MUSCLE 8 R_Up_Leg 
(Filename: E:\unity\Runtime/Export/Debug/Debug.bindings.h Line: 39)

MAGNETIC MUSCLE 9 R_LowLeg 
(Filename: E:\unity\Runtime/Export/Debug/Debug.bindings.h Line: 39)

MAGNETIC PASS only Zhao receives skill 
(Filename: E:\unity\Runtime/Export/Debug/Debug.bindings.h Line: 39)

MAGNETIC PASS distant ball never triggers skill 
(Filename: E:\unity\Runtime/Export/Debug/Debug.bindings.h Line: 39)

MAGNETIC PASS no attraction or remote ball motion 
(Filename: E:\unity\Runtime/Export/Debug/Debug.bindings.h Line: 39)

MAGNETIC PASS behind ball not retrieved 
(Filename: E:\unity\Runtime/Export/Debug/Debug.bindings.h Line: 39)

MAGNETIC PASS explicit Kick releases technique 
(Filename: E:\unity\Runtime/Export/Debug/Debug.bindings.h Line: 39)

MAGNETIC PASS removed old +25% quick shot acceleration 
(Filename: E:\unity\Runtime/Export/Debug/Debug.bindings.h Line: 39)

Curl error 7: Failed to connect to 127.0.0.1 port 7897: Bad access
 
(Filename:  Line: 867)

MAGNETIC PASS explicit Head releases technique 
(Filename: E:\unity\Runtime/Export/Debug/Debug.bindings.h Line: 39)

MAGNETIC PASS explicit Jump releases technique 
(Filename: E:\unity\Runtime/Export/Debug/Debug.bindings.h Line: 39)

MAGNETIC PASS pause releases foot 
(Filename: E:\unity\Runtime/Export/Debug/Debug.bindings.h Line: 39)

MAGNETIC PASS goal/out stopping releases foot 
(Filename: E:\unity\Runtime/Export/Debug/Debug.bindings.h Line: 39)

MAGNETIC PASS round reset releases foot 
(Filename: E:\unity\Runtime/Export/Debug/Debug.bindings.h Line: 39)

MAGNETIC PASS native leg gains restored after reset 
(Filename: E:\unity\Runtime/Export/Debug/Debug.bindings.h Line: 39)

MAGNETIC PASS no ball tether or added skeleton joints 
(Filename: E:\unity\Runtime/Export/Debug/Debug.bindings.h Line: 39)

MAGNETIC PASS fast incoming shot cannot be magically caught 
(Filename: E:\unity\Runtime/Export/Debug/Debug.bindings.h Line: 39)

Unloading 4 Unused Serialized files (Serialized files now loaded: 0)
UnloadTime: 1.565700 ms

Unloading 3 unused Assets to reduce memory usage. Loaded Objects now: 1064.
Total: 1.151300 ms (FindLiveObjects: 0.034600 ms CreateObjectMapping: 0.008300 ms MarkObjects: 0.201200 ms  DeleteObjects: 0.906900 ms)

MAGNETIC MUSCLE 6 L_Up_Leg 
(Filename: E:\unity\Runtime/Export/Debug/Debug.bindings.h Line: 39)

MAGNETIC MUSCLE 7 L_LowLeg 
(Filename: E:\unity\Runtime/Export/Debug/Debug.bindings.h Line: 39)

MAGNETIC MUSCLE 8 R_Up_Leg 
(Filename: E:\unity\Runtime/Export/Debug/Debug.bindings.h Line: 39)

MAGNETIC MUSCLE 9 R_LowLeg 
(Filename: E:\unity\Runtime/Export/Debug/Debug.bindings.h Line: 39)

MAGNETIC TRACE dribble i=0 ahead=0.4691375 ball=(1.5, -1.6) velocity=(0.0, 0.0) active=True legs=15.29843,3.298763 targets=15.946,0 scale=(0.6, 0.6, 0.8) 
(Filename: E:\unity\Runtime/Export/Debug/Debug.bindings.h Line: 39)

MAGNETIC TRACE dribble i=10 ahead=0.4360974 ball=(1.5, -1.6) velocity=(-0.2, 0.0) active=True legs=22.09161,0.6326945 targets=22,0 scale=(0.6, 0.6, 0.8) 
(Filename: E:\unity\Runtime/Export/Debug/Debug.bindings.h Line: 39)

MAGNETIC TRACE dribble i=20 ahead=0.4066074 ball=(1.4, -1.6) velocity=(-0.5, 0.0) active=True legs=24.34493,4.916389 targets=22,0 scale=(0.6, 0.6, 0.8) 
(Filename: E:\unity\Runtime/Export/Debug/Debug.bindings.h Line: 39)

MAGNETIC TRACE dribble i=30 ahead=0.4412462 ball=(1.3, -1.6) velocity=(-0.9, 0.0) active=True legs=23.25057,11.63993 targets=22,0 scale=(0.6, 0.6, 0.8) 
(Filename: E:\unity\Runtime/Export/Debug/Debug.bindings.h Line: 39)

MAGNETIC TRACE dribble i=40 ahead=0.5066564 ball=(1.1, -1.6) velocity=(-0.9, 0.0) active=True legs=14.08728,23.96307 targets=14.52763,0 scale=(0.6, 0.6, 0.8) 
(Filename: E:\unity\Runtime/Export/Debug/Debug.bindings.h Line: 39)

MAGNETIC TRACE dribble i=50 ahead=0.5344166 ball=(0.9, -1.6) velocity=(-0.9, 0.0) active=True legs=15.7637,36.38673 targets=16.30602,0 scale=(0.6, 0.6, 0.8) 
(Filename: E:\unity\Runtime/Export/Debug/Debug.bindings.h Line: 39)

MAGNETIC TRACE dribble i=60 ahead=0.5657445 ball=(0.7, -1.6) velocity=(-0.9, 0.0) active=True legs=23.81906,39.76761 targets=16.24531,0 scale=(0.6, 0.6, 0.8) 
(Filename: E:\unity\Runtime/Export/Debug/Debug.bindings.h Line: 39)

MAGNETIC TRACE dribble i=70 ahead=0.771768 ball=(0.5, -1.6) velocity=(-0.9, 0.0) active=False legs=10.29804,8.735141 targets=12.01176,5.425863 scale=(0.6, 0.6, 0.8) 
(Filename: E:\unity\Runtime/Export/Debug/Debug.bindings.h Line: 39)

MAGNETIC RUN dribble minAhead=0.4035575 maxGap=0.7868788 active=67 contacts=34 tilt=27.26096 error=0.04853825 travel=-0.902689 
(Filename: E:\unity\Runtime/Export/Debug/Debug.bindings.h Line: 39)

MAGNETIC PASS technique activates on nearby ball dribble 
(Filename: E:\unity\Runtime/Export/Debug/Debug.bindings.h Line: 39)

MAGNETIC PASS physical instep contact dribble 
(Filename: E:\unity\Runtime/Export/Debug/Debug.bindings.h Line: 39)

MAGNETIC PASS never stamps ball behind own body dribble ahead=0.4035575 
(Filename: E:\unity\Runtime/Export/Debug/Debug.bindings.h Line: 39)

MAGNETIC PASS connected skeleton dribble error=0.04853825 
(Filename: E:\unity\Runtime/Export/Debug/Debug.bindings.h Line: 39)

MAGNETIC PASS torso follows native posture dribble deviation=27.26096 
(Filename: E:\unity\Runtime/Export/Debug/Debug.bindings.h Line: 39)

MAGNETIC PASS magnetic foot animation appears dribble 
(Filename: E:\unity\Runtime/Export/Debug/Debug.bindings.h Line: 39)

MAGNETIC PASS dribbles through real movement dribble 
(Filename: E:\unity\Runtime/Export/Debug/Debug.bindings.h Line: 39)

MAGNETIC PASS support leg prevents deep kneeling dribble crouch=0.2203898 
(Filename: E:\unity\Runtime/Export/Debug/Debug.bindings.h Line: 39)

MAGNETIC PASS knees do not fold onto thighs dribble bend=77.00761 
(Filename: E:\unity\Runtime/Export/Debug/Debug.bindings.h Line: 39)

Unloading 4 Unused Serialized files (Serialized files now loaded: 0)
UnloadTime: 0.310100 ms

Unloading 2 unused Assets to reduce memory usage. Loaded Objects now: 1061.
Total: 1.119500 ms (FindLiveObjects: 0.044600 ms CreateObjectMapping: 0.008600 ms MarkObjects: 0.270100 ms  DeleteObjects: 0.795500 ms)

MAGNETIC MUSCLE 6 L_Up_Leg 
(Filename: E:\unity\Runtime/Export/Debug/Debug.bindings.h Line: 39)

MAGNETIC MUSCLE 7 L_LowLeg 
(Filename: E:\unity\Runtime/Export/Debug/Debug.bindings.h Line: 39)

MAGNETIC MUSCLE 8 R_Up_Leg 
(Filename: E:\unity\Runtime/Export/Debug/Debug.bindings.h Line: 39)

MAGNETIC MUSCLE 9 R_LowLeg 
(Filename: E:\unity\Runtime/Export/Debug/Debug.bindings.h Line: 39)

MAGNETIC TRACE dribble-close i=0 ahead=0.2954212 ball=(1.6, -1.6) velocity=(0.0, -0.2) active=True legs=7.481581,3.36956 targets=15.45648,0 scale=(0.6, 0.6, 0.8) 
(Filename: E:\unity\Runtime/Export/Debug/Debug.bindings.h Line: 39)

MAGNETIC TRACE dribble-close i=10 ahead=0.443415 ball=(1.5, -1.6) velocity=(-0.8, 0.0) active=True legs=18.94438,0.7064473 targets=19.55673,0 scale=(0.6, 0.6, 0.8) 
(Filename: E:\unity\Runtime/Export/Debug/Debug.bindings.h Line: 39)

MAGNETIC TRACE dribble-close i=20 ahead=0.4753674 ball=(1.3, -1.6) velocity=(-0.8, 0.0) active=True legs=16.34978,11.90096 targets=16.05051,0 scale=(0.6, 0.6, 0.8) 
(Filename: E:\unity\Runtime/Export/Debug/Debug.bindings.h Line: 39)

MAGNETIC TRACE dribble-close i=30 ahead=0.4752809 ball=(1.1, -1.6) velocity=(-1.0, 0.0) active=True legs=19.59961,15.64414 targets=19.75678,0 scale=(0.6, 0.6, 0.8) 
(Filename: E:\unity\Runtime/Export/Debug/Debug.bindings.h Line: 39)

MAGNETIC TRACE dribble-close i=40 ahead=0.4721245 ball=(0.9, -1.6) velocity=(-1.0, 0.0) active=True legs=20.09178,29.87862 targets=20.39221,0 scale=(0.6, 0.6, 0.8) 
(Filename: E:\unity\Runtime/Export/Debug/Debug.bindings.h Line: 39)

MAGNETIC TRACE dribble-close i=50 ahead=0.515025 ball=(0.7, -1.6) velocity=(-1.0, 0.0) active=True legs=31.20831,49.70098 targets=21.00388,0 scale=(0.6, 0.6, 0.8) 
(Filename: E:\unity\Runtime/Export/Debug/Debug.bindings.h Line: 39)

MAGNETIC TRACE dribble-close i=60 ahead=0.7045763 ball=(0.5, -1.6) velocity=(-1.0, 0.0) active=False legs=21.95892,48.06811 targets=16.33001,7.876763 scale=(0.6, 0.6, 0.8) 
(Filename: E:\unity\Runtime/Export/Debug/Debug.bindings.h Line: 39)

MAGNETIC TRACE dribble-close i=70 ahead=0.9397119 ball=(0.3, -1.6) velocity=(-1.0, 0.0) active=False legs=2.159954,10.40568 targets=11.84458,5.33098 scale=(0.6, 0.6, 0.8) 
(Filename: E:\unity\Runtime/Export/Debug/Debug.bindings.h Line: 39)

MAGNETIC RUN dribble-close minAhead=0.2954212 maxGap=0.9591007 active=58 contacts=24 tilt=23.06732 error=0.04949825 travel=-0.9345223 
(Filename: E:\unity\Runtime/Export/Debug/Debug.bindings.h Line: 39)

MAGNETIC PASS technique activates on nearby ball dribble-close 
(Filename: E:\unity\Runtime/Export/Debug/Debug.bindings.h Line: 39)

MAGNETIC PASS physical instep contact dribble-close 
(Filename: E:\unity\Runtime/Export/Debug/Debug.bindings.h Line: 39)

MAGNETIC PASS never stamps ball behind own body dribble-close ahead=0.2954212 
(Filename: E:\unity\Runtime/Export/Debug/Debug.bindings.h Line: 39)

MAGNETIC PASS connected skeleton dribble-close error=0.04949825 
(Filename: E:\unity\Runtime/Export/Debug/Debug.bindings.h Line: 39)

MAGNETIC PASS torso follows native posture dribble-close deviation=23.06732 
(Filename: E:\unity\Runtime/Export/Debug/Debug.bindings.h Line: 39)

MAGNETIC PASS magnetic foot animation appears dribble-close 
(Filename: E:\unity\Runtime/Export/Debug/Debug.bindings.h Line: 39)

MAGNETIC PASS dribbles through real movement dribble-close 
(Filename: E:\unity\Runtime/Export/Debug/Debug.bindings.h Line: 39)

MAGNETIC PASS support leg prevents deep kneeling dribble-close crouch=0.2321234 
(Filename: E:\unity\Runtime/Export/Debug/Debug.bindings.h Line: 39)

MAGNETIC PASS knees do not fold onto thighs dribble-close bend=81.73801 
(Filename: E:\unity\Runtime/Export/Debug/Debug.bindings.h Line: 39)

Unloading 4 Unused Serialized files (Serialized files now loaded: 0)
UnloadTime: 0.302600 ms

Unloading 2 unused Assets to reduce memory usage. Loaded Objects now: 1061.
Total: 1.109200 ms (FindLiveObjects: 0.069200 ms CreateObjectMapping: 0.010800 ms MarkObjects: 0.253100 ms  DeleteObjects: 0.775500 ms)

MAGNETIC MUSCLE 6 L_Up_Leg 
(Filename: E:\unity\Runtime/Export/Debug/Debug.bindings.h Line: 39)

MAGNETIC MUSCLE 7 L_LowLeg 
(Filename: E:\unity\Runtime/Export/Debug/Debug.bindings.h Line: 39)

MAGNETIC MUSCLE 8 R_Up_Leg 
(Filename: E:\unity\Runtime/Export/Debug/Debug.bindings.h Line: 39)

MAGNETIC MUSCLE 9 R_LowLeg 
(Filename: E:\unity\Runtime/Export/Debug/Debug.bindings.h Line: 39)

MAGNETIC TRACE dribble-roll i=0 ahead=0.4973614 ball=(1.5, -1.6) velocity=(-1.4, 0.0) active=True legs=15.0764,2.392249 targets=15.88508,0 scale=(0.6, 0.6, 0.8) 
(Filename: E:\unity\Runtime/Export/Debug/Debug.bindings.h Line: 39)

MAGNETIC TRACE dribble-roll i=10 ahead=0.615099 ball=(1.2, -1.6) velocity=(-1.4, 0.0) active=True legs=-1.78695,4.514532 targets=-3.050201,0 scale=(0.6, 0.6, 0.8) 
(Filename: E:\unity\Runtime/Export/Debug/Debug.bindings.h Line: 39)

MAGNETIC TRACE dribble-roll i=20 ahead=0.5820912 ball=(0.9, -1.6) velocity=(-1.4, 0.0) active=True legs=2.513147,24.87011 targets=3.70574,0 scale=(0.6, 0.6, 0.8) 
(Filename: E:\unity\Runtime/Export/Debug/Debug.bindings.h Line: 39)

MAGNETIC TRACE dribble-roll i=30 ahead=0.4908796 ball=(0.6, -1.6) velocity=(-1.4, 0.0) active=True legs=28.66909,44.44587 targets=21.30107,0 scale=(0.6, 0.6, 0.8) 
(Filename: E:\unity\Runtime/Export/Debug/Debug.bindings.h Line: 39)

MAGNETIC TRACE dribble-roll i=40 ahead=0.5195011 ball=(0.4, -1.6) velocity=(-1.4, 0.0) active=True legs=41.80592,42.84153 targets=20.17492,0 scale=(0.6, 0.6, 0.8) 
(Filename: E:\unity\Runtime/Export/Debug/Debug.bindings.h Line: 39)

MAGNETIC TRACE dribble-roll i=50 ahead=0.7289745 ball=(0.1, -1.6) velocity=(-1.4, 0.0) active=False legs=38.20225,57.99458 targets=13.02653,6.001812 scale=(0.6, 0.6, 0.8) 
(Filename: E:\unity\Runtime/Export/Debug/Debug.bindings.h Line: 39)

MAGNETIC TRACE dribble-roll i=60 ahead=0.8584942 ball=(-0.2, -1.6) velocity=(-1.4, 0.0) active=False legs=23.93137,-17.67378 targets=16.38514,7.90805 scale=(0.6, 0.6, 0.8) 
(Filename: E:\unity\Runtime/Export/Debug/Debug.bindings.h Line: 39)

MAGNETIC TRACE dribble-roll i=70 ahead=0.5913962 ball=(-0.5, -1.6) velocity=(-1.2, 0.0) active=True legs=-40.26844,4.15287 targets=-23.45413,0 scale=(0.6, 0.6, 0.8) 
(Filename: E:\unity\Runtime/Export/Debug/Debug.bindings.h Line: 39)

MAGNETIC RUN dribble-roll minAhead=0.1147516 maxGap=0.8964916 active=63 contacts=13 tilt=25.15237 error=0.04478534 travel=-2.433949 
(Filename: E:\unity\Runtime/Export/Debug/Debug.bindings.h Line: 39)

MAGNETIC PASS technique activates on nearby ball dribble-roll 
(Filename: E:\unity\Runtime/Export/Debug/Debug.bindings.h Line: 39)

MAGNETIC PASS physical instep contact dribble-roll 
(Filename: E:\unity\Runtime/Export/Debug/Debug.bindings.h Line: 39)

MAGNETIC PASS never stamps ball behind own body dribble-roll ahead=0.1147516 
(Filename: E:\unity\Runtime/Export/Debug/Debug.bindings.h Line: 39)

MAGNETIC PASS connected skeleton dribble-roll error=0.04478534 
(Filename: E:\unity\Runtime/Export/Debug/Debug.bindings.h Line: 39)

MAGNETIC PASS torso follows native posture dribble-roll deviation=25.15237 
(Filename: E:\unity\Runtime/Export/Debug/Debug.bindings.h Line: 39)

MAGNETIC PASS magnetic foot animation appears dribble-roll 
(Filename: E:\unity\Runtime/Export/Debug/Debug.bindings.h Line: 39)

MAGNETIC PASS dribbles through real movement dribble-roll 
(Filename: E:\unity\Runtime/Export/Debug/Debug.bindings.h Line: 39)

MAGNETIC PASS support leg prevents deep kneeling dribble-roll crouch=0.296287 
(Filename: E:\unity\Runtime/Export/Debug/Debug.bindings.h Line: 39)

MAGNETIC PASS knees do not fold onto thighs dribble-roll bend=93.66104 
(Filename: E:\unity\Runtime/Export/Debug/Debug.bindings.h Line: 39)

Unloading 4 Unused Serialized files (Serialized files now loaded: 0)
UnloadTime: 0.323700 ms

Unloading 2 unused Assets to reduce memory usage. Loaded Objects now: 1061.
Total: 1.160900 ms (FindLiveObjects: 0.039100 ms CreateObjectMapping: 0.008400 ms MarkObjects: 0.219000 ms  DeleteObjects: 0.894000 ms)

MAGNETIC MUSCLE 6 L_Up_Leg 
(Filename: E:\unity\Runtime/Export/Debug/Debug.bindings.h Line: 39)

MAGNETIC MUSCLE 7 L_LowLeg 
(Filename: E:\unity\Runtime/Export/Debug/Debug.bindings.h Line: 39)

MAGNETIC MUSCLE 8 R_Up_Leg 
(Filename: E:\unity\Runtime/Export/Debug/Debug.bindings.h Line: 39)

MAGNETIC MUSCLE 9 R_LowLeg 
(Filename: E:\unity\Runtime/Export/Debug/Debug.bindings.h Line: 39)

MAGNETIC TRACE receive i=0 ahead=0.4432985 ball=(1.5, -1.6) velocity=(1.6, 0.0) active=True legs=16.41686,3.523897 targets=15.88508,0 scale=(0.6, 0.6, 0.8) 
(Filename: E:\unity\Runtime/Export/Debug/Debug.bindings.h Line: 39)

MAGNETIC TRACE receive i=10 ahead=0.4377613 ball=(1.5, -1.6) velocity=(-0.5, 0.0) active=True legs=25.98861,1.225239 targets=22,0 scale=(0.6, 0.6, 0.8) 
(Filename: E:\unity\Runtime/Export/Debug/Debug.bindings.h Line: 39)

MAGNETIC TRACE receive i=20 ahead=0.5555189 ball=(1.4, -1.6) velocity=(-0.6, 0.0) active=True legs=14.82497,0.6188208 targets=16.28056,0 scale=(0.6, 0.6, 0.8) 
(Filename: E:\unity\Runtime/Export/Debug/Debug.bindings.h Line: 39)

MAGNETIC TRACE receive i=30 ahead=0.6958331 ball=(1.3, -1.6) velocity=(-0.6, 0.0) active=True legs=-6.234504,0.5980039 targets=-6.784637,0 scale=(0.6, 0.6, 0.8) 
(Filename: E:\unity\Runtime/Export/Debug/Debug.bindings.h Line: 39)

MAGNETIC TRACE receive i=40 ahead=0.8004786 ball=(1.2, -1.6) velocity=(-0.6, 0.0) active=False legs=-10.96072,0.8541575 targets=-3.9,2.59 scale=(0.6, 0.6, 0.8) 
(Filename: E:\unity\Runtime/Export/Debug/Debug.bindings.h Line: 39)

MAGNETIC TRACE receive i=50 ahead=0.924758 ball=(1.1, -1.6) velocity=(-0.6, 0.0) active=False legs=-2.540344,0.4842226 targets=-3.9,2.59 scale=(0.6, 0.6, 0.8) 
(Filename: E:\unity\Runtime/Export/Debug/Debug.bindings.h Line: 39)

MAGNETIC TRACE receive i=60 ahead=1.047837 ball=(0.9, -1.6) velocity=(-0.6, 0.0) active=False legs=-2.972531,1.02933 targets=-3.9,2.59 scale=(0.6, 0.6, 0.8) 
(Filename: E:\unity\Runtime/Export/Debug/Debug.bindings.h Line: 39)

MAGNETIC TRACE receive i=70 ahead=1.19089 ball=(0.8, -1.6) velocity=(-0.6, 0.0) active=False legs=-4.484379,0.07368921 targets=-3.9,2.59 scale=(0.6, 0.6, 0.8) 
(Filename: E:\unity\Runtime/Export/Debug/Debug.bindings.h Line: 39)

MAGNETIC RUN receive minAhead=0.3959361 maxGap=1.311449 active=37 contacts=22 tilt=10.69138 error=0.02151212 travel=0.05883217 
(Filename: E:\unity\Runtime/Export/Debug/Debug.bindings.h Line: 39)

MAGNETIC PASS technique activates on nearby ball receive 
(Filename: E:\unity\Runtime/Export/Debug/Debug.bindings.h Line: 39)

MAGNETIC PASS physical instep contact receive 
(Filename: E:\unity\Runtime/Export/Debug/Debug.bindings.h Line: 39)

MAGNETIC PASS never stamps ball behind own body receive ahead=0.3959361 
(Filename: E:\unity\Runtime/Export/Debug/Debug.bindings.h Line: 39)

MAGNETIC PASS connected skeleton receive error=0.02151212 
(Filename: E:\unity\Runtime/Export/Debug/Debug.bindings.h Line: 39)

MAGNETIC PASS torso follows native posture receive deviation=10.69138 
(Filename: E:\unity\Runtime/Export/Debug/Debug.bindings.h Line: 39)

MAGNETIC PASS magnetic foot animation appears receive 
(Filename: E:\unity\Runtime/Export/Debug/Debug.bindings.h Line: 39)

Unloading 4 Unused Serialized files (Serialized files now loaded: 0)
UnloadTime: 0.301600 ms

Unloading 2 unused Assets to reduce memory usage. Loaded Objects now: 1061.
Total: 0.886600 ms (FindLiveObjects: 0.035800 ms CreateObjectMapping: 0.008900 ms MarkObjects: 0.204100 ms  DeleteObjects: 0.637600 ms)

MAGNETIC MUSCLE 6 L_Up_Leg 
(Filename: E:\unity\Runtime/Export/Debug/Debug.bindings.h Line: 39)

MAGNETIC MUSCLE 7 L_LowLeg 
(Filename: E:\unity\Runtime/Export/Debug/Debug.bindings.h Line: 39)

MAGNETIC MUSCLE 8 R_Up_Leg 
(Filename: E:\unity\Runtime/Export/Debug/Debug.bindings.h Line: 39)

MAGNETIC MUSCLE 9 R_LowLeg 
(Filename: E:\unity\Runtime/Export/Debug/Debug.bindings.h Line: 39)

MAGNETIC TRACE contest i=0 ahead=0.5036732 ball=(1.4, -1.6) velocity=(0.0, 0.0) active=True legs=9.864948,5.429015 targets=15.45648,0 scale=(0.6, 0.6, 0.8) 
(Filename: E:\unity\Runtime/Export/Debug/Debug.bindings.h Line: 39)

MAGNETIC TRACE contest i=10 ahead=0.643567 ball=(1.5, -1.6) velocity=(0.1, -0.5) active=True legs=1.07272,-5.806371 targets=1.315235,0 scale=(0.6, 0.6, 0.8) 
(Filename: E:\unity\Runtime/Export/Debug/Debug.bindings.h Line: 39)

MAGNETIC TRACE contest i=20 ahead=0.4996176 ball=(1.6, -1.6) velocity=(0.4, 0.0) active=True legs=15.5097,-7.808088 targets=18.03594,0 scale=(0.6, 0.6, 0.8) 
(Filename: E:\unity\Runtime/Export/Debug/Debug.bindings.h Line: 39)

MAGNETIC TRACE contest i=30 ahead=0.2712271 ball=(1.7, -1.6) velocity=(0.2, 0.0) active=True legs=48.16717,-0.3527902 targets=22,0 scale=(0.6, 0.6, 0.8) 
(Filename: E:\unity\Runtime/Export/Debug/Debug.bindings.h Line: 39)

MAGNETIC TRACE contest i=40 ahead=0.2997111 ball=(1.8, -1.6) velocity=(0.0, 0.0) active=True legs=32.52737,-3.583781 targets=22,0 scale=(0.6, 0.6, 0.8) 
(Filename: E:\unity\Runtime/Export/Debug/Debug.bindings.h Line: 39)

MAGNETIC TRACE contest i=50 ahead=0.3453583 ball=(1.8, -1.6) velocity=(1.1, 0.0) active=True legs=31.69082,-7.929299 targets=22,0 scale=(0.6, 0.6, 0.8) 
(Filename: E:\unity\Runtime/Export/Debug/Debug.bindings.h Line: 39)

MAGNETIC TRACE contest i=60 ahead=0.3998265 ball=(1.9, -1.6) velocity=(0.2, 0.0) active=True legs=25.74346,-16.01433 targets=22,0 scale=(0.6, 0.6, 0.8) 
(Filename: E:\unity\Runtime/Export/Debug/Debug.bindings.h Line: 39)

MAGNETIC TRACE contest i=70 ahead=0.4495803 ball=(1.9, -1.6) velocity=(0.3, 0.0) active=True legs=22.05348,-16.0832 targets=22,0 scale=(0.6, 0.6, 0.8) 
(Filename: E:\unity\Runtime/Export/Debug/Debug.bindings.h Line: 39)

MAGNETIC RUN contest minAhead=0.2428834 maxGap=0.643567 active=80 contacts=52 tilt=18.25021 error=0.02053101 travel=0.3213301 
(Filename: E:\unity\Runtime/Export/Debug/Debug.bindings.h Line: 39)

MAGNETIC PASS technique activates on nearby ball contest 
(Filename: E:\unity\Runtime/Export/Debug/Debug.bindings.h Line: 39)

MAGNETIC PASS physical instep contact contest 
(Filename: E:\unity\Runtime/Export/Debug/Debug.bindings.h Line: 39)

MAGNETIC PASS never stamps ball behind own body contest ahead=0.2428834 
(Filename: E:\unity\Runtime/Export/Debug/Debug.bindings.h Line: 39)

MAGNETIC PASS connected skeleton contest error=0.02053101 
(Filename: E:\unity\Runtime/Export/Debug/Debug.bindings.h Line: 39)

MAGNETIC PASS torso follows native posture contest deviation=18.25021 
(Filename: E:\unity\Runtime/Export/Debug/Debug.bindings.h Line: 39)

MAGNETIC PASS magnetic foot animation appears contest 
(Filename: E:\unity\Runtime/Export/Debug/Debug.bindings.h Line: 39)

Unloading 4 Unused Serialized files (Serialized files now loaded: 0)
UnloadTime: 0.310200 ms

Unloading 3 unused Assets to reduce memory usage. Loaded Objects now: 1061.
Total: 1.021900 ms (FindLiveObjects: 0.055600 ms CreateObjectMapping: 0.018000 ms MarkObjects: 0.293400 ms  DeleteObjects: 0.654400 ms)

MAGNETIC MUSCLE 6 L_Up_Leg 
(Filename: E:\unity\Runtime/Export/Debug/Debug.bindings.h Line: 39)

MAGNETIC MUSCLE 7 L_LowLeg 
(Filename: E:\unity\Runtime/Export/Debug/Debug.bindings.h Line: 39)

MAGNETIC MUSCLE 8 R_Up_Leg 
(Filename: E:\unity\Runtime/Export/Debug/Debug.bindings.h Line: 39)

MAGNETIC MUSCLE 9 R_LowLeg 
(Filename: E:\unity\Runtime/Export/Debug/Debug.bindings.h Line: 39)

MAGNETIC TRACE air i=0 ahead=0.514906 ball=(1.4, -1.1) velocity=(0.0, -0.2) active=False legs=-5.059361,4.520218 targets=-3.9,2.59 scale=(0.6, 0.6, 0.8) 
(Filename: E:\unity\Runtime/Export/Debug/Debug.bindings.h Line: 39)

MAGNETIC TRACE air i=10 ahead=0.4191817 ball=(1.5, -1.5) velocity=(0.2, -2.8) active=False legs=-0.1978147,-0.05919105 targets=-3.9,2.59 scale=(0.6, 0.6, 0.8) 
(Filename: E:\unity\Runtime/Export/Debug/Debug.bindings.h Line: 39)

MAGNETIC TRACE air i=20 ahead=0.4920489 ball=(1.6, -1.6) velocity=(-0.6, 1.2) active=True legs=12.96971,0.04168223 targets=17.66984,0 scale=(0.6, 0.6, 0.8) 
(Filename: E:\unity\Runtime/Export/Debug/Debug.bindings.h Line: 39)

MAGNETIC TRACE air i=30 ahead=0.5799661 ball=(1.5, -1.6) velocity=(-0.2, -0.6) active=True legs=11.6601,-0.9143499 targets=10.4612,0 scale=(0.6, 0.6, 0.8) 
(Filename: E:\unity\Runtime/Export/Debug/Debug.bindings.h Line: 39)

MAGNETIC TRACE air i=40 ahead=0.5527533 ball=(1.5, -1.6) velocity=(0.0, 0.0) active=True legs=20.06007,4.427089 targets=16.13494,0 scale=(0.6, 0.6, 0.8) 
(Filename: E:\unity\Runtime/Export/Debug/Debug.bindings.h Line: 39)

MAGNETIC TRACE air i=50 ahead=0.5564549 ball=(1.5, -1.6) velocity=(0.1, 0.0) active=True legs=13.46521,-4.2548 targets=10.61002,0 scale=(0.6, 0.6, 0.8) 
(Filename: E:\unity\Runtime/Export/Debug/Debug.bindings.h Line: 39)

MAGNETIC TRACE air i=60 ahead=0.4672832 ball=(1.5, -1.6) velocity=(-0.2, 0.0) active=True legs=23.79875,-3.213711 targets=22,0 scale=(0.6, 0.6, 0.8) 
(Filename: E:\unity\Runtime/Export/Debug/Debug.bindings.h Line: 39)

MAGNETIC TRACE air i=70 ahead=0.4916453 ball=(1.4, -1.6) velocity=(0.0, 0.0) active=True legs=19.00491,2.87594 targets=18.69777,0 scale=(0.6, 0.6, 0.8) 
(Filename: E:\unity\Runtime/Export/Debug/Debug.bindings.h Line: 39)

MAGNETIC RUN air minAhead=0.400571 maxGap=0.5801076 active=65 contacts=35 tilt=27.04465 error=0.02001532 travel=-0.007145643 
(Filename: E:\unity\Runtime/Export/Debug/Debug.bindings.h Line: 39)

MAGNETIC PASS technique activates on nearby ball air 
(Filename: E:\unity\Runtime/Export/Debug/Debug.bindings.h Line: 39)

MAGNETIC PASS physical instep contact air 
(Filename: E:\unity\Runtime/Export/Debug/Debug.bindings.h Line: 39)

MAGNETIC PASS never stamps ball behind own body air ahead=0.400571 
(Filename: E:\unity\Runtime/Export/Debug/Debug.bindings.h Line: 39)

MAGNETIC PASS connected skeleton air error=0.02001532 
(Filename: E:\unity\Runtime/Export/Debug/Debug.bindings.h Line: 39)

MAGNETIC PASS torso follows native posture air deviation=27.04465 
(Filename: E:\unity\Runtime/Export/Debug/Debug.bindings.h Line: 39)

MAGNETIC PASS magnetic foot animation appears air 
(Filename: E:\unity\Runtime/Export/Debug/Debug.bindings.h Line: 39)

MAGNETIC COMPLETE checks=61 failures=0 
(Filename: E:\unity\Runtime/Export/Debug/Debug.bindings.h Line: 39)

Setting up 12 worker threads for Enlighten.
  Thread -> id: 60a4 -> priority: 1 
  Thread -> id: 7360 -> priority: 1 
  Thread -> id: 6a7c -> priority: 1 
  Thread -> id: 3470 -> priority: 1 
  Thread -> id: 2f30 -> priority: 1 
  Thread -> id: 80b0 -> priority: 1 
  Thread -> id: 2ed8 -> priority: 1 
  Thread -> id: 1d6c -> priority: 1 
  Thread -> id: 4fb4 -> priority: 1 
  Thread -> id: 85c8 -> priority: 1 
  Thread -> id: 3b60 -> priority: 1 
  Thread -> id: 43a4 -> priority: 1 
