Process is running in low integrity mode...
Mono path[0] = 'C:/Users/Alienware/Desktop/范志毅VS赵鹏/范志毅VS赵鹏 PC双人版（32位）/鑼冨織姣匳S璧甸箯 PC鍙屼汉鐗堬紙32浣嶏級/AI Mod Source/build/ground-contest-test-player-original/FanZhiYi_Data/Managed'
Mono config path = 'C:/Users/Alienware/Desktop/范志毅VS赵鹏/范志毅VS赵鹏 PC双人版（32位）/鑼冨織姣匳S璧甸箯 PC鍙屼汉鐗堬紙32浣嶏級/AI Mod Source/build/ground-contest-test-player-original/MonoBleedingEdge/etc'
AS: AutoStreaming module initializing.Initialize engine version: 2019.4.33f1c1 (c2f94a8bebb3)
[Subsystems] Discovering subsystems at path C:/Users/Alienware/Desktop/范志毅VS赵鹏/范志毅VS赵鹏 PC双人版（32位）/鑼冨織姣匳S璧甸箯 PC鍙屼汉鐗堬紙32浣嶏級/AI Mod Source/build/ground-contest-test-player-original/FanZhiYi_Data/UnitySubsystems
GfxDevice: creating device client; threaded=1
Direct3D:
    Version:  Direct3D 11.0 [level 11.1]
    Renderer: NVIDIA GeForce RTX 5070 Laptop GPU (ID=0x2d58)
    Vendor:   (null)
    VRAM:     3072 MB
Begin MonoManager ReloadAssembly
- Completed reload, in  0.121 seconds
<RI> Initializing input.
<RI> Input initialized.
<RI> Initialized touch support.
UnloadTime: 0.524900 ms
Curl error 7: Failed to connect to 127.0.0.1 port 7897: Bad access
 
(Filename:  Line: 867)

Curl error 7: Failed to connect to 127.0.0.1 port 7897: Bad access
 
(Filename:  Line: 867)

Curl error 7: Failed to connect to 127.0.0.1 port 7897: Bad access
 
(Filename:  Line: 867)

Unloading 5 Unused Serialized files (Serialized files now loaded: 0)
UnloadTime: 0.165300 ms

Unloading 143 unused Assets to reduce memory usage. Loaded Objects now: 1010.
Total: 0.578700 ms (FindLiveObjects: 0.037000 ms CreateObjectMapping: 0.010400 ms MarkObjects: 0.234400 ms  DeleteObjects: 0.296500 ms)

Curl error 7: Failed to connect to 127.0.0.1 port 7897: Bad access
 
(Filename:  Line: 867)

CONTEST PASS idle ball control causes no remote shove 
(Filename: E:\unity\Runtime/Export/Debug/Debug.bindings.h Line: 39)

CONTEST PASS single-player ball touch cannot stagger distant opponent 
(Filename: E:\unity\Runtime/Export/Debug/Debug.bindings.h Line: 39)

Unloading 4 Unused Serialized files (Serialized files now loaded: 0)
UnloadTime: 0.785700 ms

Unloading 37 unused Assets to reduce memory usage. Loaded Objects now: 1058.
Total: 1.295900 ms (FindLiveObjects: 0.040000 ms CreateObjectMapping: 0.009600 ms MarkObjects: 0.321500 ms  DeleteObjects: 0.924400 ms)

Curl error 7: Failed to connect to 127.0.0.1 port 7897: Bad access
 
(Filename:  Line: 867)

CONTEST PASS classic contest uses only ordinary physics 
(Filename: E:\unity\Runtime/Export/Debug/Debug.bindings.h Line: 39)

Unloading 4 Unused Serialized files (Serialized files now loaded: 0)
UnloadTime: 0.285500 ms

Unloading 3 unused Assets to reduce memory usage. Loaded Objects now: 1058.
Total: 1.142900 ms (FindLiveObjects: 0.034800 ms CreateObjectMapping: 0.008400 ms MarkObjects: 0.220300 ms  DeleteObjects: 0.878900 ms)

CONTEST PASS reset clears cached shared contact/pressure 
(Filename: E:\unity\Runtime/Export/Debug/Debug.bindings.h Line: 39)

CONTEST PASS pause disables contest benefit 
(Filename: E:\unity\Runtime/Export/Debug/Debug.bindings.h Line: 39)

CONTEST PASS aerial tackle strength/duration unchanged 
(Filename: E:\unity\Runtime/Export/Debug/Debug.bindings.h Line: 39)

CONTEST PASS ground direct linear +40%, tipping +35% 
(Filename: E:\unity\Runtime/Export/Debug/Debug.bindings.h Line: 39)

Unloading 4 Unused Serialized files (Serialized files now loaded: 0)
UnloadTime: 0.289600 ms

Unloading 2 unused Assets to reduce memory usage. Loaded Objects now: 1058.
Total: 1.254900 ms (FindLiveObjects: 0.034400 ms CreateObjectMapping: 0.008500 ms MarkObjects: 0.192900 ms  DeleteObjects: 1.018800 ms)

CONTEST HIT bridge=True air=False gap=1.204801 shared=True upperTouch=False 
(Filename: E:\unity\Runtime/Export/Debug/Debug.bindings.h Line: 39)

CONTEST RUN sustained=False bridge=1 direct=0 force=1305 tilt=20.02304,12.86703 error=0.0591296 recovery=0.4599996 interval=100 
(Filename: E:\unity\Runtime/Export/Debug/Debug.bindings.h Line: 39)

CONTEST PASS ground contest triggers through a football sustained=False 
(Filename: E:\unity\Runtime/Export/Debug/Debug.bindings.h Line: 39)

CONTEST PASS both feet and pitch really touch same ball at trigger 
(Filename: E:\unity\Runtime/Export/Debug/Debug.bindings.h Line: 39)

CONTEST PASS bridge tackle works without upper-body contact 
(Filename: E:\unity\Runtime/Export/Debug/Debug.bindings.h Line: 39)

CONTEST PASS Fan visibly loses balance briefly tilt=20.02304 
(Filename: E:\unity\Runtime/Export/Debug/Debug.bindings.h Line: 39)

CONTEST PASS impact never folds or disconnects either rig 
(Filename: E:\unity\Runtime/Export/Debug/Debug.bindings.h Line: 39)

CONTEST PASS Zhao can brace during ground pushing 
(Filename: E:\unity\Runtime/Export/Debug/Debug.bindings.h Line: 39)

CONTEST PASS magnetic foot preserves strong real pushing force=1305 
(Filename: E:\unity\Runtime/Export/Debug/Debug.bindings.h Line: 39)

CONTEST PASS Fan recovers quickly after one hit=0.4599996 
(Filename: E:\unity\Runtime/Export/Debug/Debug.bindings.h Line: 39)

CONTEST PASS temporary ground brace mass restored 
(Filename: E:\unity\Runtime/Export/Debug/Debug.bindings.h Line: 39)

Unloading 4 Unused Serialized files (Serialized files now loaded: 0)
UnloadTime: 0.277900 ms

Unloading 3 unused Assets to reduce memory usage. Loaded Objects now: 1058.
Total: 1.037100 ms (FindLiveObjects: 0.036700 ms CreateObjectMapping: 0.009300 ms MarkObjects: 0.222400 ms  DeleteObjects: 0.768200 ms)

CONTEST HIT bridge=True air=False gap=1.076329 shared=True upperTouch=False 
(Filename: E:\unity\Runtime/Export/Debug/Debug.bindings.h Line: 39)

CONTEST HIT bridge=True air=False gap=1.104691 shared=True upperTouch=False 
(Filename: E:\unity\Runtime/Export/Debug/Debug.bindings.h Line: 39)

CONTEST HIT bridge=False air=False gap=0.9188581 shared=True upperTouch=True 
(Filename: E:\unity\Runtime/Export/Debug/Debug.bindings.h Line: 39)

CONTEST RUN sustained=True bridge=2 direct=1 force=1305 tilt=44.27295,16.82138 error=0.09446844 recovery=0.4400005 interval=1.06 
(Filename: E:\unity\Runtime/Export/Debug/Debug.bindings.h Line: 39)

CONTEST PASS ground contest triggers through a football sustained=True 
(Filename: E:\unity\Runtime/Export/Debug/Debug.bindings.h Line: 39)

CONTEST PASS both feet and pitch really touch same ball at trigger 
(Filename: E:\unity\Runtime/Export/Debug/Debug.bindings.h Line: 39)

CONTEST PASS bridge tackle works without upper-body contact 
(Filename: E:\unity\Runtime/Export/Debug/Debug.bindings.h Line: 39)

CONTEST PASS Fan visibly loses balance briefly tilt=44.27295 
(Filename: E:\unity\Runtime/Export/Debug/Debug.bindings.h Line: 39)

CONTEST PASS impact never folds or disconnects either rig 
(Filename: E:\unity\Runtime/Export/Debug/Debug.bindings.h Line: 39)

CONTEST PASS Zhao can brace during ground pushing 
(Filename: E:\unity\Runtime/Export/Debug/Debug.bindings.h Line: 39)

CONTEST PASS magnetic foot preserves strong real pushing force=1305 
(Filename: E:\unity\Runtime/Export/Debug/Debug.bindings.h Line: 39)

CONTEST PASS shared cooldown prevents continuous stun 
(Filename: E:\unity\Runtime/Export/Debug/Debug.bindings.h Line: 39)

CONTEST COMPLETE checks=24 failures=0 
(Filename: E:\unity\Runtime/Export/Debug/Debug.bindings.h Line: 39)

Setting up 12 worker threads for Enlighten.
  Thread -> id: 66a8 -> priority: 1 
  Thread -> id: 99d8 -> priority: 1 
  Thread -> id: 3c34 -> priority: 1 
  Thread -> id: 9fcc -> priority: 1 
  Thread -> id: 2f8 -> priority: 1 
  Thread -> id: 8388 -> priority: 1 
  Thread -> id: edc -> priority: 1 
  Thread -> id: 8d54 -> priority: 1 
  Thread -> id: 66d0 -> priority: 1 
  Thread -> id: 6a30 -> priority: 1 
  Thread -> id: 294c -> priority: 1 
  Thread -> id: 82a0 -> priority: 1 
