Process is running in low integrity mode...
Mono path[0] = 'C:/Users/Alienware/Desktop/范志毅VS赵鹏/范志毅VS赵鹏 PC双人版（32位）/鑼冨織姣匳S璧甸箯 PC鍙屼汉鐗堬紙32浣嶏級/AI Mod Source/build/controls-test-player/FanZhiYi_Data/Managed'
Mono config path = 'C:/Users/Alienware/Desktop/范志毅VS赵鹏/范志毅VS赵鹏 PC双人版（32位）/鑼冨織姣匳S璧甸箯 PC鍙屼汉鐗堬紙32浣嶏級/AI Mod Source/build/controls-test-player/MonoBleedingEdge/etc'
AS: AutoStreaming module initializing.Initialize engine version: 2019.4.33f1c1 (c2f94a8bebb3)
[Subsystems] Discovering subsystems at path C:/Users/Alienware/Desktop/范志毅VS赵鹏/范志毅VS赵鹏 PC双人版（32位）/鑼冨織姣匳S璧甸箯 PC鍙屼汉鐗堬紙32浣嶏級/AI Mod Source/build/controls-test-player/FanZhiYi_Data/UnitySubsystems
GfxDevice: creating device client; threaded=1
Direct3D:
    Version:  Direct3D 11.0 [level 11.1]
    Renderer: NVIDIA GeForce RTX 5070 Laptop GPU (ID=0x2d58)
    Vendor:   (null)
    VRAM:     3072 MB
Begin MonoManager ReloadAssembly
- Completed reload, in  1.931 seconds
<RI> Initializing input.
<RI> Input initialized.
<RI> Initialized touch support.
UnloadTime: 0.804800 ms
Curl error 7: Failed to connect to 127.0.0.1 port 7897: Bad access
 
(Filename:  Line: 867)

Curl error 7: Failed to connect to 127.0.0.1 port 7897: Bad access
 
(Filename:  Line: 867)

Curl error 7: Failed to connect to 127.0.0.1 port 7897: Bad access
 
(Filename:  Line: 867)

CONTROLS PASS start menu offers binding settings 
(Filename: E:\unity\Runtime/Export/Debug/Debug.bindings.h Line: 39)

CONTROLS PASS menu button opens settings overlay 
(Filename: E:\unity\Runtime/Export/Debug/Debug.bindings.h Line: 39)

CONTROLS PASS all twelve default slots include Zhao keypad header 
(Filename: E:\unity\Runtime/Export/Debug/Debug.bindings.h Line: 39)

Curl error 7: Failed to connect to 127.0.0.1 port 7897: Bad access
 
(Filename:  Line: 867)

CONTROLS PASS settings buttons remain inside viewport (1280.0, 720.0) 
(Filename: E:\unity\Runtime/Export/Debug/Debug.bindings.h Line: 39)

CONTROLS PASS settings screenshot captured 1280 
(Filename: E:\unity\Runtime/Export/Debug/Debug.bindings.h Line: 39)

CONTROLS PASS settings buttons remain inside viewport (800.0, 600.0) 
(Filename: E:\unity\Runtime/Export/Debug/Debug.bindings.h Line: 39)

Curl error 7: Failed to connect to 127.0.0.1 port 7897: Bad access
 
(Filename:  Line: 867)

CONTROLS PASS settings screenshot captured 800 
(Filename: E:\unity\Runtime/Export/Debug/Debug.bindings.h Line: 39)

CONTROLS PASS UI rejects another player's occupied key 
(Filename: E:\unity\Runtime/Export/Debug/Debug.bindings.h Line: 39)

CONTROLS PASS UI captures and displays new key 
(Filename: E:\unity\Runtime/Export/Debug/Debug.bindings.h Line: 39)

CONTROLS PASS UI binding persists after reload 
(Filename: E:\unity\Runtime/Export/Debug/Debug.bindings.h Line: 39)

CONTROLS PASS UI restores original defaults 
(Filename: E:\unity\Runtime/Export/Debug/Debug.bindings.h Line: 39)

CONTROLS PASS done closes overlay 
(Filename: E:\unity\Runtime/Export/Debug/Debug.bindings.h Line: 39)

Unloading 5 Unused Serialized files (Serialized files now loaded: 0)
UnloadTime: 0.183700 ms

Unloading 143 unused Assets to reduce memory usage. Loaded Objects now: 1013.
Total: 0.476300 ms (FindLiveObjects: 0.037600 ms CreateObjectMapping: 0.009400 ms MarkObjects: 0.187000 ms  DeleteObjects: 0.242100 ms)

CONTROLS PASS default binding p=0 action=0 
(Filename: E:\unity\Runtime/Export/Debug/Debug.bindings.h Line: 39)

CONTROLS PASS default binding p=0 action=1 
(Filename: E:\unity\Runtime/Export/Debug/Debug.bindings.h Line: 39)

CONTROLS PASS default binding p=0 action=2 
(Filename: E:\unity\Runtime/Export/Debug/Debug.bindings.h Line: 39)

CONTROLS PASS default binding p=0 action=3 
(Filename: E:\unity\Runtime/Export/Debug/Debug.bindings.h Line: 39)

CONTROLS PASS default binding p=0 action=4 
(Filename: E:\unity\Runtime/Export/Debug/Debug.bindings.h Line: 39)

CONTROLS PASS default binding p=0 action=5 
(Filename: E:\unity\Runtime/Export/Debug/Debug.bindings.h Line: 39)

CONTROLS PASS default binding p=1 action=0 
(Filename: E:\unity\Runtime/Export/Debug/Debug.bindings.h Line: 39)

CONTROLS PASS default binding p=1 action=1 
(Filename: E:\unity\Runtime/Export/Debug/Debug.bindings.h Line: 39)

CONTROLS PASS default binding p=1 action=2 
(Filename: E:\unity\Runtime/Export/Debug/Debug.bindings.h Line: 39)

CONTROLS PASS default binding p=1 action=3 
(Filename: E:\unity\Runtime/Export/Debug/Debug.bindings.h Line: 39)

CONTROLS PASS default binding p=1 action=4 
(Filename: E:\unity\Runtime/Export/Debug/Debug.bindings.h Line: 39)

CONTROLS PASS default binding p=1 action=5 
(Filename: E:\unity\Runtime/Export/Debug/Debug.bindings.h Line: 39)

CONTROLS PASS custom left drives native movement 
(Filename: E:\unity\Runtime/Export/Debug/Debug.bindings.h Line: 39)

CONTROLS PASS opposite movement keys cancel 
(Filename: E:\unity\Runtime/Export/Debug/Debug.bindings.h Line: 39)

CONTROLS PASS custom right drives native movement 
(Filename: E:\unity\Runtime/Export/Debug/Debug.bindings.h Line: 39)

CONTROLS PASS custom shooting key reaches native Kick slot 
(Filename: E:\unity\Runtime/Export/Debug/Debug.bindings.h Line: 39)

CONTROLS PASS old shooting key stops after rebinding 
(Filename: E:\unity\Runtime/Export/Debug/Debug.bindings.h Line: 39)

CONTROLS PASS custom down reaches Fan quick drop 
(Filename: E:\unity\Runtime/Export/Debug/Debug.bindings.h Line: 39)

CONTROLS PASS custom jump reaches native jump slot 
(Filename: E:\unity\Runtime/Export/Debug/Debug.bindings.h Line: 39)

CONTROLS PASS both players' changes persist 
(Filename: E:\unity\Runtime/Export/Debug/Debug.bindings.h Line: 39)

CONTROLS PASS cross-player key conflicts rejected 
(Filename: E:\unity\Runtime/Export/Debug/Debug.bindings.h Line: 39)

Unloading 4 Unused Serialized files (Serialized files now loaded: 0)
UnloadTime: 0.505100 ms

Unloading 40 unused Assets to reduce memory usage. Loaded Objects now: 1056.
Total: 1.310700 ms (FindLiveObjects: 0.036600 ms CreateObjectMapping: 0.009400 ms MarkObjects: 0.349600 ms  DeleteObjects: 0.914600 ms)

Non-Legacy animations cannot be sampled outside the Editor without an Animator. If you want to sample this clip outside the Editor, add an Animator Component to this GameObject 
(Filename:  Line: 121)

HEADER SAMPLE Fan time=0 head=0 body=0 
(Filename: E:\unity\Runtime/Export/Debug/Debug.bindings.h Line: 39)

Non-Legacy animations cannot be sampled outside the Editor without an Animator. If you want to sample this clip outside the Editor, add an Animator Component to this GameObject 
(Filename:  Line: 121)

HEADER SAMPLE Fan time=0.1041667 head=0 body=0 
(Filename: E:\unity\Runtime/Export/Debug/Debug.bindings.h Line: 39)

Non-Legacy animations cannot be sampled outside the Editor without an Animator. If you want to sample this clip outside the Editor, add an Animator Component to this GameObject 
(Filename:  Line: 121)

HEADER SAMPLE Fan time=0.2083333 head=0 body=0 
(Filename: E:\unity\Runtime/Export/Debug/Debug.bindings.h Line: 39)

Non-Legacy animations cannot be sampled outside the Editor without an Animator. If you want to sample this clip outside the Editor, add an Animator Component to this GameObject 
(Filename:  Line: 121)

HEADER SAMPLE Fan time=0.3125 head=0 body=0 
(Filename: E:\unity\Runtime/Export/Debug/Debug.bindings.h Line: 39)

Non-Legacy animations cannot be sampled outside the Editor without an Animator. If you want to sample this clip outside the Editor, add an Animator Component to this GameObject 
(Filename:  Line: 121)

HEADER SAMPLE Fan time=0.4166667 head=0 body=0 
(Filename: E:\unity\Runtime/Export/Debug/Debug.bindings.h Line: 39)

Non-Legacy animations cannot be sampled outside the Editor without an Animator. If you want to sample this clip outside the Editor, add an Animator Component to this GameObject 
(Filename:  Line: 121)

HEADER SAMPLE Zhao time=0 head=0 body=0 
(Filename: E:\unity\Runtime/Export/Debug/Debug.bindings.h Line: 39)

Non-Legacy animations cannot be sampled outside the Editor without an Animator. If you want to sample this clip outside the Editor, add an Animator Component to this GameObject 
(Filename:  Line: 121)

HEADER SAMPLE Zhao time=0.25 head=0 body=0 
(Filename: E:\unity\Runtime/Export/Debug/Debug.bindings.h Line: 39)

Non-Legacy animations cannot be sampled outside the Editor without an Animator. If you want to sample this clip outside the Editor, add an Animator Component to this GameObject 
(Filename:  Line: 121)

HEADER SAMPLE Zhao time=0.5 head=0 body=0 
(Filename: E:\unity\Runtime/Export/Debug/Debug.bindings.h Line: 39)

Non-Legacy animations cannot be sampled outside the Editor without an Animator. If you want to sample this clip outside the Editor, add an Animator Component to this GameObject 
(Filename:  Line: 121)

HEADER SAMPLE Zhao time=0.75 head=0 body=0 
(Filename: E:\unity\Runtime/Export/Debug/Debug.bindings.h Line: 39)

Non-Legacy animations cannot be sampled outside the Editor without an Animator. If you want to sample this clip outside the Editor, add an Animator Component to this GameObject 
(Filename:  Line: 121)

HEADER SAMPLE Zhao time=1 head=0 body=0 
(Filename: E:\unity\Runtime/Export/Debug/Debug.bindings.h Line: 39)

CONTROLS PASS native Zhao head slot assigned skills=False 
(Filename: E:\unity\Runtime/Export/Debug/Debug.bindings.h Line: 39)

CONTROLS CLIPS Zhao Kick,Jump,Walk,Idle,BackWalk,Head, 
(Filename: E:\unity\Runtime/Export/Debug/Debug.bindings.h Line: 39)

CONTROLS PASS human key executes Zhao header animation skills=False remapped=False 
(Filename: E:\unity\Runtime/Export/Debug/Debug.bindings.h Line: 39)

CONTROLS PASS header preserves actual head-ball collision skills=False remapped=False 
(Filename: E:\unity\Runtime/Export/Debug/Debug.bindings.h Line: 39)

CONTROLS PASS header retains connected model error=0.03259876 
(Filename: E:\unity\Runtime/Export/Debug/Debug.bindings.h Line: 39)

Unloading 4 Unused Serialized files (Serialized files now loaded: 0)
UnloadTime: 0.352500 ms

Unloading 5 unused Assets to reduce memory usage. Loaded Objects now: 1057.
Total: 1.529400 ms (FindLiveObjects: 0.092900 ms CreateObjectMapping: 0.010400 ms MarkObjects: 0.355200 ms  DeleteObjects: 1.070300 ms)

Non-Legacy animations cannot be sampled outside the Editor without an Animator. If you want to sample this clip outside the Editor, add an Animator Component to this GameObject 
(Filename:  Line: 121)

HEADER SAMPLE Fan time=0 head=0 body=0 
(Filename: E:\unity\Runtime/Export/Debug/Debug.bindings.h Line: 39)

Non-Legacy animations cannot be sampled outside the Editor without an Animator. If you want to sample this clip outside the Editor, add an Animator Component to this GameObject 
(Filename:  Line: 121)

HEADER SAMPLE Fan time=0.1041667 head=0 body=0 
(Filename: E:\unity\Runtime/Export/Debug/Debug.bindings.h Line: 39)

Non-Legacy animations cannot be sampled outside the Editor without an Animator. If you want to sample this clip outside the Editor, add an Animator Component to this GameObject 
(Filename:  Line: 121)

HEADER SAMPLE Fan time=0.2083333 head=0 body=0 
(Filename: E:\unity\Runtime/Export/Debug/Debug.bindings.h Line: 39)

Non-Legacy animations cannot be sampled outside the Editor without an Animator. If you want to sample this clip outside the Editor, add an Animator Component to this GameObject 
(Filename:  Line: 121)

HEADER SAMPLE Fan time=0.3125 head=0 body=0 
(Filename: E:\unity\Runtime/Export/Debug/Debug.bindings.h Line: 39)

Non-Legacy animations cannot be sampled outside the Editor without an Animator. If you want to sample this clip outside the Editor, add an Animator Component to this GameObject 
(Filename:  Line: 121)

HEADER SAMPLE Fan time=0.4166667 head=0 body=0 
(Filename: E:\unity\Runtime/Export/Debug/Debug.bindings.h Line: 39)

Non-Legacy animations cannot be sampled outside the Editor without an Animator. If you want to sample this clip outside the Editor, add an Animator Component to this GameObject 
(Filename:  Line: 121)

HEADER SAMPLE Zhao time=0 head=0 body=0 
(Filename: E:\unity\Runtime/Export/Debug/Debug.bindings.h Line: 39)

Non-Legacy animations cannot be sampled outside the Editor without an Animator. If you want to sample this clip outside the Editor, add an Animator Component to this GameObject 
(Filename:  Line: 121)

HEADER SAMPLE Zhao time=0.25 head=0 body=0 
(Filename: E:\unity\Runtime/Export/Debug/Debug.bindings.h Line: 39)

Non-Legacy animations cannot be sampled outside the Editor without an Animator. If you want to sample this clip outside the Editor, add an Animator Component to this GameObject 
(Filename:  Line: 121)

HEADER SAMPLE Zhao time=0.5 head=0 body=0 
(Filename: E:\unity\Runtime/Export/Debug/Debug.bindings.h Line: 39)

Non-Legacy animations cannot be sampled outside the Editor without an Animator. If you want to sample this clip outside the Editor, add an Animator Component to this GameObject 
(Filename:  Line: 121)

HEADER SAMPLE Zhao time=0.75 head=0 body=0 
(Filename: E:\unity\Runtime/Export/Debug/Debug.bindings.h Line: 39)

Non-Legacy animations cannot be sampled outside the Editor without an Animator. If you want to sample this clip outside the Editor, add an Animator Component to this GameObject 
(Filename:  Line: 121)

HEADER SAMPLE Zhao time=1 head=0 body=0 
(Filename: E:\unity\Runtime/Export/Debug/Debug.bindings.h Line: 39)

CONTROLS PASS native Zhao head slot assigned skills=True 
(Filename: E:\unity\Runtime/Export/Debug/Debug.bindings.h Line: 39)

CONTROLS CLIPS Zhao Kick,Jump,Walk,Idle,BackWalk,Head, 
(Filename: E:\unity\Runtime/Export/Debug/Debug.bindings.h Line: 39)

CONTROLS PASS human key executes Zhao header animation skills=True remapped=False 
(Filename: E:\unity\Runtime/Export/Debug/Debug.bindings.h Line: 39)

CONTROLS PASS header preserves actual head-ball collision skills=True remapped=False 
(Filename: E:\unity\Runtime/Export/Debug/Debug.bindings.h Line: 39)

CONTROLS PASS header retains connected model error=0.03259876 
(Filename: E:\unity\Runtime/Export/Debug/Debug.bindings.h Line: 39)

Unloading 4 Unused Serialized files (Serialized files now loaded: 0)
UnloadTime: 0.675300 ms

Unloading 5 unused Assets to reduce memory usage. Loaded Objects now: 1062.
Total: 1.280000 ms (FindLiveObjects: 0.037800 ms CreateObjectMapping: 0.008800 ms MarkObjects: 0.212400 ms  DeleteObjects: 1.020700 ms)

Non-Legacy animations cannot be sampled outside the Editor without an Animator. If you want to sample this clip outside the Editor, add an Animator Component to this GameObject 
(Filename:  Line: 121)

HEADER SAMPLE Fan time=0 head=0 body=0 
(Filename: E:\unity\Runtime/Export/Debug/Debug.bindings.h Line: 39)

Non-Legacy animations cannot be sampled outside the Editor without an Animator. If you want to sample this clip outside the Editor, add an Animator Component to this GameObject 
(Filename:  Line: 121)

HEADER SAMPLE Fan time=0.1041667 head=0 body=0 
(Filename: E:\unity\Runtime/Export/Debug/Debug.bindings.h Line: 39)

Non-Legacy animations cannot be sampled outside the Editor without an Animator. If you want to sample this clip outside the Editor, add an Animator Component to this GameObject 
(Filename:  Line: 121)

HEADER SAMPLE Fan time=0.2083333 head=0 body=0 
(Filename: E:\unity\Runtime/Export/Debug/Debug.bindings.h Line: 39)

Non-Legacy animations cannot be sampled outside the Editor without an Animator. If you want to sample this clip outside the Editor, add an Animator Component to this GameObject 
(Filename:  Line: 121)

HEADER SAMPLE Fan time=0.3125 head=0 body=0 
(Filename: E:\unity\Runtime/Export/Debug/Debug.bindings.h Line: 39)

Non-Legacy animations cannot be sampled outside the Editor without an Animator. If you want to sample this clip outside the Editor, add an Animator Component to this GameObject 
(Filename:  Line: 121)

HEADER SAMPLE Fan time=0.4166667 head=0 body=0 
(Filename: E:\unity\Runtime/Export/Debug/Debug.bindings.h Line: 39)

Non-Legacy animations cannot be sampled outside the Editor without an Animator. If you want to sample this clip outside the Editor, add an Animator Component to this GameObject 
(Filename:  Line: 121)

HEADER SAMPLE Zhao time=0 head=0 body=0 
(Filename: E:\unity\Runtime/Export/Debug/Debug.bindings.h Line: 39)

Non-Legacy animations cannot be sampled outside the Editor without an Animator. If you want to sample this clip outside the Editor, add an Animator Component to this GameObject 
(Filename:  Line: 121)

HEADER SAMPLE Zhao time=0.25 head=0 body=0 
(Filename: E:\unity\Runtime/Export/Debug/Debug.bindings.h Line: 39)

Non-Legacy animations cannot be sampled outside the Editor without an Animator. If you want to sample this clip outside the Editor, add an Animator Component to this GameObject 
(Filename:  Line: 121)

HEADER SAMPLE Zhao time=0.5 head=0 body=0 
(Filename: E:\unity\Runtime/Export/Debug/Debug.bindings.h Line: 39)

Non-Legacy animations cannot be sampled outside the Editor without an Animator. If you want to sample this clip outside the Editor, add an Animator Component to this GameObject 
(Filename:  Line: 121)

HEADER SAMPLE Zhao time=0.75 head=0 body=0 
(Filename: E:\unity\Runtime/Export/Debug/Debug.bindings.h Line: 39)

Non-Legacy animations cannot be sampled outside the Editor without an Animator. If you want to sample this clip outside the Editor, add an Animator Component to this GameObject 
(Filename:  Line: 121)

HEADER SAMPLE Zhao time=1 head=0 body=0 
(Filename: E:\unity\Runtime/Export/Debug/Debug.bindings.h Line: 39)

CONTROLS PASS native Zhao head slot assigned skills=True 
(Filename: E:\unity\Runtime/Export/Debug/Debug.bindings.h Line: 39)

CONTROLS CLIPS Zhao Kick,Jump,Walk,Idle,BackWalk,Head, 
(Filename: E:\unity\Runtime/Export/Debug/Debug.bindings.h Line: 39)

CONTROLS PASS human key executes Zhao header animation skills=True remapped=True 
(Filename: E:\unity\Runtime/Export/Debug/Debug.bindings.h Line: 39)

CONTROLS PASS header preserves actual head-ball collision skills=True remapped=True 
(Filename: E:\unity\Runtime/Export/Debug/Debug.bindings.h Line: 39)

CONTROLS PASS header retains connected model error=0.03259876 
(Filename: E:\unity\Runtime/Export/Debug/Debug.bindings.h Line: 39)

CONTROLS COMPLETE checks=45 failures=0 
(Filename: E:\unity\Runtime/Export/Debug/Debug.bindings.h Line: 39)

Setting up 12 worker threads for Enlighten.
  Thread -> id: 90b8 -> priority: 1 
  Thread -> id: 5dec -> priority: 1 
  Thread -> id: 6144 -> priority: 1 
  Thread -> id: 92f0 -> priority: 1 
  Thread -> id: 7de4 -> priority: 1 
  Thread -> id: 9714 -> priority: 1 
  Thread -> id: 4c08 -> priority: 1 
  Thread -> id: 3018 -> priority: 1 
  Thread -> id: 4aa4 -> priority: 1 
  Thread -> id: 655c -> priority: 1 
  Thread -> id: 46a4 -> priority: 1 
  Thread -> id: 2fe0 -> priority: 1 
