Process is running in low integrity mode...
Mono path[0] = 'C:/Users/Alienware/Desktop/范志毅VS赵鹏/范志毅VS赵鹏 PC双人版（32位）/鑼冨織姣匳S璧甸箯 PC鍙屼汉鐗堬紙32浣嶏級/AI Mod Source/build/controls-test-player/FanZhiYi_Data/Managed'
Mono config path = 'C:/Users/Alienware/Desktop/范志毅VS赵鹏/范志毅VS赵鹏 PC双人版（32位）/鑼冨織姣匳S璧甸箯 PC鍙屼汉鐗堬紙32浣嶏級/AI Mod Source/build/controls-test-player/MonoBleedingEdge/etc'
AS: AutoStreaming module initializing.Initialize engine version: 2019.4.33f1c1 (c2f94a8bebb3)
[Subsystems] Discovering subsystems at path C:/Users/Alienware/Desktop/范志毅VS赵鹏/范志毅VS赵鹏 PC双人版（32位）/鑼冨織姣匳S璧甸箯 PC鍙屼汉鐗堬紙32浣嶏級/AI Mod Source/build/controls-test-player/FanZhiYi_Data/UnitySubsystems
GfxDevice: creating device client; threaded=1
Direct3D:
    Version:  Direct3D 11.0 [level 11.1]
    Renderer: NVIDIA GeForce RTX 5070 Laptop GPU (ID=0x2d58)
    Vendor:   (null)
    VRAM:     3072 MB
Begin MonoManager ReloadAssembly
- Completed reload, in  0.126 seconds
<RI> Initializing input.
<RI> Input initialized.
<RI> Initialized touch support.
UnloadTime: 0.717000 ms
Curl error 7: Failed to connect to 127.0.0.1 port 7897: Bad access
 
(Filename:  Line: 867)

Curl error 7: Failed to connect to 127.0.0.1 port 7897: Bad access
 
(Filename:  Line: 867)

Curl error 7: Failed to connect to 127.0.0.1 port 7897: Bad access
 
(Filename:  Line: 867)

CONTROLS PASS start menu offers binding settings 
(Filename: E:\unity\Runtime/Export/Debug/Debug.bindings.h Line: 39)

CONTROLS PASS menu button opens settings overlay 
(Filename: E:\unity\Runtime/Export/Debug/Debug.bindings.h Line: 39)

CONTROLS PASS all twelve default slots include Zhao keypad header 
(Filename: E:\unity\Runtime/Export/Debug/Debug.bindings.h Line: 39)

Curl error 7: Failed to connect to 127.0.0.1 port 7897: Bad access
 
(Filename:  Line: 867)

CONTROLS PASS settings buttons remain inside viewport (1280.0, 720.0) 
(Filename: E:\unity\Runtime/Export/Debug/Debug.bindings.h Line: 39)

CONTROLS PASS settings screenshot captured 1280 
(Filename: E:\unity\Runtime/Export/Debug/Debug.bindings.h Line: 39)

CONTROLS PASS settings buttons remain inside viewport (800.0, 600.0) 
(Filename: E:\unity\Runtime/Export/Debug/Debug.bindings.h Line: 39)

Curl error 7: Failed to connect to 127.0.0.1 port 7897: Bad access
 
(Filename:  Line: 867)

CONTROLS PASS settings screenshot captured 800 
(Filename: E:\unity\Runtime/Export/Debug/Debug.bindings.h Line: 39)

CONTROLS PASS UI rejects another player's occupied key 
(Filename: E:\unity\Runtime/Export/Debug/Debug.bindings.h Line: 39)

CONTROLS PASS UI captures and displays new key 
(Filename: E:\unity\Runtime/Export/Debug/Debug.bindings.h Line: 39)

CONTROLS PASS UI binding persists after reload 
(Filename: E:\unity\Runtime/Export/Debug/Debug.bindings.h Line: 39)

CONTROLS PASS UI restores original defaults 
(Filename: E:\unity\Runtime/Export/Debug/Debug.bindings.h Line: 39)

CONTROLS PASS done closes overlay 
(Filename: E:\unity\Runtime/Export/Debug/Debug.bindings.h Line: 39)

Unloading 5 Unused Serialized files (Serialized files now loaded: 0)
UnloadTime: 0.187300 ms

Unloading 141 unused Assets to reduce memory usage. Loaded Objects now: 1015.
Total: 0.515900 ms (FindLiveObjects: 0.038200 ms CreateObjectMapping: 0.009300 ms MarkObjects: 0.184300 ms  DeleteObjects: 0.284000 ms)

CONTROLS PASS default binding p=0 action=0 
(Filename: E:\unity\Runtime/Export/Debug/Debug.bindings.h Line: 39)

CONTROLS PASS default binding p=0 action=1 
(Filename: E:\unity\Runtime/Export/Debug/Debug.bindings.h Line: 39)

CONTROLS PASS default binding p=0 action=2 
(Filename: E:\unity\Runtime/Export/Debug/Debug.bindings.h Line: 39)

CONTROLS PASS default binding p=0 action=3 
(Filename: E:\unity\Runtime/Export/Debug/Debug.bindings.h Line: 39)

CONTROLS PASS default binding p=0 action=4 
(Filename: E:\unity\Runtime/Export/Debug/Debug.bindings.h Line: 39)

CONTROLS PASS default binding p=0 action=5 
(Filename: E:\unity\Runtime/Export/Debug/Debug.bindings.h Line: 39)

CONTROLS PASS default binding p=1 action=0 
(Filename: E:\unity\Runtime/Export/Debug/Debug.bindings.h Line: 39)

CONTROLS PASS default binding p=1 action=1 
(Filename: E:\unity\Runtime/Export/Debug/Debug.bindings.h Line: 39)

CONTROLS PASS default binding p=1 action=2 
(Filename: E:\unity\Runtime/Export/Debug/Debug.bindings.h Line: 39)

CONTROLS PASS default binding p=1 action=3 
(Filename: E:\unity\Runtime/Export/Debug/Debug.bindings.h Line: 39)

CONTROLS PASS default binding p=1 action=4 
(Filename: E:\unity\Runtime/Export/Debug/Debug.bindings.h Line: 39)

CONTROLS PASS default binding p=1 action=5 
(Filename: E:\unity\Runtime/Export/Debug/Debug.bindings.h Line: 39)

CONTROLS PASS custom left drives native movement 
(Filename: E:\unity\Runtime/Export/Debug/Debug.bindings.h Line: 39)

CONTROLS PASS opposite movement keys cancel 
(Filename: E:\unity\Runtime/Export/Debug/Debug.bindings.h Line: 39)

CONTROLS PASS custom right drives native movement 
(Filename: E:\unity\Runtime/Export/Debug/Debug.bindings.h Line: 39)

CONTROLS PASS custom shooting key reaches native Kick slot 
(Filename: E:\unity\Runtime/Export/Debug/Debug.bindings.h Line: 39)

CONTROLS PASS old shooting key stops after rebinding 
(Filename: E:\unity\Runtime/Export/Debug/Debug.bindings.h Line: 39)

CONTROLS PASS custom down reaches Fan quick drop 
(Filename: E:\unity\Runtime/Export/Debug/Debug.bindings.h Line: 39)

CONTROLS PASS custom jump reaches native jump slot 
(Filename: E:\unity\Runtime/Export/Debug/Debug.bindings.h Line: 39)

CONTROLS PASS both players' changes persist 
(Filename: E:\unity\Runtime/Export/Debug/Debug.bindings.h Line: 39)

CONTROLS PASS cross-player key conflicts rejected 
(Filename: E:\unity\Runtime/Export/Debug/Debug.bindings.h Line: 39)

Unloading 4 Unused Serialized files (Serialized files now loaded: 0)
UnloadTime: 0.359400 ms

Unloading 38 unused Assets to reduce memory usage. Loaded Objects now: 1060.
Total: 1.193200 ms (FindLiveObjects: 0.055800 ms CreateObjectMapping: 0.015300 ms MarkObjects: 0.240000 ms  DeleteObjects: 0.881700 ms)

Non-Legacy animations cannot be sampled outside the Editor without an Animator. If you want to sample this clip outside the Editor, add an Animator Component to this GameObject 
(Filename:  Line: 121)

HEADER SAMPLE Fan time=0 head=0 body=0 
(Filename: E:\unity\Runtime/Export/Debug/Debug.bindings.h Line: 39)

Non-Legacy animations cannot be sampled outside the Editor without an Animator. If you want to sample this clip outside the Editor, add an Animator Component to this GameObject 
(Filename:  Line: 121)

HEADER SAMPLE Fan time=0.1041667 head=0 body=0 
(Filename: E:\unity\Runtime/Export/Debug/Debug.bindings.h Line: 39)

Non-Legacy animations cannot be sampled outside the Editor without an Animator. If you want to sample this clip outside the Editor, add an Animator Component to this GameObject 
(Filename:  Line: 121)

HEADER SAMPLE Fan time=0.2083333 head=0 body=0 
(Filename: E:\unity\Runtime/Export/Debug/Debug.bindings.h Line: 39)

Non-Legacy animations cannot be sampled outside the Editor without an Animator. If you want to sample this clip outside the Editor, add an Animator Component to this GameObject 
(Filename:  Line: 121)

HEADER SAMPLE Fan time=0.3125 head=0 body=0 
(Filename: E:\unity\Runtime/Export/Debug/Debug.bindings.h Line: 39)

Non-Legacy animations cannot be sampled outside the Editor without an Animator. If you want to sample this clip outside the Editor, add an Animator Component to this GameObject 
(Filename:  Line: 121)

HEADER SAMPLE Fan time=0.4166667 head=0 body=0 
(Filename: E:\unity\Runtime/Export/Debug/Debug.bindings.h Line: 39)

Non-Legacy animations cannot be sampled outside the Editor without an Animator. If you want to sample this clip outside the Editor, add an Animator Component to this GameObject 
(Filename:  Line: 121)

HEADER SAMPLE Zhao time=0 head=0 body=0 
(Filename: E:\unity\Runtime/Export/Debug/Debug.bindings.h Line: 39)

Non-Legacy animations cannot be sampled outside the Editor without an Animator. If you want to sample this clip outside the Editor, add an Animator Component to this GameObject 
(Filename:  Line: 121)

HEADER SAMPLE Zhao time=0.25 head=0 body=0 
(Filename: E:\unity\Runtime/Export/Debug/Debug.bindings.h Line: 39)

Non-Legacy animations cannot be sampled outside the Editor without an Animator. If you want to sample this clip outside the Editor, add an Animator Component to this GameObject 
(Filename:  Line: 121)

HEADER SAMPLE Zhao time=0.5 head=0 body=0 
(Filename: E:\unity\Runtime/Export/Debug/Debug.bindings.h Line: 39)

Non-Legacy animations cannot be sampled outside the Editor without an Animator. If you want to sample this clip outside the Editor, add an Animator Component to this GameObject 
(Filename:  Line: 121)

HEADER SAMPLE Zhao time=0.75 head=0 body=0 
(Filename: E:\unity\Runtime/Export/Debug/Debug.bindings.h Line: 39)

Non-Legacy animations cannot be sampled outside the Editor without an Animator. If you want to sample this clip outside the Editor, add an Animator Component to this GameObject 
(Filename:  Line: 121)

HEADER SAMPLE Zhao time=1 head=0 body=0 
(Filename: E:\unity\Runtime/Export/Debug/Debug.bindings.h Line: 39)

CONTROLS PASS native Zhao head slot assigned skills=False 
(Filename: E:\unity\Runtime/Export/Debug/Debug.bindings.h Line: 39)

CONTROLS CLIPS Zhao Kick,Jump,Walk,Idle,BackWalk,Head, 
(Filename: E:\unity\Runtime/Export/Debug/Debug.bindings.h Line: 39)

HEADER LIVE Fan frame=0 head=8.46 body=24.31 headRot=351.4251 bodyRot=0.3572218 
(Filename: E:\unity\Runtime/Export/Debug/Debug.bindings.h Line: 39)

HEADER LIVE Zhao frame=0 head=4.96 body=5.49 headRot=6.085323 bodyRot=4.317735 
(Filename: E:\unity\Runtime/Export/Debug/Debug.bindings.h Line: 39)

HEADER LIVE Fan frame=3 head=-50.09312 body=-11.37526 headRot=353.9904 bodyRot=10.606 
(Filename: E:\unity\Runtime/Export/Debug/Debug.bindings.h Line: 39)

HEADER LIVE Zhao frame=3 head=4.96 body=5.49 headRot=353.9888 bodyRot=5.894231 
(Filename: E:\unity\Runtime/Export/Debug/Debug.bindings.h Line: 39)

HEADER LIVE Fan frame=6 head=-81.2562 body=-30.50626 headRot=332.5554 bodyRot=4.156595 
(Filename: E:\unity\Runtime/Export/Debug/Debug.bindings.h Line: 39)

HEADER LIVE Zhao frame=6 head=4.96 body=5.49 headRot=357.9584 bodyRot=7.625608 
(Filename: E:\unity\Runtime/Export/Debug/Debug.bindings.h Line: 39)

HEADER LIVE Fan frame=9 head=-73.10506 body=-27.29366 headRot=302.6762 bodyRot=333.454 
(Filename: E:\unity\Runtime/Export/Debug/Debug.bindings.h Line: 39)

HEADER LIVE Zhao frame=9 head=4.96 body=5.49 headRot=1.715556 bodyRot=7.797173 
(Filename: E:\unity\Runtime/Export/Debug/Debug.bindings.h Line: 39)

HEADER LIVE Fan frame=12 head=-57.90304 body=-21.3021 headRot=289.799 bodyRot=320.487 
(Filename: E:\unity\Runtime/Export/Debug/Debug.bindings.h Line: 39)

HEADER LIVE Zhao frame=12 head=4.96 body=5.49 headRot=7.150539 bodyRot=8.346209 
(Filename: E:\unity\Runtime/Export/Debug/Debug.bindings.h Line: 39)

HEADER LIVE Fan frame=15 head=-39.70687 body=-14.13047 headRot=296.6826 bodyRot=315.7528 
(Filename: E:\unity\Runtime/Export/Debug/Debug.bindings.h Line: 39)

HEADER LIVE Zhao frame=15 head=4.96 body=5.49 headRot=7.715662 bodyRot=8.54926 
(Filename: E:\unity\Runtime/Export/Debug/Debug.bindings.h Line: 39)

HEADER LIVE Fan frame=18 head=-21.62471 body=-7.003765 headRot=321.5053 bodyRot=313.2542 
(Filename: E:\unity\Runtime/Export/Debug/Debug.bindings.h Line: 39)

HEADER LIVE Zhao frame=18 head=4.96 body=5.49 headRot=6.310031 bodyRot=7.875673 
(Filename: E:\unity\Runtime/Export/Debug/Debug.bindings.h Line: 39)

HEADER LIVE Fan frame=21 head=-6.703751 body=-1.122986 headRot=348.6724 bodyRot=318.0051 
(Filename: E:\unity\Runtime/Export/Debug/Debug.bindings.h Line: 39)

HEADER LIVE Zhao frame=21 head=4.96 body=5.49 headRot=4.275091 bodyRot=6.904129 
(Filename: E:\unity\Runtime/Export/Debug/Debug.bindings.h Line: 39)

CONTROLS PASS human key executes Zhao header animation skills=False remapped=False 
(Filename: E:\unity\Runtime/Export/Debug/Debug.bindings.h Line: 39)

CONTROLS PASS header preserves actual head-ball collision skills=False remapped=False 
(Filename: E:\unity\Runtime/Export/Debug/Debug.bindings.h Line: 39)

CONTROLS PASS header retains connected model error=0.03259876 
(Filename: E:\unity\Runtime/Export/Debug/Debug.bindings.h Line: 39)

Unloading 4 Unused Serialized files (Serialized files now loaded: 0)
UnloadTime: 0.314300 ms

Unloading 5 unused Assets to reduce memory usage. Loaded Objects now: 1061.
Total: 1.286600 ms (FindLiveObjects: 0.035800 ms CreateObjectMapping: 0.009700 ms MarkObjects: 0.261700 ms  DeleteObjects: 0.978800 ms)

Non-Legacy animations cannot be sampled outside the Editor without an Animator. If you want to sample this clip outside the Editor, add an Animator Component to this GameObject 
(Filename:  Line: 121)

HEADER SAMPLE Fan time=0 head=0 body=0 
(Filename: E:\unity\Runtime/Export/Debug/Debug.bindings.h Line: 39)

Non-Legacy animations cannot be sampled outside the Editor without an Animator. If you want to sample this clip outside the Editor, add an Animator Component to this GameObject 
(Filename:  Line: 121)

HEADER SAMPLE Fan time=0.1041667 head=0 body=0 
(Filename: E:\unity\Runtime/Export/Debug/Debug.bindings.h Line: 39)

Non-Legacy animations cannot be sampled outside the Editor without an Animator. If you want to sample this clip outside the Editor, add an Animator Component to this GameObject 
(Filename:  Line: 121)

HEADER SAMPLE Fan time=0.2083333 head=0 body=0 
(Filename: E:\unity\Runtime/Export/Debug/Debug.bindings.h Line: 39)

Non-Legacy animations cannot be sampled outside the Editor without an Animator. If you want to sample this clip outside the Editor, add an Animator Component to this GameObject 
(Filename:  Line: 121)

HEADER SAMPLE Fan time=0.3125 head=0 body=0 
(Filename: E:\unity\Runtime/Export/Debug/Debug.bindings.h Line: 39)

Non-Legacy animations cannot be sampled outside the Editor without an Animator. If you want to sample this clip outside the Editor, add an Animator Component to this GameObject 
(Filename:  Line: 121)

HEADER SAMPLE Fan time=0.4166667 head=0 body=0 
(Filename: E:\unity\Runtime/Export/Debug/Debug.bindings.h Line: 39)

Non-Legacy animations cannot be sampled outside the Editor without an Animator. If you want to sample this clip outside the Editor, add an Animator Component to this GameObject 
(Filename:  Line: 121)

HEADER SAMPLE Zhao time=0 head=0 body=0 
(Filename: E:\unity\Runtime/Export/Debug/Debug.bindings.h Line: 39)

Non-Legacy animations cannot be sampled outside the Editor without an Animator. If you want to sample this clip outside the Editor, add an Animator Component to this GameObject 
(Filename:  Line: 121)

HEADER SAMPLE Zhao time=0.25 head=0 body=0 
(Filename: E:\unity\Runtime/Export/Debug/Debug.bindings.h Line: 39)

Non-Legacy animations cannot be sampled outside the Editor without an Animator. If you want to sample this clip outside the Editor, add an Animator Component to this GameObject 
(Filename:  Line: 121)

HEADER SAMPLE Zhao time=0.5 head=0 body=0 
(Filename: E:\unity\Runtime/Export/Debug/Debug.bindings.h Line: 39)

Non-Legacy animations cannot be sampled outside the Editor without an Animator. If you want to sample this clip outside the Editor, add an Animator Component to this GameObject 
(Filename:  Line: 121)

HEADER SAMPLE Zhao time=0.75 head=0 body=0 
(Filename: E:\unity\Runtime/Export/Debug/Debug.bindings.h Line: 39)

Non-Legacy animations cannot be sampled outside the Editor without an Animator. If you want to sample this clip outside the Editor, add an Animator Component to this GameObject 
(Filename:  Line: 121)

HEADER SAMPLE Zhao time=1 head=0 body=0 
(Filename: E:\unity\Runtime/Export/Debug/Debug.bindings.h Line: 39)

CONTROLS PASS native Zhao head slot assigned skills=True 
(Filename: E:\unity\Runtime/Export/Debug/Debug.bindings.h Line: 39)

CONTROLS CLIPS Zhao Kick,Jump,Walk,Idle,BackWalk,Head, 
(Filename: E:\unity\Runtime/Export/Debug/Debug.bindings.h Line: 39)

HEADER LIVE Fan frame=0 head=8.46 body=24.31 headRot=351.4251 bodyRot=0.3572218 
(Filename: E:\unity\Runtime/Export/Debug/Debug.bindings.h Line: 39)

HEADER LIVE Zhao frame=0 head=4.96 body=5.49 headRot=6.085323 bodyRot=4.317735 
(Filename: E:\unity\Runtime/Export/Debug/Debug.bindings.h Line: 39)

HEADER LIVE Fan frame=3 head=-51.39315 body=-12.16756 headRot=353.9164 bodyRot=10.59674 
(Filename: E:\unity\Runtime/Export/Debug/Debug.bindings.h Line: 39)

HEADER LIVE Zhao frame=3 head=4.96 body=5.49 headRot=353.9888 bodyRot=5.894231 
(Filename: E:\unity\Runtime/Export/Debug/Debug.bindings.h Line: 39)

HEADER LIVE Fan frame=6 head=-81.21796 body=-30.49119 headRot=328.8191 bodyRot=0.8192472 
(Filename: E:\unity\Runtime/Export/Debug/Debug.bindings.h Line: 39)

HEADER LIVE Zhao frame=6 head=4.96 body=5.49 headRot=357.9584 bodyRot=7.625608 
(Filename: E:\unity\Runtime/Export/Debug/Debug.bindings.h Line: 39)

HEADER LIVE Fan frame=9 head=-72.97816 body=-27.24364 headRot=299.6891 bodyRot=330.934 
(Filename: E:\unity\Runtime/Export/Debug/Debug.bindings.h Line: 39)

HEADER LIVE Zhao frame=9 head=4.96 body=5.49 headRot=1.715556 bodyRot=7.797173 
(Filename: E:\unity\Runtime/Export/Debug/Debug.bindings.h Line: 39)

HEADER LIVE Fan frame=12 head=-57.93308 body=-21.31394 headRot=288.2451 bodyRot=319.4363 
(Filename: E:\unity\Runtime/Export/Debug/Debug.bindings.h Line: 39)

HEADER LIVE Zhao frame=12 head=4.96 body=5.49 headRot=7.150539 bodyRot=8.346209 
(Filename: E:\unity\Runtime/Export/Debug/Debug.bindings.h Line: 39)

HEADER LIVE Fan frame=15 head=-39.30254 body=-13.97111 headRot=298.1206 bodyRot=315.5028 
(Filename: E:\unity\Runtime/Export/Debug/Debug.bindings.h Line: 39)

HEADER LIVE Zhao frame=15 head=4.96 body=5.49 headRot=7.715662 bodyRot=8.54926 
(Filename: E:\unity\Runtime/Export/Debug/Debug.bindings.h Line: 39)

HEADER LIVE Fan frame=18 head=-21.15479 body=-6.818554 headRot=325.5775 bodyRot=312.3731 
(Filename: E:\unity\Runtime/Export/Debug/Debug.bindings.h Line: 39)

HEADER LIVE Zhao frame=18 head=4.96 body=5.49 headRot=6.310031 bodyRot=7.875673 
(Filename: E:\unity\Runtime/Export/Debug/Debug.bindings.h Line: 39)

HEADER LIVE Fan frame=21 head=-6.698509 body=-1.12092 headRot=350.0533 bodyRot=318.0533 
(Filename: E:\unity\Runtime/Export/Debug/Debug.bindings.h Line: 39)

HEADER LIVE Zhao frame=21 head=4.96 body=5.49 headRot=4.275091 bodyRot=6.904129 
(Filename: E:\unity\Runtime/Export/Debug/Debug.bindings.h Line: 39)

CONTROLS PASS human key executes Zhao header animation skills=True remapped=False 
(Filename: E:\unity\Runtime/Export/Debug/Debug.bindings.h Line: 39)

CONTROLS PASS header preserves actual head-ball collision skills=True remapped=False 
(Filename: E:\unity\Runtime/Export/Debug/Debug.bindings.h Line: 39)

CONTROLS PASS header retains connected model error=0.03259876 
(Filename: E:\unity\Runtime/Export/Debug/Debug.bindings.h Line: 39)

Unloading 4 Unused Serialized files (Serialized files now loaded: 0)
UnloadTime: 0.700300 ms

Unloading 5 unused Assets to reduce memory usage. Loaded Objects now: 1073.
Total: 1.383200 ms (FindLiveObjects: 0.056900 ms CreateObjectMapping: 0.009700 ms MarkObjects: 0.356300 ms  DeleteObjects: 0.960000 ms)

Non-Legacy animations cannot be sampled outside the Editor without an Animator. If you want to sample this clip outside the Editor, add an Animator Component to this GameObject 
(Filename:  Line: 121)

HEADER SAMPLE Fan time=0 head=0 body=0 
(Filename: E:\unity\Runtime/Export/Debug/Debug.bindings.h Line: 39)

Non-Legacy animations cannot be sampled outside the Editor without an Animator. If you want to sample this clip outside the Editor, add an Animator Component to this GameObject 
(Filename:  Line: 121)

HEADER SAMPLE Fan time=0.1041667 head=0 body=0 
(Filename: E:\unity\Runtime/Export/Debug/Debug.bindings.h Line: 39)

Non-Legacy animations cannot be sampled outside the Editor without an Animator. If you want to sample this clip outside the Editor, add an Animator Component to this GameObject 
(Filename:  Line: 121)

HEADER SAMPLE Fan time=0.2083333 head=0 body=0 
(Filename: E:\unity\Runtime/Export/Debug/Debug.bindings.h Line: 39)

Non-Legacy animations cannot be sampled outside the Editor without an Animator. If you want to sample this clip outside the Editor, add an Animator Component to this GameObject 
(Filename:  Line: 121)

HEADER SAMPLE Fan time=0.3125 head=0 body=0 
(Filename: E:\unity\Runtime/Export/Debug/Debug.bindings.h Line: 39)

Non-Legacy animations cannot be sampled outside the Editor without an Animator. If you want to sample this clip outside the Editor, add an Animator Component to this GameObject 
(Filename:  Line: 121)

HEADER SAMPLE Fan time=0.4166667 head=0 body=0 
(Filename: E:\unity\Runtime/Export/Debug/Debug.bindings.h Line: 39)

Non-Legacy animations cannot be sampled outside the Editor without an Animator. If you want to sample this clip outside the Editor, add an Animator Component to this GameObject 
(Filename:  Line: 121)

HEADER SAMPLE Zhao time=0 head=0 body=0 
(Filename: E:\unity\Runtime/Export/Debug/Debug.bindings.h Line: 39)

Non-Legacy animations cannot be sampled outside the Editor without an Animator. If you want to sample this clip outside the Editor, add an Animator Component to this GameObject 
(Filename:  Line: 121)

HEADER SAMPLE Zhao time=0.25 head=0 body=0 
(Filename: E:\unity\Runtime/Export/Debug/Debug.bindings.h Line: 39)

Non-Legacy animations cannot be sampled outside the Editor without an Animator. If you want to sample this clip outside the Editor, add an Animator Component to this GameObject 
(Filename:  Line: 121)

HEADER SAMPLE Zhao time=0.5 head=0 body=0 
(Filename: E:\unity\Runtime/Export/Debug/Debug.bindings.h Line: 39)

Non-Legacy animations cannot be sampled outside the Editor without an Animator. If you want to sample this clip outside the Editor, add an Animator Component to this GameObject 
(Filename:  Line: 121)

HEADER SAMPLE Zhao time=0.75 head=0 body=0 
(Filename: E:\unity\Runtime/Export/Debug/Debug.bindings.h Line: 39)

Non-Legacy animations cannot be sampled outside the Editor without an Animator. If you want to sample this clip outside the Editor, add an Animator Component to this GameObject 
(Filename:  Line: 121)

HEADER SAMPLE Zhao time=1 head=0 body=0 
(Filename: E:\unity\Runtime/Export/Debug/Debug.bindings.h Line: 39)

CONTROLS PASS native Zhao head slot assigned skills=True 
(Filename: E:\unity\Runtime/Export/Debug/Debug.bindings.h Line: 39)

CONTROLS CLIPS Zhao Kick,Jump,Walk,Idle,BackWalk,Head, 
(Filename: E:\unity\Runtime/Export/Debug/Debug.bindings.h Line: 39)

HEADER LIVE Fan frame=0 head=8.46 body=24.31 headRot=351.4251 bodyRot=0.3572218 
(Filename: E:\unity\Runtime/Export/Debug/Debug.bindings.h Line: 39)

HEADER LIVE Zhao frame=0 head=4.96 body=5.49 headRot=6.085323 bodyRot=4.317735 
(Filename: E:\unity\Runtime/Export/Debug/Debug.bindings.h Line: 39)

HEADER LIVE Fan frame=3 head=-50.3998 body=-11.56216 headRot=358.689 bodyRot=6.841868 
(Filename: E:\unity\Runtime/Export/Debug/Debug.bindings.h Line: 39)

HEADER LIVE Zhao frame=3 head=4.96 body=5.49 headRot=355.3019 bodyRot=4.305852 
(Filename: E:\unity\Runtime/Export/Debug/Debug.bindings.h Line: 39)

HEADER LIVE Fan frame=6 head=-81.26535 body=-30.50986 headRot=324.4255 bodyRot=356.4255 
(Filename: E:\unity\Runtime/Export/Debug/Debug.bindings.h Line: 39)

HEADER LIVE Zhao frame=6 head=4.96 body=5.49 headRot=357.9584 bodyRot=7.625608 
(Filename: E:\unity\Runtime/Export/Debug/Debug.bindings.h Line: 39)

HEADER LIVE Fan frame=9 head=-73.05564 body=-27.27418 headRot=305.1329 bodyRot=336.6437 
(Filename: E:\unity\Runtime/Export/Debug/Debug.bindings.h Line: 39)

HEADER LIVE Zhao frame=9 head=4.96 body=5.49 headRot=358.0677 bodyRot=7.423545 
(Filename: E:\unity\Runtime/Export/Debug/Debug.bindings.h Line: 39)

HEADER LIVE Fan frame=12 head=-58.07143 body=-21.36847 headRot=287.3776 bodyRot=318.7602 
(Filename: E:\unity\Runtime/Export/Debug/Debug.bindings.h Line: 39)

HEADER LIVE Zhao frame=12 head=4.96 body=5.49 headRot=7.150539 bodyRot=8.346209 
(Filename: E:\unity\Runtime/Export/Debug/Debug.bindings.h Line: 39)

HEADER LIVE Fan frame=15 head=-39.89116 body=-14.2031 headRot=290.9916 bodyRot=315.856 
(Filename: E:\unity\Runtime/Export/Debug/Debug.bindings.h Line: 39)

HEADER LIVE Zhao frame=15 head=4.96 body=5.49 headRot=8.131025 bodyRot=8.650518 
(Filename: E:\unity\Runtime/Export/Debug/Debug.bindings.h Line: 39)

HEADER LIVE Fan frame=18 head=-21.79151 body=-7.069508 headRot=326.4844 bodyRot=309.601 
(Filename: E:\unity\Runtime/Export/Debug/Debug.bindings.h Line: 39)

HEADER LIVE Zhao frame=18 head=4.96 body=5.49 headRot=6.310031 bodyRot=7.875673 
(Filename: E:\unity\Runtime/Export/Debug/Debug.bindings.h Line: 39)

HEADER LIVE Fan frame=21 head=-7.108269 body=-1.282413 headRot=345.1617 bodyRot=313.2408 
(Filename: E:\unity\Runtime/Export/Debug/Debug.bindings.h Line: 39)

HEADER LIVE Zhao frame=21 head=4.96 body=5.49 headRot=4.778265 bodyRot=7.107107 
(Filename: E:\unity\Runtime/Export/Debug/Debug.bindings.h Line: 39)

CONTROLS PASS human key executes Zhao header animation skills=True remapped=True 
(Filename: E:\unity\Runtime/Export/Debug/Debug.bindings.h Line: 39)

CONTROLS PASS header preserves actual head-ball collision skills=True remapped=True 
(Filename: E:\unity\Runtime/Export/Debug/Debug.bindings.h Line: 39)

CONTROLS PASS header retains connected model error=0.03259876 
(Filename: E:\unity\Runtime/Export/Debug/Debug.bindings.h Line: 39)

CONTROLS COMPLETE checks=45 failures=0 
(Filename: E:\unity\Runtime/Export/Debug/Debug.bindings.h Line: 39)

Setting up 12 worker threads for Enlighten.
  Thread -> id: 9bc0 -> priority: 1 
  Thread -> id: 23f4 -> priority: 1 
  Thread -> id: 9778 -> priority: 1 
  Thread -> id: 7b9c -> priority: 1 
  Thread -> id: 51c8 -> priority: 1 
  Thread -> id: 9178 -> priority: 1 
  Thread -> id: 7c0 -> priority: 1 
  Thread -> id: 930c -> priority: 1 
  Thread -> id: 6e44 -> priority: 1 
  Thread -> id: 5ed0 -> priority: 1 
  Thread -> id: 809c -> priority: 1 
  Thread -> id: dd4 -> priority: 1 
