Process is running in low integrity mode...
Mono path[0] = 'C:/Users/Alienware/OneDrive/文档/范志毅VS赵鹏/范志毅VS赵鹏 PC双人版（32位）/鑼冨織姣匳S璧甸箯 PC鍙屼汉鐗堬紙32浣嶏級/AI Mod Source/build/knockback-test-player-win64/FanZhiYi_Data/Managed'
Mono config path = 'C:/Users/Alienware/OneDrive/文档/范志毅VS赵鹏/范志毅VS赵鹏 PC双人版（32位）/鑼冨織姣匳S璧甸箯 PC鍙屼汉鐗堬紙32浣嶏級/AI Mod Source/build/knockback-test-player-win64/MonoBleedingEdge/etc'
AS: AutoStreaming module initializing.Initialize engine version: 2019.4.33f1c1 (c2f94a8bebb3)
[Subsystems] Discovering subsystems at path C:/Users/Alienware/OneDrive/文档/范志毅VS赵鹏/范志毅VS赵鹏 PC双人版（32位）/鑼冨織姣匳S璧甸箯 PC鍙屼汉鐗堬紙32浣嶏級/AI Mod Source/build/knockback-test-player-win64/FanZhiYi_Data/UnitySubsystems
GfxDevice: creating device client; threaded=1
Direct3D:
    Version:  Direct3D 11.0 [level 11.1]
    Renderer: NVIDIA GeForce RTX 5070 Laptop GPU (ID=0x2d58)
    Vendor:   
    VRAM:     7891 MB
Begin MonoManager ReloadAssembly
- Completed reload, in  0.114 seconds
<RI> Initializing input.
<RI> Input initialized.
<RI> Initialized touch support.
UnloadTime: 0.544000 ms
Curl error 7: Failed to connect to 127.0.0.1 port 7897: Bad access
 
(Filename:  Line: 867)

Curl error 7: Failed to connect to 127.0.0.1 port 7897: Bad access
 
(Filename:  Line: 867)

Curl error 7: Failed to connect to 127.0.0.1 port 7897: Bad access
 
(Filename:  Line: 867)

Curl error 7: Failed to connect to 127.0.0.1 port 7897: Bad access
 
(Filename:  Line: 867)

Unloading 5 Unused Serialized files (Serialized files now loaded: 0)
UnloadTime: 0.183900 ms

Unloading 143 unused Assets to reduce memory usage. Loaded Objects now: 1009.
Total: 0.445000 ms (FindLiveObjects: 0.040800 ms CreateObjectMapping: 0.008200 ms MarkObjects: 0.212200 ms  DeleteObjects: 0.183400 ms)

AIMATCH PARAM side=Zhao skills=False scale=1 jump=5.2 gravity=1 head=0.7580314 
(Filename: E:\unity\Runtime/Export/Debug/Debug.bindings.h Line: 39)

Curl error 7: Failed to connect to 127.0.0.1 port 7897: Bad access
 
(Filename:  Line: 867)

AIMATCH PASS real contest recognized Zhao skills=False airborne=False frames=73 
(Filename: E:\unity\Runtime/Export/Debug/Debug.bindings.h Line: 39)

AIMATCH PASS contest uses directions instead of striking Zhao skills=False airborne=False 
(Filename: E:\unity\Runtime/Export/Debug/Debug.bindings.h Line: 39)

AIMATCH PASS direction opposes the human player Zhao skills=False airborne=False 
(Filename: E:\unity\Runtime/Export/Debug/Debug.bindings.h Line: 39)

AIMATCH PASS direction pushing preserves joints Zhao skills=False airborne=False error=0.2135453 
(Filename: E:\unity\Runtime/Export/Debug/Debug.bindings.h Line: 39)

AIMATCH PASS separation releases contest suppression Zhao skills=False airborne=False 
(Filename: E:\unity\Runtime/Export/Debug/Debug.bindings.h Line: 39)

Unloading 4 Unused Serialized files (Serialized files now loaded: 0)
UnloadTime: 0.438200 ms

Unloading 38 unused Assets to reduce memory usage. Loaded Objects now: 1051.
Total: 1.035800 ms (FindLiveObjects: 0.037800 ms CreateObjectMapping: 0.008400 ms MarkObjects: 0.225600 ms  DeleteObjects: 0.763700 ms)

AIMATCH PARAM side=Zhao skills=False scale=1 jump=5.2 gravity=1 head=0.7580314 
(Filename: E:\unity\Runtime/Export/Debug/Debug.bindings.h Line: 39)

AIMATCH PASS real contest recognized Zhao skills=False airborne=True frames=26 
(Filename: E:\unity\Runtime/Export/Debug/Debug.bindings.h Line: 39)

AIMATCH PASS contest uses directions instead of striking Zhao skills=False airborne=True 
(Filename: E:\unity\Runtime/Export/Debug/Debug.bindings.h Line: 39)

AIMATCH PASS direction opposes the human player Zhao skills=False airborne=True 
(Filename: E:\unity\Runtime/Export/Debug/Debug.bindings.h Line: 39)

AIMATCH PASS direction pushing preserves joints Zhao skills=False airborne=True error=0.1616535 
(Filename: E:\unity\Runtime/Export/Debug/Debug.bindings.h Line: 39)

AIMATCH PASS separation releases contest suppression Zhao skills=False airborne=True 
(Filename: E:\unity\Runtime/Export/Debug/Debug.bindings.h Line: 39)

Unloading 4 Unused Serialized files (Serialized files now loaded: 0)
UnloadTime: 0.295700 ms

Unloading 3 unused Assets to reduce memory usage. Loaded Objects now: 1051.
Total: 1.022900 ms (FindLiveObjects: 0.053800 ms CreateObjectMapping: 0.014300 ms MarkObjects: 0.168100 ms  DeleteObjects: 0.786500 ms)

AIMATCH PARAM side=Zhao skills=False scale=1 jump=5.2 gravity=1 head=0.7555736 
(Filename: E:\unity\Runtime/Export/Debug/Debug.bindings.h Line: 39)

AIMATCH PASS normal free ball shooting remains available Zhao skills=False 
(Filename: E:\unity\Runtime/Export/Debug/Debug.bindings.h Line: 39)

AIMATCH PASS unreachable rising ball avoids premature actions Zhao skills=False 
(Filename: E:\unity\Runtime/Export/Debug/Debug.bindings.h Line: 39)

AIMATCH PASS moving high ball leads future descent Zhao 
(Filename: E:\unity\Runtime/Export/Debug/Debug.bindings.h Line: 39)

AIMATCH PASS reachable descending ball schedules jump Zhao skills=False 
(Filename: E:\unity\Runtime/Export/Debug/Debug.bindings.h Line: 39)

AIMATCH PASS fast overhead pass avoids futile jump Zhao 
(Filename: E:\unity\Runtime/Export/Debug/Debug.bindings.h Line: 39)

AIMATCH PASS serve advances without retreat or meaningless jump Zhao 
(Filename: E:\unity\Runtime/Export/Debug/Debug.bindings.h Line: 39)

AIMATCH PASS paused AI has no commands Zhao 
(Filename: E:\unity\Runtime/Export/Debug/Debug.bindings.h Line: 39)

Unloading 4 Unused Serialized files (Serialized files now loaded: 0)
UnloadTime: 0.271800 ms

Unloading 2 unused Assets to reduce memory usage. Loaded Objects now: 1051.
Total: 1.372500 ms (FindLiveObjects: 0.054000 ms CreateObjectMapping: 0.013900 ms MarkObjects: 0.260400 ms  DeleteObjects: 1.043700 ms)

AIMATCH PARAM side=Zhao skills=False scale=1 jump=5.2 gravity=1 head=0.754433 
(Filename: E:\unity\Runtime/Export/Debug/Debug.bindings.h Line: 39)

AIMATCH PASS live lob plans reachable contact Zhao skills=False jump=True 
(Filename: E:\unity\Runtime/Export/Debug/Debug.bindings.h Line: 39)

AIMATCH PASS live lob intercepted by native collision or existing head skill Zhao skills=False collision=True header=False 
(Filename: E:\unity\Runtime/Export/Debug/Debug.bindings.h Line: 39)

AIMATCH PASS lob interception preserves skeleton Zhao error=0.1185345 
(Filename: E:\unity\Runtime/Export/Debug/Debug.bindings.h Line: 39)

Unloading 4 Unused Serialized files (Serialized files now loaded: 0)
UnloadTime: 0.267800 ms

Unloading 3 unused Assets to reduce memory usage. Loaded Objects now: 1056.
Total: 1.235900 ms (FindLiveObjects: 0.032100 ms CreateObjectMapping: 0.006700 ms MarkObjects: 0.224200 ms  DeleteObjects: 0.972600 ms)

AIMATCH PARAM side=Fan skills=False scale=1 jump=5.2 gravity=1 head=0.7563955 
(Filename: E:\unity\Runtime/Export/Debug/Debug.bindings.h Line: 39)

AIMATCH PASS real contest recognized Fan skills=False airborne=False frames=51 
(Filename: E:\unity\Runtime/Export/Debug/Debug.bindings.h Line: 39)

AIMATCH PASS contest uses directions instead of striking Fan skills=False airborne=False 
(Filename: E:\unity\Runtime/Export/Debug/Debug.bindings.h Line: 39)

AIMATCH PASS direction opposes the human player Fan skills=False airborne=False 
(Filename: E:\unity\Runtime/Export/Debug/Debug.bindings.h Line: 39)

AIMATCH PASS direction pushing preserves joints Fan skills=False airborne=False error=0.1478047 
(Filename: E:\unity\Runtime/Export/Debug/Debug.bindings.h Line: 39)

AIMATCH PASS separation releases contest suppression Fan skills=False airborne=False 
(Filename: E:\unity\Runtime/Export/Debug/Debug.bindings.h Line: 39)

Unloading 4 Unused Serialized files (Serialized files now loaded: 0)
UnloadTime: 0.376900 ms

Unloading 3 unused Assets to reduce memory usage. Loaded Objects now: 1052.
Total: 1.042200 ms (FindLiveObjects: 0.039000 ms CreateObjectMapping: 0.009800 ms MarkObjects: 0.195600 ms  DeleteObjects: 0.797400 ms)

AIMATCH PARAM side=Fan skills=False scale=1 jump=5.2 gravity=1 head=0.7556137 
(Filename: E:\unity\Runtime/Export/Debug/Debug.bindings.h Line: 39)

AIMATCH PASS real contest recognized Fan skills=False airborne=True frames=11 
(Filename: E:\unity\Runtime/Export/Debug/Debug.bindings.h Line: 39)

AIMATCH PASS contest uses directions instead of striking Fan skills=False airborne=True 
(Filename: E:\unity\Runtime/Export/Debug/Debug.bindings.h Line: 39)

AIMATCH PASS direction opposes the human player Fan skills=False airborne=True 
(Filename: E:\unity\Runtime/Export/Debug/Debug.bindings.h Line: 39)

AIMATCH PASS direction pushing preserves joints Fan skills=False airborne=True error=0.06257597 
(Filename: E:\unity\Runtime/Export/Debug/Debug.bindings.h Line: 39)

AIMATCH PASS separation releases contest suppression Fan skills=False airborne=True 
(Filename: E:\unity\Runtime/Export/Debug/Debug.bindings.h Line: 39)

Unloading 4 Unused Serialized files (Serialized files now loaded: 0)
UnloadTime: 0.310900 ms

Unloading 3 unused Assets to reduce memory usage. Loaded Objects now: 1052.
Total: 1.002900 ms (FindLiveObjects: 0.068600 ms CreateObjectMapping: 0.014300 ms MarkObjects: 0.179800 ms  DeleteObjects: 0.739800 ms)

AIMATCH PARAM side=Fan skills=False scale=1 jump=5.2 gravity=1 head=0.7556137 
(Filename: E:\unity\Runtime/Export/Debug/Debug.bindings.h Line: 39)

AIMATCH PASS normal free ball shooting remains available Fan skills=False 
(Filename: E:\unity\Runtime/Export/Debug/Debug.bindings.h Line: 39)

AIMATCH PASS unreachable rising ball avoids premature actions Fan skills=False 
(Filename: E:\unity\Runtime/Export/Debug/Debug.bindings.h Line: 39)

AIMATCH PASS moving high ball leads future descent Fan 
(Filename: E:\unity\Runtime/Export/Debug/Debug.bindings.h Line: 39)

AIMATCH PASS reachable descending ball schedules jump Fan skills=False 
(Filename: E:\unity\Runtime/Export/Debug/Debug.bindings.h Line: 39)

AIMATCH PASS fast overhead pass avoids futile jump Fan 
(Filename: E:\unity\Runtime/Export/Debug/Debug.bindings.h Line: 39)

AIMATCH PASS serve advances without retreat or meaningless jump Fan 
(Filename: E:\unity\Runtime/Export/Debug/Debug.bindings.h Line: 39)

AIMATCH PASS paused AI has no commands Fan 
(Filename: E:\unity\Runtime/Export/Debug/Debug.bindings.h Line: 39)

Unloading 4 Unused Serialized files (Serialized files now loaded: 0)
UnloadTime: 0.281800 ms

Unloading 2 unused Assets to reduce memory usage. Loaded Objects now: 1052.
Total: 1.080700 ms (FindLiveObjects: 0.058100 ms CreateObjectMapping: 0.014700 ms MarkObjects: 0.218700 ms  DeleteObjects: 0.788800 ms)

AIMATCH PARAM side=Fan skills=False scale=1 jump=5.2 gravity=1 head=0.7563955 
(Filename: E:\unity\Runtime/Export/Debug/Debug.bindings.h Line: 39)

AIMATCH PASS live lob plans reachable contact Fan skills=False jump=False 
(Filename: E:\unity\Runtime/Export/Debug/Debug.bindings.h Line: 39)

AIMATCH PASS live lob intercepted by native collision or existing head skill Fan skills=False collision=True header=False 
(Filename: E:\unity\Runtime/Export/Debug/Debug.bindings.h Line: 39)

AIMATCH PASS lob interception preserves skeleton Fan error=0.07206392 
(Filename: E:\unity\Runtime/Export/Debug/Debug.bindings.h Line: 39)

Unloading 4 Unused Serialized files (Serialized files now loaded: 0)
UnloadTime: 0.302600 ms

Unloading 4 unused Assets to reduce memory usage. Loaded Objects now: 1052.
Total: 1.042100 ms (FindLiveObjects: 0.052800 ms CreateObjectMapping: 0.014800 ms MarkObjects: 0.158700 ms  DeleteObjects: 0.815600 ms)

AIMATCH PARAM side=Zhao skills=True scale=1 jump=6.119894 gravity=1 head=0.7580314 
(Filename: E:\unity\Runtime/Export/Debug/Debug.bindings.h Line: 39)

AIMATCH PASS real contest recognized Zhao skills=True airborne=False frames=73 
(Filename: E:\unity\Runtime/Export/Debug/Debug.bindings.h Line: 39)

AIMATCH PASS contest uses directions instead of striking Zhao skills=True airborne=False 
(Filename: E:\unity\Runtime/Export/Debug/Debug.bindings.h Line: 39)

AIMATCH PASS direction opposes the human player Zhao skills=True airborne=False 
(Filename: E:\unity\Runtime/Export/Debug/Debug.bindings.h Line: 39)

AIMATCH PASS direction pushing preserves joints Zhao skills=True airborne=False error=0.1487042 
(Filename: E:\unity\Runtime/Export/Debug/Debug.bindings.h Line: 39)

AIMATCH PASS separation releases contest suppression Zhao skills=True airborne=False 
(Filename: E:\unity\Runtime/Export/Debug/Debug.bindings.h Line: 39)

Unloading 4 Unused Serialized files (Serialized files now loaded: 0)
UnloadTime: 0.988800 ms

Unloading 3 unused Assets to reduce memory usage. Loaded Objects now: 1058.
Total: 1.213000 ms (FindLiveObjects: 0.045300 ms CreateObjectMapping: 0.008400 ms MarkObjects: 0.302700 ms  DeleteObjects: 0.855900 ms)

AIMATCH PARAM side=Zhao skills=True scale=1 jump=6.119894 gravity=1 head=0.7580314 
(Filename: E:\unity\Runtime/Export/Debug/Debug.bindings.h Line: 39)

AIMATCH PASS real contest recognized Zhao skills=True airborne=True frames=11 
(Filename: E:\unity\Runtime/Export/Debug/Debug.bindings.h Line: 39)

AIMATCH PASS contest uses directions instead of striking Zhao skills=True airborne=True 
(Filename: E:\unity\Runtime/Export/Debug/Debug.bindings.h Line: 39)

AIMATCH PASS direction opposes the human player Zhao skills=True airborne=True 
(Filename: E:\unity\Runtime/Export/Debug/Debug.bindings.h Line: 39)

AIMATCH PASS direction pushing preserves joints Zhao skills=True airborne=True error=0.1460789 
(Filename: E:\unity\Runtime/Export/Debug/Debug.bindings.h Line: 39)

AIMATCH PASS separation releases contest suppression Zhao skills=True airborne=True 
(Filename: E:\unity\Runtime/Export/Debug/Debug.bindings.h Line: 39)

Unloading 4 Unused Serialized files (Serialized files now loaded: 0)
UnloadTime: 0.314800 ms

Unloading 3 unused Assets to reduce memory usage. Loaded Objects now: 1058.
Total: 1.115400 ms (FindLiveObjects: 0.055800 ms CreateObjectMapping: 0.014000 ms MarkObjects: 0.196800 ms  DeleteObjects: 0.848100 ms)

AIMATCH PARAM side=Zhao skills=True scale=1 jump=6.119894 gravity=1 head=0.7555736 
(Filename: E:\unity\Runtime/Export/Debug/Debug.bindings.h Line: 39)

AIMATCH PASS normal free ball shooting remains available Zhao skills=True 
(Filename: E:\unity\Runtime/Export/Debug/Debug.bindings.h Line: 39)

AIMATCH PASS unreachable rising ball avoids premature actions Zhao skills=True 
(Filename: E:\unity\Runtime/Export/Debug/Debug.bindings.h Line: 39)

AIMATCH PASS moving high ball leads future descent Zhao 
(Filename: E:\unity\Runtime/Export/Debug/Debug.bindings.h Line: 39)

AIMATCH PASS reachable descending ball schedules jump Zhao skills=True 
(Filename: E:\unity\Runtime/Export/Debug/Debug.bindings.h Line: 39)

AIMATCH PASS fast overhead pass avoids futile jump Zhao 
(Filename: E:\unity\Runtime/Export/Debug/Debug.bindings.h Line: 39)

AIMATCH PASS serve advances without retreat or meaningless jump Zhao 
(Filename: E:\unity\Runtime/Export/Debug/Debug.bindings.h Line: 39)

AIMATCH PASS paused AI has no commands Zhao 
(Filename: E:\unity\Runtime/Export/Debug/Debug.bindings.h Line: 39)

Unloading 4 Unused Serialized files (Serialized files now loaded: 0)
UnloadTime: 0.281200 ms

Unloading 2 unused Assets to reduce memory usage. Loaded Objects now: 1058.
Total: 1.041700 ms (FindLiveObjects: 0.033300 ms CreateObjectMapping: 0.007000 ms MarkObjects: 0.201700 ms  DeleteObjects: 0.799700 ms)

AIMATCH PARAM side=Zhao skills=True scale=1 jump=6.119894 gravity=1 head=0.754433 
(Filename: E:\unity\Runtime/Export/Debug/Debug.bindings.h Line: 39)

AIMATCH PASS live lob plans reachable contact Zhao skills=True jump=True 
(Filename: E:\unity\Runtime/Export/Debug/Debug.bindings.h Line: 39)

AIMATCH PASS live lob intercepted by native collision or existing head skill Zhao skills=True collision=True header=False 
(Filename: E:\unity\Runtime/Export/Debug/Debug.bindings.h Line: 39)

AIMATCH PASS lob interception preserves skeleton Zhao error=0.0488454 
(Filename: E:\unity\Runtime/Export/Debug/Debug.bindings.h Line: 39)

Unloading 4 Unused Serialized files (Serialized files now loaded: 0)
UnloadTime: 0.288600 ms

Unloading 3 unused Assets to reduce memory usage. Loaded Objects now: 1062.
Total: 1.084100 ms (FindLiveObjects: 0.055500 ms CreateObjectMapping: 0.014200 ms MarkObjects: 0.192200 ms  DeleteObjects: 0.821700 ms)

AIMATCH PARAM side=Fan skills=True scale=1 jump=5.2 gravity=1 head=0.7563955 
(Filename: E:\unity\Runtime/Export/Debug/Debug.bindings.h Line: 39)

AIMATCH PASS real contest recognized Fan skills=True airborne=False frames=55 
(Filename: E:\unity\Runtime/Export/Debug/Debug.bindings.h Line: 39)

AIMATCH PASS contest uses directions instead of striking Fan skills=True airborne=False 
(Filename: E:\unity\Runtime/Export/Debug/Debug.bindings.h Line: 39)

AIMATCH PASS direction opposes the human player Fan skills=True airborne=False 
(Filename: E:\unity\Runtime/Export/Debug/Debug.bindings.h Line: 39)

AIMATCH PASS direction pushing preserves joints Fan skills=True airborne=False error=0.1454926 
(Filename: E:\unity\Runtime/Export/Debug/Debug.bindings.h Line: 39)

AIMATCH PASS separation releases contest suppression Fan skills=True airborne=False 
(Filename: E:\unity\Runtime/Export/Debug/Debug.bindings.h Line: 39)

Unloading 4 Unused Serialized files (Serialized files now loaded: 0)
UnloadTime: 0.325000 ms

Unloading 3 unused Assets to reduce memory usage. Loaded Objects now: 1058.
Total: 1.163100 ms (FindLiveObjects: 0.073500 ms CreateObjectMapping: 0.012500 ms MarkObjects: 0.320500 ms  DeleteObjects: 0.756300 ms)

AIMATCH PARAM side=Fan skills=True scale=1 jump=5.2 gravity=1 head=0.7563955 
(Filename: E:\unity\Runtime/Export/Debug/Debug.bindings.h Line: 39)

AIMATCH PASS real contest recognized Fan skills=True airborne=True frames=37 
(Filename: E:\unity\Runtime/Export/Debug/Debug.bindings.h Line: 39)

AIMATCH PASS contest uses directions instead of striking Fan skills=True airborne=True 
(Filename: E:\unity\Runtime/Export/Debug/Debug.bindings.h Line: 39)

AIMATCH PASS direction opposes the human player Fan skills=True airborne=True 
(Filename: E:\unity\Runtime/Export/Debug/Debug.bindings.h Line: 39)

AIMATCH PASS direction pushing preserves joints Fan skills=True airborne=True error=0.1681249 
(Filename: E:\unity\Runtime/Export/Debug/Debug.bindings.h Line: 39)

AIMATCH PASS separation releases contest suppression Fan skills=True airborne=True 
(Filename: E:\unity\Runtime/Export/Debug/Debug.bindings.h Line: 39)

Unloading 4 Unused Serialized files (Serialized files now loaded: 0)
UnloadTime: 0.323500 ms

Unloading 3 unused Assets to reduce memory usage. Loaded Objects now: 1058.
Total: 1.136300 ms (FindLiveObjects: 0.040700 ms CreateObjectMapping: 0.007800 ms MarkObjects: 0.241700 ms  DeleteObjects: 0.845800 ms)

AIMATCH PARAM side=Fan skills=True scale=1 jump=5.2 gravity=1 head=0.7563955 
(Filename: E:\unity\Runtime/Export/Debug/Debug.bindings.h Line: 39)

AIMATCH PASS normal free ball shooting remains available Fan skills=True 
(Filename: E:\unity\Runtime/Export/Debug/Debug.bindings.h Line: 39)

AIMATCH PASS unreachable rising ball avoids premature actions Fan skills=True 
(Filename: E:\unity\Runtime/Export/Debug/Debug.bindings.h Line: 39)

AIMATCH PASS moving high ball leads future descent Fan 
(Filename: E:\unity\Runtime/Export/Debug/Debug.bindings.h Line: 39)

AIMATCH PASS reachable descending ball schedules jump Fan skills=True 
(Filename: E:\unity\Runtime/Export/Debug/Debug.bindings.h Line: 39)

AIMATCH PASS fast overhead pass avoids futile jump Fan 
(Filename: E:\unity\Runtime/Export/Debug/Debug.bindings.h Line: 39)

AIMATCH PASS serve advances without retreat or meaningless jump Fan 
(Filename: E:\unity\Runtime/Export/Debug/Debug.bindings.h Line: 39)

AIMATCH PASS paused AI has no commands Fan 
(Filename: E:\unity\Runtime/Export/Debug/Debug.bindings.h Line: 39)

Unloading 4 Unused Serialized files (Serialized files now loaded: 0)
UnloadTime: 0.275100 ms

Unloading 2 unused Assets to reduce memory usage. Loaded Objects now: 1058.
Total: 1.131600 ms (FindLiveObjects: 0.033000 ms CreateObjectMapping: 0.008800 ms MarkObjects: 0.237400 ms  DeleteObjects: 0.852100 ms)

AIMATCH PARAM side=Fan skills=True scale=1 jump=5.2 gravity=1 head=0.7563955 
(Filename: E:\unity\Runtime/Export/Debug/Debug.bindings.h Line: 39)

AIMATCH LOB step=0 ball=(-2.5, 3.0) velocity=(3.2, -0.7) player=(-2.0, 0.2) run=(-0.3, 6.0) head=(-1.9, 0.9, 0.3) target=-1.876717 eta=0.3 jump=False heading=False plan=True 
(Filename: E:\unity\Runtime/Export/Debug/Debug.bindings.h Line: 39)

AIMATCH LOB step=8 ball=(-2.0, 2.8) velocity=(3.2, -2.3) player=(-2.0, 0.8) run=(0.8, 3.5) head=(-1.9, 1.5, 0.3) target=-1.884332 eta=0.14 jump=False heading=False plan=True 
(Filename: E:\unity\Runtime/Export/Debug/Debug.bindings.h Line: 39)

AIMATCH LOB step=16 ball=(-1.0, 2.6) velocity=(12.4, 2.1) player=(-1.9, 1.2) run=(0.1, 2.0) head=(-2.0, 1.9, 0.3) target=5.701219 eta=1.6 jump=False heading=False plan=True 
(Filename: E:\unity\Runtime/Export/Debug/Debug.bindings.h Line: 39)

AIMATCH LOB step=24 ball=(1.0, 2.8) velocity=(12.4, 0.5) player=(-1.9, 1.4) run=(0.3, 0.2) head=(-1.5, 2.0, 0.3) target=5.60588 eta=1.6 jump=False heading=False plan=True 
(Filename: E:\unity\Runtime/Export/Debug/Debug.bindings.h Line: 39)

AIMATCH LOB step=32 ball=(3.0, 2.8) velocity=(12.4, -1.1) player=(-1.6, 1.3) run=(1.2, -1.5) head=(-1.1, 1.8, 0.3) target=5.259961 eta=1.6 jump=False heading=False plan=True 
(Filename: E:\unity\Runtime/Export/Debug/Debug.bindings.h Line: 39)

Curl error 7: Failed to connect to 127.0.0.1 port 7897: Bad access
 
(Filename:  Line: 867)

AIMATCH LOB step=40 ball=(5.0, 2.5) velocity=(12.4, -2.6) player=(-1.4, 1.0) run=(1.8, -2.8) head=(-1.4, 1.7, 0.3) target=5.701219 eta=1.6 jump=False heading=False plan=True 
(Filename: E:\unity\Runtime/Export/Debug/Debug.bindings.h Line: 39)

AIMATCH LOB step=48 ball=(5.9, 1.5) velocity=(-0.6, -9.7) player=(-1.1, 0.3) run=(2.6, -4.4) head=(-1.2, 1.0, 0.3) target=5.701219 eta=1.6 jump=False heading=False plan=True 
(Filename: E:\unity\Runtime/Export/Debug/Debug.bindings.h Line: 39)

AIMATCH LOB step=56 ball=(5.8, -0.2) velocity=(-0.6, -11.3) player=(-0.7, -0.3) run=(3.8, -2.4) head=(-0.7, 0.4, 0.3) target=5.701219 eta=1.6 jump=False heading=False plan=False 
(Filename: E:\unity\Runtime/Export/Debug/Debug.bindings.h Line: 39)

AIMATCH LOB step=64 ball=(5.6, -1.1) velocity=(-2.7, 9.6) player=(0.1, -0.2) run=(5.0, 2.3) head=(0.3, 0.4, 0.3) target=5.701219 eta=1.6 jump=False heading=False plan=False 
(Filename: E:\unity\Runtime/Export/Debug/Debug.bindings.h Line: 39)

AIMATCH LOB step=72 ball=(5.8, -0.2) velocity=(3.3, 3.3) player=(0.9, 0.1) run=(5.4, 1.1) head=(1.1, 0.7, 0.3) target=5.701219 eta=1.6 jump=False heading=False plan=False 
(Filename: E:\unity\Runtime/Export/Debug/Debug.bindings.h Line: 39)

AIMATCH LOB step=80 ball=(6.4, 0.2) velocity=(3.3, 1.7) player=(1.8, 0.1) run=(6.5, 0.3) head=(1.9, 0.8, 0.3) target=5.701219 eta=1.6 jump=False heading=False plan=False 
(Filename: E:\unity\Runtime/Export/Debug/Debug.bindings.h Line: 39)

AIMATCH LOB step=88 ball=(6.9, 0.3) velocity=(3.3, 0.1) player=(2.9, 0.0) run=(6.9, -1.5) head=(2.9, 0.7, 0.3) target=5.701219 eta=1.6 jump=False heading=False plan=False 
(Filename: E:\unity\Runtime/Export/Debug/Debug.bindings.h Line: 39)

AIMATCH LOB step=96 ball=(7.4, 0.2) velocity=(3.3, -1.4) player=(4.0, -0.1) run=(6.4, 0.4) head=(4.1, 0.6, 0.3) target=5.701219 eta=1.6 jump=False heading=False plan=False 
(Filename: E:\unity\Runtime/Export/Debug/Debug.bindings.h Line: 39)

AIMATCH PASS live lob plans reachable contact Fan skills=True jump=False 
(Filename: E:\unity\Runtime/Export/Debug/Debug.bindings.h Line: 39)

AIMATCH PASS live lob intercepted by native collision or existing head skill Fan skills=True collision=False header=True 
(Filename: E:\unity\Runtime/Export/Debug/Debug.bindings.h Line: 39)

AIMATCH PASS lob interception preserves skeleton Fan error=0.1069612 
(Filename: E:\unity\Runtime/Export/Debug/Debug.bindings.h Line: 39)

AIMATCH COMPLETE checks=80 lobTouches=4 failures=0 
(Filename: E:\unity\Runtime/Export/Debug/Debug.bindings.h Line: 39)

Setting up 12 worker threads for Enlighten.
  Thread -> id: 7668 -> priority: 1 
  Thread -> id: 92f4 -> priority: 1 
  Thread -> id: a78c -> priority: 1 
  Thread -> id: 43b0 -> priority: 1 
  Thread -> id: 3854 -> priority: 1 
  Thread -> id: 7d58 -> priority: 1 
  Thread -> id: 409c -> priority: 1 
  Thread -> id: 755c -> priority: 1 
  Thread -> id: a52c -> priority: 1 
  Thread -> id: 37c8 -> priority: 1 
  Thread -> id: 8068 -> priority: 1 
  Thread -> id: 7ddc -> priority: 1 
