Process is running in low integrity mode...
Mono path[0] = 'C:/Users/Alienware/OneDrive/文档/范志毅VS赵鹏/范志毅VS赵鹏 PC双人版（32位）/鑼冨織姣匳S璧甸箯 PC鍙屼汉鐗堬紙32浣嶏級/AI Mod Source/build/knockback-test-player-win64/FanZhiYi_Data/Managed'
Mono config path = 'C:/Users/Alienware/OneDrive/文档/范志毅VS赵鹏/范志毅VS赵鹏 PC双人版（32位）/鑼冨織姣匳S璧甸箯 PC鍙屼汉鐗堬紙32浣嶏級/AI Mod Source/build/knockback-test-player-win64/MonoBleedingEdge/etc'
AS: AutoStreaming module initializing.Initialize engine version: 2019.4.33f1c1 (c2f94a8bebb3)
[Subsystems] Discovering subsystems at path C:/Users/Alienware/OneDrive/文档/范志毅VS赵鹏/范志毅VS赵鹏 PC双人版（32位）/鑼冨織姣匳S璧甸箯 PC鍙屼汉鐗堬紙32浣嶏級/AI Mod Source/build/knockback-test-player-win64/FanZhiYi_Data/UnitySubsystems
GfxDevice: creating device client; threaded=1
Direct3D:
    Version:  Direct3D 11.0 [level 11.1]
    Renderer: NVIDIA GeForce RTX 5070 Laptop GPU (ID=0x2d58)
    Vendor:   
    VRAM:     7891 MB
Begin MonoManager ReloadAssembly
- Completed reload, in  0.111 seconds
<RI> Initializing input.
<RI> Input initialized.
<RI> Initialized touch support.
UnloadTime: 0.587800 ms
Curl error 7: Failed to connect to 127.0.0.1 port 7897: Bad access
 
(Filename:  Line: 867)

Curl error 7: Failed to connect to 127.0.0.1 port 7897: Bad access
 
(Filename:  Line: 867)

Curl error 7: Failed to connect to 127.0.0.1 port 7897: Bad access
 
(Filename:  Line: 867)

Curl error 7: Failed to connect to 127.0.0.1 port 7897: Bad access
 
(Filename:  Line: 867)

Unloading 5 Unused Serialized files (Serialized files now loaded: 0)
UnloadTime: 0.172700 ms

Unloading 143 unused Assets to reduce memory usage. Loaded Objects now: 1009.
Total: 0.583500 ms (FindLiveObjects: 0.037800 ms CreateObjectMapping: 0.010500 ms MarkObjects: 0.259900 ms  DeleteObjects: 0.274800 ms)

CONTEST PASS idle ball control causes no remote shove 
(Filename: E:\unity\Runtime/Export/Debug/Debug.bindings.h Line: 39)

CONTEST PASS single-player ball touch cannot stagger distant opponent 
(Filename: E:\unity\Runtime/Export/Debug/Debug.bindings.h Line: 39)

Unloading 4 Unused Serialized files (Serialized files now loaded: 0)
UnloadTime: 0.805200 ms

Unloading 37 unused Assets to reduce memory usage. Loaded Objects now: 1057.
Total: 1.190000 ms (FindLiveObjects: 0.035400 ms CreateObjectMapping: 0.006900 ms MarkObjects: 0.257400 ms  DeleteObjects: 0.889800 ms)

Curl error 7: Failed to connect to 127.0.0.1 port 7897: Bad access
 
(Filename:  Line: 867)

CONTEST PASS classic contest uses only ordinary physics 
(Filename: E:\unity\Runtime/Export/Debug/Debug.bindings.h Line: 39)

Unloading 4 Unused Serialized files (Serialized files now loaded: 0)
UnloadTime: 0.262100 ms

Unloading 3 unused Assets to reduce memory usage. Loaded Objects now: 1057.
Total: 1.052800 ms (FindLiveObjects: 0.053700 ms CreateObjectMapping: 0.014100 ms MarkObjects: 0.156300 ms  DeleteObjects: 0.828400 ms)

CONTEST PASS reset clears cached shared contact/pressure 
(Filename: E:\unity\Runtime/Export/Debug/Debug.bindings.h Line: 39)

CONTEST PASS pause disables contest benefit 
(Filename: E:\unity\Runtime/Export/Debug/Debug.bindings.h Line: 39)

CONTEST PASS aerial tackle strength/duration unchanged 
(Filename: E:\unity\Runtime/Export/Debug/Debug.bindings.h Line: 39)

CONTEST PASS ground direct linear +40%, tipping +35% 
(Filename: E:\unity\Runtime/Export/Debug/Debug.bindings.h Line: 39)

Unloading 4 Unused Serialized files (Serialized files now loaded: 0)
UnloadTime: 0.281700 ms

Unloading 2 unused Assets to reduce memory usage. Loaded Objects now: 1057.
Total: 1.061300 ms (FindLiveObjects: 0.032700 ms CreateObjectMapping: 0.007100 ms MarkObjects: 0.163600 ms  DeleteObjects: 0.857800 ms)

CONTEST HIT bridge=True air=False gap=1.073115 shared=True upperTouch=False 
(Filename: E:\unity\Runtime/Export/Debug/Debug.bindings.h Line: 39)

CONTEST PASS through-ball pushes Fan two body widths actual=2.003294 
(Filename: E:\unity\Runtime/Export/Debug/Debug.bindings.h Line: 39)

CONTEST RUN sustained=False bridge=1 direct=0 force=1305 tilt=33.05725,11.78952 error=0.06159539 recovery=0.6799998 interval=100 
(Filename: E:\unity\Runtime/Export/Debug/Debug.bindings.h Line: 39)

CONTEST PASS ground contest triggers through a football sustained=False 
(Filename: E:\unity\Runtime/Export/Debug/Debug.bindings.h Line: 39)

CONTEST PASS both feet and pitch really touch same ball at trigger 
(Filename: E:\unity\Runtime/Export/Debug/Debug.bindings.h Line: 39)

CONTEST PASS bridge tackle works without upper-body contact 
(Filename: E:\unity\Runtime/Export/Debug/Debug.bindings.h Line: 39)

CONTEST PASS Fan visibly loses balance briefly tilt=33.05725 
(Filename: E:\unity\Runtime/Export/Debug/Debug.bindings.h Line: 39)

CONTEST PASS impact never folds or disconnects either rig 
(Filename: E:\unity\Runtime/Export/Debug/Debug.bindings.h Line: 39)

CONTEST PASS Zhao can brace during ground pushing 
(Filename: E:\unity\Runtime/Export/Debug/Debug.bindings.h Line: 39)

CONTEST PASS magnetic foot preserves strong real pushing force=1305 
(Filename: E:\unity\Runtime/Export/Debug/Debug.bindings.h Line: 39)

CONTEST PASS Fan recovers quickly after one hit=0.6799998 
(Filename: E:\unity\Runtime/Export/Debug/Debug.bindings.h Line: 39)

CONTEST PASS temporary ground brace mass restored 
(Filename: E:\unity\Runtime/Export/Debug/Debug.bindings.h Line: 39)

Unloading 4 Unused Serialized files (Serialized files now loaded: 0)
UnloadTime: 0.286600 ms

Unloading 3 unused Assets to reduce memory usage. Loaded Objects now: 1057.
Total: 1.186300 ms (FindLiveObjects: 0.061500 ms CreateObjectMapping: 0.013500 ms MarkObjects: 0.285900 ms  DeleteObjects: 0.825000 ms)

CONTEST HIT bridge=True air=False gap=1.102569 shared=True upperTouch=False 
(Filename: E:\unity\Runtime/Export/Debug/Debug.bindings.h Line: 39)

CONTEST HIT bridge=False air=False gap=0.9324728 shared=True upperTouch=True 
(Filename: E:\unity\Runtime/Export/Debug/Debug.bindings.h Line: 39)

CONTEST HIT bridge=False air=False gap=1.003117 shared=True upperTouch=True 
(Filename: E:\unity\Runtime/Export/Debug/Debug.bindings.h Line: 39)

CONTEST RUN sustained=True bridge=1 direct=2 force=1305 tilt=41.3064,15.57697 error=0.1106582 recovery=0.5200005 interval=1.06 
(Filename: E:\unity\Runtime/Export/Debug/Debug.bindings.h Line: 39)

CONTEST PASS ground contest triggers through a football sustained=True 
(Filename: E:\unity\Runtime/Export/Debug/Debug.bindings.h Line: 39)

CONTEST PASS both feet and pitch really touch same ball at trigger 
(Filename: E:\unity\Runtime/Export/Debug/Debug.bindings.h Line: 39)

CONTEST PASS bridge tackle works without upper-body contact 
(Filename: E:\unity\Runtime/Export/Debug/Debug.bindings.h Line: 39)

CONTEST PASS Fan visibly loses balance briefly tilt=41.3064 
(Filename: E:\unity\Runtime/Export/Debug/Debug.bindings.h Line: 39)

CONTEST PASS impact never folds or disconnects either rig 
(Filename: E:\unity\Runtime/Export/Debug/Debug.bindings.h Line: 39)

CONTEST PASS Zhao can brace during ground pushing 
(Filename: E:\unity\Runtime/Export/Debug/Debug.bindings.h Line: 39)

CONTEST PASS magnetic foot preserves strong real pushing force=1305 
(Filename: E:\unity\Runtime/Export/Debug/Debug.bindings.h Line: 39)

CONTEST PASS shared cooldown prevents continuous stun 
(Filename: E:\unity\Runtime/Export/Debug/Debug.bindings.h Line: 39)

Unloading 4 Unused Serialized files (Serialized files now loaded: 0)
UnloadTime: 0.315800 ms

Unloading 3 unused Assets to reduce memory usage. Loaded Objects now: 1057.
Total: 1.128300 ms (FindLiveObjects: 0.055000 ms CreateObjectMapping: 0.007500 ms MarkObjects: 0.231400 ms  DeleteObjects: 0.834000 ms)

CONTEST HIT bridge=False air=False gap=0.9158176 shared=False upperTouch=True 
(Filename: E:\unity\Runtime/Export/Debug/Debug.bindings.h Line: 39)

CONTEST PASS real direct-body tackle air=False 
(Filename: E:\unity\Runtime/Export/Debug/Debug.bindings.h Line: 39)

CONTEST PASS direct pushes two body widths air=False actual=2.180217 
(Filename: E:\unity\Runtime/Export/Debug/Debug.bindings.h Line: 39)

CONTEST PASS direct tackle staggers intact rig air=False tilt=24.62192 error=0.09877279 
(Filename: E:\unity\Runtime/Export/Debug/Debug.bindings.h Line: 39)

CONTEST PASS direct balance recovers air=False time=0.4799995 
(Filename: E:\unity\Runtime/Export/Debug/Debug.bindings.h Line: 39)

CONTEST PASS shove finishes air=False 
(Filename: E:\unity\Runtime/Export/Debug/Debug.bindings.h Line: 39)

CONTEST PASS reset clears shove air=False 
(Filename: E:\unity\Runtime/Export/Debug/Debug.bindings.h Line: 39)

Unloading 4 Unused Serialized files (Serialized files now loaded: 0)
UnloadTime: 0.294700 ms

Unloading 2 unused Assets to reduce memory usage. Loaded Objects now: 1057.
Total: 1.070900 ms (FindLiveObjects: 0.035100 ms CreateObjectMapping: 0.014500 ms MarkObjects: 0.163800 ms  DeleteObjects: 0.857100 ms)

CONTEST HIT bridge=False air=True gap=1.059746 shared=False upperTouch=True 
(Filename: E:\unity\Runtime/Export/Debug/Debug.bindings.h Line: 39)

CONTEST PASS real direct-body tackle air=True 
(Filename: E:\unity\Runtime/Export/Debug/Debug.bindings.h Line: 39)

CONTEST PASS direct pushes two body widths air=True actual=2.00418 
(Filename: E:\unity\Runtime/Export/Debug/Debug.bindings.h Line: 39)

CONTEST PASS direct tackle staggers intact rig air=True tilt=32.31012 error=0.08827234 
(Filename: E:\unity\Runtime/Export/Debug/Debug.bindings.h Line: 39)

CONTEST PASS direct balance recovers air=True time=0.6199999 
(Filename: E:\unity\Runtime/Export/Debug/Debug.bindings.h Line: 39)

CONTEST PASS shove finishes air=True 
(Filename: E:\unity\Runtime/Export/Debug/Debug.bindings.h Line: 39)

CONTEST PASS reset clears shove air=True 
(Filename: E:\unity\Runtime/Export/Debug/Debug.bindings.h Line: 39)

Unloading 4 Unused Serialized files (Serialized files now loaded: 0)
UnloadTime: 0.296400 ms

Unloading 2 unused Assets to reduce memory usage. Loaded Objects now: 1057.
Total: 1.083500 ms (FindLiveObjects: 0.060300 ms CreateObjectMapping: 0.020900 ms MarkObjects: 0.194400 ms  DeleteObjects: 0.807400 ms)

CONTEST HIT bridge=True air=False gap=1.219626 shared=True upperTouch=False 
(Filename: E:\unity\Runtime/Export/Debug/Debug.bindings.h Line: 39)

CONTEST PASS lifecycle starts from real tackle pause=True blocked=False 
(Filename: E:\unity\Runtime/Export/Debug/Debug.bindings.h Line: 39)

CONTEST PASS shove is active before cancellation or obstruction 
(Filename: E:\unity\Runtime/Export/Debug/Debug.bindings.h Line: 39)

CONTEST PASS pause/reset clears active shove pause=True 
(Filename: E:\unity\Runtime/Export/Debug/Debug.bindings.h Line: 39)

CONTEST PASS pause/reset restores muscle and mass parameters 
(Filename: E:\unity\Runtime/Export/Debug/Debug.bindings.h Line: 39)

CONTEST PASS shove does not restart after resume/reset 
(Filename: E:\unity\Runtime/Export/Debug/Debug.bindings.h Line: 39)

Unloading 4 Unused Serialized files (Serialized files now loaded: 0)
UnloadTime: 0.316000 ms

Unloading 3 unused Assets to reduce memory usage. Loaded Objects now: 1057.
Total: 1.154400 ms (FindLiveObjects: 0.054700 ms CreateObjectMapping: 0.014900 ms MarkObjects: 0.243700 ms  DeleteObjects: 0.840700 ms)

CONTEST HIT bridge=True air=False gap=1.033848 shared=True upperTouch=False 
(Filename: E:\unity\Runtime/Export/Debug/Debug.bindings.h Line: 39)

CONTEST PASS lifecycle starts from real tackle pause=False blocked=False 
(Filename: E:\unity\Runtime/Export/Debug/Debug.bindings.h Line: 39)

CONTEST PASS shove is active before cancellation or obstruction 
(Filename: E:\unity\Runtime/Export/Debug/Debug.bindings.h Line: 39)

CONTEST PASS pause/reset clears active shove pause=False 
(Filename: E:\unity\Runtime/Export/Debug/Debug.bindings.h Line: 39)

CONTEST PASS pause/reset restores muscle and mass parameters 
(Filename: E:\unity\Runtime/Export/Debug/Debug.bindings.h Line: 39)

CONTEST PASS shove does not restart after resume/reset 
(Filename: E:\unity\Runtime/Export/Debug/Debug.bindings.h Line: 39)

Unloading 4 Unused Serialized files (Serialized files now loaded: 0)
UnloadTime: 0.311400 ms

Unloading 3 unused Assets to reduce memory usage. Loaded Objects now: 1057.
Total: 1.210700 ms (FindLiveObjects: 0.057000 ms CreateObjectMapping: 0.013800 ms MarkObjects: 0.253600 ms  DeleteObjects: 0.885600 ms)

CONTEST HIT bridge=True air=False gap=1.04163 shared=True upperTouch=False 
(Filename: E:\unity\Runtime/Export/Debug/Debug.bindings.h Line: 39)

CONTEST PASS lifecycle starts from real tackle pause=False blocked=True 
(Filename: E:\unity\Runtime/Export/Debug/Debug.bindings.h Line: 39)

CONTEST PASS shove is active before cancellation or obstruction 
(Filename: E:\unity\Runtime/Export/Debug/Debug.bindings.h Line: 39)

CONTEST PASS real wall blocks full shove distance travel=0.8179708 
(Filename: E:\unity\Runtime/Export/Debug/Debug.bindings.h Line: 39)

CONTEST PASS shove cannot pass through obstruction or disconnect rig 
(Filename: E:\unity\Runtime/Export/Debug/Debug.bindings.h Line: 39)

CONTEST PASS blocked shove times out 
(Filename: E:\unity\Runtime/Export/Debug/Debug.bindings.h Line: 39)

CONTEST COMPLETE checks=52 failures=0 
(Filename: E:\unity\Runtime/Export/Debug/Debug.bindings.h Line: 39)

Setting up 12 worker threads for Enlighten.
  Thread -> id: a5b4 -> priority: 1 
  Thread -> id: 8b4c -> priority: 1 
  Thread -> id: 28dc -> priority: 1 
  Thread -> id: a050 -> priority: 1 
  Thread -> id: 60a0 -> priority: 1 
  Thread -> id: 9fac -> priority: 1 
  Thread -> id: 89c8 -> priority: 1 
  Thread -> id: 7bac -> priority: 1 
  Thread -> id: 3168 -> priority: 1 
  Thread -> id: 67e4 -> priority: 1 
  Thread -> id: 210c -> priority: 1 
  Thread -> id: 2fd8 -> priority: 1 
