Process is running in low integrity mode...
Mono path[0] = 'C:/Users/Alienware/OneDrive/文档/范志毅VS赵鹏/范志毅VS赵鹏 PC双人版（32位）/鑼冨織姣匳S璧甸箯 PC鍙屼汉鐗堬紙32浣嶏級/AI Mod Source/build/knockback-test-player-experiment/FanZhiYi_Data/Managed'
Mono config path = 'C:/Users/Alienware/OneDrive/文档/范志毅VS赵鹏/范志毅VS赵鹏 PC双人版（32位）/鑼冨織姣匳S璧甸箯 PC鍙屼汉鐗堬紙32浣嶏級/AI Mod Source/build/knockback-test-player-experiment/MonoBleedingEdge/etc'
AS: AutoStreaming module initializing.Initialize engine version: 2019.4.33f1c1 (c2f94a8bebb3)
[Subsystems] Discovering subsystems at path C:/Users/Alienware/OneDrive/文档/范志毅VS赵鹏/范志毅VS赵鹏 PC双人版（32位）/鑼冨織姣匳S璧甸箯 PC鍙屼汉鐗堬紙32浣嶏級/AI Mod Source/build/knockback-test-player-experiment/FanZhiYi_Data/UnitySubsystems
GfxDevice: creating device client; threaded=1
Direct3D:
    Version:  Direct3D 11.0 [level 11.1]
    Renderer: NVIDIA GeForce RTX 5070 Laptop GPU (ID=0x2d58)
    Vendor:   (null)
    VRAM:     3072 MB
Begin MonoManager ReloadAssembly
- Completed reload, in  0.117 seconds
<RI> Initializing input.
<RI> Input initialized.
<RI> Initialized touch support.
UnloadTime: 0.497600 ms
Curl error 7: Failed to connect to 127.0.0.1 port 7897: Bad access
 
(Filename:  Line: 867)

Curl error 7: Failed to connect to 127.0.0.1 port 7897: Bad access
 
(Filename:  Line: 867)

Curl error 7: Failed to connect to 127.0.0.1 port 7897: Bad access
 
(Filename:  Line: 867)

Curl error 7: Failed to connect to 127.0.0.1 port 7897: Bad access
 
(Filename:  Line: 867)

Unloading 5 Unused Serialized files (Serialized files now loaded: 0)
UnloadTime: 0.157100 ms

Unloading 143 unused Assets to reduce memory usage. Loaded Objects now: 1010.
Total: 0.507000 ms (FindLiveObjects: 0.030700 ms CreateObjectMapping: 0.009100 ms MarkObjects: 0.166200 ms  DeleteObjects: 0.300800 ms)

CONTEST PASS idle ball control causes no remote shove 
(Filename: E:\unity\Runtime/Export/Debug/Debug.bindings.h Line: 39)

Curl error 7: Failed to connect to 127.0.0.1 port 7897: Bad access
 
(Filename:  Line: 867)

CONTEST PASS single-player ball touch cannot stagger distant opponent 
(Filename: E:\unity\Runtime/Export/Debug/Debug.bindings.h Line: 39)

Unloading 4 Unused Serialized files (Serialized files now loaded: 0)
UnloadTime: 0.736400 ms

Unloading 37 unused Assets to reduce memory usage. Loaded Objects now: 1060.
Total: 1.326600 ms (FindLiveObjects: 0.059500 ms CreateObjectMapping: 0.015900 ms MarkObjects: 0.299200 ms  DeleteObjects: 0.951600 ms)

CONTEST PASS classic contest uses only ordinary physics 
(Filename: E:\unity\Runtime/Export/Debug/Debug.bindings.h Line: 39)

Unloading 4 Unused Serialized files (Serialized files now loaded: 0)
UnloadTime: 0.267500 ms

Unloading 3 unused Assets to reduce memory usage. Loaded Objects now: 1060.
Total: 1.503500 ms (FindLiveObjects: 0.032100 ms CreateObjectMapping: 0.008000 ms MarkObjects: 0.268400 ms  DeleteObjects: 1.194400 ms)

CONTEST PASS reset clears cached shared contact/pressure 
(Filename: E:\unity\Runtime/Export/Debug/Debug.bindings.h Line: 39)

CONTEST PASS pause disables contest benefit 
(Filename: E:\unity\Runtime/Export/Debug/Debug.bindings.h Line: 39)

CONTEST PASS aerial tackle strength/duration unchanged 
(Filename: E:\unity\Runtime/Export/Debug/Debug.bindings.h Line: 39)

CONTEST PASS ground direct linear +40%, tipping +35% 
(Filename: E:\unity\Runtime/Export/Debug/Debug.bindings.h Line: 39)

Unloading 4 Unused Serialized files (Serialized files now loaded: 0)
UnloadTime: 0.257200 ms

Unloading 2 unused Assets to reduce memory usage. Loaded Objects now: 1060.
Total: 1.213500 ms (FindLiveObjects: 0.030600 ms CreateObjectMapping: 0.007900 ms MarkObjects: 0.171300 ms  DeleteObjects: 1.003500 ms)

CONTEST HIT bridge=True air=False gap=0.8057154 shared=True upperTouch=False 
(Filename: E:\unity\Runtime/Export/Debug/Debug.bindings.h Line: 39)

CONTEST PASS through-ball pushes Fan two body widths actual=2.004351 
(Filename: E:\unity\Runtime/Export/Debug/Debug.bindings.h Line: 39)

CONTEST RUN sustained=False bridge=1 direct=0 force=1305 tilt=19.78244,15.17938 error=0.05167639 recovery=0.4400001 interval=100 
(Filename: E:\unity\Runtime/Export/Debug/Debug.bindings.h Line: 39)

CONTEST PASS ground contest triggers through a football sustained=False 
(Filename: E:\unity\Runtime/Export/Debug/Debug.bindings.h Line: 39)

CONTEST PASS both feet and pitch really touch same ball at trigger 
(Filename: E:\unity\Runtime/Export/Debug/Debug.bindings.h Line: 39)

CONTEST PASS bridge tackle works without upper-body contact 
(Filename: E:\unity\Runtime/Export/Debug/Debug.bindings.h Line: 39)

CONTEST PASS Fan visibly loses balance briefly tilt=19.78244 
(Filename: E:\unity\Runtime/Export/Debug/Debug.bindings.h Line: 39)

CONTEST PASS impact never folds or disconnects either rig 
(Filename: E:\unity\Runtime/Export/Debug/Debug.bindings.h Line: 39)

CONTEST PASS Zhao can brace during ground pushing 
(Filename: E:\unity\Runtime/Export/Debug/Debug.bindings.h Line: 39)

CONTEST PASS magnetic foot preserves strong real pushing force=1305 
(Filename: E:\unity\Runtime/Export/Debug/Debug.bindings.h Line: 39)

CONTEST PASS Fan recovers quickly after one hit=0.4400001 
(Filename: E:\unity\Runtime/Export/Debug/Debug.bindings.h Line: 39)

CONTEST PASS temporary ground brace mass restored 
(Filename: E:\unity\Runtime/Export/Debug/Debug.bindings.h Line: 39)

Unloading 4 Unused Serialized files (Serialized files now loaded: 0)
UnloadTime: 0.234700 ms

Unloading 3 unused Assets to reduce memory usage. Loaded Objects now: 1060.
Total: 1.257500 ms (FindLiveObjects: 0.032500 ms CreateObjectMapping: 0.008300 ms MarkObjects: 0.230500 ms  DeleteObjects: 0.986000 ms)

CONTEST HIT bridge=True air=False gap=0.9059303 shared=True upperTouch=False 
(Filename: E:\unity\Runtime/Export/Debug/Debug.bindings.h Line: 39)

CONTEST HIT bridge=False air=False gap=0.6877022 shared=False upperTouch=True 
(Filename: E:\unity\Runtime/Export/Debug/Debug.bindings.h Line: 39)

CONTEST HIT bridge=True air=False gap=0.8501508 shared=True upperTouch=False 
(Filename: E:\unity\Runtime/Export/Debug/Debug.bindings.h Line: 39)

CONTEST RUN sustained=True bridge=2 direct=1 force=1305 tilt=34.5347,16.05093 error=0.07570641 recovery=0.4400005 interval=1.06 
(Filename: E:\unity\Runtime/Export/Debug/Debug.bindings.h Line: 39)

CONTEST PASS ground contest triggers through a football sustained=True 
(Filename: E:\unity\Runtime/Export/Debug/Debug.bindings.h Line: 39)

CONTEST PASS both feet and pitch really touch same ball at trigger 
(Filename: E:\unity\Runtime/Export/Debug/Debug.bindings.h Line: 39)

CONTEST PASS bridge tackle works without upper-body contact 
(Filename: E:\unity\Runtime/Export/Debug/Debug.bindings.h Line: 39)

CONTEST PASS Fan visibly loses balance briefly tilt=34.5347 
(Filename: E:\unity\Runtime/Export/Debug/Debug.bindings.h Line: 39)

CONTEST PASS impact never folds or disconnects either rig 
(Filename: E:\unity\Runtime/Export/Debug/Debug.bindings.h Line: 39)

CONTEST PASS Zhao can brace during ground pushing 
(Filename: E:\unity\Runtime/Export/Debug/Debug.bindings.h Line: 39)

CONTEST PASS magnetic foot preserves strong real pushing force=1305 
(Filename: E:\unity\Runtime/Export/Debug/Debug.bindings.h Line: 39)

CONTEST PASS shared cooldown prevents continuous stun 
(Filename: E:\unity\Runtime/Export/Debug/Debug.bindings.h Line: 39)

Unloading 4 Unused Serialized files (Serialized files now loaded: 0)
UnloadTime: 0.287900 ms

Unloading 3 unused Assets to reduce memory usage. Loaded Objects now: 1060.
Total: 1.212000 ms (FindLiveObjects: 0.031500 ms CreateObjectMapping: 0.009000 ms MarkObjects: 0.184800 ms  DeleteObjects: 0.986300 ms)

CONTEST HIT bridge=False air=False gap=0.6649178 shared=False upperTouch=True 
(Filename: E:\unity\Runtime/Export/Debug/Debug.bindings.h Line: 39)

CONTEST PASS real direct-body tackle air=False 
(Filename: E:\unity\Runtime/Export/Debug/Debug.bindings.h Line: 39)

CONTEST PASS direct pushes two body widths air=False actual=2.004549 
(Filename: E:\unity\Runtime/Export/Debug/Debug.bindings.h Line: 39)

CONTEST PASS direct tackle staggers intact rig air=False tilt=23.73875 error=0.07181367 
(Filename: E:\unity\Runtime/Export/Debug/Debug.bindings.h Line: 39)

CONTEST PASS direct balance recovers air=False time=0.46 
(Filename: E:\unity\Runtime/Export/Debug/Debug.bindings.h Line: 39)

CONTEST PASS shove finishes air=False 
(Filename: E:\unity\Runtime/Export/Debug/Debug.bindings.h Line: 39)

CONTEST PASS reset clears shove air=False 
(Filename: E:\unity\Runtime/Export/Debug/Debug.bindings.h Line: 39)

Unloading 4 Unused Serialized files (Serialized files now loaded: 0)
UnloadTime: 0.265100 ms

Unloading 2 unused Assets to reduce memory usage. Loaded Objects now: 1060.
Total: 1.143200 ms (FindLiveObjects: 0.030600 ms CreateObjectMapping: 0.008100 ms MarkObjects: 0.165900 ms  DeleteObjects: 0.938400 ms)

CONTEST HIT bridge=False air=True gap=0.7605505 shared=False upperTouch=True 
(Filename: E:\unity\Runtime/Export/Debug/Debug.bindings.h Line: 39)

CONTEST PASS real direct-body tackle air=True 
(Filename: E:\unity\Runtime/Export/Debug/Debug.bindings.h Line: 39)

CONTEST PASS direct pushes two body widths air=True actual=2.09591 
(Filename: E:\unity\Runtime/Export/Debug/Debug.bindings.h Line: 39)

CONTEST PASS direct tackle staggers intact rig air=True tilt=29.79063 error=0.05998788 
(Filename: E:\unity\Runtime/Export/Debug/Debug.bindings.h Line: 39)

CONTEST PASS direct balance recovers air=True time=0.5 
(Filename: E:\unity\Runtime/Export/Debug/Debug.bindings.h Line: 39)

CONTEST PASS shove finishes air=True 
(Filename: E:\unity\Runtime/Export/Debug/Debug.bindings.h Line: 39)

CONTEST PASS reset clears shove air=True 
(Filename: E:\unity\Runtime/Export/Debug/Debug.bindings.h Line: 39)

Unloading 4 Unused Serialized files (Serialized files now loaded: 0)
UnloadTime: 0.264600 ms

Unloading 2 unused Assets to reduce memory usage. Loaded Objects now: 1060.
Total: 1.070800 ms (FindLiveObjects: 0.032700 ms CreateObjectMapping: 0.008700 ms MarkObjects: 0.174400 ms  DeleteObjects: 0.854500 ms)

CONTEST HIT bridge=True air=False gap=0.7775233 shared=True upperTouch=False 
(Filename: E:\unity\Runtime/Export/Debug/Debug.bindings.h Line: 39)

CONTEST PASS lifecycle starts from real tackle pause=True blocked=False 
(Filename: E:\unity\Runtime/Export/Debug/Debug.bindings.h Line: 39)

CONTEST PASS shove is active before cancellation or obstruction 
(Filename: E:\unity\Runtime/Export/Debug/Debug.bindings.h Line: 39)

CONTEST PASS pause/reset clears active shove pause=True 
(Filename: E:\unity\Runtime/Export/Debug/Debug.bindings.h Line: 39)

CONTEST PASS pause/reset restores muscle and mass parameters 
(Filename: E:\unity\Runtime/Export/Debug/Debug.bindings.h Line: 39)

CONTEST PASS shove does not restart after resume/reset 
(Filename: E:\unity\Runtime/Export/Debug/Debug.bindings.h Line: 39)

Unloading 4 Unused Serialized files (Serialized files now loaded: 0)
UnloadTime: 0.281400 ms

Unloading 3 unused Assets to reduce memory usage. Loaded Objects now: 1060.
Total: 1.004400 ms (FindLiveObjects: 0.031700 ms CreateObjectMapping: 0.008000 ms MarkObjects: 0.204400 ms  DeleteObjects: 0.759700 ms)

CONTEST HIT bridge=False air=False gap=0.6852605 shared=True upperTouch=True 
(Filename: E:\unity\Runtime/Export/Debug/Debug.bindings.h Line: 39)

CONTEST PASS lifecycle starts from real tackle pause=False blocked=False 
(Filename: E:\unity\Runtime/Export/Debug/Debug.bindings.h Line: 39)

CONTEST PASS shove is active before cancellation or obstruction 
(Filename: E:\unity\Runtime/Export/Debug/Debug.bindings.h Line: 39)

CONTEST PASS pause/reset clears active shove pause=False 
(Filename: E:\unity\Runtime/Export/Debug/Debug.bindings.h Line: 39)

CONTEST PASS pause/reset restores muscle and mass parameters 
(Filename: E:\unity\Runtime/Export/Debug/Debug.bindings.h Line: 39)

CONTEST PASS shove does not restart after resume/reset 
(Filename: E:\unity\Runtime/Export/Debug/Debug.bindings.h Line: 39)

Unloading 4 Unused Serialized files (Serialized files now loaded: 0)
UnloadTime: 0.256800 ms

Unloading 3 unused Assets to reduce memory usage. Loaded Objects now: 1060.
Total: 1.090600 ms (FindLiveObjects: 0.034300 ms CreateObjectMapping: 0.008800 ms MarkObjects: 0.181800 ms  DeleteObjects: 0.865400 ms)

CONTEST HIT bridge=False air=False gap=0.6942031 shared=False upperTouch=True 
(Filename: E:\unity\Runtime/Export/Debug/Debug.bindings.h Line: 39)

CONTEST PASS lifecycle starts from real tackle pause=False blocked=True 
(Filename: E:\unity\Runtime/Export/Debug/Debug.bindings.h Line: 39)

CONTEST PASS shove is active before cancellation or obstruction 
(Filename: E:\unity\Runtime/Export/Debug/Debug.bindings.h Line: 39)

CONTEST PASS real wall blocks full shove distance travel=0.7658456 
(Filename: E:\unity\Runtime/Export/Debug/Debug.bindings.h Line: 39)

CONTEST PASS shove cannot pass through obstruction or disconnect rig 
(Filename: E:\unity\Runtime/Export/Debug/Debug.bindings.h Line: 39)

CONTEST PASS blocked shove times out 
(Filename: E:\unity\Runtime/Export/Debug/Debug.bindings.h Line: 39)

CONTEST COMPLETE checks=52 failures=0 
(Filename: E:\unity\Runtime/Export/Debug/Debug.bindings.h Line: 39)

Setting up 12 worker threads for Enlighten.
  Thread -> id: 4cdc -> priority: 1 
  Thread -> id: 57e8 -> priority: 1 
  Thread -> id: 9cfc -> priority: 1 
  Thread -> id: 4004 -> priority: 1 
  Thread -> id: 771c -> priority: 1 
  Thread -> id: 82e8 -> priority: 1 
  Thread -> id: 2a50 -> priority: 1 
  Thread -> id: 3364 -> priority: 1 
  Thread -> id: 4c24 -> priority: 1 
  Thread -> id: 4fc8 -> priority: 1 
  Thread -> id: 403c -> priority: 1 
  Thread -> id: 85ac -> priority: 1 
