Mono path[0] = 'C:/Users/Alienware/Documents/范志毅VS赵鹏/范志毅VS赵鹏 PC双人版（32位）/鑼冨織姣匳S璧甸箯 PC鍙屼汉鐗堬紙32浣嶏級/AI Mod Source/build/rescue-balance-test-player-original/FanZhiYi_Data/Managed'
Mono config path = 'C:/Users/Alienware/Documents/范志毅VS赵鹏/范志毅VS赵鹏 PC双人版（32位）/鑼冨織姣匳S璧甸箯 PC鍙屼汉鐗堬紙32浣嶏級/AI Mod Source/build/rescue-balance-test-player-original/MonoBleedingEdge/etc'
AS: AutoStreaming module initializing.Initialize engine version: 2019.4.33f1c1 (c2f94a8bebb3)
[Subsystems] Discovering subsystems at path C:/Users/Alienware/Documents/范志毅VS赵鹏/范志毅VS赵鹏 PC双人版（32位）/鑼冨織姣匳S璧甸箯 PC鍙屼汉鐗堬紙32浣嶏級/AI Mod Source/build/rescue-balance-test-player-original/FanZhiYi_Data/UnitySubsystems
GfxDevice: creating device client; threaded=1
Direct3D:
    Version:  Direct3D 11.0 [level 11.1]
    Renderer: NVIDIA GeForce RTX 5070 Laptop GPU (ID=0x2d58)
    Vendor:   (null)
    VRAM:     3072 MB
    Driver:   32.0.15.9608
Begin MonoManager ReloadAssembly
- Completed reload, in  1.988 seconds
<RI> Initializing input.
<RI> Input initialized.
<RI> Initialized touch support.
UnloadTime: 0.551300 ms
Unloading 5 Unused Serialized files (Serialized files now loaded: 0)
UnloadTime: 0.419500 ms

Unloading 143 unused Assets to reduce memory usage. Loaded Objects now: 1009.
Total: 1.496200 ms (FindLiveObjects: 0.051700 ms CreateObjectMapping: 0.019400 ms MarkObjects: 1.182900 ms  DeleteObjects: 0.241600 ms)

BALANCE HEADER Zhao before=(-4.2, -1.2) after=(-3.8, -1.1) 
(Filename: E:\unity\Runtime/Export/Debug/Debug.bindings.h Line: 39)

BALANCE PASS header skills=False fan=False rear=False command=True one reduction only reduced=1 assisted=0 
(Filename: E:\unity\Runtime/Export/Debug/Debug.bindings.h Line: 39)

BALANCE PASS header skills=False fan=False rear=False command=True velocity is exactly 90% of prior header 
(Filename: E:\unity\Runtime/Export/Debug/Debug.bindings.h Line: 39)

BALANCE PASS header skills=False fan=False rear=False command=True real head contact or reachable native assisted strike 
(Filename: E:\unity\Runtime/Export/Debug/Debug.bindings.h Line: 39)

BALANCE PASS header skills=False fan=False rear=False command=True skeleton stable error=0.02550005 
(Filename: E:\unity\Runtime/Export/Debug/Debug.bindings.h Line: 39)

Unloading 4 Unused Serialized files (Serialized files now loaded: 0)
UnloadTime: 0.405300 ms

Unloading 38 unused Assets to reduce memory usage. Loaded Objects now: 1056.
Total: 1.070700 ms (FindLiveObjects: 0.054300 ms CreateObjectMapping: 0.015000 ms MarkObjects: 0.186700 ms  DeleteObjects: 0.814200 ms)

BALANCE HEADER Zhao before=(-5.2, -1.5) after=(-4.7, -1.4) 
(Filename: E:\unity\Runtime/Export/Debug/Debug.bindings.h Line: 39)

BALANCE PASS header skills=True fan=False rear=False command=True one reduction only reduced=1 assisted=0 
(Filename: E:\unity\Runtime/Export/Debug/Debug.bindings.h Line: 39)

BALANCE PASS header skills=True fan=False rear=False command=True velocity is exactly 90% of prior header 
(Filename: E:\unity\Runtime/Export/Debug/Debug.bindings.h Line: 39)

BALANCE PASS header skills=True fan=False rear=False command=True real head contact or reachable native assisted strike 
(Filename: E:\unity\Runtime/Export/Debug/Debug.bindings.h Line: 39)

BALANCE PASS header skills=True fan=False rear=False command=True skeleton stable error=0.03901211 
(Filename: E:\unity\Runtime/Export/Debug/Debug.bindings.h Line: 39)

Unloading 4 Unused Serialized files (Serialized files now loaded: 0)
UnloadTime: 0.884500 ms

Unloading 3 unused Assets to reduce memory usage. Loaded Objects now: 1062.
Total: 1.033800 ms (FindLiveObjects: 0.052100 ms CreateObjectMapping: 0.007300 ms MarkObjects: 0.170600 ms  DeleteObjects: 0.803300 ms)

BALANCE HEADER Fan before=(3.4, -0.5) after=(3.1, -0.5) 
(Filename: E:\unity\Runtime/Export/Debug/Debug.bindings.h Line: 39)

BALANCE PASS header skills=False fan=True rear=False command=True one reduction only reduced=1 assisted=0 
(Filename: E:\unity\Runtime/Export/Debug/Debug.bindings.h Line: 39)

BALANCE PASS header skills=False fan=True rear=False command=True velocity is exactly 90% of prior header 
(Filename: E:\unity\Runtime/Export/Debug/Debug.bindings.h Line: 39)

BALANCE PASS header skills=False fan=True rear=False command=True real head contact or reachable native assisted strike 
(Filename: E:\unity\Runtime/Export/Debug/Debug.bindings.h Line: 39)

BALANCE PASS header skills=False fan=True rear=False command=True skeleton stable error=0.01237879 
(Filename: E:\unity\Runtime/Export/Debug/Debug.bindings.h Line: 39)

Unloading 4 Unused Serialized files (Serialized files now loaded: 0)
UnloadTime: 0.266500 ms

Unloading 3 unused Assets to reduce memory usage. Loaded Objects now: 1058.
Total: 1.133100 ms (FindLiveObjects: 0.052400 ms CreateObjectMapping: 0.016400 ms MarkObjects: 0.195700 ms  DeleteObjects: 0.868500 ms)

BALANCE PASS header skills=True fan=True rear=False command=True one reduction only reduced=0 assisted=1 
(Filename: E:\unity\Runtime/Export/Debug/Debug.bindings.h Line: 39)

BALANCE PASS header skills=True fan=True rear=False command=True velocity is exactly 90% of prior header 
(Filename: E:\unity\Runtime/Export/Debug/Debug.bindings.h Line: 39)

BALANCE PASS header skills=True fan=True rear=False command=True real head contact or reachable native assisted strike 
(Filename: E:\unity\Runtime/Export/Debug/Debug.bindings.h Line: 39)

BALANCE PASS header skills=True fan=True rear=False command=True skeleton stable error=0.04423319 
(Filename: E:\unity\Runtime/Export/Debug/Debug.bindings.h Line: 39)

Unloading 4 Unused Serialized files (Serialized files now loaded: 0)
UnloadTime: 0.291600 ms

Unloading 2 unused Assets to reduce memory usage. Loaded Objects now: 1058.
Total: 0.986100 ms (FindLiveObjects: 0.030400 ms CreateObjectMapping: 0.007800 ms MarkObjects: 0.183700 ms  DeleteObjects: 0.763900 ms)

BALANCE HEADER Fan before=(0.1, 0.0) after=(0.1, 0.0) 
(Filename: E:\unity\Runtime/Export/Debug/Debug.bindings.h Line: 39)

BALANCE PASS header skills=True fan=True rear=True command=True one reduction only reduced=1 assisted=0 
(Filename: E:\unity\Runtime/Export/Debug/Debug.bindings.h Line: 39)

BALANCE PASS header skills=True fan=True rear=True command=True velocity is exactly 90% of prior header 
(Filename: E:\unity\Runtime/Export/Debug/Debug.bindings.h Line: 39)

BALANCE PASS header skills=True fan=True rear=True command=True real head contact or reachable native assisted strike 
(Filename: E:\unity\Runtime/Export/Debug/Debug.bindings.h Line: 39)

BALANCE PASS header skills=True fan=True rear=True command=True skeleton stable error=0.01136149 
(Filename: E:\unity\Runtime/Export/Debug/Debug.bindings.h Line: 39)

Unloading 4 Unused Serialized files (Serialized files now loaded: 0)
UnloadTime: 0.255900 ms

Unloading 2 unused Assets to reduce memory usage. Loaded Objects now: 1058.
Total: 0.985800 ms (FindLiveObjects: 0.031500 ms CreateObjectMapping: 0.008000 ms MarkObjects: 0.178800 ms  DeleteObjects: 0.767300 ms)

BALANCE PASS header skills=False fan=False rear=False command=False passive head collision is unchanged 
(Filename: E:\unity\Runtime/Export/Debug/Debug.bindings.h Line: 39)

BALANCE PASS header skills=False fan=False rear=False command=False passive physical fixture touched head 
(Filename: E:\unity\Runtime/Export/Debug/Debug.bindings.h Line: 39)

BALANCE PASS header skills=False fan=False rear=False command=False skeleton stable error=0.008611165 
(Filename: E:\unity\Runtime/Export/Debug/Debug.bindings.h Line: 39)

Unloading 4 Unused Serialized files (Serialized files now loaded: 0)
UnloadTime: 0.274800 ms

Unloading 2 unused Assets to reduce memory usage. Loaded Objects now: 1058.
Total: 1.000100 ms (FindLiveObjects: 0.031200 ms CreateObjectMapping: 0.008700 ms MarkObjects: 0.172900 ms  DeleteObjects: 0.786800 ms)

BALANCE PASS existing real head contact before command fan=False 
(Filename: E:\unity\Runtime/Export/Debug/Debug.bindings.h Line: 39)

BALANCE HEADER Zhao before=(0.0, 0.0) after=(0.0, 0.0) 
(Filename: E:\unity\Runtime/Export/Debug/Debug.bindings.h Line: 39)

BALANCE PASS ongoing head contact reduced once on release fan=False reduced=1 
(Filename: E:\unity\Runtime/Export/Debug/Debug.bindings.h Line: 39)

BALANCE PASS ongoing head release velocity is exactly 90% fan=False 
(Filename: E:\unity\Runtime/Export/Debug/Debug.bindings.h Line: 39)

BALANCE PASS ongoing head contact keeps native skeleton fan=False 
(Filename: E:\unity\Runtime/Export/Debug/Debug.bindings.h Line: 39)

Unloading 4 Unused Serialized files (Serialized files now loaded: 0)
UnloadTime: 0.256900 ms

Unloading 3 unused Assets to reduce memory usage. Loaded Objects now: 1062.
Total: 1.074600 ms (FindLiveObjects: 0.091700 ms CreateObjectMapping: 0.013600 ms MarkObjects: 0.173400 ms  DeleteObjects: 0.795800 ms)

BALANCE PASS existing real head contact before command fan=True 
(Filename: E:\unity\Runtime/Export/Debug/Debug.bindings.h Line: 39)

BALANCE HEADER Fan before=(-0.4, 0.1) after=(-0.3, 0.1) 
(Filename: E:\unity\Runtime/Export/Debug/Debug.bindings.h Line: 39)

BALANCE PASS ongoing head contact reduced once on release fan=True reduced=1 
(Filename: E:\unity\Runtime/Export/Debug/Debug.bindings.h Line: 39)

BALANCE PASS ongoing head release velocity is exactly 90% fan=True 
(Filename: E:\unity\Runtime/Export/Debug/Debug.bindings.h Line: 39)

BALANCE PASS ongoing head contact keeps native skeleton fan=True 
(Filename: E:\unity\Runtime/Export/Debug/Debug.bindings.h Line: 39)

Unloading 4 Unused Serialized files (Serialized files now loaded: 0)
UnloadTime: 0.250800 ms

Unloading 3 unused Assets to reduce memory usage. Loaded Objects now: 1058.
Total: 1.084800 ms (FindLiveObjects: 0.050900 ms CreateObjectMapping: 0.016500 ms MarkObjects: 0.211600 ms  DeleteObjects: 0.805300 ms)

BALANCE PASS classic manual backward speed retained 
(Filename: E:\unity\Runtime/Export/Debug/Debug.bindings.h Line: 39)

Unloading 4 Unused Serialized files (Serialized files now loaded: 0)
UnloadTime: 0.305700 ms

Unloading 2 unused Assets to reduce memory usage. Loaded Objects now: 1058.
Total: 1.072300 ms (FindLiveObjects: 0.059400 ms CreateObjectMapping: 0.010800 ms MarkObjects: 0.263300 ms  DeleteObjects: 0.738100 ms)

BALANCE PASS front ball keeps original manual retreat 
(Filename: E:\unity\Runtime/Export/Debug/Debug.bindings.h Line: 39)

BALANCE PASS original skill retreat speed retained 
(Filename: E:\unity\Runtime/Export/Debug/Debug.bindings.h Line: 39)

BALANCE PASS rear ball alone cannot auto activate 
(Filename: E:\unity\Runtime/Export/Debug/Debug.bindings.h Line: 39)

BALANCE PASS auto retreat never exceeds twice ordinary native speed 
(Filename: E:\unity\Runtime/Export/Debug/Debug.bindings.h Line: 39)

BALANCE PASS stationary reachable ball uses less than maximum speed 
(Filename: E:\unity\Runtime/Export/Debug/Debug.bindings.h Line: 39)

BALANCE PASS fast rear ball reaches the two-times cap 
(Filename: E:\unity\Runtime/Export/Debug/Debug.bindings.h Line: 39)

BALANCE PASS tap continues bounded automatic retreat 
(Filename: E:\unity\Runtime/Export/Debug/Debug.bindings.h Line: 39)

BALANCE PASS opposite steering cancels rescue 
(Filename: E:\unity\Runtime/Export/Debug/Debug.bindings.h Line: 39)

BALANCE PASS manual kick cancels automatic retreat 
(Filename: E:\unity\Runtime/Export/Debug/Debug.bindings.h Line: 39)

BALANCE PASS pause clears auto commands 
(Filename: E:\unity\Runtime/Export/Debug/Debug.bindings.h Line: 39)

BALANCE PASS round reset clears rescue and balance 
(Filename: E:\unity\Runtime/Export/Debug/Debug.bindings.h Line: 39)

BALANCE PASS unreachable rescue has a time limit 
(Filename: E:\unity\Runtime/Export/Debug/Debug.bindings.h Line: 39)

BALANCE PASS tight own-goal space brakes instead of running through rear ball 
(Filename: E:\unity\Runtime/Export/Debug/Debug.bindings.h Line: 39)

Unloading 4 Unused Serialized files (Serialized files now loaded: 0)
UnloadTime: 0.266400 ms

Unloading 2 unused Assets to reduce memory usage. Loaded Objects now: 1058.
Total: 1.047800 ms (FindLiveObjects: 0.054500 ms CreateObjectMapping: 0.012900 ms MarkObjects: 0.180900 ms  DeleteObjects: 0.799200 ms)

BALANCE RETREAT low frame=0 body=(-2.0, 0.2) ball=(-0.2, -1.5) velocity=(-0.2, 7.4) tilt=3.257792 headed=False waiting=True height=2.869893 width=0.684967 head=(-2.1, 0.9, 0.3) deadline=2.594584 
(Filename: E:\unity\Runtime/Export/Debug/Debug.bindings.h Line: 39)

BALANCE RETREAT low frame=20 body=(-1.2, 1.8) ball=(-0.2, -1.5) velocity=(4.0, 2.2) tilt=4.31215 headed=False waiting=False height=2.869893 width=0.684967 head=(-1.2, 2.5, 0.3) deadline=2.194584 
(Filename: E:\unity\Runtime/Export/Debug/Debug.bindings.h Line: 39)

BALANCE RETREAT low frame=40 body=(0.1, 1.8) ball=(-0.2, -1.5) velocity=(3.1, -1.8) tilt=-1.375956 headed=False waiting=False height=2.869893 width=0.684967 head=(0.1, 2.5, 0.3) deadline=1.794583 
(Filename: E:\unity\Runtime/Export/Debug/Debug.bindings.h Line: 39)

BALANCE RETREAT low frame=60 body=(0.5, 0.3) ball=(-0.2, -1.5) velocity=(0.3, -5.7) tilt=5.335548 headed=False waiting=False height=2.869893 width=0.684967 head=(0.4, 1.0, 0.3) deadline=-13.28 
(Filename: E:\unity\Runtime/Export/Debug/Debug.bindings.h Line: 39)

BALANCE RETREAT low frame=80 body=(0.5, 0.1) ball=(-0.2, -1.5) velocity=(-0.1, 0.3) tilt=6.767005 headed=False waiting=False height=2.869893 width=0.684967 head=(0.4, 0.8, 0.3) deadline=-13.68 
(Filename: E:\unity\Runtime/Export/Debug/Debug.bindings.h Line: 39)

BALANCE RETREAT low frame=100 body=(0.5, 0.1) ball=(-0.6, -1.5) velocity=(0.3, 0.0) tilt=9.315082 headed=False waiting=False height=2.869893 width=0.684967 head=(0.4, 0.8, 0.3) deadline=-14.08 
(Filename: E:\unity\Runtime/Export/Debug/Debug.bindings.h Line: 39)

BALANCE RETREAT low frame=120 body=(0.6, 0.1) ball=(-1.1, -1.5) velocity=(0.3, 0.0) tilt=9.373984 headed=False waiting=False height=2.869893 width=0.684967 head=(0.5, 0.8, 0.3) deadline=-14.48 
(Filename: E:\unity\Runtime/Export/Debug/Debug.bindings.h Line: 39)

BALANCE RETREAT low frame=140 body=(0.7, 0.1) ball=(-1.5, -1.5) velocity=(0.1, 0.0) tilt=8.571783 headed=False waiting=False height=2.869893 width=0.684967 head=(0.5, 0.8, 0.3) deadline=-14.88 
(Filename: E:\unity\Runtime/Export/Debug/Debug.bindings.h Line: 39)

BALANCE RETREAT low frame=160 body=(0.7, 0.1) ball=(-2.0, -1.5) velocity=(-0.1, 0.0) tilt=9.065585 headed=False waiting=False height=2.869893 width=0.684967 head=(0.5, 0.8, 0.3) deadline=-15.28 
(Filename: E:\unity\Runtime/Export/Debug/Debug.bindings.h Line: 39)

BALANCE RETREAT low frame=180 body=(0.6, 0.1) ball=(-2.4, -1.5) velocity=(0.0, 0.0) tilt=9.405877 headed=False waiting=False height=2.869893 width=0.684967 head=(0.5, 0.8, 0.3) deadline=-15.68 
(Filename: E:\unity\Runtime/Export/Debug/Debug.bindings.h Line: 39)

BALANCE RETREAT low frame=200 body=(0.7, 0.1) ball=(-2.9, -1.5) velocity=(0.1, 0.0) tilt=8.384871 headed=False waiting=False height=2.869893 width=0.684967 head=(0.5, 0.8, 0.3) deadline=-16.08 
(Filename: E:\unity\Runtime/Export/Debug/Debug.bindings.h Line: 39)

BALANCE PASS low gap=1.8 nearGoal=False falling=False no own goal during rescue 
(Filename: E:\unity\Runtime/Export/Debug/Debug.bindings.h Line: 39)

BALANCE PASS low gap=1.8 nearGoal=False falling=False all joints stay connected error=0.08450276 
(Filename: E:\unity\Runtime/Export/Debug/Debug.bindings.h Line: 39)

BALANCE PASS low gap=1.8 nearGoal=False falling=False native skeleton retained 
(Filename: E:\unity\Runtime/Export/Debug/Debug.bindings.h Line: 39)

BALANCE PASS low gap=1.8 nearGoal=False falling=False balanced after recovery tilt=9.109039 
(Filename: E:\unity\Runtime/Export/Debug/Debug.bindings.h Line: 39)

BALANCE PASS low gap=1.8 nearGoal=False falling=False native jump clears low ball 
(Filename: E:\unity\Runtime/Export/Debug/Debug.bindings.h Line: 39)

BALANCE PASS low gap=1.8 nearGoal=False falling=False reaches goal side of ball 
(Filename: E:\unity\Runtime/Export/Debug/Debug.bindings.h Line: 39)

BALANCE PASS low gap=1.8 nearGoal=False falling=False bounded auto action ended 
(Filename: E:\unity\Runtime/Export/Debug/Debug.bindings.h Line: 39)

Unloading 4 Unused Serialized files (Serialized files now loaded: 0)
UnloadTime: 0.278600 ms

Unloading 2 unused Assets to reduce memory usage. Loaded Objects now: 1058.
Total: 1.116200 ms (FindLiveObjects: 0.052200 ms CreateObjectMapping: 0.016000 ms MarkObjects: 0.162500 ms  DeleteObjects: 0.885200 ms)

BALANCE RETREAT low frame=0 body=(3.5, 0.2) ball=(4.6, -1.5) velocity=(0.0, 7.3) tilt=3.699362 headed=False waiting=True height=2.869893 width=0.684967 head=(3.4, 0.9, 0.3) deadline=2.594123 
(Filename: E:\unity\Runtime/Export/Debug/Debug.bindings.h Line: 39)

BALANCE RETREAT low frame=20 body=(4.2, 1.7) ball=(4.6, -1.5) velocity=(3.5, 2.1) tilt=4.318938 headed=False waiting=False height=2.869893 width=0.684967 head=(4.2, 2.4, 0.3) deadline=2.194122 
(Filename: E:\unity\Runtime/Export/Debug/Debug.bindings.h Line: 39)

BALANCE RETREAT low frame=40 body=(5.2, 1.7) ball=(4.6, -1.5) velocity=(1.2, -1.9) tilt=-1.293399 headed=False waiting=False height=2.869893 width=0.684967 head=(5.3, 2.4, 0.3) deadline=1.794123 
(Filename: E:\unity\Runtime/Export/Debug/Debug.bindings.h Line: 39)

BALANCE RETREAT low frame=60 body=(5.3, 0.1) ball=(4.6, -1.5) velocity=(0.2, -5.9) tilt=5.797206 headed=False waiting=False height=2.869893 width=0.684967 head=(5.2, 0.8, 0.3) deadline=-18.04 
(Filename: E:\unity\Runtime/Export/Debug/Debug.bindings.h Line: 39)

BALANCE RETREAT low frame=80 body=(5.4, 0.1) ball=(4.6, -1.5) velocity=(-0.3, 0.9) tilt=10.70057 headed=False waiting=False height=2.869893 width=0.684967 head=(5.2, 0.8, 0.3) deadline=-18.44 
(Filename: E:\unity\Runtime/Export/Debug/Debug.bindings.h Line: 39)

BALANCE RETREAT low frame=100 body=(5.3, 0.1) ball=(4.5, -1.5) velocity=(-0.4, 0.0) tilt=8.250297 headed=False waiting=False height=2.869893 width=0.684967 head=(5.2, 0.8, 0.3) deadline=-18.84 
(Filename: E:\unity\Runtime/Export/Debug/Debug.bindings.h Line: 39)

BALANCE RETREAT low frame=120 body=(5.3, 0.1) ball=(4.3, -1.5) velocity=(-0.1, 0.1) tilt=12.83709 headed=False waiting=False height=2.869893 width=0.684967 head=(5.1, 0.7, 0.3) deadline=-19.24 
(Filename: E:\unity\Runtime/Export/Debug/Debug.bindings.h Line: 39)

BALANCE RETREAT low frame=140 body=(5.2, 0.1) ball=(4.0, -1.5) velocity=(-0.1, -0.4) tilt=10.82234 headed=False waiting=False height=2.869893 width=0.684967 head=(5.1, 0.7, 0.3) deadline=-19.64 
(Filename: E:\unity\Runtime/Export/Debug/Debug.bindings.h Line: 39)

BALANCE RETREAT low frame=160 body=(5.2, 0.1) ball=(3.8, -1.5) velocity=(0.0, 0.0) tilt=9.369569 headed=False waiting=False height=2.869893 width=0.684967 head=(5.0, 0.8, 0.3) deadline=-20.04 
(Filename: E:\unity\Runtime/Export/Debug/Debug.bindings.h Line: 39)

BALANCE RETREAT low frame=180 body=(5.2, 0.1) ball=(3.5, -1.5) velocity=(0.0, 0.0) tilt=8.499361 headed=False waiting=False height=2.869893 width=0.684967 head=(5.1, 0.8, 0.3) deadline=-20.44 
(Filename: E:\unity\Runtime/Export/Debug/Debug.bindings.h Line: 39)

BALANCE RETREAT low frame=200 body=(5.2, 0.1) ball=(3.2, -1.5) velocity=(0.0, 0.0) tilt=9.175546 headed=False waiting=False height=2.869893 width=0.684967 head=(5.0, 0.8, 0.3) deadline=-20.84 
(Filename: E:\unity\Runtime/Export/Debug/Debug.bindings.h Line: 39)

BALANCE PASS low gap=1.1 nearGoal=True falling=False no own goal during rescue 
(Filename: E:\unity\Runtime/Export/Debug/Debug.bindings.h Line: 39)

BALANCE PASS low gap=1.1 nearGoal=True falling=False all joints stay connected error=0.1271334 
(Filename: E:\unity\Runtime/Export/Debug/Debug.bindings.h Line: 39)

BALANCE PASS low gap=1.1 nearGoal=True falling=False native skeleton retained 
(Filename: E:\unity\Runtime/Export/Debug/Debug.bindings.h Line: 39)

BALANCE PASS low gap=1.1 nearGoal=True falling=False balanced after recovery tilt=9.282715 
(Filename: E:\unity\Runtime/Export/Debug/Debug.bindings.h Line: 39)

BALANCE PASS low gap=1.1 nearGoal=True falling=False native jump clears low ball 
(Filename: E:\unity\Runtime/Export/Debug/Debug.bindings.h Line: 39)

BALANCE PASS low gap=1.1 nearGoal=True falling=False reaches goal side of ball 
(Filename: E:\unity\Runtime/Export/Debug/Debug.bindings.h Line: 39)

BALANCE PASS low gap=1.1 nearGoal=True falling=False bounded auto action ended 
(Filename: E:\unity\Runtime/Export/Debug/Debug.bindings.h Line: 39)

Unloading 4 Unused Serialized files (Serialized files now loaded: 0)
UnloadTime: 0.261300 ms

Unloading 2 unused Assets to reduce memory usage. Loaded Objects now: 1058.
Total: 1.139900 ms (FindLiveObjects: 0.053000 ms CreateObjectMapping: 0.009000 ms MarkObjects: 0.207100 ms  DeleteObjects: 0.870600 ms)

BALANCE RETREAT head frame=0 body=(-2.0, 0.1) ball=(-0.2, 0.8) velocity=(0.1, 0.0) tilt=9.896849 headed=False waiting=False height=2.869893 width=0.684967 head=(-2.1, 0.7, 0.3) deadline=2.6 
(Filename: E:\unity\Runtime/Export/Debug/Debug.bindings.h Line: 39)

BALANCE RETREAT head frame=20 body=(-0.8, -0.5) ball=(-0.2, 0.8) velocity=(1.8, 0.0) tilt=-2.905491 headed=True waiting=True height=2.869893 width=0.684967 head=(-0.7, 0.2, 0.3) deadline=2.200001 
(Filename: E:\unity\Runtime/Export/Debug/Debug.bindings.h Line: 39)

BALANCE CLEARANCE (9.0, 4.3) 
(Filename: E:\unity\Runtime/Export/Debug/Debug.bindings.h Line: 39)

BALANCE RETREAT head frame=40 body=(-1.1, 0.1) ball=(1.4, 1.6) velocity=(-0.7, 0.6) tilt=22.04326 headed=True waiting=False height=2.869893 width=0.684967 head=(-1.4, 0.8, 0.3) deadline=-22.44 
(Filename: E:\unity\Runtime/Export/Debug/Debug.bindings.h Line: 39)

BALANCE RETREAT head frame=60 body=(-1.0, 0.1) ball=(5.0, 3.3) velocity=(0.7, -0.1) tilt=7.129 headed=True waiting=False height=2.869893 width=0.684967 head=(-1.1, 0.8, 0.3) deadline=-22.84 
(Filename: E:\unity\Runtime/Export/Debug/Debug.bindings.h Line: 39)

BALANCE RETREAT head frame=80 body=(-1.0, 0.1) ball=(8.6, 5.0) velocity=(-0.2, 0.0) tilt=8.084689 headed=False waiting=False height=2.869893 width=0.684967 head=(-1.1, 0.8, 0.3) deadline=-23.24 
(Filename: E:\unity\Runtime/Export/Debug/Debug.bindings.h Line: 39)

BALANCE RETREAT head frame=100 body=(-1.0, 0.1) ball=(6.8, 3.4) velocity=(0.1, 0.0) tilt=8.656584 headed=False waiting=False height=2.869893 width=0.684967 head=(-1.1, 0.8, 0.3) deadline=-23.64 
(Filename: E:\unity\Runtime/Export/Debug/Debug.bindings.h Line: 39)

BALANCE RETREAT head frame=120 body=(-1.0, 0.1) ball=(7.2, 4.0) velocity=(0.0, 0.0) tilt=7.71654 headed=False waiting=False height=2.869893 width=0.684967 head=(-1.1, 0.8, 0.3) deadline=-24.04 
(Filename: E:\unity\Runtime/Export/Debug/Debug.bindings.h Line: 39)

BALANCE RETREAT head frame=140 body=(-1.0, 0.1) ball=(8.4, 4.5) velocity=(-0.1, 0.0) tilt=8.760681 headed=False waiting=False height=2.869893 width=0.684967 head=(-1.1, 0.8, 0.3) deadline=-24.44 
(Filename: E:\unity\Runtime/Export/Debug/Debug.bindings.h Line: 39)

BALANCE RETREAT head frame=160 body=(-1.0, 0.1) ball=(8.1, 3.3) velocity=(0.1, 0.0) tilt=8.952136 headed=False waiting=False height=2.869893 width=0.684967 head=(-1.1, 0.8, 0.3) deadline=-24.84 
(Filename: E:\unity\Runtime/Export/Debug/Debug.bindings.h Line: 39)

BALANCE RETREAT head frame=180 body=(6.1, 0.1) ball=(3.6, 3.3) velocity=(0.0, -2.1) tilt=3.259451 headed=False waiting=False height=2.869893 width=0.684967 head=(6.0, 0.8, 0.3) deadline=-25.24 
(Filename: E:\unity\Runtime/Export/Debug/Debug.bindings.h Line: 39)

BALANCE RETREAT head frame=200 body=(6.0, 0.1) ball=(3.6, 3.3) velocity=(-0.1, -0.1) tilt=8.922694 headed=False waiting=False height=2.869893 width=0.684967 head=(5.9, 0.8, 0.3) deadline=-25.64 
(Filename: E:\unity\Runtime/Export/Debug/Debug.bindings.h Line: 39)

BALANCE PASS head gap=1.8 nearGoal=False falling=False no own goal during rescue 
(Filename: E:\unity\Runtime/Export/Debug/Debug.bindings.h Line: 39)

BALANCE PASS head gap=1.8 nearGoal=False falling=False all joints stay connected error=0.1334231 
(Filename: E:\unity\Runtime/Export/Debug/Debug.bindings.h Line: 39)

BALANCE PASS head gap=1.8 nearGoal=False falling=False native skeleton retained 
(Filename: E:\unity\Runtime/Export/Debug/Debug.bindings.h Line: 39)

BALANCE PASS head gap=1.8 nearGoal=False falling=False balanced after recovery tilt=11.36694 
(Filename: E:\unity\Runtime/Export/Debug/Debug.bindings.h Line: 39)

BALANCE PASS head gap=1.8 nearGoal=False falling=False real backward waist arch degrees=-62.92416 
(Filename: E:\unity\Runtime/Export/Debug/Debug.bindings.h Line: 39)

BALANCE PASS head gap=1.8 nearGoal=False falling=False native header and real safe-clearance collision count=1 
(Filename: E:\unity\Runtime/Export/Debug/Debug.bindings.h Line: 39)

BALANCE PASS head gap=1.8 nearGoal=False falling=False heads ball out or safely away 
(Filename: E:\unity\Runtime/Export/Debug/Debug.bindings.h Line: 39)

BALANCE PASS head gap=1.8 nearGoal=False falling=False bounded auto action ended 
(Filename: E:\unity\Runtime/Export/Debug/Debug.bindings.h Line: 39)

Unloading 4 Unused Serialized files (Serialized files now loaded: 0)
UnloadTime: 0.304700 ms

Unloading 4 unused Assets to reduce memory usage. Loaded Objects now: 1062.
Total: 0.866800 ms (FindLiveObjects: 0.069000 ms CreateObjectMapping: 0.008600 ms MarkObjects: 0.182700 ms  DeleteObjects: 0.606100 ms)

BALANCE RETREAT head frame=0 body=(3.5, 0.0) ball=(4.6, 0.8) velocity=(0.9, -0.5) tilt=12.21028 headed=False waiting=False height=2.869893 width=0.684967 head=(3.4, 0.7, 0.3) deadline=2.589005 
(Filename: E:\unity\Runtime/Export/Debug/Debug.bindings.h Line: 39)

BALANCE CLEARANCE (-7.2, 7.2) 
(Filename: E:\unity\Runtime/Export/Debug/Debug.bindings.h Line: 39)

BALANCE RETREAT head frame=20 body=(3.9, 0.1) ball=(3.3, 2.5) velocity=(-0.5, 1.7) tilt=-0.9610356 headed=True waiting=False height=2.869893 width=0.684967 head=(3.8, 0.8, 0.3) deadline=-26.8 
(Filename: E:\unity\Runtime/Export/Debug/Debug.bindings.h Line: 39)

BALANCE RETREAT head frame=40 body=(3.9, 0.1) ball=(1.2, 4.5) velocity=(0.0, 0.3) tilt=9.253238 headed=True waiting=False height=2.869893 width=0.684967 head=(3.7, 0.8, 0.3) deadline=-27.2 
(Filename: E:\unity\Runtime/Export/Debug/Debug.bindings.h Line: 39)

BALANCE RETREAT head frame=60 body=(3.9, 0.1) ball=(0.2, 2.1) velocity=(0.1, 0.0) tilt=9.604486 headed=True waiting=False height=2.869893 width=0.684967 head=(3.7, 0.8, 0.3) deadline=-27.6 
(Filename: E:\unity\Runtime/Export/Debug/Debug.bindings.h Line: 39)

BALANCE RETREAT head frame=80 body=(3.9, 0.1) ball=(-0.9, -0.4) velocity=(0.2, 0.0) tilt=8.583326 headed=True waiting=False height=2.869893 width=0.684967 head=(3.8, 0.8, 0.3) deadline=-28 
(Filename: E:\unity\Runtime/Export/Debug/Debug.bindings.h Line: 39)

BALANCE RETREAT head frame=100 body=(3.9, 0.1) ball=(-1.6, -0.5) velocity=(-0.1, 0.0) tilt=8.40647 headed=True waiting=False height=2.869893 width=0.684967 head=(3.8, 0.8, 0.3) deadline=-28.4 
(Filename: E:\unity\Runtime/Export/Debug/Debug.bindings.h Line: 39)

BALANCE RETREAT head frame=120 body=(3.9, 0.1) ball=(-2.0, 1.5) velocity=(0.0, 0.0) tilt=9.186138 headed=True waiting=False height=2.869893 width=0.684967 head=(3.8, 0.8, 0.3) deadline=-28.8 
(Filename: E:\unity\Runtime/Export/Debug/Debug.bindings.h Line: 39)

BALANCE RETREAT head frame=140 body=(3.9, 0.1) ball=(-2.3, 3.4) velocity=(0.1, 0.0) tilt=8.811027 headed=True waiting=False height=2.869893 width=0.684967 head=(3.8, 0.8, 0.3) deadline=-29.2 
(Filename: E:\unity\Runtime/Export/Debug/Debug.bindings.h Line: 39)

BALANCE RETREAT head frame=160 body=(3.9, 0.1) ball=(-2.6, 4.6) velocity=(0.0, 0.0) tilt=8.444532 headed=True waiting=False height=2.869893 width=0.684967 head=(3.8, 0.8, 0.3) deadline=-29.6 
(Filename: E:\unity\Runtime/Export/Debug/Debug.bindings.h Line: 39)

BALANCE RETREAT head frame=180 body=(3.9, 0.1) ball=(-2.8, 3.1) velocity=(0.0, 0.0) tilt=9.009853 headed=True waiting=False height=2.869893 width=0.684967 head=(3.8, 0.8, 0.3) deadline=-30 
(Filename: E:\unity\Runtime/Export/Debug/Debug.bindings.h Line: 39)

BALANCE RETREAT head frame=200 body=(3.9, 0.1) ball=(-2.9, 1.5) velocity=(0.1, 0.0) tilt=8.894656 headed=True waiting=False height=2.869893 width=0.684967 head=(3.8, 0.8, 0.3) deadline=-30.4 
(Filename: E:\unity\Runtime/Export/Debug/Debug.bindings.h Line: 39)

BALANCE PASS head gap=1.1 nearGoal=True falling=False no own goal during rescue 
(Filename: E:\unity\Runtime/Export/Debug/Debug.bindings.h Line: 39)

BALANCE PASS head gap=1.1 nearGoal=True falling=False all joints stay connected error=0.09217866 
(Filename: E:\unity\Runtime/Export/Debug/Debug.bindings.h Line: 39)

BALANCE PASS head gap=1.1 nearGoal=True falling=False native skeleton retained 
(Filename: E:\unity\Runtime/Export/Debug/Debug.bindings.h Line: 39)

BALANCE PASS head gap=1.1 nearGoal=True falling=False balanced after recovery tilt=9.088043 
(Filename: E:\unity\Runtime/Export/Debug/Debug.bindings.h Line: 39)

BALANCE PASS head gap=1.1 nearGoal=True falling=False real backward waist arch degrees=-27.28827 
(Filename: E:\unity\Runtime/Export/Debug/Debug.bindings.h Line: 39)

BALANCE PASS head gap=1.1 nearGoal=True falling=False native header and real safe-clearance collision count=1 
(Filename: E:\unity\Runtime/Export/Debug/Debug.bindings.h Line: 39)

BALANCE PASS head gap=1.1 nearGoal=True falling=False heads ball out or safely away 
(Filename: E:\unity\Runtime/Export/Debug/Debug.bindings.h Line: 39)

BALANCE PASS head gap=1.1 nearGoal=True falling=False bounded auto action ended 
(Filename: E:\unity\Runtime/Export/Debug/Debug.bindings.h Line: 39)

Unloading 4 Unused Serialized files (Serialized files now loaded: 0)
UnloadTime: 0.320000 ms

Unloading 3 unused Assets to reduce memory usage. Loaded Objects now: 1062.
Total: 1.329300 ms (FindLiveObjects: 0.042800 ms CreateObjectMapping: 0.010000 ms MarkObjects: 0.202100 ms  DeleteObjects: 1.074100 ms)

BALANCE RETREAT low frame=0 body=(-2.0, 0.1) ball=(-0.2, -1.5) velocity=(-0.2, 0.1) tilt=9.059408 headed=False waiting=True height=2.869893 width=0.684967 head=(-2.1, 0.7, 0.3) deadline=2.599998 
(Filename: E:\unity\Runtime/Export/Debug/Debug.bindings.h Line: 39)

BALANCE RETREAT low frame=20 body=(-1.0, 1.7) ball=(0.4, -1.5) velocity=(6.2, 2.4) tilt=0.7596246 headed=False waiting=False height=2.869893 width=0.684967 head=(-1.0, 2.4, 0.3) deadline=2.199999 
(Filename: E:\unity\Runtime/Export/Debug/Debug.bindings.h Line: 39)

BALANCE RETREAT low frame=40 body=(0.7, 1.8) ball=(0.9, -1.5) velocity=(3.2, -1.6) tilt=-1.294393 headed=False waiting=False height=2.869893 width=0.684967 head=(0.7, 2.5, 0.3) deadline=1.799999 
(Filename: E:\unity\Runtime/Export/Debug/Debug.bindings.h Line: 39)

BALANCE RETREAT low frame=60 body=(1.9, 0.4) ball=(1.4, -1.5) velocity=(0.0, -5.2) tilt=3.528512 headed=False waiting=True height=2.869893 width=0.684967 head=(1.9, 1.1, 0.3) deadline=1.399998 
(Filename: E:\unity\Runtime/Export/Debug/Debug.bindings.h Line: 39)

BALANCE RETREAT low frame=80 body=(1.9, 0.1) ball=(1.0, -1.5) velocity=(-0.2, 0.8) tilt=7.974668 headed=False waiting=False height=2.869893 width=0.684967 head=(1.8, 0.8, 0.3) deadline=-32.74 
(Filename: E:\unity\Runtime/Export/Debug/Debug.bindings.h Line: 39)

BALANCE RETREAT low frame=100 body=(1.9, 0.1) ball=(0.5, -1.5) velocity=(0.0, 0.0) tilt=8.34304 headed=False waiting=False height=2.869893 width=0.684967 head=(1.8, 0.8, 0.3) deadline=-33.14 
(Filename: E:\unity\Runtime/Export/Debug/Debug.bindings.h Line: 39)

BALANCE RETREAT low frame=120 body=(1.9, 0.1) ball=(0.0, -1.5) velocity=(0.0, 0.0) tilt=8.459459 headed=False waiting=False height=2.869893 width=0.684967 head=(1.8, 0.8, 0.3) deadline=-33.54 
(Filename: E:\unity\Runtime/Export/Debug/Debug.bindings.h Line: 39)

BALANCE RETREAT low frame=140 body=(1.9, 0.1) ball=(-0.5, -1.5) velocity=(0.0, 0.0) tilt=8.297794 headed=False waiting=False height=2.869893 width=0.684967 head=(1.8, 0.8, 0.3) deadline=-33.94 
(Filename: E:\unity\Runtime/Export/Debug/Debug.bindings.h Line: 39)

BALANCE RETREAT low frame=160 body=(1.9, 0.1) ball=(-1.0, -1.5) velocity=(0.0, 0.0) tilt=8.324371 headed=False waiting=False height=2.869893 width=0.684967 head=(1.8, 0.8, 0.3) deadline=-34.34 
(Filename: E:\unity\Runtime/Export/Debug/Debug.bindings.h Line: 39)

BALANCE RETREAT low frame=180 body=(1.9, 0.1) ball=(-1.5, -1.5) velocity=(0.0, 0.0) tilt=8.313905 headed=False waiting=False height=2.869893 width=0.684967 head=(1.8, 0.8, 0.3) deadline=-34.74 
(Filename: E:\unity\Runtime/Export/Debug/Debug.bindings.h Line: 39)

BALANCE RETREAT low frame=200 body=(1.9, 0.1) ball=(-1.9, -1.5) velocity=(0.0, 0.0) tilt=8.313255 headed=False waiting=False height=2.869893 width=0.684967 head=(1.8, 0.8, 0.3) deadline=-35.14 
(Filename: E:\unity\Runtime/Export/Debug/Debug.bindings.h Line: 39)

BALANCE PASS low gap=1.8 nearGoal=False falling=False no own goal during rescue 
(Filename: E:\unity\Runtime/Export/Debug/Debug.bindings.h Line: 39)

BALANCE PASS low gap=1.8 nearGoal=False falling=False all joints stay connected error=0.1611483 
(Filename: E:\unity\Runtime/Export/Debug/Debug.bindings.h Line: 39)

BALANCE PASS low gap=1.8 nearGoal=False falling=False native skeleton retained 
(Filename: E:\unity\Runtime/Export/Debug/Debug.bindings.h Line: 39)

BALANCE PASS low gap=1.8 nearGoal=False falling=False balanced after recovery tilt=8.324402 
(Filename: E:\unity\Runtime/Export/Debug/Debug.bindings.h Line: 39)

BALANCE PASS low gap=1.8 nearGoal=False falling=False native jump clears low ball 
(Filename: E:\unity\Runtime/Export/Debug/Debug.bindings.h Line: 39)

BALANCE PASS low gap=1.8 nearGoal=False falling=False reaches goal side of ball 
(Filename: E:\unity\Runtime/Export/Debug/Debug.bindings.h Line: 39)

BALANCE PASS low gap=1.8 nearGoal=False falling=False bounded auto action ended 
(Filename: E:\unity\Runtime/Export/Debug/Debug.bindings.h Line: 39)

Unloading 4 Unused Serialized files (Serialized files now loaded: 0)
UnloadTime: 0.336300 ms

Unloading 2 unused Assets to reduce memory usage. Loaded Objects now: 1058.
Total: 1.022400 ms (FindLiveObjects: 0.037300 ms CreateObjectMapping: 0.009600 ms MarkObjects: 0.260400 ms  DeleteObjects: 0.714800 ms)

BALANCE RETREAT head frame=0 body=(-2.0, 0.0) ball=(-0.2, 0.7) velocity=(0.5, -0.4) tilt=11.73277 headed=False waiting=False height=2.869893 width=0.684967 head=(-2.1, 0.7, 0.3) deadline=2.591614 
(Filename: E:\unity\Runtime/Export/Debug/Debug.bindings.h Line: 39)

BALANCE RETREAT head frame=20 body=(-1.3, 0.1) ball=(-0.2, -1.0) velocity=(-2.1, 2.9) tilt=-9.456678 headed=False waiting=True height=2.869893 width=0.684967 head=(-1.3, 0.8, 0.3) deadline=2.191612 
(Filename: E:\unity\Runtime/Export/Debug/Debug.bindings.h Line: 39)

BALANCE RETREAT head frame=40 body=(-1.4, 0.2) ball=(-0.2, -0.2) velocity=(0.2, -1.5) tilt=5.969375 headed=False waiting=True height=2.869893 width=0.684967 head=(-1.5, 0.9, 0.3) deadline=1.791611 
(Filename: E:\unity\Runtime/Export/Debug/Debug.bindings.h Line: 39)

BALANCE RETREAT head frame=60 body=(-1.1, 0.1) ball=(-0.2, 0.0) velocity=(0.7, 1.4) tilt=4.71156 headed=False waiting=False height=2.869893 width=0.684967 head=(-1.2, 0.8, 0.3) deadline=1.391613 
(Filename: E:\unity\Runtime/Export/Debug/Debug.bindings.h Line: 39)

BALANCE RETREAT head frame=80 body=(-1.1, 0.0) ball=(-0.2, -1.3) velocity=(0.2, -0.3) tilt=7.358395 headed=False waiting=True height=2.869893 width=0.684967 head=(-1.2, 0.7, 0.3) deadline=0.9916115 
(Filename: E:\unity\Runtime/Export/Debug/Debug.bindings.h Line: 39)

BALANCE RETREAT head frame=100 body=(-1.1, 0.2) ball=(-0.2, -0.6) velocity=(-0.2, 7.2) tilt=1.896472 headed=False waiting=True height=2.869893 width=0.684967 head=(-1.2, 0.9, 0.3) deadline=1.482986 
(Filename: E:\unity\Runtime/Export/Debug/Debug.bindings.h Line: 39)

BALANCE RETREAT head frame=120 body=(-1.0, 1.7) ball=(-0.2, -0.9) velocity=(1.9, 2.1) tilt=3.052773 headed=False waiting=False height=2.869893 width=0.684967 head=(-1.0, 2.4, 0.3) deadline=1.082985 
(Filename: E:\unity\Runtime/Export/Debug/Debug.bindings.h Line: 39)

BALANCE RETREAT head frame=140 body=(0.1, 1.7) ball=(-0.2, -1.0) velocity=(3.1, -1.9) tilt=0.5644805 headed=False waiting=False height=2.869893 width=0.684967 head=(0.1, 2.4, 0.3) deadline=0.6829834 
(Filename: E:\unity\Runtime/Export/Debug/Debug.bindings.h Line: 39)

BALANCE RETREAT head frame=160 body=(0.5, 0.1) ball=(-0.2, -1.3) velocity=(0.2, -5.8) tilt=1.111258 headed=False waiting=True height=2.869893 width=0.684967 head=(0.5, 0.8, 0.3) deadline=0.2829857 
(Filename: E:\unity\Runtime/Export/Debug/Debug.bindings.h Line: 39)

BALANCE RETREAT head frame=180 body=(0.5, 0.1) ball=(-0.9, -1.4) velocity=(-0.9, 0.3) tilt=3.615883 headed=False waiting=False height=2.869893 width=0.684967 head=(0.4, 0.8, 0.3) deadline=-39.5 
(Filename: E:\unity\Runtime/Export/Debug/Debug.bindings.h Line: 39)

BALANCE RETREAT head frame=200 body=(0.5, 0.1) ball=(-2.0, -1.5) velocity=(0.2, -0.1) tilt=7.058405 headed=False waiting=False height=2.869893 width=0.684967 head=(0.4, 0.8, 0.3) deadline=-39.9 
(Filename: E:\unity\Runtime/Export/Debug/Debug.bindings.h Line: 39)

BALANCE PASS head gap=1.8 nearGoal=False falling=True no own goal during rescue 
(Filename: E:\unity\Runtime/Export/Debug/Debug.bindings.h Line: 39)

BALANCE PASS head gap=1.8 nearGoal=False falling=True all joints stay connected error=0.09847879 
(Filename: E:\unity\Runtime/Export/Debug/Debug.bindings.h Line: 39)

BALANCE PASS head gap=1.8 nearGoal=False falling=True native skeleton retained 
(Filename: E:\unity\Runtime/Export/Debug/Debug.bindings.h Line: 39)

BALANCE PASS head gap=1.8 nearGoal=False falling=True balanced after recovery tilt=10.66718 
(Filename: E:\unity\Runtime/Export/Debug/Debug.bindings.h Line: 39)

BALANCE PASS head gap=1.8 nearGoal=False falling=True native header and real safe-clearance collision count=0 
(Filename: E:\unity\Runtime/Export/Debug/Debug.bindings.h Line: 39)

BALANCE PASS head gap=1.8 nearGoal=False falling=True heads ball out or safely away 
(Filename: E:\unity\Runtime/Export/Debug/Debug.bindings.h Line: 39)

BALANCE PASS head gap=1.8 nearGoal=False falling=True bounded auto action ended 
(Filename: E:\unity\Runtime/Export/Debug/Debug.bindings.h Line: 39)

Unloading 4 Unused Serialized files (Serialized files now loaded: 0)
UnloadTime: 0.314500 ms

Unloading 3 unused Assets to reduce memory usage. Loaded Objects now: 1058.
Total: 1.336400 ms (FindLiveObjects: 0.043400 ms CreateObjectMapping: 0.011700 ms MarkObjects: 0.302300 ms  DeleteObjects: 0.978500 ms)

BALANCE RETREAT high frame=0 body=(-2.0, 0.1) ball=(0.0, 2.9) velocity=(0.0, 0.2) tilt=8.999311 headed=False waiting=False height=2.869893 width=0.684967 head=(-2.1, 0.7, 0.3) deadline=2.592426 
(Filename: E:\unity\Runtime/Export/Debug/Debug.bindings.h Line: 39)

BALANCE RETREAT high frame=20 body=(-0.8, -0.6) ball=(0.0, 2.9) velocity=(3.3, -2.0) tilt=8.960018 headed=False waiting=False height=2.869893 width=0.684967 head=(-0.9, 0.1, 0.3) deadline=2.192429 
(Filename: E:\unity\Runtime/Export/Debug/Debug.bindings.h Line: 39)

BALANCE RETREAT high frame=40 body=(0.4, -0.9) ball=(0.0, 2.9) velocity=(2.8, -0.1) tilt=7.349761 headed=False waiting=False height=2.869893 width=0.684967 head=(0.3, -0.2, 0.3) deadline=1.792427 
(Filename: E:\unity\Runtime/Export/Debug/Debug.bindings.h Line: 39)

BALANCE RETREAT high frame=60 body=(0.6, -0.4) ball=(0.0, 2.9) velocity=(-1.2, 5.8) tilt=21.14844 headed=False waiting=False height=2.869893 width=0.684967 head=(0.5, 0.3, 0.3) deadline=-41.86 
(Filename: E:\unity\Runtime/Export/Debug/Debug.bindings.h Line: 39)

BALANCE RETREAT high frame=80 body=(0.4, 1.2) ball=(0.0, 2.9) velocity=(-0.1, 1.7) tilt=6.700103 headed=False waiting=False height=2.869893 width=0.684967 head=(0.3, 1.9, 0.3) deadline=-42.26 
(Filename: E:\unity\Runtime/Export/Debug/Debug.bindings.h Line: 39)

BALANCE RETREAT high frame=100 body=(0.5, 1.1) ball=(0.0, 2.9) velocity=(-0.1, -2.1) tilt=5.429869 headed=False waiting=False height=2.869893 width=0.684967 head=(0.3, 1.8, 0.3) deadline=-42.66 
(Filename: E:\unity\Runtime/Export/Debug/Debug.bindings.h Line: 39)

BALANCE RETREAT high frame=120 body=(0.5, 0.0) ball=(0.0, 2.9) velocity=(-0.4, 0.2) tilt=27.89606 headed=False waiting=False height=2.869893 width=0.684967 head=(0.2, 0.6, 0.3) deadline=-43.06 
(Filename: E:\unity\Runtime/Export/Debug/Debug.bindings.h Line: 39)

BALANCE RETREAT high frame=140 body=(0.3, 0.1) ball=(0.0, 2.9) velocity=(-0.5, -0.1) tilt=7.249872 headed=False waiting=False height=2.869893 width=0.684967 head=(0.1, 0.8, 0.3) deadline=-43.46 
(Filename: E:\unity\Runtime/Export/Debug/Debug.bindings.h Line: 39)

BALANCE RETREAT high frame=160 body=(0.2, 0.1) ball=(0.0, 2.9) velocity=(0.3, 0.0) tilt=9.764536 headed=False waiting=False height=2.869893 width=0.684967 head=(0.0, 0.8, 0.3) deadline=-43.86 
(Filename: E:\unity\Runtime/Export/Debug/Debug.bindings.h Line: 39)

BALANCE RETREAT high frame=180 body=(0.3, 0.1) ball=(0.0, 2.9) velocity=(0.2, 0.0) tilt=6.704765 headed=False waiting=False height=2.869893 width=0.684967 head=(0.2, 0.8, 0.3) deadline=-44.26 
(Filename: E:\unity\Runtime/Export/Debug/Debug.bindings.h Line: 39)

BALANCE RETREAT high frame=200 body=(0.2, 0.1) ball=(0.0, 2.9) velocity=(-0.3, 0.0) tilt=8.533237 headed=False waiting=False height=2.869893 width=0.684967 head=(0.1, 0.8, 0.3) deadline=-44.66 
(Filename: E:\unity\Runtime/Export/Debug/Debug.bindings.h Line: 39)

BALANCE PASS high gap=2 nearGoal=False falling=False no own goal during rescue 
(Filename: E:\unity\Runtime/Export/Debug/Debug.bindings.h Line: 39)

BALANCE PASS high gap=2 nearGoal=False falling=False all joints stay connected error=0.06701871 
(Filename: E:\unity\Runtime/Export/Debug/Debug.bindings.h Line: 39)

BALANCE PASS high gap=2 nearGoal=False falling=False native skeleton retained 
(Filename: E:\unity\Runtime/Export/Debug/Debug.bindings.h Line: 39)

BALANCE PASS high gap=2 nearGoal=False falling=False balanced after recovery tilt=9.970703 
(Filename: E:\unity\Runtime/Export/Debug/Debug.bindings.h Line: 39)

BALANCE PASS high gap=2 nearGoal=False falling=False above-height ball does not request header 
(Filename: E:\unity\Runtime/Export/Debug/Debug.bindings.h Line: 39)

BALANCE PASS high gap=2 nearGoal=False falling=False high ball keeps ground running 
(Filename: E:\unity\Runtime/Export/Debug/Debug.bindings.h Line: 39)

BALANCE PASS high gap=2 nearGoal=False falling=False fast ground run reaches goal side peak=3.544064 
(Filename: E:\unity\Runtime/Export/Debug/Debug.bindings.h Line: 39)

BALANCE PASS high gap=2 nearGoal=False falling=False bounded auto action ended 
(Filename: E:\unity\Runtime/Export/Debug/Debug.bindings.h Line: 39)

Unloading 4 Unused Serialized files (Serialized files now loaded: 0)
UnloadTime: 0.277500 ms

Unloading 2 unused Assets to reduce memory usage. Loaded Objects now: 1058.
Total: 1.153100 ms (FindLiveObjects: 0.055100 ms CreateObjectMapping: 0.017000 ms MarkObjects: 0.180700 ms  DeleteObjects: 0.900100 ms)

BALANCE RETREAT high frame=0 body=(2.6, 0.0) ball=(4.6, 2.8) velocity=(0.9, -0.5) tilt=12.21048 headed=False waiting=False height=2.869893 width=0.684967 head=(2.5, 0.7, 0.3) deadline=2.591248 
(Filename: E:\unity\Runtime/Export/Debug/Debug.bindings.h Line: 39)

BALANCE RETREAT high frame=20 body=(3.4, 0.0) ball=(4.6, 1.1) velocity=(-1.6, 4.2) tilt=-7.714345 headed=False waiting=True height=2.869893 width=0.684967 head=(3.4, 0.7, 0.3) deadline=2.191246 
(Filename: E:\unity\Runtime/Export/Debug/Debug.bindings.h Line: 39)

BALANCE RETREAT high frame=40 body=(3.7, 0.4) ball=(4.6, -1.1) velocity=(0.9, -0.8) tilt=8.908233 headed=False waiting=True height=2.869893 width=0.684967 head=(3.6, 1.1, 0.3) deadline=1.791248 
(Filename: E:\unity\Runtime/Export/Debug/Debug.bindings.h Line: 39)

BALANCE RETREAT high frame=60 body=(3.9, 0.0) ball=(4.6, 0.9) velocity=(2.7, -0.8) tilt=22.69236 headed=False waiting=False height=2.869893 width=0.684967 head=(3.7, 0.6, 0.3) deadline=1.391247 
(Filename: E:\unity\Runtime/Export/Debug/Debug.bindings.h Line: 39)

BALANCE RETREAT high frame=80 body=(5.2, -0.6) ball=(4.6, 1.3) velocity=(2.0, -1.7) tilt=10.2659 headed=False waiting=False height=2.869893 width=0.684967 head=(5.0, 0.1, 0.3) deadline=0.9912453 
(Filename: E:\unity\Runtime/Export/Debug/Debug.bindings.h Line: 39)

BALANCE RETREAT high frame=100 body=(5.1, 0.2) ball=(4.3, 0.3) velocity=(-0.8, 1.4) tilt=-1.484047 headed=False waiting=False height=2.869893 width=0.684967 head=(5.1, 0.9, 0.3) deadline=-47.42 
(Filename: E:\unity\Runtime/Export/Debug/Debug.bindings.h Line: 39)

BALANCE RETREAT high frame=120 body=(5.2, 0.1) ball=(3.6, -1.3) velocity=(0.0, 0.1) tilt=12.78747 headed=False waiting=False height=2.869893 width=0.684967 head=(5.0, 0.7, 0.3) deadline=-47.82 
(Filename: E:\unity\Runtime/Export/Debug/Debug.bindings.h Line: 39)

BALANCE RETREAT high frame=140 body=(5.1, 0.1) ball=(2.8, -0.1) velocity=(-0.1, 0.0) tilt=9.260647 headed=False waiting=False height=2.869893 width=0.684967 head=(5.0, 0.8, 0.3) deadline=-48.22 
(Filename: E:\unity\Runtime/Export/Debug/Debug.bindings.h Line: 39)

BALANCE RETREAT high frame=160 body=(5.1, 0.1) ball=(2.1, -0.4) velocity=(0.0, 0.0) tilt=9.129353 headed=False waiting=False height=2.869893 width=0.684967 head=(5.0, 0.8, 0.3) deadline=-48.62 
(Filename: E:\unity\Runtime/Export/Debug/Debug.bindings.h Line: 39)

BALANCE RETREAT high frame=180 body=(5.1, 0.1) ball=(1.3, -1.0) velocity=(0.0, 0.0) tilt=9.121222 headed=False waiting=False height=2.869893 width=0.684967 head=(5.0, 0.8, 0.3) deadline=-49.02 
(Filename: E:\unity\Runtime/Export/Debug/Debug.bindings.h Line: 39)

BALANCE RETREAT high frame=200 body=(5.1, 0.1) ball=(0.6, -0.6) velocity=(0.0, 0.0) tilt=9.044762 headed=False waiting=False height=2.869893 width=0.684967 head=(5.0, 0.8, 0.3) deadline=-49.42 
(Filename: E:\unity\Runtime/Export/Debug/Debug.bindings.h Line: 39)

BALANCE PASS high gap=2 nearGoal=True falling=True no own goal during rescue 
(Filename: E:\unity\Runtime/Export/Debug/Debug.bindings.h Line: 39)

BALANCE PASS high gap=2 nearGoal=True falling=True all joints stay connected error=0.09347203 
(Filename: E:\unity\Runtime/Export/Debug/Debug.bindings.h Line: 39)

BALANCE PASS high gap=2 nearGoal=True falling=True native skeleton retained 
(Filename: E:\unity\Runtime/Export/Debug/Debug.bindings.h Line: 39)

BALANCE PASS high gap=2 nearGoal=True falling=True balanced after recovery tilt=9.101654 
(Filename: E:\unity\Runtime/Export/Debug/Debug.bindings.h Line: 39)

BALANCE PASS high gap=2 nearGoal=True falling=True bounded auto action ended 
(Filename: E:\unity\Runtime/Export/Debug/Debug.bindings.h Line: 39)

BALANCE COMPLETE checks=102 failures=0 
(Filename: E:\unity\Runtime/Export/Debug/Debug.bindings.h Line: 39)

Setting up 12 worker threads for Enlighten.
  Thread -> id: 7a44 -> priority: 1 
  Thread -> id: 27d4 -> priority: 1 
  Thread -> id: 84f0 -> priority: 1 
  Thread -> id: 3868 -> priority: 1 
  Thread -> id: 9548 -> priority: 1 
  Thread -> id: 6d8c -> priority: 1 
  Thread -> id: 78d4 -> priority: 1 
  Thread -> id: 2118 -> priority: 1 
  Thread -> id: 32ec -> priority: 1 
  Thread -> id: 410 -> priority: 1 
  Thread -> id: 31a8 -> priority: 1 
  Thread -> id: 5068 -> priority: 1 
Curl error 42: Callback aborted
 
(Filename:  Line: 867)

