Process is running in low integrity mode...
Mono path[0] = 'C:/Users/Alienware/OneDrive/文档/范志毅VS赵鹏/范志毅VS赵鹏 PC双人版（32位）/鑼冨織姣匳S璧甸箯 PC鍙屼汉鐗堬紙32浣嶏級/AI Mod Source/build/rescue-balance-test-player-original/FanZhiYi_Data/Managed'
Mono config path = 'C:/Users/Alienware/OneDrive/文档/范志毅VS赵鹏/范志毅VS赵鹏 PC双人版（32位）/鑼冨織姣匳S璧甸箯 PC鍙屼汉鐗堬紙32浣嶏級/AI Mod Source/build/rescue-balance-test-player-original/MonoBleedingEdge/etc'
AS: AutoStreaming module initializing.Initialize engine version: 2019.4.33f1c1 (c2f94a8bebb3)
[Subsystems] Discovering subsystems at path C:/Users/Alienware/OneDrive/文档/范志毅VS赵鹏/范志毅VS赵鹏 PC双人版（32位）/鑼冨織姣匳S璧甸箯 PC鍙屼汉鐗堬紙32浣嶏級/AI Mod Source/build/rescue-balance-test-player-original/FanZhiYi_Data/UnitySubsystems
GfxDevice: creating device client; threaded=1
Direct3D:
    Version:  Direct3D 11.0 [level 11.1]
    Renderer: NVIDIA GeForce RTX 5070 Laptop GPU (ID=0x2d58)
    Vendor:   (null)
    VRAM:     3072 MB
Begin MonoManager ReloadAssembly
- Completed reload, in  0.190 seconds
<RI> Initializing input.
<RI> Input initialized.
<RI> Initialized touch support.
UnloadTime: 0.561200 ms
Curl error 7: Failed to connect to 127.0.0.1 port 7897: Bad access
 
(Filename:  Line: 867)

Curl error 7: Failed to connect to 127.0.0.1 port 7897: Bad access
 
(Filename:  Line: 867)

Curl error 7: Failed to connect to 127.0.0.1 port 7897: Bad access
 
(Filename:  Line: 867)

Curl error 7: Failed to connect to 127.0.0.1 port 7897: Bad access
 
(Filename:  Line: 867)

Unloading 5 Unused Serialized files (Serialized files now loaded: 0)
UnloadTime: 0.188700 ms

Unloading 143 unused Assets to reduce memory usage. Loaded Objects now: 1009.
Total: 0.788100 ms (FindLiveObjects: 0.047300 ms CreateObjectMapping: 0.011700 ms MarkObjects: 0.265800 ms  DeleteObjects: 0.462900 ms)

MAGNETIC MUSCLE 6 L_Up_Leg 
(Filename: E:\unity\Runtime/Export/Debug/Debug.bindings.h Line: 39)

MAGNETIC MUSCLE 7 L_LowLeg 
(Filename: E:\unity\Runtime/Export/Debug/Debug.bindings.h Line: 39)

MAGNETIC MUSCLE 8 R_Up_Leg 
(Filename: E:\unity\Runtime/Export/Debug/Debug.bindings.h Line: 39)

MAGNETIC MUSCLE 9 R_LowLeg 
(Filename: E:\unity\Runtime/Export/Debug/Debug.bindings.h Line: 39)

MAGNETIC PASS classic has no magnetic skill 
(Filename: E:\unity\Runtime/Export/Debug/Debug.bindings.h Line: 39)

MAGNETIC PASS classic forward speed remains unchanged 
(Filename: E:\unity\Runtime/Export/Debug/Debug.bindings.h Line: 39)

MAGNETIC PASS classic native shooting rate 
(Filename: E:\unity\Runtime/Export/Debug/Debug.bindings.h Line: 39)

Unloading 4 Unused Serialized files (Serialized files now loaded: 0)
UnloadTime: 0.500000 ms

Unloading 37 unused Assets to reduce memory usage. Loaded Objects now: 1051.
Total: 1.707800 ms (FindLiveObjects: 0.047400 ms CreateObjectMapping: 0.011400 ms MarkObjects: 0.414600 ms  DeleteObjects: 1.234100 ms)

MAGNETIC MUSCLE 6 L_Up_Leg 
(Filename: E:\unity\Runtime/Export/Debug/Debug.bindings.h Line: 39)

MAGNETIC MUSCLE 7 L_LowLeg 
(Filename: E:\unity\Runtime/Export/Debug/Debug.bindings.h Line: 39)

MAGNETIC MUSCLE 8 R_Up_Leg 
(Filename: E:\unity\Runtime/Export/Debug/Debug.bindings.h Line: 39)

MAGNETIC MUSCLE 9 R_LowLeg 
(Filename: E:\unity\Runtime/Export/Debug/Debug.bindings.h Line: 39)

Curl error 7: Failed to connect to 127.0.0.1 port 7897: Bad access
 
(Filename:  Line: 867)

MAGNETIC PASS only Zhao receives skill 
(Filename: E:\unity\Runtime/Export/Debug/Debug.bindings.h Line: 39)

MAGNETIC PASS distant ball never triggers skill 
(Filename: E:\unity\Runtime/Export/Debug/Debug.bindings.h Line: 39)

MAGNETIC PASS inactive forward speed stays at baseline 
(Filename: E:\unity\Runtime/Export/Debug/Debug.bindings.h Line: 39)

MAGNETIC PASS backward speed stays unchanged 
(Filename: E:\unity\Runtime/Export/Debug/Debug.bindings.h Line: 39)

MAGNETIC PASS no attraction or remote ball motion 
(Filename: E:\unity\Runtime/Export/Debug/Debug.bindings.h Line: 39)

MAGNETIC PASS behind ball not retrieved 
(Filename: E:\unity\Runtime/Export/Debug/Debug.bindings.h Line: 39)

MAGNETIC PASS explicit Kick releases technique 
(Filename: E:\unity\Runtime/Export/Debug/Debug.bindings.h Line: 39)

MAGNETIC PASS removed old +25% quick shot acceleration 
(Filename: E:\unity\Runtime/Export/Debug/Debug.bindings.h Line: 39)

MAGNETIC PASS explicit Head releases technique 
(Filename: E:\unity\Runtime/Export/Debug/Debug.bindings.h Line: 39)

MAGNETIC PASS explicit Jump releases technique 
(Filename: E:\unity\Runtime/Export/Debug/Debug.bindings.h Line: 39)

MAGNETIC PASS pause releases foot 
(Filename: E:\unity\Runtime/Export/Debug/Debug.bindings.h Line: 39)

MAGNETIC PASS goal/out stopping releases foot 
(Filename: E:\unity\Runtime/Export/Debug/Debug.bindings.h Line: 39)

MAGNETIC PASS round reset releases foot 
(Filename: E:\unity\Runtime/Export/Debug/Debug.bindings.h Line: 39)

MAGNETIC PASS native leg gains restored after reset 
(Filename: E:\unity\Runtime/Export/Debug/Debug.bindings.h Line: 39)

MAGNETIC PASS no ball tether or added skeleton joints 
(Filename: E:\unity\Runtime/Export/Debug/Debug.bindings.h Line: 39)

MAGNETIC PASS fast incoming shot cannot be magically caught 
(Filename: E:\unity\Runtime/Export/Debug/Debug.bindings.h Line: 39)

Unloading 4 Unused Serialized files (Serialized files now loaded: 0)
UnloadTime: 1.045700 ms

Unloading 2 unused Assets to reduce memory usage. Loaded Objects now: 1061.
Total: 2.295100 ms (FindLiveObjects: 0.081600 ms CreateObjectMapping: 0.021100 ms MarkObjects: 0.405700 ms  DeleteObjects: 1.786100 ms)

MAGNETIC MUSCLE 6 L_Up_Leg 
(Filename: E:\unity\Runtime/Export/Debug/Debug.bindings.h Line: 39)

MAGNETIC MUSCLE 7 L_LowLeg 
(Filename: E:\unity\Runtime/Export/Debug/Debug.bindings.h Line: 39)

MAGNETIC MUSCLE 8 R_Up_Leg 
(Filename: E:\unity\Runtime/Export/Debug/Debug.bindings.h Line: 39)

MAGNETIC MUSCLE 9 R_LowLeg 
(Filename: E:\unity\Runtime/Export/Debug/Debug.bindings.h Line: 39)

MAGNETIC TRACE dribble i=0 ahead=0.6252578 ball=(1.3, -1.5) velocity=(0.0, 0.0) active=True legs=14.5783,3.090121 targets=15.13808,0 scale=(0.8, 0.8, 1.0) 
(Filename: E:\unity\Runtime/Export/Debug/Debug.bindings.h Line: 39)

MAGNETIC TRACE dribble i=10 ahead=0.5552007 ball=(1.2, -1.5) velocity=(-1.1, 0.0) active=True legs=28.92748,6.080884 targets=22,0 scale=(0.8, 0.8, 1.0) 
(Filename: E:\unity\Runtime/Export/Debug/Debug.bindings.h Line: 39)

MAGNETIC TRACE dribble i=20 ahead=0.5347021 ball=(0.9, -1.5) velocity=(-1.8, 0.0) active=True legs=27.57246,18.97535 targets=22,0 scale=(0.8, 0.8, 1.0) 
(Filename: E:\unity\Runtime/Export/Debug/Debug.bindings.h Line: 39)

MAGNETIC TRACE dribble i=30 ahead=0.6363444 ball=(0.5, -1.5) velocity=(-2.5, 0.0) active=True legs=20.55276,29.51346 targets=20.80439,0 scale=(0.8, 0.8, 1.0) 
(Filename: E:\unity\Runtime/Export/Debug/Debug.bindings.h Line: 39)

MAGNETIC TRACE dribble i=40 ahead=0.8264455 ball=(0.0, -1.5) velocity=(-2.4, 0.0) active=True legs=8.772911,38.6759 targets=-3.265747,0 scale=(0.8, 0.8, 1.0) 
(Filename: E:\unity\Runtime/Export/Debug/Debug.bindings.h Line: 39)

MAGNETIC TRACE dribble i=50 ahead=1.125381 ball=(-0.5, -1.5) velocity=(-2.4, 0.0) active=False legs=1.697693,47.13783 targets=12.87898,5.918072 scale=(0.8, 0.8, 1.0) 
(Filename: E:\unity\Runtime/Export/Debug/Debug.bindings.h Line: 39)

MAGNETIC TRACE dribble i=60 ahead=1.22255 ball=(-1.0, -1.5) velocity=(-2.4, 0.0) active=False legs=26.0256,-17.05119 targets=16.47272,7.957757 scale=(0.8, 0.8, 1.0) 
(Filename: E:\unity\Runtime/Export/Debug/Debug.bindings.h Line: 39)

MAGNETIC TRACE dribble i=70 ahead=0.9793463 ball=(-1.5, -1.5) velocity=(-2.4, 0.0) active=False legs=-14.14804,15.68594 targets=11.98473,5.410521 scale=(0.8, 0.8, 1.0) 
(Filename: E:\unity\Runtime/Export/Debug/Debug.bindings.h Line: 39)

MAGNETIC PASS multiple real eligible magnetic forward samples dribble 
(Filename: E:\unity\Runtime/Export/Debug/Debug.bindings.h Line: 39)

MAGNETIC PASS active magnetic forward cap equals Fan without sprint dribble 
(Filename: E:\unity\Runtime/Export/Debug/Debug.bindings.h Line: 39)

MAGNETIC PASS active ordinary movement force equals Fan; contest pressure retained dribble 
(Filename: E:\unity\Runtime/Export/Debug/Debug.bindings.h Line: 39)

MAGNETIC SPEED scenario=dribble maxActiveSpeed=2.018322 fanLimit=4 
(Filename: E:\unity\Runtime/Export/Debug/Debug.bindings.h Line: 39)

MAGNETIC RUN dribble minAhead=0.5264331 maxGap=1.285247 active=43 contacts=21 tilt=29.8797 error=0.02318957 travel=-3.185679 
(Filename: E:\unity\Runtime/Export/Debug/Debug.bindings.h Line: 39)

MAGNETIC PASS technique activates on nearby ball dribble 
(Filename: E:\unity\Runtime/Export/Debug/Debug.bindings.h Line: 39)

MAGNETIC PASS physical instep contact dribble 
(Filename: E:\unity\Runtime/Export/Debug/Debug.bindings.h Line: 39)

MAGNETIC PASS never stamps ball behind own body dribble ahead=0.5264331 
(Filename: E:\unity\Runtime/Export/Debug/Debug.bindings.h Line: 39)

MAGNETIC PASS connected skeleton dribble error=0.02318957 
(Filename: E:\unity\Runtime/Export/Debug/Debug.bindings.h Line: 39)

MAGNETIC PASS torso follows native posture dribble deviation=29.8797 
(Filename: E:\unity\Runtime/Export/Debug/Debug.bindings.h Line: 39)

MAGNETIC PASS magnetic foot animation appears dribble 
(Filename: E:\unity\Runtime/Export/Debug/Debug.bindings.h Line: 39)

MAGNETIC PASS dribbles through real movement dribble 
(Filename: E:\unity\Runtime/Export/Debug/Debug.bindings.h Line: 39)

MAGNETIC PASS support leg prevents deep kneeling dribble crouch=0.2582484 
(Filename: E:\unity\Runtime/Export/Debug/Debug.bindings.h Line: 39)

MAGNETIC PASS knees do not fold onto thighs dribble bend=81.62644 
(Filename: E:\unity\Runtime/Export/Debug/Debug.bindings.h Line: 39)

Unloading 4 Unused Serialized files (Serialized files now loaded: 0)
UnloadTime: 0.402600 ms

Unloading 2 unused Assets to reduce memory usage. Loaded Objects now: 1058.
Total: 1.836900 ms (FindLiveObjects: 0.049600 ms CreateObjectMapping: 0.011900 ms MarkObjects: 0.272700 ms  DeleteObjects: 1.502400 ms)

MAGNETIC MUSCLE 6 L_Up_Leg 
(Filename: E:\unity\Runtime/Export/Debug/Debug.bindings.h Line: 39)

MAGNETIC MUSCLE 7 L_LowLeg 
(Filename: E:\unity\Runtime/Export/Debug/Debug.bindings.h Line: 39)

MAGNETIC MUSCLE 8 R_Up_Leg 
(Filename: E:\unity\Runtime/Export/Debug/Debug.bindings.h Line: 39)

MAGNETIC MUSCLE 9 R_LowLeg 
(Filename: E:\unity\Runtime/Export/Debug/Debug.bindings.h Line: 39)

MAGNETIC TRACE dribble-close i=0 ahead=0.5197084 ball=(1.4, -1.5) velocity=(0.0, 0.0) active=True legs=23.04457,1.039866 targets=15.74486,0 scale=(0.8, 0.8, 1.0) 
(Filename: E:\unity\Runtime/Export/Debug/Debug.bindings.h Line: 39)

MAGNETIC TRACE dribble-close i=10 ahead=0.5701417 ball=(1.3, -1.5) velocity=(-1.5, 0.0) active=True legs=24.69082,2.306644 targets=21.6202,0 scale=(0.8, 0.8, 1.0) 
(Filename: E:\unity\Runtime/Export/Debug/Debug.bindings.h Line: 39)

MAGNETIC TRACE dribble-close i=20 ahead=0.5899383 ball=(0.9, -1.5) velocity=(-2.0, 0.0) active=True legs=21.80814,20.28987 targets=20.59984,0 scale=(0.8, 0.8, 1.0) 
(Filename: E:\unity\Runtime/Export/Debug/Debug.bindings.h Line: 39)

MAGNETIC TRACE dribble-close i=30 ahead=0.6244078 ball=(0.4, -1.5) velocity=(-2.5, 0.0) active=True legs=21.77372,26.62918 targets=20.48067,0 scale=(0.8, 0.8, 1.0) 
(Filename: E:\unity\Runtime/Export/Debug/Debug.bindings.h Line: 39)

MAGNETIC TRACE dribble-close i=40 ahead=0.7282181 ball=(-0.1, -1.5) velocity=(-2.5, 0.0) active=True legs=22.58761,39.15208 targets=10.31955,0 scale=(0.8, 0.8, 1.0) 
(Filename: E:\unity\Runtime/Export/Debug/Debug.bindings.h Line: 39)

MAGNETIC TRACE dribble-close i=50 ahead=0.9887601 ball=(-0.6, -1.5) velocity=(-2.5, 0.0) active=False legs=6.760811,47.78623 targets=13.20538,6.103323 scale=(0.8, 0.8, 1.0) 
(Filename: E:\unity\Runtime/Export/Debug/Debug.bindings.h Line: 39)

MAGNETIC TRACE dribble-close i=60 ahead=1.094431 ball=(-1.1, -1.5) velocity=(-2.5, 0.0) active=False legs=24.51144,-15.89919 targets=16.31532,7.868423 scale=(0.8, 0.8, 1.0) 
(Filename: E:\unity\Runtime/Export/Debug/Debug.bindings.h Line: 39)

MAGNETIC TRACE dribble-close i=70 ahead=0.8757376 ball=(-1.6, -1.5) velocity=(-1.2, 0.0) active=False legs=-24.28567,11.43836 targets=11.83613,5.32618 scale=(0.8, 0.8, 1.0) 
(Filename: E:\unity\Runtime/Export/Debug/Debug.bindings.h Line: 39)

MAGNETIC PASS multiple real eligible magnetic forward samples dribble-close 
(Filename: E:\unity\Runtime/Export/Debug/Debug.bindings.h Line: 39)

MAGNETIC PASS active magnetic forward cap equals Fan without sprint dribble-close 
(Filename: E:\unity\Runtime/Export/Debug/Debug.bindings.h Line: 39)

MAGNETIC PASS active ordinary movement force equals Fan; contest pressure retained dribble-close 
(Filename: E:\unity\Runtime/Export/Debug/Debug.bindings.h Line: 39)

MAGNETIC SPEED scenario=dribble-close maxActiveSpeed=2.285826 fanLimit=4 
(Filename: E:\unity\Runtime/Export/Debug/Debug.bindings.h Line: 39)

MAGNETIC RUN dribble-close minAhead=0.2936291 maxGap=1.150716 active=46 contacts=30 tilt=25.0079 error=0.09051045 travel=-3.45143 
(Filename: E:\unity\Runtime/Export/Debug/Debug.bindings.h Line: 39)

MAGNETIC PASS technique activates on nearby ball dribble-close 
(Filename: E:\unity\Runtime/Export/Debug/Debug.bindings.h Line: 39)

MAGNETIC PASS physical instep contact dribble-close 
(Filename: E:\unity\Runtime/Export/Debug/Debug.bindings.h Line: 39)

MAGNETIC PASS never stamps ball behind own body dribble-close ahead=0.2936291 
(Filename: E:\unity\Runtime/Export/Debug/Debug.bindings.h Line: 39)

MAGNETIC PASS connected skeleton dribble-close error=0.09051045 
(Filename: E:\unity\Runtime/Export/Debug/Debug.bindings.h Line: 39)

MAGNETIC PASS torso follows native posture dribble-close deviation=25.0079 
(Filename: E:\unity\Runtime/Export/Debug/Debug.bindings.h Line: 39)

MAGNETIC PASS magnetic foot animation appears dribble-close 
(Filename: E:\unity\Runtime/Export/Debug/Debug.bindings.h Line: 39)

MAGNETIC PASS dribbles through real movement dribble-close 
(Filename: E:\unity\Runtime/Export/Debug/Debug.bindings.h Line: 39)

MAGNETIC PASS support leg prevents deep kneeling dribble-close crouch=0.2690094 
(Filename: E:\unity\Runtime/Export/Debug/Debug.bindings.h Line: 39)

MAGNETIC PASS knees do not fold onto thighs dribble-close bend=76.22504 
(Filename: E:\unity\Runtime/Export/Debug/Debug.bindings.h Line: 39)

Unloading 4 Unused Serialized files (Serialized files now loaded: 0)
UnloadTime: 0.542300 ms

Unloading 2 unused Assets to reduce memory usage. Loaded Objects now: 1058.
Total: 1.586300 ms (FindLiveObjects: 0.045100 ms CreateObjectMapping: 0.010600 ms MarkObjects: 0.265300 ms  DeleteObjects: 1.264900 ms)

MAGNETIC MUSCLE 6 L_Up_Leg 
(Filename: E:\unity\Runtime/Export/Debug/Debug.bindings.h Line: 39)

MAGNETIC MUSCLE 7 L_LowLeg 
(Filename: E:\unity\Runtime/Export/Debug/Debug.bindings.h Line: 39)

MAGNETIC MUSCLE 8 R_Up_Leg 
(Filename: E:\unity\Runtime/Export/Debug/Debug.bindings.h Line: 39)

MAGNETIC MUSCLE 9 R_LowLeg 
(Filename: E:\unity\Runtime/Export/Debug/Debug.bindings.h Line: 39)

MAGNETIC TRACE dribble-roll i=0 ahead=0.6528828 ball=(1.3, -1.5) velocity=(-1.4, 0.0) active=True legs=14.67095,1.864224 targets=15.74486,0 scale=(0.8, 0.8, 1.0) 
(Filename: E:\unity\Runtime/Export/Debug/Debug.bindings.h Line: 39)

MAGNETIC TRACE dribble-roll i=10 ahead=0.7579139 ball=(1.0, -1.5) velocity=(-1.8, 0.0) active=True legs=7.678628,3.993535 targets=5.340525,0 scale=(0.8, 0.8, 1.0) 
(Filename: E:\unity\Runtime/Export/Debug/Debug.bindings.h Line: 39)

MAGNETIC TRACE dribble-roll i=20 ahead=0.7142075 ball=(0.7, -1.5) velocity=(-1.8, 0.0) active=True legs=9.843149,24.45884 targets=9.751871,0 scale=(0.8, 0.8, 1.0) 
(Filename: E:\unity\Runtime/Export/Debug/Debug.bindings.h Line: 39)

MAGNETIC TRACE dribble-roll i=30 ahead=0.606703 ball=(0.3, -1.5) velocity=(-2.0, 0.0) active=True legs=22.85992,36.66826 targets=22,0 scale=(0.8, 0.8, 1.0) 
(Filename: E:\unity\Runtime/Export/Debug/Debug.bindings.h Line: 39)

MAGNETIC TRACE dribble-roll i=40 ahead=0.6086923 ball=(-0.1, -1.5) velocity=(-2.2, 0.0) active=True legs=25.39977,34.12577 targets=18.10708,0 scale=(0.8, 0.8, 1.0) 
(Filename: E:\unity\Runtime/Export/Debug/Debug.bindings.h Line: 39)

MAGNETIC TRACE dribble-roll i=50 ahead=0.6983937 ball=(-0.6, -1.5) velocity=(-2.2, 0.0) active=True legs=24.73911,41.88605 targets=16.23493,0 scale=(0.8, 0.8, 1.0) 
(Filename: E:\unity\Runtime/Export/Debug/Debug.bindings.h Line: 39)

MAGNETIC TRACE dribble-roll i=60 ahead=0.838755 ball=(-1.0, -1.5) velocity=(-2.1, 0.0) active=True legs=3.34629,28.78229 targets=3.28388,0 scale=(0.8, 0.8, 1.0) 
(Filename: E:\unity\Runtime/Export/Debug/Debug.bindings.h Line: 39)

MAGNETIC TRACE dribble-roll i=70 ahead=0.9001973 ball=(-1.4, -1.5) velocity=(-2.3, 0.0) active=True legs=-6.230346,16.84451 targets=-8.065094,0 scale=(0.8, 0.8, 1.0) 
(Filename: E:\unity\Runtime/Export/Debug/Debug.bindings.h Line: 39)

MAGNETIC PASS multiple real eligible magnetic forward samples dribble-roll 
(Filename: E:\unity\Runtime/Export/Debug/Debug.bindings.h Line: 39)

MAGNETIC PASS active magnetic forward cap equals Fan without sprint dribble-roll 
(Filename: E:\unity\Runtime/Export/Debug/Debug.bindings.h Line: 39)

MAGNETIC PASS active ordinary movement force equals Fan; contest pressure retained dribble-roll 
(Filename: E:\unity\Runtime/Export/Debug/Debug.bindings.h Line: 39)

MAGNETIC SPEED scenario=dribble-roll maxActiveSpeed=2.572499 fanLimit=4 
(Filename: E:\unity\Runtime/Export/Debug/Debug.bindings.h Line: 39)

MAGNETIC RUN dribble-roll minAhead=0.5851587 maxGap=0.912677 active=80 contacts=38 tilt=22.14227 error=0.03658381 travel=-2.915987 
(Filename: E:\unity\Runtime/Export/Debug/Debug.bindings.h Line: 39)

MAGNETIC PASS technique activates on nearby ball dribble-roll 
(Filename: E:\unity\Runtime/Export/Debug/Debug.bindings.h Line: 39)

MAGNETIC PASS physical instep contact dribble-roll 
(Filename: E:\unity\Runtime/Export/Debug/Debug.bindings.h Line: 39)

MAGNETIC PASS never stamps ball behind own body dribble-roll ahead=0.5851587 
(Filename: E:\unity\Runtime/Export/Debug/Debug.bindings.h Line: 39)

MAGNETIC PASS connected skeleton dribble-roll error=0.03658381 
(Filename: E:\unity\Runtime/Export/Debug/Debug.bindings.h Line: 39)

MAGNETIC PASS torso follows native posture dribble-roll deviation=22.14227 
(Filename: E:\unity\Runtime/Export/Debug/Debug.bindings.h Line: 39)

MAGNETIC PASS magnetic foot animation appears dribble-roll 
(Filename: E:\unity\Runtime/Export/Debug/Debug.bindings.h Line: 39)

MAGNETIC PASS dribbles through real movement dribble-roll 
(Filename: E:\unity\Runtime/Export/Debug/Debug.bindings.h Line: 39)

MAGNETIC PASS support leg prevents deep kneeling dribble-roll crouch=0.2901224 
(Filename: E:\unity\Runtime/Export/Debug/Debug.bindings.h Line: 39)

MAGNETIC PASS knees do not fold onto thighs dribble-roll bend=77.43416 
(Filename: E:\unity\Runtime/Export/Debug/Debug.bindings.h Line: 39)

Unloading 4 Unused Serialized files (Serialized files now loaded: 0)
UnloadTime: 0.392100 ms

Unloading 3 unused Assets to reduce memory usage. Loaded Objects now: 1058.
Total: 1.302200 ms (FindLiveObjects: 0.039300 ms CreateObjectMapping: 0.009700 ms MarkObjects: 0.225700 ms  DeleteObjects: 1.027100 ms)

MAGNETIC MUSCLE 6 L_Up_Leg 
(Filename: E:\unity\Runtime/Export/Debug/Debug.bindings.h Line: 39)

MAGNETIC MUSCLE 7 L_LowLeg 
(Filename: E:\unity\Runtime/Export/Debug/Debug.bindings.h Line: 39)

MAGNETIC MUSCLE 8 R_Up_Leg 
(Filename: E:\unity\Runtime/Export/Debug/Debug.bindings.h Line: 39)

MAGNETIC MUSCLE 9 R_LowLeg 
(Filename: E:\unity\Runtime/Export/Debug/Debug.bindings.h Line: 39)

MAGNETIC TRACE receive i=0 ahead=0.5964472 ball=(1.4, -1.5) velocity=(1.8, 0.0) active=True legs=15.10503,3.074643 targets=15.51604,0 scale=(0.8, 0.8, 1.0) 
(Filename: E:\unity\Runtime/Export/Debug/Debug.bindings.h Line: 39)

MAGNETIC TRACE receive i=10 ahead=0.6014479 ball=(1.4, -1.5) velocity=(-0.7, 0.0) active=True legs=29.14601,-2.482312 targets=22,0 scale=(0.8, 0.8, 1.0) 
(Filename: E:\unity\Runtime/Export/Debug/Debug.bindings.h Line: 39)

MAGNETIC TRACE receive i=20 ahead=0.7676474 ball=(1.2, -1.5) velocity=(-0.8, 0.0) active=True legs=13.43305,0.1885211 targets=13.82555,0 scale=(0.8, 0.8, 1.0) 
(Filename: E:\unity\Runtime/Export/Debug/Debug.bindings.h Line: 39)

MAGNETIC TRACE receive i=30 ahead=0.9435179 ball=(1.1, -1.5) velocity=(-0.8, 0.0) active=True legs=-7.821485,0.1731194 targets=-8.09726,0 scale=(0.8, 0.8, 1.0) 
(Filename: E:\unity\Runtime/Export/Debug/Debug.bindings.h Line: 39)

MAGNETIC TRACE receive i=40 ahead=1.092786 ball=(0.9, -1.5) velocity=(-0.9, 0.0) active=False legs=-13.76714,0.3092431 targets=-3.9,2.59 scale=(0.8, 0.8, 1.0) 
(Filename: E:\unity\Runtime/Export/Debug/Debug.bindings.h Line: 39)

MAGNETIC TRACE receive i=50 ahead=1.265524 ball=(0.7, -1.5) velocity=(-0.9, 0.0) active=False legs=2.115215,0.4189208 targets=-3.9,2.59 scale=(0.8, 0.8, 1.0) 
(Filename: E:\unity\Runtime/Export/Debug/Debug.bindings.h Line: 39)

MAGNETIC TRACE receive i=60 ahead=1.481901 ball=(0.6, -1.5) velocity=(-0.9, 0.0) active=False legs=-0.3722031,0.6449147 targets=-3.9,2.59 scale=(0.8, 0.8, 1.0) 
(Filename: E:\unity\Runtime/Export/Debug/Debug.bindings.h Line: 39)

MAGNETIC TRACE receive i=70 ahead=1.712089 ball=(0.4, -1.5) velocity=(-0.9, 0.0) active=False legs=-3.082622,0.6538877 targets=-3.9,2.59 scale=(0.8, 0.8, 1.0) 
(Filename: E:\unity\Runtime/Export/Debug/Debug.bindings.h Line: 39)

MAGNETIC RUN receive minAhead=0.5492222 maxGap=1.869898 active=37 contacts=17 tilt=8.810486 error=0.02634126 travel=0.1246227 
(Filename: E:\unity\Runtime/Export/Debug/Debug.bindings.h Line: 39)

MAGNETIC PASS technique activates on nearby ball receive 
(Filename: E:\unity\Runtime/Export/Debug/Debug.bindings.h Line: 39)

MAGNETIC PASS physical instep contact receive 
(Filename: E:\unity\Runtime/Export/Debug/Debug.bindings.h Line: 39)

MAGNETIC PASS never stamps ball behind own body receive ahead=0.5492222 
(Filename: E:\unity\Runtime/Export/Debug/Debug.bindings.h Line: 39)

MAGNETIC PASS connected skeleton receive error=0.02634126 
(Filename: E:\unity\Runtime/Export/Debug/Debug.bindings.h Line: 39)

MAGNETIC PASS torso follows native posture receive deviation=8.810486 
(Filename: E:\unity\Runtime/Export/Debug/Debug.bindings.h Line: 39)

MAGNETIC PASS magnetic foot animation appears receive 
(Filename: E:\unity\Runtime/Export/Debug/Debug.bindings.h Line: 39)

Unloading 4 Unused Serialized files (Serialized files now loaded: 0)
UnloadTime: 0.353300 ms

Unloading 2 unused Assets to reduce memory usage. Loaded Objects now: 1058.
Total: 1.804700 ms (FindLiveObjects: 0.042400 ms CreateObjectMapping: 0.009700 ms MarkObjects: 0.398600 ms  DeleteObjects: 1.353600 ms)

MAGNETIC MUSCLE 6 L_Up_Leg 
(Filename: E:\unity\Runtime/Export/Debug/Debug.bindings.h Line: 39)

MAGNETIC MUSCLE 7 L_LowLeg 
(Filename: E:\unity\Runtime/Export/Debug/Debug.bindings.h Line: 39)

MAGNETIC MUSCLE 8 R_Up_Leg 
(Filename: E:\unity\Runtime/Export/Debug/Debug.bindings.h Line: 39)

MAGNETIC MUSCLE 9 R_LowLeg 
(Filename: E:\unity\Runtime/Export/Debug/Debug.bindings.h Line: 39)

MAGNETIC TRACE contest i=0 ahead=0.6629337 ball=(1.3, -1.5) velocity=(0.0, 0.0) active=True legs=10.45449,3.066259 targets=15.74486,0 scale=(0.8, 0.8, 1.0) 
(Filename: E:\unity\Runtime/Export/Debug/Debug.bindings.h Line: 39)

MAGNETIC TRACE contest i=10 ahead=0.8512737 ball=(1.3, -1.5) velocity=(-0.5, 0.0) active=True legs=0.7772828,-5.789237 targets=0.0420603,0 scale=(0.8, 0.8, 1.0) 
(Filename: E:\unity\Runtime/Export/Debug/Debug.bindings.h Line: 39)

MAGNETIC TRACE contest i=20 ahead=0.7232922 ball=(1.1, -1.5) velocity=(-0.5, 0.0) active=True legs=9.652836,2.023113 targets=9.794765,0 scale=(0.8, 0.8, 1.0) 
(Filename: E:\unity\Runtime/Export/Debug/Debug.bindings.h Line: 39)

MAGNETIC TRACE contest i=30 ahead=0.474521 ball=(0.9, -1.5) velocity=(-1.5, 0.0) active=True legs=32.87012,19.95981 targets=22,0 scale=(0.8, 0.8, 1.0) 
(Filename: E:\unity\Runtime/Export/Debug/Debug.bindings.h Line: 39)

MAGNETIC TRACE contest i=40 ahead=0.434585 ball=(0.6, -1.5) velocity=(-0.8, 0.0) active=True legs=43.06588,18.19151 targets=22,0 scale=(0.8, 0.8, 1.0) 
(Filename: E:\unity\Runtime/Export/Debug/Debug.bindings.h Line: 39)

MAGNETIC TRACE contest i=50 ahead=0.3541465 ball=(0.4, -1.5) velocity=(-0.3, 0.0) active=True legs=43.48705,9.273373 targets=22,0 scale=(0.8, 0.8, 1.0) 
(Filename: E:\unity\Runtime/Export/Debug/Debug.bindings.h Line: 39)

MAGNETIC TRACE contest i=60 ahead=0.7097871 ball=(0.4, -1.5) velocity=(-0.5, 0.0) active=True legs=19.96897,0.693324 targets=19.75438,0 scale=(0.8, 0.8, 1.0) 
(Filename: E:\unity\Runtime/Export/Debug/Debug.bindings.h Line: 39)

MAGNETIC TRACE contest i=70 ahead=1.003205 ball=(0.3, -1.5) velocity=(-0.5, 0.0) active=True legs=-15.27573,-5.194617 targets=-16.8381,0 scale=(0.8, 0.8, 1.0) 
(Filename: E:\unity\Runtime/Export/Debug/Debug.bindings.h Line: 39)

MAGNETIC PASS multiple real eligible magnetic forward samples contest 
(Filename: E:\unity\Runtime/Export/Debug/Debug.bindings.h Line: 39)

MAGNETIC PASS active magnetic forward cap equals Fan without sprint contest 
(Filename: E:\unity\Runtime/Export/Debug/Debug.bindings.h Line: 39)

MAGNETIC PASS active ordinary movement force equals Fan; contest pressure retained contest 
(Filename: E:\unity\Runtime/Export/Debug/Debug.bindings.h Line: 39)

MAGNETIC SPEED scenario=contest maxActiveSpeed=2.410339 fanLimit=4 
(Filename: E:\unity\Runtime/Export/Debug/Debug.bindings.h Line: 39)

MAGNETIC RUN contest minAhead=0.2909402 maxGap=1.008124 active=80 contacts=24 tilt=23.01096 error=0.08373156 travel=-0.8905183 
(Filename: E:\unity\Runtime/Export/Debug/Debug.bindings.h Line: 39)

MAGNETIC PASS technique activates on nearby ball contest 
(Filename: E:\unity\Runtime/Export/Debug/Debug.bindings.h Line: 39)

MAGNETIC PASS physical instep contact contest 
(Filename: E:\unity\Runtime/Export/Debug/Debug.bindings.h Line: 39)

MAGNETIC PASS never stamps ball behind own body contest ahead=0.2909402 
(Filename: E:\unity\Runtime/Export/Debug/Debug.bindings.h Line: 39)

MAGNETIC PASS connected skeleton contest error=0.08373156 
(Filename: E:\unity\Runtime/Export/Debug/Debug.bindings.h Line: 39)

MAGNETIC PASS torso follows native posture contest deviation=23.01096 
(Filename: E:\unity\Runtime/Export/Debug/Debug.bindings.h Line: 39)

MAGNETIC PASS magnetic foot animation appears contest 
(Filename: E:\unity\Runtime/Export/Debug/Debug.bindings.h Line: 39)

Unloading 4 Unused Serialized files (Serialized files now loaded: 0)
UnloadTime: 0.403700 ms

Unloading 3 unused Assets to reduce memory usage. Loaded Objects now: 1058.
Total: 1.985500 ms (FindLiveObjects: 0.064500 ms CreateObjectMapping: 0.017700 ms MarkObjects: 0.418500 ms  DeleteObjects: 1.484300 ms)

MAGNETIC MUSCLE 6 L_Up_Leg 
(Filename: E:\unity\Runtime/Export/Debug/Debug.bindings.h Line: 39)

MAGNETIC MUSCLE 7 L_LowLeg 
(Filename: E:\unity\Runtime/Export/Debug/Debug.bindings.h Line: 39)

MAGNETIC MUSCLE 8 R_Up_Leg 
(Filename: E:\unity\Runtime/Export/Debug/Debug.bindings.h Line: 39)

MAGNETIC MUSCLE 9 R_LowLeg 
(Filename: E:\unity\Runtime/Export/Debug/Debug.bindings.h Line: 39)

MAGNETIC TRACE air i=0 ahead=0.6740532 ball=(1.3, -1.0) velocity=(0.0, -0.2) active=True legs=4.804929,1.162517 targets=10.62501,0 scale=(0.8, 0.8, 1.0) 
(Filename: E:\unity\Runtime/Export/Debug/Debug.bindings.h Line: 39)

MAGNETIC TRACE air i=10 ahead=0.6499382 ball=(1.4, -1.5) velocity=(0.0, -3.4) active=False legs=-1.907101,-0.01465274 targets=-3.9,2.59 scale=(0.8, 0.8, 1.0) 
(Filename: E:\unity\Runtime/Export/Debug/Debug.bindings.h Line: 39)

MAGNETIC TRACE air i=20 ahead=0.7335948 ball=(1.4, -1.5) velocity=(-0.3, -0.2) active=True legs=13.52969,0.03194454 targets=15.57616,0 scale=(0.8, 0.8, 1.0) 
(Filename: E:\unity\Runtime/Export/Debug/Debug.bindings.h Line: 39)

MAGNETIC TRACE air i=30 ahead=0.7272468 ball=(1.3, -1.5) velocity=(-0.3, 0.0) active=True legs=15.405,-1.946415 targets=12.38481,0 scale=(0.8, 0.8, 1.0) 
(Filename: E:\unity\Runtime/Export/Debug/Debug.bindings.h Line: 39)

MAGNETIC TRACE air i=40 ahead=0.7507938 ball=(1.3, -1.5) velocity=(-0.2, 0.0) active=True legs=15.01836,5.072385 targets=13.65222,0 scale=(0.8, 0.8, 1.0) 
(Filename: E:\unity\Runtime/Export/Debug/Debug.bindings.h Line: 39)

MAGNETIC TRACE air i=50 ahead=0.7849452 ball=(1.3, -1.5) velocity=(0.1, 0.0) active=True legs=10.79029,-1.578857 targets=9.050322,0 scale=(0.8, 0.8, 1.0) 
(Filename: E:\unity\Runtime/Export/Debug/Debug.bindings.h Line: 39)

MAGNETIC TRACE air i=60 ahead=0.7179729 ball=(1.3, -1.5) velocity=(-0.1, 0.0) active=True legs=19.10453,0.1360524 targets=16.97918,0 scale=(0.8, 0.8, 1.0) 
(Filename: E:\unity\Runtime/Export/Debug/Debug.bindings.h Line: 39)

MAGNETIC TRACE air i=70 ahead=0.7587128 ball=(1.3, -1.5) velocity=(-0.1, 0.0) active=True legs=9.114622,0.1106564 targets=9.713806,0 scale=(0.8, 0.8, 1.0) 
(Filename: E:\unity\Runtime/Export/Debug/Debug.bindings.h Line: 39)

MAGNETIC RUN air minAhead=0.5956545 maxGap=0.787257 active=67 contacts=32 tilt=21.3392 error=0.02648912 travel=0.09166896 
(Filename: E:\unity\Runtime/Export/Debug/Debug.bindings.h Line: 39)

MAGNETIC PASS technique activates on nearby ball air 
(Filename: E:\unity\Runtime/Export/Debug/Debug.bindings.h Line: 39)

MAGNETIC PASS physical instep contact air 
(Filename: E:\unity\Runtime/Export/Debug/Debug.bindings.h Line: 39)

MAGNETIC PASS never stamps ball behind own body air ahead=0.5956545 
(Filename: E:\unity\Runtime/Export/Debug/Debug.bindings.h Line: 39)

MAGNETIC PASS connected skeleton air error=0.02648912 
(Filename: E:\unity\Runtime/Export/Debug/Debug.bindings.h Line: 39)

MAGNETIC PASS torso follows native posture air deviation=21.3392 
(Filename: E:\unity\Runtime/Export/Debug/Debug.bindings.h Line: 39)

MAGNETIC PASS magnetic foot animation appears air 
(Filename: E:\unity\Runtime/Export/Debug/Debug.bindings.h Line: 39)

MAGNETIC COMPLETE checks=76 failures=0 
(Filename: E:\unity\Runtime/Export/Debug/Debug.bindings.h Line: 39)

Setting up 12 worker threads for Enlighten.
  Thread -> id: 7934 -> priority: 1 
  Thread -> id: 36b8 -> priority: 1 
  Thread -> id: 95ac -> priority: 1 
  Thread -> id: 2130 -> priority: 1 
  Thread -> id: a508 -> priority: 1 
  Thread -> id: 87ec -> priority: 1 
  Thread -> id: 55e8 -> priority: 1 
  Thread -> id: 34fc -> priority: 1 
  Thread -> id: 1330 -> priority: 1 
  Thread -> id: 3114 -> priority: 1 
  Thread -> id: 8d6c -> priority: 1 
  Thread -> id: 2ec0 -> priority: 1 
