Process is running in low integrity mode...
Mono path[0] = 'C:/Users/Alienware/Desktop/范志毅VS赵鹏/范志毅VS赵鹏 PC双人版（32位）/鑼冨織姣匳S璧甸箯 PC鍙屼汉鐗堬紙32浣嶏級/AI Mod Source/build/magnetic-test-player-original/FanZhiYi_Data/Managed'
Mono config path = 'C:/Users/Alienware/Desktop/范志毅VS赵鹏/范志毅VS赵鹏 PC双人版（32位）/鑼冨織姣匳S璧甸箯 PC鍙屼汉鐗堬紙32浣嶏級/AI Mod Source/build/magnetic-test-player-original/MonoBleedingEdge/etc'
AS: AutoStreaming module initializing.Initialize engine version: 2019.4.33f1c1 (c2f94a8bebb3)
[Subsystems] Discovering subsystems at path C:/Users/Alienware/Desktop/范志毅VS赵鹏/范志毅VS赵鹏 PC双人版（32位）/鑼冨織姣匳S璧甸箯 PC鍙屼汉鐗堬紙32浣嶏級/AI Mod Source/build/magnetic-test-player-original/FanZhiYi_Data/UnitySubsystems
GfxDevice: creating device client; threaded=1
Direct3D:
    Version:  Direct3D 11.0 [level 11.1]
    Renderer: NVIDIA GeForce RTX 5070 Laptop GPU (ID=0x2d58)
    Vendor:   (null)
    VRAM:     3072 MB
Begin MonoManager ReloadAssembly
- Completed reload, in  0.121 seconds
<RI> Initializing input.
<RI> Input initialized.
<RI> Initialized touch support.
UnloadTime: 0.755900 ms
Curl error 7: Failed to connect to 127.0.0.1 port 7897: Bad access
 
(Filename:  Line: 867)

Curl error 7: Failed to connect to 127.0.0.1 port 7897: Bad access
 
(Filename:  Line: 867)

Curl error 7: Failed to connect to 127.0.0.1 port 7897: Bad access
 
(Filename:  Line: 867)

Curl error 7: Failed to connect to 127.0.0.1 port 7897: Bad access
 
(Filename:  Line: 867)

CONTROLS PASS start menu offers binding settings 
(Filename: E:\unity\Runtime/Export/Debug/Debug.bindings.h Line: 39)

CONTROLS PASS menu button opens settings overlay 
(Filename: E:\unity\Runtime/Export/Debug/Debug.bindings.h Line: 39)

CONTROLS PASS all fourteen default slots include Zhao right Shift header 
(Filename: E:\unity\Runtime/Export/Debug/Debug.bindings.h Line: 39)

CONTROLS PASS settings buttons remain inside viewport (1280.0, 720.0) 
(Filename: E:\unity\Runtime/Export/Debug/Debug.bindings.h Line: 39)

CONTROLS PASS settings screenshot captured 1280 
(Filename: E:\unity\Runtime/Export/Debug/Debug.bindings.h Line: 39)

Curl error 7: Failed to connect to 127.0.0.1 port 7897: Bad access
 
(Filename:  Line: 867)

CONTROLS PASS settings buttons remain inside viewport (800.0, 600.0) 
(Filename: E:\unity\Runtime/Export/Debug/Debug.bindings.h Line: 39)

CONTROLS PASS settings screenshot captured 800 
(Filename: E:\unity\Runtime/Export/Debug/Debug.bindings.h Line: 39)

CONTROLS PASS UI rejects another player's occupied key 
(Filename: E:\unity\Runtime/Export/Debug/Debug.bindings.h Line: 39)

CONTROLS PASS UI captures and displays new key 
(Filename: E:\unity\Runtime/Export/Debug/Debug.bindings.h Line: 39)

CONTROLS PASS UI binding persists after reload 
(Filename: E:\unity\Runtime/Export/Debug/Debug.bindings.h Line: 39)

CONTROLS PASS UI restores current defaults 
(Filename: E:\unity\Runtime/Export/Debug/Debug.bindings.h Line: 39)

CONTROLS PASS done closes overlay 
(Filename: E:\unity\Runtime/Export/Debug/Debug.bindings.h Line: 39)

Unloading 5 Unused Serialized files (Serialized files now loaded: 0)
UnloadTime: 0.175900 ms

Unloading 143 unused Assets to reduce memory usage. Loaded Objects now: 1013.
Total: 0.498300 ms (FindLiveObjects: 0.043100 ms CreateObjectMapping: 0.009300 ms MarkObjects: 0.178000 ms  DeleteObjects: 0.267700 ms)

CONTROLS PASS default binding p=0 action=0 
(Filename: E:\unity\Runtime/Export/Debug/Debug.bindings.h Line: 39)

CONTROLS PASS default binding p=0 action=1 
(Filename: E:\unity\Runtime/Export/Debug/Debug.bindings.h Line: 39)

CONTROLS PASS default binding p=0 action=2 
(Filename: E:\unity\Runtime/Export/Debug/Debug.bindings.h Line: 39)

CONTROLS PASS default binding p=0 action=3 
(Filename: E:\unity\Runtime/Export/Debug/Debug.bindings.h Line: 39)

CONTROLS PASS default binding p=0 action=4 
(Filename: E:\unity\Runtime/Export/Debug/Debug.bindings.h Line: 39)

CONTROLS PASS default binding p=0 action=5 
(Filename: E:\unity\Runtime/Export/Debug/Debug.bindings.h Line: 39)

CONTROLS PASS default binding p=0 action=6 
(Filename: E:\unity\Runtime/Export/Debug/Debug.bindings.h Line: 39)

CONTROLS PASS default binding p=1 action=0 
(Filename: E:\unity\Runtime/Export/Debug/Debug.bindings.h Line: 39)

CONTROLS PASS default binding p=1 action=1 
(Filename: E:\unity\Runtime/Export/Debug/Debug.bindings.h Line: 39)

CONTROLS PASS default binding p=1 action=2 
(Filename: E:\unity\Runtime/Export/Debug/Debug.bindings.h Line: 39)

CONTROLS PASS default binding p=1 action=3 
(Filename: E:\unity\Runtime/Export/Debug/Debug.bindings.h Line: 39)

CONTROLS PASS default binding p=1 action=4 
(Filename: E:\unity\Runtime/Export/Debug/Debug.bindings.h Line: 39)

CONTROLS PASS default binding p=1 action=5 
(Filename: E:\unity\Runtime/Export/Debug/Debug.bindings.h Line: 39)

CONTROLS PASS default binding p=1 action=6 
(Filename: E:\unity\Runtime/Export/Debug/Debug.bindings.h Line: 39)

CONTROLS PASS custom left drives native movement 
(Filename: E:\unity\Runtime/Export/Debug/Debug.bindings.h Line: 39)

CONTROLS PASS opposite movement keys cancel 
(Filename: E:\unity\Runtime/Export/Debug/Debug.bindings.h Line: 39)

CONTROLS PASS custom right drives native movement 
(Filename: E:\unity\Runtime/Export/Debug/Debug.bindings.h Line: 39)

CONTROLS PASS custom shooting key reaches native Kick slot 
(Filename: E:\unity\Runtime/Export/Debug/Debug.bindings.h Line: 39)

CONTROLS PASS old shooting key stops after rebinding 
(Filename: E:\unity\Runtime/Export/Debug/Debug.bindings.h Line: 39)

CONTROLS PASS custom down reaches Fan quick drop 
(Filename: E:\unity\Runtime/Export/Debug/Debug.bindings.h Line: 39)

CONTROLS PASS custom jump reaches native jump slot 
(Filename: E:\unity\Runtime/Export/Debug/Debug.bindings.h Line: 39)

CONTROLS PASS both players' changes persist 
(Filename: E:\unity\Runtime/Export/Debug/Debug.bindings.h Line: 39)

CONTROLS PASS cross-player key conflicts rejected 
(Filename: E:\unity\Runtime/Export/Debug/Debug.bindings.h Line: 39)

Unloading 4 Unused Serialized files (Serialized files now loaded: 0)
UnloadTime: 0.356300 ms

Unloading 38 unused Assets to reduce memory usage. Loaded Objects now: 1060.
Total: 1.260500 ms (FindLiveObjects: 0.057000 ms CreateObjectMapping: 0.017400 ms MarkObjects: 0.308000 ms  DeleteObjects: 0.877500 ms)

CONTROLS PASS native Zhao head slot assigned skills=False 
(Filename: E:\unity\Runtime/Export/Debug/Debug.bindings.h Line: 39)

CONTROLS CLIPS Zhao Kick,Jump,Walk,Idle,BackWalk,Head, 
(Filename: E:\unity\Runtime/Export/Debug/Debug.bindings.h Line: 39)

HEADER LIVE frame=0 head=-8.46 body=-24.31 headRot=4.67142 ballV=(0.0, 0.0) 
(Filename: E:\unity\Runtime/Export/Debug/Debug.bindings.h Line: 39)

HEADER LIVE frame=3 head=52.31142 body=12.7272 headRot=6.635085 ballV=(0.0, 0.0) 
(Filename: E:\unity\Runtime/Export/Debug/Debug.bindings.h Line: 39)

HEADER LIVE frame=6 head=81.1915 body=30.48076 headRot=38.79614 ballV=(-4.9, -0.6) 
(Filename: E:\unity\Runtime/Export/Debug/Debug.bindings.h Line: 39)

HEADER LIVE frame=9 head=72.7896 body=27.16933 headRot=53.18995 ballV=(-4.9, -0.6) 
(Filename: E:\unity\Runtime/Export/Debug/Debug.bindings.h Line: 39)

HEADER LIVE frame=12 head=57.75592 body=21.24412 headRot=67.86034 ballV=(-4.9, -0.6) 
(Filename: E:\unity\Runtime/Export/Debug/Debug.bindings.h Line: 39)

HEADER LIVE frame=15 head=39.05405 body=13.87317 headRot=67.28709 ballV=(-4.9, -0.6) 
(Filename: E:\unity\Runtime/Export/Debug/Debug.bindings.h Line: 39)

HEADER LIVE frame=18 head=20.75388 body=6.660542 headRot=35.75442 ballV=(-4.9, -0.6) 
(Filename: E:\unity\Runtime/Export/Debug/Debug.bindings.h Line: 39)

HEADER LIVE frame=21 head=6.366188 body=0.9899368 headRot=15.61056 ballV=(-4.9, -0.6) 
(Filename: E:\unity\Runtime/Export/Debug/Debug.bindings.h Line: 39)

CONTROLS PASS human key executes Zhao header animation skills=False remapped=False 
(Filename: E:\unity\Runtime/Export/Debug/Debug.bindings.h Line: 39)

CONTROLS PASS header keeps Zhao lower-body sprite scale and facing 
(Filename: E:\unity\Runtime/Export/Debug/Debug.bindings.h Line: 39)

CONTROLS PASS header has real varying neck targets range=90.35542 
(Filename: E:\unity\Runtime/Export/Debug/Debug.bindings.h Line: 39)

CONTROLS PASS header visibly swings physical head degrees=63.23703 
(Filename: E:\unity\Runtime/Export/Debug/Debug.bindings.h Line: 39)

CONTROLS PASS stationary front ball headed toward opponent vx=-4.908096 
(Filename: E:\unity\Runtime/Export/Debug/Debug.bindings.h Line: 39)

CONTROLS PASS header preserves actual head-ball collision skills=False remapped=False 
(Filename: E:\unity\Runtime/Export/Debug/Debug.bindings.h Line: 39)

CONTROLS PASS header retains connected model error=0.03457044 
(Filename: E:\unity\Runtime/Export/Debug/Debug.bindings.h Line: 39)

CONTROLS PASS header returns to normal state 
(Filename: E:\unity\Runtime/Export/Debug/Debug.bindings.h Line: 39)

CONTROLS PASS header releases mirrored goals after recovery idle=4.96 actual=4.96 
(Filename: E:\unity\Runtime/Export/Debug/Debug.bindings.h Line: 39)

CONTROLS PASS next heading command swings again degrees=66.4528 
(Filename: E:\unity\Runtime/Export/Debug/Debug.bindings.h Line: 39)

Unloading 4 Unused Serialized files (Serialized files now loaded: 0)
UnloadTime: 0.265400 ms

Unloading 6 unused Assets to reduce memory usage. Loaded Objects now: 1065.
Total: 1.260900 ms (FindLiveObjects: 0.065100 ms CreateObjectMapping: 0.015100 ms MarkObjects: 0.273800 ms  DeleteObjects: 0.906200 ms)

CONTROLS PASS native Zhao head slot assigned skills=True 
(Filename: E:\unity\Runtime/Export/Debug/Debug.bindings.h Line: 39)

CONTROLS CLIPS Zhao Kick,Jump,Walk,Idle,BackWalk,Head, 
(Filename: E:\unity\Runtime/Export/Debug/Debug.bindings.h Line: 39)

HEADER LIVE frame=0 head=-8.46 body=-24.31 headRot=6.085323 ballV=(0.0, 0.0) 
(Filename: E:\unity\Runtime/Export/Debug/Debug.bindings.h Line: 39)

HEADER LIVE frame=3 head=52.17978 body=12.64697 headRot=5.084932 ballV=(0.0, 0.0) 
(Filename: E:\unity\Runtime/Export/Debug/Debug.bindings.h Line: 39)

HEADER LIVE frame=6 head=81.14121 body=30.46094 headRot=42.37657 ballV=(-5.4, -0.5) 
(Filename: E:\unity\Runtime/Export/Debug/Debug.bindings.h Line: 39)

HEADER LIVE frame=9 head=72.43429 body=27.02929 headRot=52.02108 ballV=(-5.4, -0.5) 
(Filename: E:\unity\Runtime/Export/Debug/Debug.bindings.h Line: 39)

HEADER LIVE frame=12 head=57.3142 body=21.07002 headRot=62.74031 ballV=(-5.4, -0.5) 
(Filename: E:\unity\Runtime/Export/Debug/Debug.bindings.h Line: 39)

HEADER LIVE frame=15 head=38.73069 body=13.74572 headRot=60.7314 ballV=(-5.4, -0.5) 
(Filename: E:\unity\Runtime/Export/Debug/Debug.bindings.h Line: 39)

HEADER LIVE frame=18 head=20.4892 body=6.556225 headRot=33.25585 ballV=(-5.4, -0.5) 
(Filename: E:\unity\Runtime/Export/Debug/Debug.bindings.h Line: 39)

HEADER LIVE frame=21 head=6.183838 body=0.9180717 headRot=12.05826 ballV=(-5.4, -0.5) 
(Filename: E:\unity\Runtime/Export/Debug/Debug.bindings.h Line: 39)

CONTROLS PASS human key executes Zhao header animation skills=True remapped=False 
(Filename: E:\unity\Runtime/Export/Debug/Debug.bindings.h Line: 39)

CONTROLS PASS header keeps Zhao lower-body sprite scale and facing 
(Filename: E:\unity\Runtime/Export/Debug/Debug.bindings.h Line: 39)

CONTROLS PASS header has real varying neck targets range=90.35594 
(Filename: E:\unity\Runtime/Export/Debug/Debug.bindings.h Line: 39)

CONTROLS PASS header visibly swings physical head degrees=58.0879 
(Filename: E:\unity\Runtime/Export/Debug/Debug.bindings.h Line: 39)

CONTROLS PASS stationary front ball headed toward opponent vx=-5.448059 
(Filename: E:\unity\Runtime/Export/Debug/Debug.bindings.h Line: 39)

CONTROLS PASS header preserves actual head-ball collision skills=True remapped=False 
(Filename: E:\unity\Runtime/Export/Debug/Debug.bindings.h Line: 39)

CONTROLS PASS header retains connected model error=0.03500398 
(Filename: E:\unity\Runtime/Export/Debug/Debug.bindings.h Line: 39)

CONTROLS PASS header returns to normal state 
(Filename: E:\unity\Runtime/Export/Debug/Debug.bindings.h Line: 39)

CONTROLS PASS header releases mirrored goals after recovery idle=4.96 actual=4.96 
(Filename: E:\unity\Runtime/Export/Debug/Debug.bindings.h Line: 39)

CONTROLS PASS next heading command swings again degrees=63.70387 
(Filename: E:\unity\Runtime/Export/Debug/Debug.bindings.h Line: 39)

Unloading 4 Unused Serialized files (Serialized files now loaded: 0)
UnloadTime: 0.692400 ms

Unloading 6 unused Assets to reduce memory usage. Loaded Objects now: 1071.
Total: 1.179800 ms (FindLiveObjects: 0.058300 ms CreateObjectMapping: 0.015600 ms MarkObjects: 0.196500 ms  DeleteObjects: 0.908800 ms)

CONTROLS PASS native Zhao head slot assigned skills=True 
(Filename: E:\unity\Runtime/Export/Debug/Debug.bindings.h Line: 39)

CONTROLS CLIPS Zhao Kick,Jump,Walk,Idle,BackWalk,Head, 
(Filename: E:\unity\Runtime/Export/Debug/Debug.bindings.h Line: 39)

HEADER LIVE frame=0 head=-8.46 body=-24.31 headRot=4.67142 ballV=(0.0, 0.0) 
(Filename: E:\unity\Runtime/Export/Debug/Debug.bindings.h Line: 39)

HEADER LIVE frame=3 head=50.41563 body=11.57181 headRot=6.100928 ballV=(0.0, 0.0) 
(Filename: E:\unity\Runtime/Export/Debug/Debug.bindings.h Line: 39)

HEADER LIVE frame=6 head=81.27334 body=30.51301 headRot=38.33979 ballV=(-4.8, -0.6) 
(Filename: E:\unity\Runtime/Export/Debug/Debug.bindings.h Line: 39)

HEADER LIVE frame=9 head=73.17499 body=27.32122 headRot=52.64281 ballV=(-4.8, -0.6) 
(Filename: E:\unity\Runtime/Export/Debug/Debug.bindings.h Line: 39)

HEADER LIVE frame=12 head=58.27984 body=21.45061 headRot=67.4365 ballV=(-4.8, -0.6) 
(Filename: E:\unity\Runtime/Export/Debug/Debug.bindings.h Line: 39)

HEADER LIVE frame=15 head=39.7896 body=14.16307 headRot=65.69912 ballV=(-4.8, -0.6) 
(Filename: E:\unity\Runtime/Export/Debug/Debug.bindings.h Line: 39)

HEADER LIVE frame=18 head=21.48962 body=6.950523 headRot=35.60868 ballV=(-4.8, -0.6) 
(Filename: E:\unity\Runtime/Export/Debug/Debug.bindings.h Line: 39)

HEADER LIVE frame=21 head=6.843597 body=1.178099 headRot=15.12178 ballV=(-4.8, -0.6) 
(Filename: E:\unity\Runtime/Export/Debug/Debug.bindings.h Line: 39)

CONTROLS PASS human key executes Zhao header animation skills=True remapped=True 
(Filename: E:\unity\Runtime/Export/Debug/Debug.bindings.h Line: 39)

CONTROLS PASS header keeps Zhao lower-body sprite scale and facing 
(Filename: E:\unity\Runtime/Export/Debug/Debug.bindings.h Line: 39)

CONTROLS PASS header has real varying neck targets range=90.35975 
(Filename: E:\unity\Runtime/Export/Debug/Debug.bindings.h Line: 39)

CONTROLS PASS header visibly swings physical head degrees=63.03016 
(Filename: E:\unity\Runtime/Export/Debug/Debug.bindings.h Line: 39)

CONTROLS PASS stationary front ball headed toward opponent vx=-4.832738 
(Filename: E:\unity\Runtime/Export/Debug/Debug.bindings.h Line: 39)

CONTROLS PASS header preserves actual head-ball collision skills=True remapped=True 
(Filename: E:\unity\Runtime/Export/Debug/Debug.bindings.h Line: 39)

CONTROLS PASS header retains connected model error=0.03457044 
(Filename: E:\unity\Runtime/Export/Debug/Debug.bindings.h Line: 39)

CONTROLS PASS header returns to normal state 
(Filename: E:\unity\Runtime/Export/Debug/Debug.bindings.h Line: 39)

CONTROLS PASS header releases mirrored goals after recovery idle=4.96 actual=4.96 
(Filename: E:\unity\Runtime/Export/Debug/Debug.bindings.h Line: 39)

CONTROLS PASS next heading command swings again degrees=66.76073 
(Filename: E:\unity\Runtime/Export/Debug/Debug.bindings.h Line: 39)

CONTROLS COMPLETE checks=68 failures=0 
(Filename: E:\unity\Runtime/Export/Debug/Debug.bindings.h Line: 39)

Setting up 12 worker threads for Enlighten.
  Thread -> id: 49bc -> priority: 1 
  Thread -> id: 5ae0 -> priority: 1 
  Thread -> id: 9e24 -> priority: 1 
  Thread -> id: 9df4 -> priority: 1 
  Thread -> id: 4010 -> priority: 1 
  Thread -> id: 43a4 -> priority: 1 
  Thread -> id: 314 -> priority: 1 
  Thread -> id: 98fc -> priority: 1 
  Thread -> id: 98f4 -> priority: 1 
  Thread -> id: 5a44 -> priority: 1 
  Thread -> id: 8b4c -> priority: 1 
  Thread -> id: 7a40 -> priority: 1 
