Mono path[0] = 'C:/Users/Alienware/Documents/范志毅VS赵鹏/范志毅VS赵鹏 PC双人版（32位）/鑼冨織姣匳S璧甸箯 PC鍙屼汉鐗堬紙32浣嶏級/AI Mod Source/build/rescue-balance-test-player-experiment/FanZhiYi_Data/Managed'
Mono config path = 'C:/Users/Alienware/Documents/范志毅VS赵鹏/范志毅VS赵鹏 PC双人版（32位）/鑼冨織姣匳S璧甸箯 PC鍙屼汉鐗堬紙32浣嶏級/AI Mod Source/build/rescue-balance-test-player-experiment/MonoBleedingEdge/etc'
AS: AutoStreaming module initializing.Initialize engine version: 2019.4.33f1c1 (c2f94a8bebb3)
[Subsystems] Discovering subsystems at path C:/Users/Alienware/Documents/范志毅VS赵鹏/范志毅VS赵鹏 PC双人版（32位）/鑼冨織姣匳S璧甸箯 PC鍙屼汉鐗堬紙32浣嶏級/AI Mod Source/build/rescue-balance-test-player-experiment/FanZhiYi_Data/UnitySubsystems
GfxDevice: creating device client; threaded=1
Direct3D:
    Version:  Direct3D 11.0 [level 11.1]
    Renderer: NVIDIA GeForce RTX 5070 Laptop GPU (ID=0x2d58)
    Vendor:   (null)
    VRAM:     3072 MB
    Driver:   32.0.15.9608
Begin MonoManager ReloadAssembly
- Completed reload, in  0.094 seconds
<RI> Initializing input.
<RI> Input initialized.
<RI> Initialized touch support.
UnloadTime: 0.769300 ms
Unloading 5 Unused Serialized files (Serialized files now loaded: 0)
UnloadTime: 0.157300 ms

Unloading 143 unused Assets to reduce memory usage. Loaded Objects now: 1009.
Total: 0.617300 ms (FindLiveObjects: 0.058300 ms CreateObjectMapping: 0.018500 ms MarkObjects: 0.262900 ms  DeleteObjects: 0.277100 ms)

BURSTRANGE PASS keypad 0 selects kick, never header 
(Filename: E:\unity\Runtime/Export/Debug/Debug.bindings.h Line: 39)

BURSTRANGE PASS right Shift selects header, never kick 
(Filename: E:\unity\Runtime/Export/Debug/Debug.bindings.h Line: 39)

BURSTRANGE PASS L selects Fan powered native kick 
(Filename: E:\unity\Runtime/Export/Debug/Debug.bindings.h Line: 39)

BURSTRANGE PASS double ordinary shooting no longer arms burst 
(Filename: E:\unity\Runtime/Export/Debug/Debug.bindings.h Line: 39)

BURSTRANGE PASS round reset clears powered shooting request 
(Filename: E:\unity\Runtime/Export/Debug/Debug.bindings.h Line: 39)

Unloading 4 Unused Serialized files (Serialized files now loaded: 0)
UnloadTime: 0.731000 ms

Unloading 37 unused Assets to reduce memory usage. Loaded Objects now: 1060.
Total: 0.749100 ms (FindLiveObjects: 0.057600 ms CreateObjectMapping: 0.017600 ms MarkObjects: 0.183400 ms  DeleteObjects: 0.490100 ms)

BURSTRANGE CONTACT R_LowLeg height=-0.2616196 accepted=True 
(Filename: E:\unity\Runtime/Export/Debug/Debug.bindings.h Line: 39)

BURSTRANGE PASS native kick action actually ran Fan powered=False skills=False 
(Filename: E:\unity\Runtime/Export/Debug/Debug.bindings.h Line: 39)

BURSTRANGE PASS one real contact launch, ordinary shot has none Fan powered=False launches=0 skills=False 
(Filename: E:\unity\Runtime/Export/Debug/Debug.bindings.h Line: 39)

BURSTRANGE PASS shooting keeps the connected skeleton Fan error=0.06852366 
(Filename: E:\unity\Runtime/Export/Debug/Debug.bindings.h Line: 39)

BURSTRANGE PASS classic power shot requires no special skill component 
(Filename: E:\unity\Runtime/Export/Debug/Debug.bindings.h Line: 39)

Unloading 4 Unused Serialized files (Serialized files now loaded: 0)
UnloadTime: 0.305100 ms

Unloading 3 unused Assets to reduce memory usage. Loaded Objects now: 1060.
Total: 1.222900 ms (FindLiveObjects: 0.039500 ms CreateObjectMapping: 0.008700 ms MarkObjects: 0.188600 ms  DeleteObjects: 0.985800 ms)

BURSTRANGE CONTACT R_LowLeg height=-0.2616196 accepted=True 
(Filename: E:\unity\Runtime/Export/Debug/Debug.bindings.h Line: 39)

BURSTRANGE PASS native kick action actually ran Fan powered=True skills=False 
(Filename: E:\unity\Runtime/Export/Debug/Debug.bindings.h Line: 39)

BURSTRANGE PASS one real contact launch, ordinary shot has none Fan powered=True launches=1 skills=False 
(Filename: E:\unity\Runtime/Export/Debug/Debug.bindings.h Line: 39)

BURSTRANGE PASS Fan real collision ball speed +20% ratio=1.2 
(Filename: E:\unity\Runtime/Export/Debug/Debug.bindings.h Line: 39)

BURSTRANGE PASS shooting keeps the connected skeleton Fan error=0.06852366 
(Filename: E:\unity\Runtime/Export/Debug/Debug.bindings.h Line: 39)

BURSTRANGE PASS classic power shot requires no special skill component 
(Filename: E:\unity\Runtime/Export/Debug/Debug.bindings.h Line: 39)

Unloading 4 Unused Serialized files (Serialized files now loaded: 0)
UnloadTime: 0.247900 ms

Unloading 3 unused Assets to reduce memory usage. Loaded Objects now: 1060.
Total: 1.149800 ms (FindLiveObjects: 0.051500 ms CreateObjectMapping: 0.009100 ms MarkObjects: 0.176900 ms  DeleteObjects: 0.912100 ms)

BURSTRANGE CONTACT L_LowLeg height=-0.2446971 accepted=True 
(Filename: E:\unity\Runtime/Export/Debug/Debug.bindings.h Line: 39)

BURSTRANGE PASS native kick action actually ran Zhao powered=False skills=False 
(Filename: E:\unity\Runtime/Export/Debug/Debug.bindings.h Line: 39)

BURSTRANGE PASS one real contact launch, ordinary shot has none Zhao powered=False launches=0 skills=False 
(Filename: E:\unity\Runtime/Export/Debug/Debug.bindings.h Line: 39)

BURSTRANGE PASS shooting keeps the connected skeleton Zhao error=0.1012907 
(Filename: E:\unity\Runtime/Export/Debug/Debug.bindings.h Line: 39)

BURSTRANGE PASS classic power shot requires no special skill component 
(Filename: E:\unity\Runtime/Export/Debug/Debug.bindings.h Line: 39)

Unloading 4 Unused Serialized files (Serialized files now loaded: 0)
UnloadTime: 0.262700 ms

Unloading 3 unused Assets to reduce memory usage. Loaded Objects now: 1060.
Total: 1.234900 ms (FindLiveObjects: 0.116200 ms CreateObjectMapping: 0.017300 ms MarkObjects: 0.184000 ms  DeleteObjects: 0.917000 ms)

BURSTRANGE CONTACT L_LowLeg height=-0.2446062 accepted=True 
(Filename: E:\unity\Runtime/Export/Debug/Debug.bindings.h Line: 39)

BURSTRANGE CONTACT R_LowLeg height=-0.05102587 accepted=True 
(Filename: E:\unity\Runtime/Export/Debug/Debug.bindings.h Line: 39)

BURSTRANGE PASS native kick action actually ran Zhao powered=True skills=False 
(Filename: E:\unity\Runtime/Export/Debug/Debug.bindings.h Line: 39)

BURSTRANGE PASS one real contact launch, ordinary shot has none Zhao powered=True launches=1 skills=False 
(Filename: E:\unity\Runtime/Export/Debug/Debug.bindings.h Line: 39)

BURSTRANGE PASS Zhao real contact power speed skills=False vx=-20.4 expected=20.4 
(Filename: E:\unity\Runtime/Export/Debug/Debug.bindings.h Line: 39)

BURSTRANGE PASS Zhao powered shot is driven low even in air vy=-9.274949 
(Filename: E:\unity\Runtime/Export/Debug/Debug.bindings.h Line: 39)

BURSTRANGE PASS shooting keeps the connected skeleton Zhao error=0.1011824 
(Filename: E:\unity\Runtime/Export/Debug/Debug.bindings.h Line: 39)

BURSTRANGE PASS classic power shot requires no special skill component 
(Filename: E:\unity\Runtime/Export/Debug/Debug.bindings.h Line: 39)

Unloading 4 Unused Serialized files (Serialized files now loaded: 0)
UnloadTime: 0.271100 ms

Unloading 3 unused Assets to reduce memory usage. Loaded Objects now: 1060.
Total: 1.092100 ms (FindLiveObjects: 0.033100 ms CreateObjectMapping: 0.008700 ms MarkObjects: 0.185100 ms  DeleteObjects: 0.865000 ms)

BURSTRANGE CONTACT R_LowLeg height=-0.25956 accepted=True 
(Filename: E:\unity\Runtime/Export/Debug/Debug.bindings.h Line: 39)

BURSTRANGE PASS native kick action actually ran Fan powered=False skills=True 
(Filename: E:\unity\Runtime/Export/Debug/Debug.bindings.h Line: 39)

BURSTRANGE PASS one real contact launch, ordinary shot has none Fan powered=False launches=0 skills=True 
(Filename: E:\unity\Runtime/Export/Debug/Debug.bindings.h Line: 39)

BURSTRANGE PASS shooting keeps the connected skeleton Fan error=0.06822187 
(Filename: E:\unity\Runtime/Export/Debug/Debug.bindings.h Line: 39)

Unloading 4 Unused Serialized files (Serialized files now loaded: 0)
UnloadTime: 0.318800 ms

Unloading 3 unused Assets to reduce memory usage. Loaded Objects now: 1060.
Total: 1.154300 ms (FindLiveObjects: 0.029800 ms CreateObjectMapping: 0.007900 ms MarkObjects: 0.245800 ms  DeleteObjects: 0.870200 ms)

BURSTRANGE CONTACT R_LowLeg height=-0.25956 accepted=True 
(Filename: E:\unity\Runtime/Export/Debug/Debug.bindings.h Line: 39)

BURSTRANGE PASS native kick action actually ran Fan powered=True skills=True 
(Filename: E:\unity\Runtime/Export/Debug/Debug.bindings.h Line: 39)

BURSTRANGE PASS one real contact launch, ordinary shot has none Fan powered=True launches=1 skills=True 
(Filename: E:\unity\Runtime/Export/Debug/Debug.bindings.h Line: 39)

BURSTRANGE PASS Fan real collision ball speed +20% ratio=1.2 
(Filename: E:\unity\Runtime/Export/Debug/Debug.bindings.h Line: 39)

BURSTRANGE PASS shooting keeps the connected skeleton Fan error=0.06822187 
(Filename: E:\unity\Runtime/Export/Debug/Debug.bindings.h Line: 39)

Unloading 4 Unused Serialized files (Serialized files now loaded: 0)
UnloadTime: 0.259900 ms

Unloading 3 unused Assets to reduce memory usage. Loaded Objects now: 1060.
Total: 1.131900 ms (FindLiveObjects: 0.031700 ms CreateObjectMapping: 0.008300 ms MarkObjects: 0.176800 ms  DeleteObjects: 0.914900 ms)

BURSTRANGE CONTACT L_LowLeg height=-0.2446062 accepted=True 
(Filename: E:\unity\Runtime/Export/Debug/Debug.bindings.h Line: 39)

BURSTRANGE PASS native kick action actually ran Zhao powered=False skills=True 
(Filename: E:\unity\Runtime/Export/Debug/Debug.bindings.h Line: 39)

BURSTRANGE PASS one real contact launch, ordinary shot has none Zhao powered=False launches=0 skills=True 
(Filename: E:\unity\Runtime/Export/Debug/Debug.bindings.h Line: 39)

BURSTRANGE PASS shooting keeps the connected skeleton Zhao error=0.1011824 
(Filename: E:\unity\Runtime/Export/Debug/Debug.bindings.h Line: 39)

Unloading 4 Unused Serialized files (Serialized files now loaded: 0)
UnloadTime: 0.261500 ms

Unloading 3 unused Assets to reduce memory usage. Loaded Objects now: 1060.
Total: 1.092100 ms (FindLiveObjects: 0.030800 ms CreateObjectMapping: 0.008200 ms MarkObjects: 0.172300 ms  DeleteObjects: 0.880600 ms)

BURSTRANGE CONTACT L_LowLeg height=-0.2446062 accepted=True 
(Filename: E:\unity\Runtime/Export/Debug/Debug.bindings.h Line: 39)

BURSTRANGE CONTACT R_LowLeg height=-0.04640729 accepted=True 
(Filename: E:\unity\Runtime/Export/Debug/Debug.bindings.h Line: 39)

BURSTRANGE PASS native kick action actually ran Zhao powered=True skills=True 
(Filename: E:\unity\Runtime/Export/Debug/Debug.bindings.h Line: 39)

BURSTRANGE PASS one real contact launch, ordinary shot has none Zhao powered=True launches=1 skills=True 
(Filename: E:\unity\Runtime/Export/Debug/Debug.bindings.h Line: 39)

BURSTRANGE PASS Zhao real contact power speed skills=True vx=-22.44 expected=22.44 
(Filename: E:\unity\Runtime/Export/Debug/Debug.bindings.h Line: 39)

BURSTRANGE PASS Zhao powered shot is driven low even in air vy=-9.274949 
(Filename: E:\unity\Runtime/Export/Debug/Debug.bindings.h Line: 39)

BURSTRANGE PASS keypad 0 displays burst skill/highlight 
(Filename: E:\unity\Runtime/Export/Debug/Debug.bindings.h Line: 39)

BURSTRANGE PASS shooting keeps the connected skeleton Zhao error=0.1011824 
(Filename: E:\unity\Runtime/Export/Debug/Debug.bindings.h Line: 39)

Unloading 4 Unused Serialized files (Serialized files now loaded: 0)
UnloadTime: 0.266700 ms

Unloading 3 unused Assets to reduce memory usage. Loaded Objects now: 1060.
Total: 1.167800 ms (FindLiveObjects: 0.032200 ms CreateObjectMapping: 0.008500 ms MarkObjects: 0.170800 ms  DeleteObjects: 0.955800 ms)

BURSTRANGE PASS same curve at 90% speed, spatial sample=0.15 
(Filename: E:\unity\Runtime/Export/Debug/Debug.bindings.h Line: 39)

BURSTRANGE PASS same curve at 90% speed, spatial sample=0.3 
(Filename: E:\unity\Runtime/Export/Debug/Debug.bindings.h Line: 39)

BURSTRANGE PASS same curve at 90% speed, spatial sample=0.45 
(Filename: E:\unity\Runtime/Export/Debug/Debug.bindings.h Line: 39)

BURSTRANGE CONTACT L_Up_Arm height=0.2338792 accepted=False 
(Filename: E:\unity\Runtime/Export/Debug/Debug.bindings.h Line: 39)

BURSTRANGE CONTACT solid=L_Up_Arm 
(Filename: E:\unity\Runtime/Export/Debug/Debug.bindings.h Line: 39)

BURSTRANGE PASS leaf ball physically hits opponent body 
(Filename: E:\unity\Runtime/Export/Debug/Debug.bindings.h Line: 39)

BURSTRANGE PASS leaf ball never tunnels through body 
(Filename: E:\unity\Runtime/Export/Debug/Debug.bindings.h Line: 39)

BURSTRANGE PASS solid collision ends curve drive instead of pushing through 
(Filename: E:\unity\Runtime/Export/Debug/Debug.bindings.h Line: 39)

BURSTRANGE PASS skill ball uses continuous detection 
(Filename: E:\unity\Runtime/Export/Debug/Debug.bindings.h Line: 39)

Unloading 4 Unused Serialized files (Serialized files now loaded: 0)
UnloadTime: 0.271500 ms

Unloading 3 unused Assets to reduce memory usage. Loaded Objects now: 1061.
Total: 1.255300 ms (FindLiveObjects: 0.031400 ms CreateObjectMapping: 0.008100 ms MarkObjects: 0.177300 ms  DeleteObjects: 1.038100 ms)

BURSTRANGE PASS emergency retreat keeps moving at real speed=4.019567 
(Filename: E:\unity\Runtime/Export/Debug/Debug.bindings.h Line: 39)

BURSTRANGE PASS emergency retreat remains balanced deviation=9.985757 
(Filename: E:\unity\Runtime/Export/Debug/Debug.bindings.h Line: 39)

BURSTRANGE PASS retreat limbs remain joined error=0.05549283 
(Filename: E:\unity\Runtime/Export/Debug/Debug.bindings.h Line: 39)

Unloading 4 Unused Serialized files (Serialized files now loaded: 0)
UnloadTime: 0.296300 ms

Unloading 2 unused Assets to reduce memory usage. Loaded Objects now: 1061.
Total: 1.339200 ms (FindLiveObjects: 0.060800 ms CreateObjectMapping: 0.029800 ms MarkObjects: 0.328900 ms  DeleteObjects: 0.918900 ms)

BURSTRANGE PASS stronger tackle uses real body contact air=False 
(Filename: E:\unity\Runtime/Export/Debug/Debug.bindings.h Line: 39)

BURSTRANGE PASS 30% stronger impact keeps skeleton joined error=0.1029617 
(Filename: E:\unity\Runtime/Export/Debug/Debug.bindings.h Line: 39)

BURSTRANGE PASS impact does not fold Fan body angle=34.26665 
(Filename: E:\unity\Runtime/Export/Debug/Debug.bindings.h Line: 39)

BURSTRANGE PASS balance recovers promptly after impact 
(Filename: E:\unity\Runtime/Export/Debug/Debug.bindings.h Line: 39)

Unloading 4 Unused Serialized files (Serialized files now loaded: 0)
UnloadTime: 0.266000 ms

Unloading 2 unused Assets to reduce memory usage. Loaded Objects now: 1061.
Total: 1.254600 ms (FindLiveObjects: 0.055000 ms CreateObjectMapping: 0.017700 ms MarkObjects: 0.311100 ms  DeleteObjects: 0.870300 ms)

BURSTRANGE PASS stronger tackle uses real body contact air=True 
(Filename: E:\unity\Runtime/Export/Debug/Debug.bindings.h Line: 39)

BURSTRANGE PASS 30% stronger impact keeps skeleton joined error=0.3066679 
(Filename: E:\unity\Runtime/Export/Debug/Debug.bindings.h Line: 39)

BURSTRANGE PASS impact does not fold Fan body angle=28.7304 
(Filename: E:\unity\Runtime/Export/Debug/Debug.bindings.h Line: 39)

BURSTRANGE PASS balance recovers promptly after impact 
(Filename: E:\unity\Runtime/Export/Debug/Debug.bindings.h Line: 39)

BURSTRANGE PASS tackle strength +30%, duration unchanged 
(Filename: E:\unity\Runtime/Export/Debug/Debug.bindings.h Line: 39)

Unloading 4 Unused Serialized files (Serialized files now loaded: 0)
UnloadTime: 0.294400 ms

Unloading 2 unused Assets to reduce memory usage. Loaded Objects now: 1061.
Total: 0.729500 ms (FindLiveObjects: 0.033200 ms CreateObjectMapping: 0.008300 ms MarkObjects: 0.188900 ms  DeleteObjects: 0.498600 ms)

BURSTRANGE PASS same Fan/Zhao contact region L_LowLeg height=-0.49 normal=(-1.0, 0.0) 
(Filename: E:\unity\Runtime/Export/Debug/Debug.bindings.h Line: 39)

BURSTRANGE PASS same Fan/Zhao contact region L_LowLeg height=-0.49 normal=(1.0, 0.0) 
(Filename: E:\unity\Runtime/Export/Debug/Debug.bindings.h Line: 39)

BURSTRANGE PASS same Fan/Zhao contact region L_LowLeg height=-0.49 normal=(0.0, -1.0) 
(Filename: E:\unity\Runtime/Export/Debug/Debug.bindings.h Line: 39)

BURSTRANGE PASS same Fan/Zhao contact region L_LowLeg height=-0.49 normal=(0.4, -0.9) 
(Filename: E:\unity\Runtime/Export/Debug/Debug.bindings.h Line: 39)

BURSTRANGE PASS same Fan/Zhao contact region L_LowLeg height=-0.45 normal=(-1.0, 0.0) 
(Filename: E:\unity\Runtime/Export/Debug/Debug.bindings.h Line: 39)

BURSTRANGE PASS same Fan/Zhao contact region L_LowLeg height=-0.45 normal=(1.0, 0.0) 
(Filename: E:\unity\Runtime/Export/Debug/Debug.bindings.h Line: 39)

BURSTRANGE PASS same Fan/Zhao contact region L_LowLeg height=-0.45 normal=(0.0, -1.0) 
(Filename: E:\unity\Runtime/Export/Debug/Debug.bindings.h Line: 39)

BURSTRANGE PASS same Fan/Zhao contact region L_LowLeg height=-0.45 normal=(0.4, -0.9) 
(Filename: E:\unity\Runtime/Export/Debug/Debug.bindings.h Line: 39)

BURSTRANGE PASS same Fan/Zhao contact region L_LowLeg height=-0.3 normal=(-1.0, 0.0) 
(Filename: E:\unity\Runtime/Export/Debug/Debug.bindings.h Line: 39)

BURSTRANGE PASS same Fan/Zhao contact region L_LowLeg height=-0.3 normal=(1.0, 0.0) 
(Filename: E:\unity\Runtime/Export/Debug/Debug.bindings.h Line: 39)

BURSTRANGE PASS same Fan/Zhao contact region L_LowLeg height=-0.3 normal=(0.0, -1.0) 
(Filename: E:\unity\Runtime/Export/Debug/Debug.bindings.h Line: 39)

BURSTRANGE PASS same Fan/Zhao contact region L_LowLeg height=-0.3 normal=(0.4, -0.9) 
(Filename: E:\unity\Runtime/Export/Debug/Debug.bindings.h Line: 39)

BURSTRANGE PASS same Fan/Zhao contact region L_LowLeg height=0 normal=(-1.0, 0.0) 
(Filename: E:\unity\Runtime/Export/Debug/Debug.bindings.h Line: 39)

BURSTRANGE PASS same Fan/Zhao contact region L_LowLeg height=0 normal=(1.0, 0.0) 
(Filename: E:\unity\Runtime/Export/Debug/Debug.bindings.h Line: 39)

BURSTRANGE PASS same Fan/Zhao contact region L_LowLeg height=0 normal=(0.0, -1.0) 
(Filename: E:\unity\Runtime/Export/Debug/Debug.bindings.h Line: 39)

BURSTRANGE PASS same Fan/Zhao contact region L_LowLeg height=0 normal=(0.4, -0.9) 
(Filename: E:\unity\Runtime/Export/Debug/Debug.bindings.h Line: 39)

BURSTRANGE PASS same Fan/Zhao contact region L_LowLeg height=0.19 normal=(-1.0, 0.0) 
(Filename: E:\unity\Runtime/Export/Debug/Debug.bindings.h Line: 39)

BURSTRANGE PASS same Fan/Zhao contact region L_LowLeg height=0.19 normal=(1.0, 0.0) 
(Filename: E:\unity\Runtime/Export/Debug/Debug.bindings.h Line: 39)

BURSTRANGE PASS same Fan/Zhao contact region L_LowLeg height=0.19 normal=(0.0, -1.0) 
(Filename: E:\unity\Runtime/Export/Debug/Debug.bindings.h Line: 39)

BURSTRANGE PASS same Fan/Zhao contact region L_LowLeg height=0.19 normal=(0.4, -0.9) 
(Filename: E:\unity\Runtime/Export/Debug/Debug.bindings.h Line: 39)

BURSTRANGE PASS same Fan/Zhao contact region L_LowLeg height=0.3 normal=(-1.0, 0.0) 
(Filename: E:\unity\Runtime/Export/Debug/Debug.bindings.h Line: 39)

BURSTRANGE PASS same Fan/Zhao contact region L_LowLeg height=0.3 normal=(1.0, 0.0) 
(Filename: E:\unity\Runtime/Export/Debug/Debug.bindings.h Line: 39)

BURSTRANGE PASS same Fan/Zhao contact region L_LowLeg height=0.3 normal=(0.0, -1.0) 
(Filename: E:\unity\Runtime/Export/Debug/Debug.bindings.h Line: 39)

BURSTRANGE PASS same Fan/Zhao contact region L_LowLeg height=0.3 normal=(0.4, -0.9) 
(Filename: E:\unity\Runtime/Export/Debug/Debug.bindings.h Line: 39)

BURSTRANGE PASS same Fan/Zhao contact region L_LowLeg height=0.45 normal=(-1.0, 0.0) 
(Filename: E:\unity\Runtime/Export/Debug/Debug.bindings.h Line: 39)

BURSTRANGE PASS same Fan/Zhao contact region L_LowLeg height=0.45 normal=(1.0, 0.0) 
(Filename: E:\unity\Runtime/Export/Debug/Debug.bindings.h Line: 39)

BURSTRANGE PASS same Fan/Zhao contact region L_LowLeg height=0.45 normal=(0.0, -1.0) 
(Filename: E:\unity\Runtime/Export/Debug/Debug.bindings.h Line: 39)

BURSTRANGE PASS same Fan/Zhao contact region L_LowLeg height=0.45 normal=(0.4, -0.9) 
(Filename: E:\unity\Runtime/Export/Debug/Debug.bindings.h Line: 39)

BURSTRANGE PASS same Fan/Zhao contact region L_LowLeg height=0.49 normal=(-1.0, 0.0) 
(Filename: E:\unity\Runtime/Export/Debug/Debug.bindings.h Line: 39)

BURSTRANGE PASS same Fan/Zhao contact region L_LowLeg height=0.49 normal=(1.0, 0.0) 
(Filename: E:\unity\Runtime/Export/Debug/Debug.bindings.h Line: 39)

BURSTRANGE PASS same Fan/Zhao contact region L_LowLeg height=0.49 normal=(0.0, -1.0) 
(Filename: E:\unity\Runtime/Export/Debug/Debug.bindings.h Line: 39)

BURSTRANGE PASS same Fan/Zhao contact region L_LowLeg height=0.49 normal=(0.4, -0.9) 
(Filename: E:\unity\Runtime/Export/Debug/Debug.bindings.h Line: 39)

BURSTRANGE PASS expanded shin accepted L_LowLeg 
(Filename: E:\unity\Runtime/Export/Debug/Debug.bindings.h Line: 39)

BURSTRANGE PASS classic shin range unchanged L_LowLeg 
(Filename: E:\unity\Runtime/Export/Debug/Debug.bindings.h Line: 39)

BURSTRANGE PASS same Fan/Zhao contact region R_LowLeg height=-0.49 normal=(-1.0, 0.0) 
(Filename: E:\unity\Runtime/Export/Debug/Debug.bindings.h Line: 39)

BURSTRANGE PASS same Fan/Zhao contact region R_LowLeg height=-0.49 normal=(1.0, 0.0) 
(Filename: E:\unity\Runtime/Export/Debug/Debug.bindings.h Line: 39)

BURSTRANGE PASS same Fan/Zhao contact region R_LowLeg height=-0.49 normal=(0.0, -1.0) 
(Filename: E:\unity\Runtime/Export/Debug/Debug.bindings.h Line: 39)

BURSTRANGE PASS same Fan/Zhao contact region R_LowLeg height=-0.49 normal=(0.4, -0.9) 
(Filename: E:\unity\Runtime/Export/Debug/Debug.bindings.h Line: 39)

BURSTRANGE PASS same Fan/Zhao contact region R_LowLeg height=-0.45 normal=(-1.0, 0.0) 
(Filename: E:\unity\Runtime/Export/Debug/Debug.bindings.h Line: 39)

BURSTRANGE PASS same Fan/Zhao contact region R_LowLeg height=-0.45 normal=(1.0, 0.0) 
(Filename: E:\unity\Runtime/Export/Debug/Debug.bindings.h Line: 39)

BURSTRANGE PASS same Fan/Zhao contact region R_LowLeg height=-0.45 normal=(0.0, -1.0) 
(Filename: E:\unity\Runtime/Export/Debug/Debug.bindings.h Line: 39)

BURSTRANGE PASS same Fan/Zhao contact region R_LowLeg height=-0.45 normal=(0.4, -0.9) 
(Filename: E:\unity\Runtime/Export/Debug/Debug.bindings.h Line: 39)

BURSTRANGE PASS same Fan/Zhao contact region R_LowLeg height=-0.3 normal=(-1.0, 0.0) 
(Filename: E:\unity\Runtime/Export/Debug/Debug.bindings.h Line: 39)

BURSTRANGE PASS same Fan/Zhao contact region R_LowLeg height=-0.3 normal=(1.0, 0.0) 
(Filename: E:\unity\Runtime/Export/Debug/Debug.bindings.h Line: 39)

BURSTRANGE PASS same Fan/Zhao contact region R_LowLeg height=-0.3 normal=(0.0, -1.0) 
(Filename: E:\unity\Runtime/Export/Debug/Debug.bindings.h Line: 39)

BURSTRANGE PASS same Fan/Zhao contact region R_LowLeg height=-0.3 normal=(0.4, -0.9) 
(Filename: E:\unity\Runtime/Export/Debug/Debug.bindings.h Line: 39)

BURSTRANGE PASS same Fan/Zhao contact region R_LowLeg height=0 normal=(-1.0, 0.0) 
(Filename: E:\unity\Runtime/Export/Debug/Debug.bindings.h Line: 39)

BURSTRANGE PASS same Fan/Zhao contact region R_LowLeg height=0 normal=(1.0, 0.0) 
(Filename: E:\unity\Runtime/Export/Debug/Debug.bindings.h Line: 39)

BURSTRANGE PASS same Fan/Zhao contact region R_LowLeg height=0 normal=(0.0, -1.0) 
(Filename: E:\unity\Runtime/Export/Debug/Debug.bindings.h Line: 39)

BURSTRANGE PASS same Fan/Zhao contact region R_LowLeg height=0 normal=(0.4, -0.9) 
(Filename: E:\unity\Runtime/Export/Debug/Debug.bindings.h Line: 39)

BURSTRANGE PASS same Fan/Zhao contact region R_LowLeg height=0.19 normal=(-1.0, 0.0) 
(Filename: E:\unity\Runtime/Export/Debug/Debug.bindings.h Line: 39)

BURSTRANGE PASS same Fan/Zhao contact region R_LowLeg height=0.19 normal=(1.0, 0.0) 
(Filename: E:\unity\Runtime/Export/Debug/Debug.bindings.h Line: 39)

BURSTRANGE PASS same Fan/Zhao contact region R_LowLeg height=0.19 normal=(0.0, -1.0) 
(Filename: E:\unity\Runtime/Export/Debug/Debug.bindings.h Line: 39)

BURSTRANGE PASS same Fan/Zhao contact region R_LowLeg height=0.19 normal=(0.4, -0.9) 
(Filename: E:\unity\Runtime/Export/Debug/Debug.bindings.h Line: 39)

BURSTRANGE PASS same Fan/Zhao contact region R_LowLeg height=0.3 normal=(-1.0, 0.0) 
(Filename: E:\unity\Runtime/Export/Debug/Debug.bindings.h Line: 39)

BURSTRANGE PASS same Fan/Zhao contact region R_LowLeg height=0.3 normal=(1.0, 0.0) 
(Filename: E:\unity\Runtime/Export/Debug/Debug.bindings.h Line: 39)

BURSTRANGE PASS same Fan/Zhao contact region R_LowLeg height=0.3 normal=(0.0, -1.0) 
(Filename: E:\unity\Runtime/Export/Debug/Debug.bindings.h Line: 39)

BURSTRANGE PASS same Fan/Zhao contact region R_LowLeg height=0.3 normal=(0.4, -0.9) 
(Filename: E:\unity\Runtime/Export/Debug/Debug.bindings.h Line: 39)

BURSTRANGE PASS same Fan/Zhao contact region R_LowLeg height=0.45 normal=(-1.0, 0.0) 
(Filename: E:\unity\Runtime/Export/Debug/Debug.bindings.h Line: 39)

BURSTRANGE PASS same Fan/Zhao contact region R_LowLeg height=0.45 normal=(1.0, 0.0) 
(Filename: E:\unity\Runtime/Export/Debug/Debug.bindings.h Line: 39)

BURSTRANGE PASS same Fan/Zhao contact region R_LowLeg height=0.45 normal=(0.0, -1.0) 
(Filename: E:\unity\Runtime/Export/Debug/Debug.bindings.h Line: 39)

BURSTRANGE PASS same Fan/Zhao contact region R_LowLeg height=0.45 normal=(0.4, -0.9) 
(Filename: E:\unity\Runtime/Export/Debug/Debug.bindings.h Line: 39)

BURSTRANGE PASS same Fan/Zhao contact region R_LowLeg height=0.49 normal=(-1.0, 0.0) 
(Filename: E:\unity\Runtime/Export/Debug/Debug.bindings.h Line: 39)

BURSTRANGE PASS same Fan/Zhao contact region R_LowLeg height=0.49 normal=(1.0, 0.0) 
(Filename: E:\unity\Runtime/Export/Debug/Debug.bindings.h Line: 39)

BURSTRANGE PASS same Fan/Zhao contact region R_LowLeg height=0.49 normal=(0.0, -1.0) 
(Filename: E:\unity\Runtime/Export/Debug/Debug.bindings.h Line: 39)

BURSTRANGE PASS same Fan/Zhao contact region R_LowLeg height=0.49 normal=(0.4, -0.9) 
(Filename: E:\unity\Runtime/Export/Debug/Debug.bindings.h Line: 39)

BURSTRANGE PASS expanded shin accepted R_LowLeg 
(Filename: E:\unity\Runtime/Export/Debug/Debug.bindings.h Line: 39)

BURSTRANGE PASS classic shin range unchanged R_LowLeg 
(Filename: E:\unity\Runtime/Export/Debug/Debug.bindings.h Line: 39)

BURSTRANGE PASS reject body/head/thigh Body 
(Filename: E:\unity\Runtime/Export/Debug/Debug.bindings.h Line: 39)

BURSTRANGE PASS reject body/head/thigh Head 
(Filename: E:\unity\Runtime/Export/Debug/Debug.bindings.h Line: 39)

BURSTRANGE PASS reject body/head/thigh L_Up_Leg 
(Filename: E:\unity\Runtime/Export/Debug/Debug.bindings.h Line: 39)

BURSTRANGE PASS reject body/head/thigh R_Up_Leg 
(Filename: E:\unity\Runtime/Export/Debug/Debug.bindings.h Line: 39)

BURSTRANGE PASS independent instep accepted 
(Filename: E:\unity\Runtime/Export/Debug/Debug.bindings.h Line: 39)

BURSTRANGE PASS independent sole rejected 
(Filename: E:\unity\Runtime/Export/Debug/Debug.bindings.h Line: 39)

BURSTRANGE PASS classic independent foot unchanged 
(Filename: E:\unity\Runtime/Export/Debug/Debug.bindings.h Line: 39)

BURSTRANGE PASS opponent limb cannot trigger skill 
(Filename: E:\unity\Runtime/Export/Debug/Debug.bindings.h Line: 39)

Unloading 4 Unused Serialized files (Serialized files now loaded: 0)
UnloadTime: 0.271300 ms

Unloading 2 unused Assets to reduce memory usage. Loaded Objects now: 1061.
Total: 1.091800 ms (FindLiveObjects: 0.033200 ms CreateObjectMapping: 0.008200 ms MarkObjects: 0.208900 ms  DeleteObjects: 0.841100 ms)

BURSTRANGE PASS expanded collision uses keypad 0 native kick skills=False 
(Filename: E:\unity\Runtime/Export/Debug/Debug.bindings.h Line: 39)

BURSTRANGE CONTACT L_Up_Leg height=-0.5029329 accepted=False 
(Filename: E:\unity\Runtime/Export/Debug/Debug.bindings.h Line: 39)

BURSTRANGE CONTACT L_LowLeg height=0.3399998 accepted=True 
(Filename: E:\unity\Runtime/Export/Debug/Debug.bindings.h Line: 39)

BURSTRANGE PASS real collision in newly eligible shin band skills=False 
(Filename: E:\unity\Runtime/Export/Debug/Debug.bindings.h Line: 39)

BURSTRANGE PASS upper shin activates only burst, once skills=False launches=0 
(Filename: E:\unity\Runtime/Export/Debug/Debug.bindings.h Line: 39)

Unloading 4 Unused Serialized files (Serialized files now loaded: 0)
UnloadTime: 0.324700 ms

Unloading 3 unused Assets to reduce memory usage. Loaded Objects now: 1061.
Total: 1.202000 ms (FindLiveObjects: 0.057300 ms CreateObjectMapping: 0.017000 ms MarkObjects: 0.227900 ms  DeleteObjects: 0.899300 ms)

BURSTRANGE PASS expanded collision uses keypad 0 native kick skills=True 
(Filename: E:\unity\Runtime/Export/Debug/Debug.bindings.h Line: 39)

BURSTRANGE CONTACT L_Up_Leg height=-0.5029328 accepted=False 
(Filename: E:\unity\Runtime/Export/Debug/Debug.bindings.h Line: 39)

BURSTRANGE CONTACT L_LowLeg height=0.3400001 accepted=True 
(Filename: E:\unity\Runtime/Export/Debug/Debug.bindings.h Line: 39)

BURSTRANGE PASS real collision in newly eligible shin band skills=True 
(Filename: E:\unity\Runtime/Export/Debug/Debug.bindings.h Line: 39)

BURSTRANGE PASS upper shin activates only burst, once skills=True launches=1 
(Filename: E:\unity\Runtime/Export/Debug/Debug.bindings.h Line: 39)

BURSTRANGE PASS expanded contact keeps burst speed 
(Filename: E:\unity\Runtime/Export/Debug/Debug.bindings.h Line: 39)

BURSTRANGE PASS expanded airborne contact keeps low flight 
(Filename: E:\unity\Runtime/Export/Debug/Debug.bindings.h Line: 39)

BURSTRANGE PASS expanded contact shows burst highlight 
(Filename: E:\unity\Runtime/Export/Debug/Debug.bindings.h Line: 39)

Unloading 4 Unused Serialized files (Serialized files now loaded: 0)
UnloadTime: 0.257500 ms

Unloading 3 unused Assets to reduce memory usage. Loaded Objects now: 1061.
Total: 1.285100 ms (FindLiveObjects: 0.057900 ms CreateObjectMapping: 0.017000 ms MarkObjects: 0.262000 ms  DeleteObjects: 0.947800 ms)

BURSTRANGE PASS expanded range still requires powered instruction 
(Filename: E:\unity\Runtime/Export/Debug/Debug.bindings.h Line: 39)

BURSTRANGE PASS behind player cannot launch 
(Filename: E:\unity\Runtime/Export/Debug/Debug.bindings.h Line: 39)

BURSTRANGE PASS contest cannot launch expanded skill 
(Filename: E:\unity\Runtime/Export/Debug/Debug.bindings.h Line: 39)

BURSTRANGE PASS powered sole contact still rejected 
(Filename: E:\unity\Runtime/Export/Debug/Debug.bindings.h Line: 39)

BURSTRANGE PASS expired contact window rejected 
(Filename: E:\unity\Runtime/Export/Debug/Debug.bindings.h Line: 39)

BURSTRANGE COMPLETE checks=149 failures=0 
(Filename: E:\unity\Runtime/Export/Debug/Debug.bindings.h Line: 39)

Setting up 12 worker threads for Enlighten.
  Thread -> id: 99a4 -> priority: 1 
  Thread -> id: a3c -> priority: 1 
  Thread -> id: 67e4 -> priority: 1 
  Thread -> id: 7cb0 -> priority: 1 
  Thread -> id: 7b90 -> priority: 1 
  Thread -> id: 7634 -> priority: 1 
  Thread -> id: 8aa0 -> priority: 1 
  Thread -> id: 77bc -> priority: 1 
  Thread -> id: 8578 -> priority: 1 
  Thread -> id: 2598 -> priority: 1 
  Thread -> id: 336c -> priority: 1 
  Thread -> id: 76fc -> priority: 1 
Curl error 42: Callback aborted
 
(Filename:  Line: 867)

