Mono path[0] = 'C:/Users/Alienware/Documents/范志毅VS赵鹏/范志毅VS赵鹏 PC双人版（32位）/鑼冨織姣匳S璧甸箯 PC鍙屼汉鐗堬紙32浣嶏級/AI Mod Source/build/rescue-balance-test-player-experiment/FanZhiYi_Data/Managed'
Mono config path = 'C:/Users/Alienware/Documents/范志毅VS赵鹏/范志毅VS赵鹏 PC双人版（32位）/鑼冨織姣匳S璧甸箯 PC鍙屼汉鐗堬紙32浣嶏級/AI Mod Source/build/rescue-balance-test-player-experiment/MonoBleedingEdge/etc'
AS: AutoStreaming module initializing.Initialize engine version: 2019.4.33f1c1 (c2f94a8bebb3)
[Subsystems] Discovering subsystems at path C:/Users/Alienware/Documents/范志毅VS赵鹏/范志毅VS赵鹏 PC双人版（32位）/鑼冨織姣匳S璧甸箯 PC鍙屼汉鐗堬紙32浣嶏級/AI Mod Source/build/rescue-balance-test-player-experiment/FanZhiYi_Data/UnitySubsystems
GfxDevice: creating device client; threaded=1
Direct3D:
    Version:  Direct3D 11.0 [level 11.1]
    Renderer: NVIDIA GeForce RTX 5070 Laptop GPU (ID=0x2d58)
    Vendor:   (null)
    VRAM:     3072 MB
    Driver:   32.0.15.9608
Begin MonoManager ReloadAssembly
- Completed reload, in  0.093 seconds
<RI> Initializing input.
<RI> Input initialized.
<RI> Initialized touch support.
UnloadTime: 0.503500 ms
CONTROLS PASS start menu offers binding settings 
(Filename: E:\unity\Runtime/Export/Debug/Debug.bindings.h Line: 39)

CONTROLS PASS menu button opens settings overlay 
(Filename: E:\unity\Runtime/Export/Debug/Debug.bindings.h Line: 39)

CONTROLS PASS all fourteen default slots include Zhao right Shift header 
(Filename: E:\unity\Runtime/Export/Debug/Debug.bindings.h Line: 39)

CONTROLS PASS settings buttons remain inside viewport (1280.0, 720.0) 
(Filename: E:\unity\Runtime/Export/Debug/Debug.bindings.h Line: 39)

CONTROLS PASS settings screenshot captured 1280 
(Filename: E:\unity\Runtime/Export/Debug/Debug.bindings.h Line: 39)

CONTROLS PASS settings buttons remain inside viewport (800.0, 600.0) 
(Filename: E:\unity\Runtime/Export/Debug/Debug.bindings.h Line: 39)

CONTROLS PASS settings screenshot captured 800 
(Filename: E:\unity\Runtime/Export/Debug/Debug.bindings.h Line: 39)

CONTROLS PASS UI rejects another player's occupied key 
(Filename: E:\unity\Runtime/Export/Debug/Debug.bindings.h Line: 39)

CONTROLS PASS UI captures and displays new key 
(Filename: E:\unity\Runtime/Export/Debug/Debug.bindings.h Line: 39)

CONTROLS PASS UI binding persists after reload 
(Filename: E:\unity\Runtime/Export/Debug/Debug.bindings.h Line: 39)

CONTROLS PASS UI restores current defaults 
(Filename: E:\unity\Runtime/Export/Debug/Debug.bindings.h Line: 39)

CONTROLS PASS done closes overlay 
(Filename: E:\unity\Runtime/Export/Debug/Debug.bindings.h Line: 39)

Unloading 5 Unused Serialized files (Serialized files now loaded: 0)
UnloadTime: 0.178000 ms

Unloading 145 unused Assets to reduce memory usage. Loaded Objects now: 1010.
Total: 0.531100 ms (FindLiveObjects: 0.068100 ms CreateObjectMapping: 0.019000 ms MarkObjects: 0.164600 ms  DeleteObjects: 0.279000 ms)

CONTROLS PASS default binding p=0 action=0 
(Filename: E:\unity\Runtime/Export/Debug/Debug.bindings.h Line: 39)

CONTROLS PASS default binding p=0 action=1 
(Filename: E:\unity\Runtime/Export/Debug/Debug.bindings.h Line: 39)

CONTROLS PASS default binding p=0 action=2 
(Filename: E:\unity\Runtime/Export/Debug/Debug.bindings.h Line: 39)

CONTROLS PASS default binding p=0 action=3 
(Filename: E:\unity\Runtime/Export/Debug/Debug.bindings.h Line: 39)

CONTROLS PASS default binding p=0 action=4 
(Filename: E:\unity\Runtime/Export/Debug/Debug.bindings.h Line: 39)

CONTROLS PASS default binding p=0 action=5 
(Filename: E:\unity\Runtime/Export/Debug/Debug.bindings.h Line: 39)

CONTROLS PASS default binding p=0 action=6 
(Filename: E:\unity\Runtime/Export/Debug/Debug.bindings.h Line: 39)

CONTROLS PASS default binding p=1 action=0 
(Filename: E:\unity\Runtime/Export/Debug/Debug.bindings.h Line: 39)

CONTROLS PASS default binding p=1 action=1 
(Filename: E:\unity\Runtime/Export/Debug/Debug.bindings.h Line: 39)

CONTROLS PASS default binding p=1 action=2 
(Filename: E:\unity\Runtime/Export/Debug/Debug.bindings.h Line: 39)

CONTROLS PASS default binding p=1 action=3 
(Filename: E:\unity\Runtime/Export/Debug/Debug.bindings.h Line: 39)

CONTROLS PASS default binding p=1 action=4 
(Filename: E:\unity\Runtime/Export/Debug/Debug.bindings.h Line: 39)

CONTROLS PASS default binding p=1 action=5 
(Filename: E:\unity\Runtime/Export/Debug/Debug.bindings.h Line: 39)

CONTROLS PASS default binding p=1 action=6 
(Filename: E:\unity\Runtime/Export/Debug/Debug.bindings.h Line: 39)

CONTROLS PASS custom left drives native movement 
(Filename: E:\unity\Runtime/Export/Debug/Debug.bindings.h Line: 39)

CONTROLS PASS opposite movement keys cancel 
(Filename: E:\unity\Runtime/Export/Debug/Debug.bindings.h Line: 39)

CONTROLS PASS custom right drives native movement 
(Filename: E:\unity\Runtime/Export/Debug/Debug.bindings.h Line: 39)

CONTROLS PASS custom shooting key reaches native Kick slot 
(Filename: E:\unity\Runtime/Export/Debug/Debug.bindings.h Line: 39)

CONTROLS PASS old shooting key stops after rebinding 
(Filename: E:\unity\Runtime/Export/Debug/Debug.bindings.h Line: 39)

CONTROLS PASS custom down reaches Fan quick drop 
(Filename: E:\unity\Runtime/Export/Debug/Debug.bindings.h Line: 39)

CONTROLS PASS custom jump reaches native jump slot 
(Filename: E:\unity\Runtime/Export/Debug/Debug.bindings.h Line: 39)

CONTROLS PASS both players' changes persist 
(Filename: E:\unity\Runtime/Export/Debug/Debug.bindings.h Line: 39)

CONTROLS PASS cross-player key conflicts rejected 
(Filename: E:\unity\Runtime/Export/Debug/Debug.bindings.h Line: 39)

Unloading 4 Unused Serialized files (Serialized files now loaded: 0)
UnloadTime: 0.417200 ms

Unloading 41 unused Assets to reduce memory usage. Loaded Objects now: 1060.
Total: 1.274300 ms (FindLiveObjects: 0.036200 ms CreateObjectMapping: 0.008600 ms MarkObjects: 0.289700 ms  DeleteObjects: 0.939300 ms)

CONTROLS PASS native Zhao head slot assigned skills=False 
(Filename: E:\unity\Runtime/Export/Debug/Debug.bindings.h Line: 39)

CONTROLS CLIPS Zhao Kick,Jump,Walk,Idle,BackWalk,Head, 
(Filename: E:\unity\Runtime/Export/Debug/Debug.bindings.h Line: 39)

HEADER LIVE frame=0 head=-8.46 body=-24.31 headRot=6.093453 ballV=(0.0, 0.0) 
(Filename: E:\unity\Runtime/Export/Debug/Debug.bindings.h Line: 39)

HEADER LIVE frame=3 head=51.89479 body=12.47328 headRot=4.935034 ballV=(0.0, 0.0) 
(Filename: E:\unity\Runtime/Export/Debug/Debug.bindings.h Line: 39)

HEADER LIVE frame=6 head=81.12661 body=30.45518 headRot=33.44443 ballV=(-4.3, 0.2) 
(Filename: E:\unity\Runtime/Export/Debug/Debug.bindings.h Line: 39)

HEADER LIVE frame=9 head=72.49329 body=27.05254 headRot=56.99145 ballV=(-3.9, 0.2) 
(Filename: E:\unity\Runtime/Export/Debug/Debug.bindings.h Line: 39)

HEADER LIVE frame=12 head=57.32973 body=21.07615 headRot=66.36168 ballV=(-3.9, 0.2) 
(Filename: E:\unity\Runtime/Export/Debug/Debug.bindings.h Line: 39)

HEADER LIVE frame=15 head=38.77908 body=13.7648 headRot=61.59738 ballV=(-3.9, 0.2) 
(Filename: E:\unity\Runtime/Export/Debug/Debug.bindings.h Line: 39)

HEADER LIVE frame=18 head=20.45051 body=6.540981 headRot=40.98611 ballV=(-3.9, 0.2) 
(Filename: E:\unity\Runtime/Export/Debug/Debug.bindings.h Line: 39)

HEADER LIVE frame=21 head=6.035065 body=0.8594322 headRot=7.519151 ballV=(-3.9, 0.2) 
(Filename: E:\unity\Runtime/Export/Debug/Debug.bindings.h Line: 39)

CONTROLS PASS human key executes Zhao header animation skills=False remapped=False 
(Filename: E:\unity\Runtime/Export/Debug/Debug.bindings.h Line: 39)

CONTROLS PASS header keeps Zhao lower-body sprite scale and facing 
(Filename: E:\unity\Runtime/Export/Debug/Debug.bindings.h Line: 39)

CONTROLS PASS header has real varying neck targets range=90.34859 
(Filename: E:\unity\Runtime/Export/Debug/Debug.bindings.h Line: 39)

CONTROLS PASS header visibly swings physical head degrees=60.83141 
(Filename: E:\unity\Runtime/Export/Debug/Debug.bindings.h Line: 39)

CONTROLS PASS stationary front ball headed toward opponent vx=-4.316484 
(Filename: E:\unity\Runtime/Export/Debug/Debug.bindings.h Line: 39)

CONTROLS PASS header preserves actual head-ball collision skills=False remapped=False 
(Filename: E:\unity\Runtime/Export/Debug/Debug.bindings.h Line: 39)

CONTROLS PASS header retains connected model error=0.02779502 
(Filename: E:\unity\Runtime/Export/Debug/Debug.bindings.h Line: 39)

CONTROLS PASS header returns to normal state 
(Filename: E:\unity\Runtime/Export/Debug/Debug.bindings.h Line: 39)

CONTROLS PASS header releases mirrored goals after recovery idle=4.96 actual=4.96 
(Filename: E:\unity\Runtime/Export/Debug/Debug.bindings.h Line: 39)

CONTROLS PASS next heading command swings again degrees=66.95467 
(Filename: E:\unity\Runtime/Export/Debug/Debug.bindings.h Line: 39)

Unloading 4 Unused Serialized files (Serialized files now loaded: 0)
UnloadTime: 0.276300 ms

Unloading 9 unused Assets to reduce memory usage. Loaded Objects now: 1065.
Total: 1.261800 ms (FindLiveObjects: 0.059600 ms CreateObjectMapping: 0.015800 ms MarkObjects: 0.188300 ms  DeleteObjects: 0.997800 ms)

CONTROLS PASS native Zhao head slot assigned skills=True 
(Filename: E:\unity\Runtime/Export/Debug/Debug.bindings.h Line: 39)

CONTROLS CLIPS Zhao Kick,Jump,Walk,Idle,BackWalk,Head, 
(Filename: E:\unity\Runtime/Export/Debug/Debug.bindings.h Line: 39)

HEADER LIVE frame=0 head=-8.46 body=-24.31 headRot=4.675091 ballV=(0.0, 0.0) 
(Filename: E:\unity\Runtime/Export/Debug/Debug.bindings.h Line: 39)

HEADER LIVE frame=3 head=50.09358 body=11.37554 headRot=8.846148 ballV=(0.0, 0.0) 
(Filename: E:\unity\Runtime/Export/Debug/Debug.bindings.h Line: 39)

HEADER LIVE frame=6 head=81.29736 body=30.52248 headRot=39.98342 ballV=(-4.4, -0.7) 
(Filename: E:\unity\Runtime/Export/Debug/Debug.bindings.h Line: 39)

HEADER LIVE frame=9 head=73.16353 body=27.3167 headRot=53.56673 ballV=(-4.4, -0.7) 
(Filename: E:\unity\Runtime/Export/Debug/Debug.bindings.h Line: 39)

HEADER LIVE frame=12 head=58.35009 body=21.4783 headRot=68.94453 ballV=(-4.4, -0.7) 
(Filename: E:\unity\Runtime/Export/Debug/Debug.bindings.h Line: 39)

HEADER LIVE frame=15 head=39.81528 body=14.1732 headRot=67.14716 ballV=(-4.4, -0.7) 
(Filename: E:\unity\Runtime/Export/Debug/Debug.bindings.h Line: 39)

HEADER LIVE frame=18 head=21.72298 body=7.0425 headRot=36.72983 ballV=(-4.4, -0.7) 
(Filename: E:\unity\Runtime/Export/Debug/Debug.bindings.h Line: 39)

HEADER LIVE frame=21 head=6.715652 body=1.12767 headRot=11.69324 ballV=(-4.4, -0.7) 
(Filename: E:\unity\Runtime/Export/Debug/Debug.bindings.h Line: 39)

CONTROLS PASS human key executes Zhao header animation skills=True remapped=False 
(Filename: E:\unity\Runtime/Export/Debug/Debug.bindings.h Line: 39)

CONTROLS PASS header keeps Zhao lower-body sprite scale and facing 
(Filename: E:\unity\Runtime/Export/Debug/Debug.bindings.h Line: 39)

CONTROLS PASS header has real varying neck targets range=90.36 
(Filename: E:\unity\Runtime/Export/Debug/Debug.bindings.h Line: 39)

CONTROLS PASS header visibly swings physical head degrees=64.91142 
(Filename: E:\unity\Runtime/Export/Debug/Debug.bindings.h Line: 39)

CONTROLS PASS stationary front ball headed toward opponent vx=-4.915579 
(Filename: E:\unity\Runtime/Export/Debug/Debug.bindings.h Line: 39)

CONTROLS PASS header preserves actual head-ball collision skills=True remapped=False 
(Filename: E:\unity\Runtime/Export/Debug/Debug.bindings.h Line: 39)

CONTROLS PASS header retains connected model error=0.02765474 
(Filename: E:\unity\Runtime/Export/Debug/Debug.bindings.h Line: 39)

CONTROLS PASS header returns to normal state 
(Filename: E:\unity\Runtime/Export/Debug/Debug.bindings.h Line: 39)

CONTROLS PASS header releases mirrored goals after recovery idle=4.96 actual=4.96 
(Filename: E:\unity\Runtime/Export/Debug/Debug.bindings.h Line: 39)

CONTROLS PASS next heading command swings again degrees=68.43723 
(Filename: E:\unity\Runtime/Export/Debug/Debug.bindings.h Line: 39)

Unloading 4 Unused Serialized files (Serialized files now loaded: 0)
UnloadTime: 0.691100 ms

Unloading 9 unused Assets to reduce memory usage. Loaded Objects now: 1071.
Total: 1.190200 ms (FindLiveObjects: 0.031100 ms CreateObjectMapping: 0.008000 ms MarkObjects: 0.195700 ms  DeleteObjects: 0.955200 ms)

CONTROLS PASS native Zhao head slot assigned skills=True 
(Filename: E:\unity\Runtime/Export/Debug/Debug.bindings.h Line: 39)

CONTROLS CLIPS Zhao Kick,Jump,Walk,Idle,BackWalk,Head, 
(Filename: E:\unity\Runtime/Export/Debug/Debug.bindings.h Line: 39)

HEADER LIVE frame=0 head=-8.46 body=-24.31 headRot=6.093453 ballV=(0.0, 0.0) 
(Filename: E:\unity\Runtime/Export/Debug/Debug.bindings.h Line: 39)

HEADER LIVE frame=3 head=51.07987 body=11.97663 headRot=359.573 ballV=(0.0, 0.0) 
(Filename: E:\unity\Runtime/Export/Debug/Debug.bindings.h Line: 39)

HEADER LIVE frame=6 head=81.22083 body=30.49232 headRot=37.79071 ballV=(-4.4, 0.2) 
(Filename: E:\unity\Runtime/Export/Debug/Debug.bindings.h Line: 39)

HEADER LIVE frame=9 head=72.96741 body=27.23941 headRot=59.2856 ballV=(-3.9, 0.2) 
(Filename: E:\unity\Runtime/Export/Debug/Debug.bindings.h Line: 39)

HEADER LIVE frame=12 head=57.75609 body=21.24419 headRot=68.00935 ballV=(-3.9, 0.2) 
(Filename: E:\unity\Runtime/Export/Debug/Debug.bindings.h Line: 39)

HEADER LIVE frame=15 head=39.40851 body=14.01287 headRot=61.31945 ballV=(-3.9, 0.2) 
(Filename: E:\unity\Runtime/Export/Debug/Debug.bindings.h Line: 39)

HEADER LIVE frame=18 head=21.35504 body=6.89748 headRot=38.76454 ballV=(-3.9, 0.2) 
(Filename: E:\unity\Runtime/Export/Debug/Debug.bindings.h Line: 39)

HEADER LIVE frame=21 head=6.836166 body=1.175169 headRot=8.05361 ballV=(-3.9, 0.2) 
(Filename: E:\unity\Runtime/Export/Debug/Debug.bindings.h Line: 39)

CONTROLS PASS human key executes Zhao header animation skills=True remapped=True 
(Filename: E:\unity\Runtime/Export/Debug/Debug.bindings.h Line: 39)

CONTROLS PASS header keeps Zhao lower-body sprite scale and facing 
(Filename: E:\unity\Runtime/Export/Debug/Debug.bindings.h Line: 39)

CONTROLS PASS header has real varying neck targets range=90.35755 
(Filename: E:\unity\Runtime/Export/Debug/Debug.bindings.h Line: 39)

CONTROLS PASS header visibly swings physical head degrees=61.94226 
(Filename: E:\unity\Runtime/Export/Debug/Debug.bindings.h Line: 39)

CONTROLS PASS stationary front ball headed toward opponent vx=-4.386341 
(Filename: E:\unity\Runtime/Export/Debug/Debug.bindings.h Line: 39)

CONTROLS PASS header preserves actual head-ball collision skills=True remapped=True 
(Filename: E:\unity\Runtime/Export/Debug/Debug.bindings.h Line: 39)

CONTROLS PASS header retains connected model error=0.03340728 
(Filename: E:\unity\Runtime/Export/Debug/Debug.bindings.h Line: 39)

CONTROLS PASS header returns to normal state 
(Filename: E:\unity\Runtime/Export/Debug/Debug.bindings.h Line: 39)

CONTROLS PASS header releases mirrored goals after recovery idle=4.96 actual=4.96 
(Filename: E:\unity\Runtime/Export/Debug/Debug.bindings.h Line: 39)

CONTROLS PASS next heading command swings again degrees=67.27693 
(Filename: E:\unity\Runtime/Export/Debug/Debug.bindings.h Line: 39)

CONTROLS COMPLETE checks=68 failures=0 
(Filename: E:\unity\Runtime/Export/Debug/Debug.bindings.h Line: 39)

Setting up 12 worker threads for Enlighten.
  Thread -> id: 828 -> priority: 1 
  Thread -> id: 87fc -> priority: 1 
  Thread -> id: 7c10 -> priority: 1 
  Thread -> id: 18c8 -> priority: 1 
  Thread -> id: 84f0 -> priority: 1 
  Thread -> id: 6564 -> priority: 1 
  Thread -> id: 26a8 -> priority: 1 
  Thread -> id: 99c8 -> priority: 1 
  Thread -> id: 7a44 -> priority: 1 
  Thread -> id: 27d4 -> priority: 1 
  Thread -> id: 5068 -> priority: 1 
  Thread -> id: 1c08 -> priority: 1 
Curl error 42: Callback aborted
 
(Filename:  Line: 867)

