Mono path[0] = 'C:/Users/Alienware/Documents/范志毅VS赵鹏/范志毅VS赵鹏 PC双人版（32位）/鑼冨織姣匳S璧甸箯 PC鍙屼汉鐗堬紙32浣嶏級/AI Mod Source/build/rescue-balance-test-player-experiment/FanZhiYi_Data/Managed'
Mono config path = 'C:/Users/Alienware/Documents/范志毅VS赵鹏/范志毅VS赵鹏 PC双人版（32位）/鑼冨織姣匳S璧甸箯 PC鍙屼汉鐗堬紙32浣嶏級/AI Mod Source/build/rescue-balance-test-player-experiment/MonoBleedingEdge/etc'
AS: AutoStreaming module initializing.Initialize engine version: 2019.4.33f1c1 (c2f94a8bebb3)
[Subsystems] Discovering subsystems at path C:/Users/Alienware/Documents/范志毅VS赵鹏/范志毅VS赵鹏 PC双人版（32位）/鑼冨織姣匳S璧甸箯 PC鍙屼汉鐗堬紙32浣嶏級/AI Mod Source/build/rescue-balance-test-player-experiment/FanZhiYi_Data/UnitySubsystems
GfxDevice: creating device client; threaded=1
Direct3D:
    Version:  Direct3D 11.0 [level 11.1]
    Renderer: NVIDIA GeForce RTX 5070 Laptop GPU (ID=0x2d58)
    Vendor:   (null)
    VRAM:     3072 MB
    Driver:   32.0.15.9608
Begin MonoManager ReloadAssembly
- Completed reload, in  0.094 seconds
<RI> Initializing input.
<RI> Input initialized.
<RI> Initialized touch support.
UnloadTime: 0.520600 ms
Unloading 5 Unused Serialized files (Serialized files now loaded: 0)
UnloadTime: 0.169200 ms

Unloading 143 unused Assets to reduce memory usage. Loaded Objects now: 1009.
Total: 0.547300 ms (FindLiveObjects: 0.037700 ms CreateObjectMapping: 0.009400 ms MarkObjects: 0.222600 ms  DeleteObjects: 0.277300 ms)

DROP HEIGHT floor=-1.81 shin=1.1463 radius=0.1938753 low=-1.23685 
(Filename: E:\unity\Runtime/Export/Debug/Debug.bindings.h Line: 39)

DROP PASS standing thigh reference follows edition size 
(Filename: E:\unity\Runtime/Export/Debug/Debug.bindings.h Line: 39)

DROP PASS front ball flying away does not auto drop 
(Filename: E:\unity\Runtime/Export/Debug/Debug.bindings.h Line: 39)

DROP PASS stationary ball does not auto drop 
(Filename: E:\unity\Runtime/Export/Debug/Debug.bindings.h Line: 39)

DROP PASS rear incoming ball requires manual key 
(Filename: E:\unity\Runtime/Export/Debug/Debug.bindings.h Line: 39)

DROP PASS high incoming ball stays above fixed standing thigh threshold 
(Filename: E:\unity\Runtime/Export/Debug/Debug.bindings.h Line: 39)

DROP PASS steep downward ball is not low flat flight 
(Filename: E:\unity\Runtime/Export/Debug/Debug.bindings.h Line: 39)

DROP PASS distant low ball does not cause premature drop 
(Filename: E:\unity\Runtime/Export/Debug/Debug.bindings.h Line: 39)

DROP PASS near front low flat incoming ball is eligible 
(Filename: E:\unity\Runtime/Export/Debug/Debug.bindings.h Line: 39)

DROP PASS upper thigh ball is eligible below standing top 
(Filename: E:\unity\Runtime/Export/Debug/Debug.bindings.h Line: 39)

DROP PASS ball crossing thigh upper edge is rejected 
(Filename: E:\unity\Runtime/Export/Debug/Debug.bindings.h Line: 39)

DROP PASS paused game does not auto drop 
(Filename: E:\unity\Runtime/Export/Debug/Debug.bindings.h Line: 39)

DROP PASS stopped rally does not auto drop 
(Filename: E:\unity\Runtime/Export/Debug/Debug.bindings.h Line: 39)

DROP PASS manual S with front ball cannot bypass automatic conditions 
(Filename: E:\unity\Runtime/Export/Debug/Debug.bindings.h Line: 39)

Unloading 4 Unused Serialized files (Serialized files now loaded: 0)
UnloadTime: 1.051800 ms

Unloading 37 unused Assets to reduce memory usage. Loaded Objects now: 1060.
Total: 1.123500 ms (FindLiveObjects: 0.062600 ms CreateObjectMapping: 0.018800 ms MarkObjects: 0.369100 ms  DeleteObjects: 0.672400 ms)

DROP PASS grounded player does not trigger air descent 
(Filename: E:\unity\Runtime/Export/Debug/Debug.bindings.h Line: 39)

Unloading 4 Unused Serialized files (Serialized files now loaded: 0)
UnloadTime: 0.276500 ms

Unloading 2 unused Assets to reduce memory usage. Loaded Objects now: 1060.
Total: 0.997300 ms (FindLiveObjects: 0.052100 ms CreateObjectMapping: 0.008400 ms MarkObjects: 0.173700 ms  DeleteObjects: 0.762600 ms)

DROP PASS skills=False rear=False press=False remap=False semi-auto activation follows front/rear rules 
(Filename: E:\unity\Runtime/Export/Debug/Debug.bindings.h Line: 39)

DROP PASS skills=False rear=False press=False remap=False descent preserves connected skeleton 
(Filename: E:\unity\Runtime/Export/Debug/Debug.bindings.h Line: 39)

DROP PASS skills=False rear=False press=False remap=False all native joints retained 
(Filename: E:\unity\Runtime/Export/Debug/Debug.bindings.h Line: 39)

Unloading 4 Unused Serialized files (Serialized files now loaded: 0)
UnloadTime: 0.291100 ms

Unloading 2 unused Assets to reduce memory usage. Loaded Objects now: 1060.
Total: 1.393700 ms (FindLiveObjects: 0.036200 ms CreateObjectMapping: 0.008900 ms MarkObjects: 0.312700 ms  DeleteObjects: 1.035600 ms)

DROP PASS skills=False rear=True press=True remap=False semi-auto activation follows front/rear rules 
(Filename: E:\unity\Runtime/Export/Debug/Debug.bindings.h Line: 39)

DROP PASS skills=False rear=True press=True remap=False descent preserves connected skeleton 
(Filename: E:\unity\Runtime/Export/Debug/Debug.bindings.h Line: 39)

DROP PASS skills=False rear=True press=True remap=False all native joints retained 
(Filename: E:\unity\Runtime/Export/Debug/Debug.bindings.h Line: 39)

Unloading 4 Unused Serialized files (Serialized files now loaded: 0)
UnloadTime: 0.367300 ms

Unloading 2 unused Assets to reduce memory usage. Loaded Objects now: 1060.
Total: 1.693300 ms (FindLiveObjects: 0.050100 ms CreateObjectMapping: 0.010300 ms MarkObjects: 0.323400 ms  DeleteObjects: 1.308700 ms)

DROP PASS skills=True rear=False press=False remap=False semi-auto activation follows front/rear rules 
(Filename: E:\unity\Runtime/Export/Debug/Debug.bindings.h Line: 39)

DROP PASS skills=True rear=False press=False remap=False descent preserves connected skeleton 
(Filename: E:\unity\Runtime/Export/Debug/Debug.bindings.h Line: 39)

DROP PASS skills=True rear=False press=False remap=False all native joints retained 
(Filename: E:\unity\Runtime/Export/Debug/Debug.bindings.h Line: 39)

DROP PASS skills=True rear=False press=False remap=False fast descent stays bounded 
(Filename: E:\unity\Runtime/Export/Debug/Debug.bindings.h Line: 39)

DROP PASS skills=True rear=False press=False remap=False lands through actual ground collision 
(Filename: E:\unity\Runtime/Export/Debug/Debug.bindings.h Line: 39)

DROP PASS skills=True rear=False press=False remap=False landing ends assistance 
(Filename: E:\unity\Runtime/Export/Debug/Debug.bindings.h Line: 39)

DROP PASS skills=True rear=False press=False remap=False reset clears animation 
(Filename: E:\unity\Runtime/Export/Debug/Debug.bindings.h Line: 39)

Unloading 4 Unused Serialized files (Serialized files now loaded: 0)
UnloadTime: 0.254900 ms

Unloading 2 unused Assets to reduce memory usage. Loaded Objects now: 1060.
Total: 1.091400 ms (FindLiveObjects: 0.031500 ms CreateObjectMapping: 0.007400 ms MarkObjects: 0.166400 ms  DeleteObjects: 0.885700 ms)

DROP PASS skills=True rear=True press=False remap=False semi-auto activation follows front/rear rules 
(Filename: E:\unity\Runtime/Export/Debug/Debug.bindings.h Line: 39)

DROP PASS skills=True rear=True press=False remap=False descent preserves connected skeleton 
(Filename: E:\unity\Runtime/Export/Debug/Debug.bindings.h Line: 39)

DROP PASS skills=True rear=True press=False remap=False all native joints retained 
(Filename: E:\unity\Runtime/Export/Debug/Debug.bindings.h Line: 39)

Unloading 4 Unused Serialized files (Serialized files now loaded: 0)
UnloadTime: 0.291900 ms

Unloading 2 unused Assets to reduce memory usage. Loaded Objects now: 1060.
Total: 1.334000 ms (FindLiveObjects: 0.060200 ms CreateObjectMapping: 0.015900 ms MarkObjects: 0.343700 ms  DeleteObjects: 0.913600 ms)

DROP PASS skills=True rear=True press=True remap=False semi-auto activation follows front/rear rules 
(Filename: E:\unity\Runtime/Export/Debug/Debug.bindings.h Line: 39)

DROP PASS skills=True rear=True press=True remap=False descent preserves connected skeleton 
(Filename: E:\unity\Runtime/Export/Debug/Debug.bindings.h Line: 39)

DROP PASS skills=True rear=True press=True remap=False all native joints retained 
(Filename: E:\unity\Runtime/Export/Debug/Debug.bindings.h Line: 39)

DROP PASS skills=True rear=True press=True remap=False fast descent stays bounded 
(Filename: E:\unity\Runtime/Export/Debug/Debug.bindings.h Line: 39)

DROP PASS skills=True rear=True press=True remap=False lands through actual ground collision 
(Filename: E:\unity\Runtime/Export/Debug/Debug.bindings.h Line: 39)

DROP PASS skills=True rear=True press=True remap=False landing ends assistance 
(Filename: E:\unity\Runtime/Export/Debug/Debug.bindings.h Line: 39)

DROP PASS skills=True rear=True press=True remap=False reset clears animation 
(Filename: E:\unity\Runtime/Export/Debug/Debug.bindings.h Line: 39)

Unloading 4 Unused Serialized files (Serialized files now loaded: 0)
UnloadTime: 0.259000 ms

Unloading 2 unused Assets to reduce memory usage. Loaded Objects now: 1060.
Total: 1.386100 ms (FindLiveObjects: 0.036200 ms CreateObjectMapping: 0.009000 ms MarkObjects: 0.309700 ms  DeleteObjects: 1.030900 ms)

DROP PASS custom down key accepted 
(Filename: E:\unity\Runtime/Export/Debug/Debug.bindings.h Line: 39)

DROP PASS skills=True rear=True press=True remap=True semi-auto activation follows front/rear rules 
(Filename: E:\unity\Runtime/Export/Debug/Debug.bindings.h Line: 39)

DROP PASS skills=True rear=True press=True remap=True descent preserves connected skeleton 
(Filename: E:\unity\Runtime/Export/Debug/Debug.bindings.h Line: 39)

DROP PASS skills=True rear=True press=True remap=True all native joints retained 
(Filename: E:\unity\Runtime/Export/Debug/Debug.bindings.h Line: 39)

DROP PASS skills=True rear=True press=True remap=True fast descent stays bounded 
(Filename: E:\unity\Runtime/Export/Debug/Debug.bindings.h Line: 39)

DROP PASS skills=True rear=True press=True remap=True lands through actual ground collision 
(Filename: E:\unity\Runtime/Export/Debug/Debug.bindings.h Line: 39)

DROP PASS skills=True rear=True press=True remap=True landing ends assistance 
(Filename: E:\unity\Runtime/Export/Debug/Debug.bindings.h Line: 39)

DROP PASS skills=True rear=True press=True remap=True reset clears animation 
(Filename: E:\unity\Runtime/Export/Debug/Debug.bindings.h Line: 39)

DROP COMPLETE checks=45 failures=0 
(Filename: E:\unity\Runtime/Export/Debug/Debug.bindings.h Line: 39)

Setting up 12 worker threads for Enlighten.
  Thread -> id: 28c8 -> priority: 1 
  Thread -> id: 5910 -> priority: 1 
  Thread -> id: 8bec -> priority: 1 
  Thread -> id: 1d88 -> priority: 1 
  Thread -> id: 9fc4 -> priority: 1 
  Thread -> id: 2d54 -> priority: 1 
  Thread -> id: 995c -> priority: 1 
  Thread -> id: edc -> priority: 1 
  Thread -> id: 8f98 -> priority: 1 
  Thread -> id: 22c -> priority: 1 
  Thread -> id: 9b1c -> priority: 1 
  Thread -> id: 40e0 -> priority: 1 
Curl error 42: Callback aborted
 
(Filename:  Line: 867)

