Process is running in low integrity mode...
Mono path[0] = 'C:/Users/Alienware/Desktop/范志毅VS赵鹏/范志毅VS赵鹏 PC双人版（32位）/鑼冨織姣匳S璧甸箯 PC鍙屼汉鐗堬紙32浣嶏級/AI Mod Source/build/magnetic-test-player-original/FanZhiYi_Data/Managed'
Mono config path = 'C:/Users/Alienware/Desktop/范志毅VS赵鹏/范志毅VS赵鹏 PC双人版（32位）/鑼冨織姣匳S璧甸箯 PC鍙屼汉鐗堬紙32浣嶏級/AI Mod Source/build/magnetic-test-player-original/MonoBleedingEdge/etc'
AS: AutoStreaming module initializing.Initialize engine version: 2019.4.33f1c1 (c2f94a8bebb3)
[Subsystems] Discovering subsystems at path C:/Users/Alienware/Desktop/范志毅VS赵鹏/范志毅VS赵鹏 PC双人版（32位）/鑼冨織姣匳S璧甸箯 PC鍙屼汉鐗堬紙32浣嶏級/AI Mod Source/build/magnetic-test-player-original/FanZhiYi_Data/UnitySubsystems
GfxDevice: creating device client; threaded=1
Direct3D:
    Version:  Direct3D 11.0 [level 11.1]
    Renderer: NVIDIA GeForce RTX 5070 Laptop GPU (ID=0x2d58)
    Vendor:   (null)
    VRAM:     3072 MB
Begin MonoManager ReloadAssembly
- Completed reload, in  0.117 seconds
<RI> Initializing input.
<RI> Input initialized.
<RI> Initialized touch support.
UnloadTime: 0.539100 ms
Curl error 7: Failed to connect to 127.0.0.1 port 7897: Bad access
 
(Filename:  Line: 867)

Curl error 7: Failed to connect to 127.0.0.1 port 7897: Bad access
 
(Filename:  Line: 867)

Curl error 7: Failed to connect to 127.0.0.1 port 7897: Bad access
 
(Filename:  Line: 867)

Curl error 7: Failed to connect to 127.0.0.1 port 7897: Bad access
 
(Filename:  Line: 867)

Unloading 5 Unused Serialized files (Serialized files now loaded: 0)
UnloadTime: 0.231400 ms

Unloading 143 unused Assets to reduce memory usage. Loaded Objects now: 1010.
Total: 0.549900 ms (FindLiveObjects: 0.033500 ms CreateObjectMapping: 0.009400 ms MarkObjects: 0.233500 ms  DeleteObjects: 0.272800 ms)

POWER PASS keypad 0 selects kick, never header 
(Filename: E:\unity\Runtime/Export/Debug/Debug.bindings.h Line: 39)

POWER PASS right Shift selects header, never kick 
(Filename: E:\unity\Runtime/Export/Debug/Debug.bindings.h Line: 39)

POWER PASS L selects Fan powered native kick 
(Filename: E:\unity\Runtime/Export/Debug/Debug.bindings.h Line: 39)

POWER PASS double ordinary shooting no longer arms burst 
(Filename: E:\unity\Runtime/Export/Debug/Debug.bindings.h Line: 39)

POWER PASS round reset clears powered shooting request 
(Filename: E:\unity\Runtime/Export/Debug/Debug.bindings.h Line: 39)

Unloading 4 Unused Serialized files (Serialized files now loaded: 0)
UnloadTime: 0.966800 ms

Unloading 37 unused Assets to reduce memory usage. Loaded Objects now: 1058.
Total: 1.635300 ms (FindLiveObjects: 0.055400 ms CreateObjectMapping: 0.018000 ms MarkObjects: 0.259900 ms  DeleteObjects: 1.301300 ms)

POWER PASS native kick action actually ran Fan powered=False skills=False 
(Filename: E:\unity\Runtime/Export/Debug/Debug.bindings.h Line: 39)

POWER PASS one real contact launch, ordinary shot has none Fan powered=False launches=0 skills=False 
(Filename: E:\unity\Runtime/Export/Debug/Debug.bindings.h Line: 39)

POWER PASS shooting keeps the connected skeleton Fan error=0.08955482 
(Filename: E:\unity\Runtime/Export/Debug/Debug.bindings.h Line: 39)

POWER PASS classic power shot requires no special skill component 
(Filename: E:\unity\Runtime/Export/Debug/Debug.bindings.h Line: 39)

Unloading 4 Unused Serialized files (Serialized files now loaded: 0)
UnloadTime: 0.271200 ms

Unloading 3 unused Assets to reduce memory usage. Loaded Objects now: 1058.
Total: 1.971600 ms (FindLiveObjects: 0.053600 ms CreateObjectMapping: 0.016800 ms MarkObjects: 0.320700 ms  DeleteObjects: 1.580000 ms)

Curl error 7: Failed to connect to 127.0.0.1 port 7897: Bad access
 
(Filename:  Line: 867)

POWER PASS native kick action actually ran Fan powered=True skills=False 
(Filename: E:\unity\Runtime/Export/Debug/Debug.bindings.h Line: 39)

POWER PASS one real contact launch, ordinary shot has none Fan powered=True launches=1 skills=False 
(Filename: E:\unity\Runtime/Export/Debug/Debug.bindings.h Line: 39)

POWER PASS Fan real collision ball speed +20% ratio=1.2 
(Filename: E:\unity\Runtime/Export/Debug/Debug.bindings.h Line: 39)

POWER PASS shooting keeps the connected skeleton Fan error=0.08955482 
(Filename: E:\unity\Runtime/Export/Debug/Debug.bindings.h Line: 39)

POWER PASS classic power shot requires no special skill component 
(Filename: E:\unity\Runtime/Export/Debug/Debug.bindings.h Line: 39)

Unloading 4 Unused Serialized files (Serialized files now loaded: 0)
UnloadTime: 0.264000 ms

Unloading 3 unused Assets to reduce memory usage. Loaded Objects now: 1058.
Total: 1.306900 ms (FindLiveObjects: 0.032300 ms CreateObjectMapping: 0.008300 ms MarkObjects: 0.212000 ms  DeleteObjects: 1.053900 ms)

POWER PASS native kick action actually ran Zhao powered=False skills=False 
(Filename: E:\unity\Runtime/Export/Debug/Debug.bindings.h Line: 39)

POWER PASS one real contact launch, ordinary shot has none Zhao powered=False launches=0 skills=False 
(Filename: E:\unity\Runtime/Export/Debug/Debug.bindings.h Line: 39)

POWER PASS shooting keeps the connected skeleton Zhao error=0.1446633 
(Filename: E:\unity\Runtime/Export/Debug/Debug.bindings.h Line: 39)

POWER PASS classic power shot requires no special skill component 
(Filename: E:\unity\Runtime/Export/Debug/Debug.bindings.h Line: 39)

Unloading 4 Unused Serialized files (Serialized files now loaded: 0)
UnloadTime: 0.254100 ms

Unloading 3 unused Assets to reduce memory usage. Loaded Objects now: 1058.
Total: 1.351900 ms (FindLiveObjects: 0.057800 ms CreateObjectMapping: 0.018000 ms MarkObjects: 0.261200 ms  DeleteObjects: 1.014500 ms)

POWER PASS native kick action actually ran Zhao powered=True skills=False 
(Filename: E:\unity\Runtime/Export/Debug/Debug.bindings.h Line: 39)

POWER PASS one real contact launch, ordinary shot has none Zhao powered=True launches=1 skills=False 
(Filename: E:\unity\Runtime/Export/Debug/Debug.bindings.h Line: 39)

POWER PASS Zhao real contact power speed skills=False vx=-20.4 expected=20.4 
(Filename: E:\unity\Runtime/Export/Debug/Debug.bindings.h Line: 39)

POWER PASS Zhao powered shot is driven low even in air vy=-12.26208 
(Filename: E:\unity\Runtime/Export/Debug/Debug.bindings.h Line: 39)

POWER PASS shooting keeps the connected skeleton Zhao error=0.144931 
(Filename: E:\unity\Runtime/Export/Debug/Debug.bindings.h Line: 39)

POWER PASS classic power shot requires no special skill component 
(Filename: E:\unity\Runtime/Export/Debug/Debug.bindings.h Line: 39)

Unloading 4 Unused Serialized files (Serialized files now loaded: 0)
UnloadTime: 0.286700 ms

Unloading 3 unused Assets to reduce memory usage. Loaded Objects now: 1058.
Total: 0.755800 ms (FindLiveObjects: 0.053300 ms CreateObjectMapping: 0.018300 ms MarkObjects: 0.203300 ms  DeleteObjects: 0.480700 ms)

POWER PASS native kick action actually ran Fan powered=False skills=True 
(Filename: E:\unity\Runtime/Export/Debug/Debug.bindings.h Line: 39)

POWER PASS one real contact launch, ordinary shot has none Fan powered=False launches=0 skills=True 
(Filename: E:\unity\Runtime/Export/Debug/Debug.bindings.h Line: 39)

POWER PASS shooting keeps the connected skeleton Fan error=0.08955482 
(Filename: E:\unity\Runtime/Export/Debug/Debug.bindings.h Line: 39)

Unloading 4 Unused Serialized files (Serialized files now loaded: 0)
UnloadTime: 0.321000 ms

Unloading 3 unused Assets to reduce memory usage. Loaded Objects now: 1058.
Total: 1.093800 ms (FindLiveObjects: 0.052800 ms CreateObjectMapping: 0.015800 ms MarkObjects: 0.212600 ms  DeleteObjects: 0.812100 ms)

POWER PASS native kick action actually ran Fan powered=True skills=True 
(Filename: E:\unity\Runtime/Export/Debug/Debug.bindings.h Line: 39)

POWER PASS one real contact launch, ordinary shot has none Fan powered=True launches=1 skills=True 
(Filename: E:\unity\Runtime/Export/Debug/Debug.bindings.h Line: 39)

POWER PASS Fan real collision ball speed +20% ratio=1.2 
(Filename: E:\unity\Runtime/Export/Debug/Debug.bindings.h Line: 39)

POWER PASS shooting keeps the connected skeleton Fan error=0.08955482 
(Filename: E:\unity\Runtime/Export/Debug/Debug.bindings.h Line: 39)

Unloading 4 Unused Serialized files (Serialized files now loaded: 0)
UnloadTime: 0.283700 ms

Unloading 3 unused Assets to reduce memory usage. Loaded Objects now: 1058.
Total: 1.211900 ms (FindLiveObjects: 0.032200 ms CreateObjectMapping: 0.008100 ms MarkObjects: 0.176600 ms  DeleteObjects: 0.994800 ms)

POWER PASS native kick action actually ran Zhao powered=False skills=True 
(Filename: E:\unity\Runtime/Export/Debug/Debug.bindings.h Line: 39)

POWER PASS one real contact launch, ordinary shot has none Zhao powered=False launches=0 skills=True 
(Filename: E:\unity\Runtime/Export/Debug/Debug.bindings.h Line: 39)

POWER PASS shooting keeps the connected skeleton Zhao error=0.1446633 
(Filename: E:\unity\Runtime/Export/Debug/Debug.bindings.h Line: 39)

Unloading 4 Unused Serialized files (Serialized files now loaded: 0)
UnloadTime: 0.278600 ms

Unloading 3 unused Assets to reduce memory usage. Loaded Objects now: 1058.
Total: 1.227000 ms (FindLiveObjects: 0.032400 ms CreateObjectMapping: 0.008300 ms MarkObjects: 0.182200 ms  DeleteObjects: 1.004000 ms)

POWER PASS native kick action actually ran Zhao powered=True skills=True 
(Filename: E:\unity\Runtime/Export/Debug/Debug.bindings.h Line: 39)

POWER PASS one real contact launch, ordinary shot has none Zhao powered=True launches=1 skills=True 
(Filename: E:\unity\Runtime/Export/Debug/Debug.bindings.h Line: 39)

POWER PASS Zhao real contact power speed skills=True vx=-22.44 expected=22.44 
(Filename: E:\unity\Runtime/Export/Debug/Debug.bindings.h Line: 39)

POWER PASS Zhao powered shot is driven low even in air vy=-12.29668 
(Filename: E:\unity\Runtime/Export/Debug/Debug.bindings.h Line: 39)

POWER PASS keypad 0 displays burst skill/highlight 
(Filename: E:\unity\Runtime/Export/Debug/Debug.bindings.h Line: 39)

POWER PASS shooting keeps the connected skeleton Zhao error=0.1446633 
(Filename: E:\unity\Runtime/Export/Debug/Debug.bindings.h Line: 39)

Unloading 4 Unused Serialized files (Serialized files now loaded: 0)
UnloadTime: 0.277300 ms

Unloading 3 unused Assets to reduce memory usage. Loaded Objects now: 1058.
Total: 1.072900 ms (FindLiveObjects: 0.030500 ms CreateObjectMapping: 0.008000 ms MarkObjects: 0.197900 ms  DeleteObjects: 0.836200 ms)

POWER PASS same curve at 90% speed, spatial sample=0.15 
(Filename: E:\unity\Runtime/Export/Debug/Debug.bindings.h Line: 39)

POWER PASS same curve at 90% speed, spatial sample=0.3 
(Filename: E:\unity\Runtime/Export/Debug/Debug.bindings.h Line: 39)

POWER PASS same curve at 90% speed, spatial sample=0.45 
(Filename: E:\unity\Runtime/Export/Debug/Debug.bindings.h Line: 39)

POWER CONTACT solid=L_Up_Arm 
(Filename: E:\unity\Runtime/Export/Debug/Debug.bindings.h Line: 39)

POWER PASS leaf ball physically hits opponent body 
(Filename: E:\unity\Runtime/Export/Debug/Debug.bindings.h Line: 39)

POWER PASS leaf ball never tunnels through body 
(Filename: E:\unity\Runtime/Export/Debug/Debug.bindings.h Line: 39)

POWER PASS solid collision ends curve drive instead of pushing through 
(Filename: E:\unity\Runtime/Export/Debug/Debug.bindings.h Line: 39)

POWER PASS skill ball uses continuous detection 
(Filename: E:\unity\Runtime/Export/Debug/Debug.bindings.h Line: 39)

Unloading 4 Unused Serialized files (Serialized files now loaded: 0)
UnloadTime: 0.282000 ms

Unloading 3 unused Assets to reduce memory usage. Loaded Objects now: 1059.
Total: 1.059400 ms (FindLiveObjects: 0.032100 ms CreateObjectMapping: 0.016900 ms MarkObjects: 0.177900 ms  DeleteObjects: 0.832200 ms)

POWER PASS emergency retreat keeps moving at real speed=5.621472 
(Filename: E:\unity\Runtime/Export/Debug/Debug.bindings.h Line: 39)

POWER PASS emergency retreat remains balanced deviation=8.699138 
(Filename: E:\unity\Runtime/Export/Debug/Debug.bindings.h Line: 39)

POWER PASS retreat limbs remain joined error=0.06028318 
(Filename: E:\unity\Runtime/Export/Debug/Debug.bindings.h Line: 39)

Unloading 4 Unused Serialized files (Serialized files now loaded: 0)
UnloadTime: 0.256500 ms

Unloading 2 unused Assets to reduce memory usage. Loaded Objects now: 1059.
Total: 1.037800 ms (FindLiveObjects: 0.052600 ms CreateObjectMapping: 0.012800 ms MarkObjects: 0.244500 ms  DeleteObjects: 0.727300 ms)

POWER PASS stronger tackle uses real body contact air=False 
(Filename: E:\unity\Runtime/Export/Debug/Debug.bindings.h Line: 39)

POWER PASS 30% stronger impact keeps skeleton joined error=0.1206177 
(Filename: E:\unity\Runtime/Export/Debug/Debug.bindings.h Line: 39)

POWER PASS impact does not fold Fan body angle=37.70759 
(Filename: E:\unity\Runtime/Export/Debug/Debug.bindings.h Line: 39)

POWER PASS balance recovers promptly after impact 
(Filename: E:\unity\Runtime/Export/Debug/Debug.bindings.h Line: 39)

Unloading 4 Unused Serialized files (Serialized files now loaded: 0)
UnloadTime: 0.328000 ms

Unloading 2 unused Assets to reduce memory usage. Loaded Objects now: 1059.
Total: 1.132900 ms (FindLiveObjects: 0.034200 ms CreateObjectMapping: 0.008900 ms MarkObjects: 0.249000 ms  DeleteObjects: 0.840400 ms)

POWER PASS stronger tackle uses real body contact air=True 
(Filename: E:\unity\Runtime/Export/Debug/Debug.bindings.h Line: 39)

POWER PASS 30% stronger impact keeps skeleton joined error=0.2782237 
(Filename: E:\unity\Runtime/Export/Debug/Debug.bindings.h Line: 39)

POWER PASS impact does not fold Fan body angle=39.27695 
(Filename: E:\unity\Runtime/Export/Debug/Debug.bindings.h Line: 39)

POWER PASS balance recovers promptly after impact 
(Filename: E:\unity\Runtime/Export/Debug/Debug.bindings.h Line: 39)

POWER PASS tackle strength +30%, duration unchanged 
(Filename: E:\unity\Runtime/Export/Debug/Debug.bindings.h Line: 39)

POWER COMPLETE checks=59 failures=0 
(Filename: E:\unity\Runtime/Export/Debug/Debug.bindings.h Line: 39)

Setting up 12 worker threads for Enlighten.
  Thread -> id: 8c98 -> priority: 1 
  Thread -> id: 9db4 -> priority: 1 
  Thread -> id: 8b94 -> priority: 1 
  Thread -> id: 7684 -> priority: 1 
  Thread -> id: 3818 -> priority: 1 
  Thread -> id: 9e24 -> priority: 1 
  Thread -> id: 73a4 -> priority: 1 
  Thread -> id: 4c40 -> priority: 1 
  Thread -> id: 6ebc -> priority: 1 
  Thread -> id: 6e44 -> priority: 1 
  Thread -> id: 8f70 -> priority: 1 
  Thread -> id: 871c -> priority: 1 
