Process is running in low integrity mode...
Mono path[0] = 'C:/Users/Alienware/Desktop/范志毅VS赵鹏/范志毅VS赵鹏 PC双人版（32位）/鑼冨織姣匳S璧甸箯 PC鍙屼汉鐗堬紙32浣嶏級/AI Mod Source/build/magnetic-test-player-original/FanZhiYi_Data/Managed'
Mono config path = 'C:/Users/Alienware/Desktop/范志毅VS赵鹏/范志毅VS赵鹏 PC双人版（32位）/鑼冨織姣匳S璧甸箯 PC鍙屼汉鐗堬紙32浣嶏級/AI Mod Source/build/magnetic-test-player-original/MonoBleedingEdge/etc'
AS: AutoStreaming module initializing.Initialize engine version: 2019.4.33f1c1 (c2f94a8bebb3)
[Subsystems] Discovering subsystems at path C:/Users/Alienware/Desktop/范志毅VS赵鹏/范志毅VS赵鹏 PC双人版（32位）/鑼冨織姣匳S璧甸箯 PC鍙屼汉鐗堬紙32浣嶏級/AI Mod Source/build/magnetic-test-player-original/FanZhiYi_Data/UnitySubsystems
GfxDevice: creating device client; threaded=1
Direct3D:
    Version:  Direct3D 11.0 [level 11.1]
    Renderer: NVIDIA GeForce RTX 5070 Laptop GPU (ID=0x2d58)
    Vendor:   (null)
    VRAM:     3072 MB
Begin MonoManager ReloadAssembly
- Completed reload, in  0.124 seconds
<RI> Initializing input.
<RI> Input initialized.
<RI> Initialized touch support.
UnloadTime: 0.489200 ms
Curl error 7: Failed to connect to 127.0.0.1 port 7897: Bad access
 
(Filename:  Line: 867)

Curl error 7: Failed to connect to 127.0.0.1 port 7897: Bad access
 
(Filename:  Line: 867)

Curl error 7: Failed to connect to 127.0.0.1 port 7897: Bad access
 
(Filename:  Line: 867)

Unloading 5 Unused Serialized files (Serialized files now loaded: 0)
UnloadTime: 0.152600 ms

Unloading 143 unused Assets to reduce memory usage. Loaded Objects now: 1010.
Total: 0.707900 ms (FindLiveObjects: 0.052100 ms CreateObjectMapping: 0.018300 ms MarkObjects: 0.319900 ms  DeleteObjects: 0.317100 ms)

DEFENSE PASS real Fan foot contact launches skill case=0 
(Filename: E:\unity\Runtime/Export/Debug/Debug.bindings.h Line: 39)

DEFENSE PARAM case=0 nativeForce=130000 jumpEstimate=6.119894 start=(1.0, 0.0) shot=(-3.2, -1.5) 
(Filename: E:\unity\Runtime/Export/Debug/Debug.bindings.h Line: 39)

DEFENSE PASS skill forecast follows real unobstructed physics error=0.2986492 
(Filename: E:\unity\Runtime/Export/Debug/Debug.bindings.h Line: 39)

Curl error 7: Failed to connect to 127.0.0.1 port 7897: Bad access
 
(Filename:  Line: 867)

DEFENSE PASS Zhao enters dedicated curve defense case=0 
(Filename: E:\unity\Runtime/Export/Debug/Debug.bindings.h Line: 39)

DEFENSE PASS native Zhao skeleton stays connected case=0 error=0.06388494 
(Filename: E:\unity\Runtime/Export/Debug/Debug.bindings.h Line: 39)

DEFENSE RESULT case=0 lift=0 baseline=False touched=False saved=False score=0 firstJump=0.02000004 firstHead=0.26 end=(5.0, -0.1) 
(Filename: E:\unity\Runtime/Export/Debug/Debug.bindings.h Line: 39)

Unloading 4 Unused Serialized files (Serialized files now loaded: 0)
UnloadTime: 0.733300 ms

Unloading 39 unused Assets to reduce memory usage. Loaded Objects now: 1063.
Total: 1.439500 ms (FindLiveObjects: 0.064000 ms CreateObjectMapping: 0.017700 ms MarkObjects: 0.319600 ms  DeleteObjects: 1.037600 ms)

DEFENSE PASS real Fan foot contact launches skill case=1 
(Filename: E:\unity\Runtime/Export/Debug/Debug.bindings.h Line: 39)

DEFENSE PARAM case=1 nativeForce=130000 jumpEstimate=6.119894 start=(4.5, 0.1) shot=(-2.4, -1.5) 
(Filename: E:\unity\Runtime/Export/Debug/Debug.bindings.h Line: 39)

Curl error 7: Failed to connect to 127.0.0.1 port 7897: Bad access
 
(Filename:  Line: 867)

DEFENSE PASS Zhao enters dedicated curve defense case=1 
(Filename: E:\unity\Runtime/Export/Debug/Debug.bindings.h Line: 39)

DEFENSE PASS native Zhao skeleton stays connected case=1 error=0.1640408 
(Filename: E:\unity\Runtime/Export/Debug/Debug.bindings.h Line: 39)

DEFENSE RESULT case=1 lift=0 baseline=False touched=True saved=False score=1 firstJump=0.5999999 firstHead=0.74 end=(5.7, 0.6) 
(Filename: E:\unity\Runtime/Export/Debug/Debug.bindings.h Line: 39)

Unloading 4 Unused Serialized files (Serialized files now loaded: 0)
UnloadTime: 0.284000 ms

Unloading 4 unused Assets to reduce memory usage. Loaded Objects now: 1063.
Total: 1.139800 ms (FindLiveObjects: 0.036300 ms CreateObjectMapping: 0.008200 ms MarkObjects: 0.180100 ms  DeleteObjects: 0.915000 ms)

DEFENSE PASS real Fan foot contact launches skill case=2 
(Filename: E:\unity\Runtime/Export/Debug/Debug.bindings.h Line: 39)

DEFENSE PARAM case=2 nativeForce=130000 jumpEstimate=6.119894 start=(2.3, 0.1) shot=(-1.2, -1.5) 
(Filename: E:\unity\Runtime/Export/Debug/Debug.bindings.h Line: 39)

DEFENSE PASS Zhao enters dedicated curve defense case=2 
(Filename: E:\unity\Runtime/Export/Debug/Debug.bindings.h Line: 39)

DEFENSE PASS native Zhao skeleton stays connected case=2 error=0.2655535 
(Filename: E:\unity\Runtime/Export/Debug/Debug.bindings.h Line: 39)

DEFENSE RESULT case=2 lift=0 baseline=False touched=False saved=False score=1 firstJump=0.02000046 firstHead=0.1800003 end=(6.9, 0.1) 
(Filename: E:\unity\Runtime/Export/Debug/Debug.bindings.h Line: 39)

Unloading 4 Unused Serialized files (Serialized files now loaded: 0)
UnloadTime: 0.281000 ms

Unloading 4 unused Assets to reduce memory usage. Loaded Objects now: 1063.
Total: 0.898200 ms (FindLiveObjects: 0.035200 ms CreateObjectMapping: 0.008100 ms MarkObjects: 0.174800 ms  DeleteObjects: 0.679700 ms)

DEFENSE PASS real Fan foot contact launches skill case=3 
(Filename: E:\unity\Runtime/Export/Debug/Debug.bindings.h Line: 39)

DEFENSE PARAM case=3 nativeForce=130000 jumpEstimate=6.119894 start=(4.5, 0.1) shot=(-0.4, -1.5) 
(Filename: E:\unity\Runtime/Export/Debug/Debug.bindings.h Line: 39)

DEFENSE PASS Zhao enters dedicated curve defense case=3 
(Filename: E:\unity\Runtime/Export/Debug/Debug.bindings.h Line: 39)

DEFENSE PASS native Zhao skeleton stays connected case=3 error=0.08198366 
(Filename: E:\unity\Runtime/Export/Debug/Debug.bindings.h Line: 39)

DEFENSE RESULT case=3 lift=0 baseline=False touched=True saved=True score=0 firstJump=0.01999998 firstHead=0.48 end=(6.2, 0.1) 
(Filename: E:\unity\Runtime/Export/Debug/Debug.bindings.h Line: 39)

Unloading 4 Unused Serialized files (Serialized files now loaded: 0)
UnloadTime: 0.283100 ms

Unloading 3 unused Assets to reduce memory usage. Loaded Objects now: 1063.
Total: 1.188500 ms (FindLiveObjects: 0.036700 ms CreateObjectMapping: 0.008400 ms MarkObjects: 0.202100 ms  DeleteObjects: 0.941200 ms)

DEFENSE PASS real Fan foot contact launches skill case=4 
(Filename: E:\unity\Runtime/Export/Debug/Debug.bindings.h Line: 39)

DEFENSE PARAM case=4 nativeForce=130000 jumpEstimate=6.119894 start=(4.5, 0.0) shot=(0.6, -1.5) 
(Filename: E:\unity\Runtime/Export/Debug/Debug.bindings.h Line: 39)

DEFENSE PASS Zhao enters dedicated curve defense case=4 
(Filename: E:\unity\Runtime/Export/Debug/Debug.bindings.h Line: 39)

DEFENSE PASS native Zhao skeleton stays connected case=4 error=0.04193851 
(Filename: E:\unity\Runtime/Export/Debug/Debug.bindings.h Line: 39)

DEFENSE RESULT case=4 lift=0 baseline=False touched=False saved=False score=0 firstJump=0.0199995 firstHead=-1 end=(6.3, -0.7) 
(Filename: E:\unity\Runtime/Export/Debug/Debug.bindings.h Line: 39)

Unloading 4 Unused Serialized files (Serialized files now loaded: 0)
UnloadTime: 0.282100 ms

Unloading 4 unused Assets to reduce memory usage. Loaded Objects now: 1063.
Total: 1.226000 ms (FindLiveObjects: 0.032800 ms CreateObjectMapping: 0.016000 ms MarkObjects: 0.221700 ms  DeleteObjects: 0.955200 ms)

DEFENSE PASS real Fan foot contact launches skill case=5 
(Filename: E:\unity\Runtime/Export/Debug/Debug.bindings.h Line: 39)

DEFENSE PARAM case=5 nativeForce=130000 jumpEstimate=6.119894 start=(4.8, 0.0) shot=(1.6, -1.5) 
(Filename: E:\unity\Runtime/Export/Debug/Debug.bindings.h Line: 39)

DEFENSE PASS Zhao enters dedicated curve defense case=5 
(Filename: E:\unity\Runtime/Export/Debug/Debug.bindings.h Line: 39)

DEFENSE PASS native Zhao skeleton stays connected case=5 error=0.05232521 
(Filename: E:\unity\Runtime/Export/Debug/Debug.bindings.h Line: 39)

DEFENSE RESULT case=5 lift=0 baseline=False touched=False saved=False score=0 firstJump=-1 firstHead=-1 end=(3.7, 0.1) 
(Filename: E:\unity\Runtime/Export/Debug/Debug.bindings.h Line: 39)

Unloading 4 Unused Serialized files (Serialized files now loaded: 0)
UnloadTime: 0.254700 ms

Unloading 4 unused Assets to reduce memory usage. Loaded Objects now: 1063.
Total: 1.227200 ms (FindLiveObjects: 0.054900 ms CreateObjectMapping: 0.016400 ms MarkObjects: 0.228300 ms  DeleteObjects: 0.927100 ms)

DEFENSE PASS real Fan foot contact launches skill case=6 
(Filename: E:\unity\Runtime/Export/Debug/Debug.bindings.h Line: 39)

DEFENSE PARAM case=6 nativeForce=130000 jumpEstimate=6.119894 start=(2.0, 0.0) shot=(-3.2, -0.2) 
(Filename: E:\unity\Runtime/Export/Debug/Debug.bindings.h Line: 39)

DEFENSE PASS Zhao enters dedicated curve defense case=6 
(Filename: E:\unity\Runtime/Export/Debug/Debug.bindings.h Line: 39)

DEFENSE PASS native Zhao skeleton stays connected case=6 error=0.1517523 
(Filename: E:\unity\Runtime/Export/Debug/Debug.bindings.h Line: 39)

DEFENSE RESULT case=6 lift=1.4 baseline=False touched=True saved=False score=1 firstJump=0.2599993 firstHead=0.54 end=(6.1, -0.2) 
(Filename: E:\unity\Runtime/Export/Debug/Debug.bindings.h Line: 39)

Unloading 4 Unused Serialized files (Serialized files now loaded: 0)
UnloadTime: 0.298500 ms

Unloading 4 unused Assets to reduce memory usage. Loaded Objects now: 1063.
Total: 0.698400 ms (FindLiveObjects: 0.053200 ms CreateObjectMapping: 0.008600 ms MarkObjects: 0.177800 ms  DeleteObjects: 0.458500 ms)

DEFENSE PASS real Fan foot contact launches skill case=7 
(Filename: E:\unity\Runtime/Export/Debug/Debug.bindings.h Line: 39)

DEFENSE PARAM case=7 nativeForce=130000 jumpEstimate=6.119894 start=(3.8, 0.1) shot=(-1.6, -0.2) 
(Filename: E:\unity\Runtime/Export/Debug/Debug.bindings.h Line: 39)

DEFENSE PASS Zhao enters dedicated curve defense case=7 
(Filename: E:\unity\Runtime/Export/Debug/Debug.bindings.h Line: 39)

DEFENSE PASS native Zhao skeleton stays connected case=7 error=0.0943877 
(Filename: E:\unity\Runtime/Export/Debug/Debug.bindings.h Line: 39)

DEFENSE RESULT case=7 lift=1.4 baseline=False touched=True saved=True score=0 firstJump=0.0199995 firstHead=0.3199997 end=(4.7, -0.9) 
(Filename: E:\unity\Runtime/Export/Debug/Debug.bindings.h Line: 39)

Unloading 4 Unused Serialized files (Serialized files now loaded: 0)
UnloadTime: 0.296600 ms

Unloading 3 unused Assets to reduce memory usage. Loaded Objects now: 1063.
Total: 0.965200 ms (FindLiveObjects: 0.069100 ms CreateObjectMapping: 0.018800 ms MarkObjects: 0.292800 ms  DeleteObjects: 0.583900 ms)

DEFENSE PASS real Fan foot contact launches skill case=8 
(Filename: E:\unity\Runtime/Export/Debug/Debug.bindings.h Line: 39)

DEFENSE PARAM case=8 nativeForce=130000 jumpEstimate=6.119894 start=(4.6, 0.0) shot=(-0.2, -0.2) 
(Filename: E:\unity\Runtime/Export/Debug/Debug.bindings.h Line: 39)

DEFENSE PASS Zhao enters dedicated curve defense case=8 
(Filename: E:\unity\Runtime/Export/Debug/Debug.bindings.h Line: 39)

DEFENSE PASS native Zhao skeleton stays connected case=8 error=0.07440343 
(Filename: E:\unity\Runtime/Export/Debug/Debug.bindings.h Line: 39)

DEFENSE RESULT case=8 lift=1.4 baseline=False touched=True saved=True score=0 firstJump=-1 firstHead=-1 end=(2.0, -0.2) 
(Filename: E:\unity\Runtime/Export/Debug/Debug.bindings.h Line: 39)

Unloading 4 Unused Serialized files (Serialized files now loaded: 0)
UnloadTime: 0.274200 ms

Unloading 3 unused Assets to reduce memory usage. Loaded Objects now: 1063.
Total: 1.315500 ms (FindLiveObjects: 0.054900 ms CreateObjectMapping: 0.016900 ms MarkObjects: 0.279300 ms  DeleteObjects: 0.963800 ms)

DEFENSE PASS serve avoids retreat and distant jump skills=False mode=1 
(Filename: E:\unity\Runtime/Export/Debug/Debug.bindings.h Line: 39)

DEFENSE PASS serve still attacks skills=False mode=1 
(Filename: E:\unity\Runtime/Export/Debug/Debug.bindings.h Line: 39)

DEFENSE PASS serve keeps player joints intact skills=False mode=1 
(Filename: E:\unity\Runtime/Export/Debug/Debug.bindings.h Line: 39)

Unloading 4 Unused Serialized files (Serialized files now loaded: 0)
UnloadTime: 0.274200 ms

Unloading 3 unused Assets to reduce memory usage. Loaded Objects now: 1063.
Total: 1.126900 ms (FindLiveObjects: 0.043600 ms CreateObjectMapping: 0.008900 ms MarkObjects: 0.186200 ms  DeleteObjects: 0.888000 ms)

DEFENSE PASS serve avoids retreat and distant jump skills=False mode=2 
(Filename: E:\unity\Runtime/Export/Debug/Debug.bindings.h Line: 39)

DEFENSE PASS serve still attacks skills=False mode=2 
(Filename: E:\unity\Runtime/Export/Debug/Debug.bindings.h Line: 39)

DEFENSE PASS serve keeps player joints intact skills=False mode=2 
(Filename: E:\unity\Runtime/Export/Debug/Debug.bindings.h Line: 39)

Unloading 4 Unused Serialized files (Serialized files now loaded: 0)
UnloadTime: 0.243200 ms

Unloading 3 unused Assets to reduce memory usage. Loaded Objects now: 1059.
Total: 1.249100 ms (FindLiveObjects: 0.030400 ms CreateObjectMapping: 0.008000 ms MarkObjects: 0.175700 ms  DeleteObjects: 1.034900 ms)

DEFENSE PASS serve avoids retreat and distant jump skills=True mode=1 
(Filename: E:\unity\Runtime/Export/Debug/Debug.bindings.h Line: 39)

DEFENSE PASS serve still attacks skills=True mode=1 
(Filename: E:\unity\Runtime/Export/Debug/Debug.bindings.h Line: 39)

DEFENSE PASS serve keeps player joints intact skills=True mode=1 
(Filename: E:\unity\Runtime/Export/Debug/Debug.bindings.h Line: 39)

Unloading 4 Unused Serialized files (Serialized files now loaded: 0)
UnloadTime: 0.274900 ms

Unloading 3 unused Assets to reduce memory usage. Loaded Objects now: 1063.
Total: 1.144000 ms (FindLiveObjects: 0.032400 ms CreateObjectMapping: 0.008100 ms MarkObjects: 0.182100 ms  DeleteObjects: 0.921200 ms)

DEFENSE PASS serve avoids retreat and distant jump skills=True mode=2 
(Filename: E:\unity\Runtime/Export/Debug/Debug.bindings.h Line: 39)

DEFENSE PASS serve still attacks skills=True mode=2 
(Filename: E:\unity\Runtime/Export/Debug/Debug.bindings.h Line: 39)

DEFENSE PASS serve keeps player joints intact skills=True mode=2 
(Filename: E:\unity\Runtime/Export/Debug/Debug.bindings.h Line: 39)

DEFENSE COMPLETE baseline=False checks=40 launches=9 touches=5 saves=3 failures=0 
(Filename: E:\unity\Runtime/Export/Debug/Debug.bindings.h Line: 39)

Setting up 12 worker threads for Enlighten.
  Thread -> id: 700c -> priority: 1 
  Thread -> id: 2b30 -> priority: 1 
  Thread -> id: 8e58 -> priority: 1 
  Thread -> id: 1158 -> priority: 1 
  Thread -> id: 870 -> priority: 1 
  Thread -> id: 2b64 -> priority: 1 
  Thread -> id: 3bac -> priority: 1 
  Thread -> id: 3718 -> priority: 1 
  Thread -> id: 3328 -> priority: 1 
  Thread -> id: 9160 -> priority: 1 
  Thread -> id: 2324 -> priority: 1 
  Thread -> id: 8184 -> priority: 1 
