Mono path[0] = 'C:/Users/Alienware/Documents/范志毅VS赵鹏/范志毅VS赵鹏 PC双人版（32位）/鑼冨織姣匳S璧甸箯 PC鍙屼汉鐗堬紙32浣嶏級/AI Mod Source/build/rescue-balance-test-player-experiment/FanZhiYi_Data/Managed'
Mono config path = 'C:/Users/Alienware/Documents/范志毅VS赵鹏/范志毅VS赵鹏 PC双人版（32位）/鑼冨織姣匳S璧甸箯 PC鍙屼汉鐗堬紙32浣嶏級/AI Mod Source/build/rescue-balance-test-player-experiment/MonoBleedingEdge/etc'
AS: AutoStreaming module initializing.Initialize engine version: 2019.4.33f1c1 (c2f94a8bebb3)
[Subsystems] Discovering subsystems at path C:/Users/Alienware/Documents/范志毅VS赵鹏/范志毅VS赵鹏 PC双人版（32位）/鑼冨織姣匳S璧甸箯 PC鍙屼汉鐗堬紙32浣嶏級/AI Mod Source/build/rescue-balance-test-player-experiment/FanZhiYi_Data/UnitySubsystems
GfxDevice: creating device client; threaded=1
Direct3D:
    Version:  Direct3D 11.0 [level 11.1]
    Renderer: NVIDIA GeForce RTX 5070 Laptop GPU (ID=0x2d58)
    Vendor:   (null)
    VRAM:     3072 MB
    Driver:   32.0.15.9608
Begin MonoManager ReloadAssembly
- Completed reload, in  0.090 seconds
<RI> Initializing input.
<RI> Input initialized.
<RI> Initialized touch support.
UnloadTime: 0.778900 ms
Unloading 5 Unused Serialized files (Serialized files now loaded: 0)
UnloadTime: 0.180800 ms

Unloading 143 unused Assets to reduce memory usage. Loaded Objects now: 1009.
Total: 0.518700 ms (FindLiveObjects: 0.051400 ms CreateObjectMapping: 0.017500 ms MarkObjects: 0.180600 ms  DeleteObjects: 0.268700 ms)

MAGNETIC MUSCLE 6 L_Up_Leg 
(Filename: E:\unity\Runtime/Export/Debug/Debug.bindings.h Line: 39)

MAGNETIC MUSCLE 7 L_LowLeg 
(Filename: E:\unity\Runtime/Export/Debug/Debug.bindings.h Line: 39)

MAGNETIC MUSCLE 8 R_Up_Leg 
(Filename: E:\unity\Runtime/Export/Debug/Debug.bindings.h Line: 39)

MAGNETIC MUSCLE 9 R_LowLeg 
(Filename: E:\unity\Runtime/Export/Debug/Debug.bindings.h Line: 39)

MAGNETIC PASS classic has no magnetic skill 
(Filename: E:\unity\Runtime/Export/Debug/Debug.bindings.h Line: 39)

MAGNETIC PASS classic forward speed remains unchanged 
(Filename: E:\unity\Runtime/Export/Debug/Debug.bindings.h Line: 39)

MAGNETIC PASS classic native shooting rate 
(Filename: E:\unity\Runtime/Export/Debug/Debug.bindings.h Line: 39)

Unloading 4 Unused Serialized files (Serialized files now loaded: 0)
UnloadTime: 0.359600 ms

Unloading 37 unused Assets to reduce memory usage. Loaded Objects now: 1054.
Total: 1.119800 ms (FindLiveObjects: 0.052400 ms CreateObjectMapping: 0.015200 ms MarkObjects: 0.205400 ms  DeleteObjects: 0.846400 ms)

MAGNETIC MUSCLE 6 L_Up_Leg 
(Filename: E:\unity\Runtime/Export/Debug/Debug.bindings.h Line: 39)

MAGNETIC MUSCLE 7 L_LowLeg 
(Filename: E:\unity\Runtime/Export/Debug/Debug.bindings.h Line: 39)

MAGNETIC MUSCLE 8 R_Up_Leg 
(Filename: E:\unity\Runtime/Export/Debug/Debug.bindings.h Line: 39)

MAGNETIC MUSCLE 9 R_LowLeg 
(Filename: E:\unity\Runtime/Export/Debug/Debug.bindings.h Line: 39)

MAGNETIC PASS only Zhao receives skill 
(Filename: E:\unity\Runtime/Export/Debug/Debug.bindings.h Line: 39)

MAGNETIC PASS distant ball never triggers skill 
(Filename: E:\unity\Runtime/Export/Debug/Debug.bindings.h Line: 39)

MAGNETIC PASS inactive forward speed stays at baseline 
(Filename: E:\unity\Runtime/Export/Debug/Debug.bindings.h Line: 39)

MAGNETIC PASS backward speed stays unchanged 
(Filename: E:\unity\Runtime/Export/Debug/Debug.bindings.h Line: 39)

MAGNETIC PASS no attraction or remote ball motion 
(Filename: E:\unity\Runtime/Export/Debug/Debug.bindings.h Line: 39)

MAGNETIC PASS behind ball not retrieved 
(Filename: E:\unity\Runtime/Export/Debug/Debug.bindings.h Line: 39)

MAGNETIC PASS explicit Kick releases technique 
(Filename: E:\unity\Runtime/Export/Debug/Debug.bindings.h Line: 39)

MAGNETIC PASS removed old +25% quick shot acceleration 
(Filename: E:\unity\Runtime/Export/Debug/Debug.bindings.h Line: 39)

MAGNETIC PASS explicit Head releases technique 
(Filename: E:\unity\Runtime/Export/Debug/Debug.bindings.h Line: 39)

MAGNETIC PASS explicit Jump releases technique 
(Filename: E:\unity\Runtime/Export/Debug/Debug.bindings.h Line: 39)

MAGNETIC PASS pause releases foot 
(Filename: E:\unity\Runtime/Export/Debug/Debug.bindings.h Line: 39)

MAGNETIC PASS goal/out stopping releases foot 
(Filename: E:\unity\Runtime/Export/Debug/Debug.bindings.h Line: 39)

MAGNETIC PASS round reset releases foot 
(Filename: E:\unity\Runtime/Export/Debug/Debug.bindings.h Line: 39)

MAGNETIC PASS native leg gains restored after reset 
(Filename: E:\unity\Runtime/Export/Debug/Debug.bindings.h Line: 39)

MAGNETIC PASS no ball tether or added skeleton joints 
(Filename: E:\unity\Runtime/Export/Debug/Debug.bindings.h Line: 39)

MAGNETIC PASS fast incoming shot cannot be magically caught 
(Filename: E:\unity\Runtime/Export/Debug/Debug.bindings.h Line: 39)

Unloading 4 Unused Serialized files (Serialized files now loaded: 0)
UnloadTime: 0.722900 ms

Unloading 3 unused Assets to reduce memory usage. Loaded Objects now: 1064.
Total: 1.249100 ms (FindLiveObjects: 0.052700 ms CreateObjectMapping: 0.008400 ms MarkObjects: 0.177200 ms  DeleteObjects: 1.010400 ms)

MAGNETIC MUSCLE 6 L_Up_Leg 
(Filename: E:\unity\Runtime/Export/Debug/Debug.bindings.h Line: 39)

MAGNETIC MUSCLE 7 L_LowLeg 
(Filename: E:\unity\Runtime/Export/Debug/Debug.bindings.h Line: 39)

MAGNETIC MUSCLE 8 R_Up_Leg 
(Filename: E:\unity\Runtime/Export/Debug/Debug.bindings.h Line: 39)

MAGNETIC MUSCLE 9 R_LowLeg 
(Filename: E:\unity\Runtime/Export/Debug/Debug.bindings.h Line: 39)

MAGNETIC TRACE dribble i=0 ahead=0.4687632 ball=(1.5, -1.6) velocity=(0.0, 0.0) active=True legs=15.17171,3.246394 targets=15.946,0 scale=(0.6, 0.6, 0.8) 
(Filename: E:\unity\Runtime/Export/Debug/Debug.bindings.h Line: 39)

MAGNETIC TRACE dribble i=10 ahead=0.3907069 ball=(1.4, -1.6) velocity=(-0.8, 0.0) active=True legs=27.93975,7.214375 targets=22,0 scale=(0.6, 0.6, 0.8) 
(Filename: E:\unity\Runtime/Export/Debug/Debug.bindings.h Line: 39)

MAGNETIC TRACE dribble i=20 ahead=0.3729907 ball=(1.1, -1.6) velocity=(-1.9, 0.0) active=True legs=33.77716,23.81437 targets=22,0 scale=(0.6, 0.6, 0.8) 
(Filename: E:\unity\Runtime/Export/Debug/Debug.bindings.h Line: 39)

MAGNETIC TRACE dribble i=30 ahead=0.5060803 ball=(0.6, -1.6) velocity=(-2.6, 0.0) active=True legs=25.08699,36.66702 targets=18.23919,0 scale=(0.6, 0.6, 0.8) 
(Filename: E:\unity\Runtime/Export/Debug/Debug.bindings.h Line: 39)

MAGNETIC TRACE dribble i=40 ahead=0.7494059 ball=(0.1, -1.6) velocity=(-2.5, 0.0) active=False legs=23.65025,49.64364 targets=14.16314,6.646917 scale=(0.6, 0.6, 0.8) 
(Filename: E:\unity\Runtime/Export/Debug/Debug.bindings.h Line: 39)

MAGNETIC TRACE dribble i=50 ahead=0.9629859 ball=(-0.4, -1.6) velocity=(-2.5, 0.0) active=False legs=10.15768,55.04892 targets=12.84903,5.90107 scale=(0.6, 0.6, 0.8) 
(Filename: E:\unity\Runtime/Export/Debug/Debug.bindings.h Line: 39)

MAGNETIC TRACE dribble i=60 ahead=1.071115 ball=(-0.9, -1.6) velocity=(-2.5, 0.0) active=False legs=28.43349,-12.33773 targets=16.47612,7.959687 scale=(0.6, 0.6, 0.8) 
(Filename: E:\unity\Runtime/Export/Debug/Debug.bindings.h Line: 39)

MAGNETIC TRACE dribble i=70 ahead=0.8817201 ball=(-1.4, -1.6) velocity=(-2.5, 0.0) active=False legs=-17.13153,14.77634 targets=11.95848,5.395624 scale=(0.6, 0.6, 0.8) 
(Filename: E:\unity\Runtime/Export/Debug/Debug.bindings.h Line: 39)

MAGNETIC PASS multiple real eligible magnetic forward samples dribble 
(Filename: E:\unity\Runtime/Export/Debug/Debug.bindings.h Line: 39)

MAGNETIC PASS active magnetic forward cap equals Fan without sprint dribble 
(Filename: E:\unity\Runtime/Export/Debug/Debug.bindings.h Line: 39)

MAGNETIC PASS active ordinary movement force equals Fan; contest pressure retained dribble 
(Filename: E:\unity\Runtime/Export/Debug/Debug.bindings.h Line: 39)

MAGNETIC SPEED scenario=dribble maxActiveSpeed=1.874561 fanLimit=4 
(Filename: E:\unity\Runtime/Export/Debug/Debug.bindings.h Line: 39)

MAGNETIC RUN dribble minAhead=0.3552977 maxGap=1.112779 active=38 contacts=28 tilt=23.14185 error=0.1061189 travel=-3.262882 
(Filename: E:\unity\Runtime/Export/Debug/Debug.bindings.h Line: 39)

MAGNETIC PASS technique activates on nearby ball dribble 
(Filename: E:\unity\Runtime/Export/Debug/Debug.bindings.h Line: 39)

MAGNETIC PASS physical instep contact dribble 
(Filename: E:\unity\Runtime/Export/Debug/Debug.bindings.h Line: 39)

MAGNETIC PASS never stamps ball behind own body dribble ahead=0.3552977 
(Filename: E:\unity\Runtime/Export/Debug/Debug.bindings.h Line: 39)

MAGNETIC PASS connected skeleton dribble error=0.1061189 
(Filename: E:\unity\Runtime/Export/Debug/Debug.bindings.h Line: 39)

MAGNETIC PASS torso follows native posture dribble deviation=23.14185 
(Filename: E:\unity\Runtime/Export/Debug/Debug.bindings.h Line: 39)

MAGNETIC PASS magnetic foot animation appears dribble 
(Filename: E:\unity\Runtime/Export/Debug/Debug.bindings.h Line: 39)

MAGNETIC PASS dribbles through real movement dribble 
(Filename: E:\unity\Runtime/Export/Debug/Debug.bindings.h Line: 39)

MAGNETIC PASS support leg prevents deep kneeling dribble crouch=0.2232835 
(Filename: E:\unity\Runtime/Export/Debug/Debug.bindings.h Line: 39)

MAGNETIC PASS knees do not fold onto thighs dribble bend=82.79563 
(Filename: E:\unity\Runtime/Export/Debug/Debug.bindings.h Line: 39)

Unloading 4 Unused Serialized files (Serialized files now loaded: 0)
UnloadTime: 0.268700 ms

Unloading 3 unused Assets to reduce memory usage. Loaded Objects now: 1061.
Total: 1.152500 ms (FindLiveObjects: 0.061300 ms CreateObjectMapping: 0.008700 ms MarkObjects: 0.176000 ms  DeleteObjects: 0.906100 ms)

MAGNETIC MUSCLE 6 L_Up_Leg 
(Filename: E:\unity\Runtime/Export/Debug/Debug.bindings.h Line: 39)

MAGNETIC MUSCLE 7 L_LowLeg 
(Filename: E:\unity\Runtime/Export/Debug/Debug.bindings.h Line: 39)

MAGNETIC MUSCLE 8 R_Up_Leg 
(Filename: E:\unity\Runtime/Export/Debug/Debug.bindings.h Line: 39)

MAGNETIC MUSCLE 9 R_LowLeg 
(Filename: E:\unity\Runtime/Export/Debug/Debug.bindings.h Line: 39)

MAGNETIC TRACE dribble-close i=0 ahead=0.2954981 ball=(1.6, -1.6) velocity=(0.0, -0.2) active=True legs=7.535375,3.344583 targets=15.45648,0 scale=(0.6, 0.6, 0.8) 
(Filename: E:\unity\Runtime/Export/Debug/Debug.bindings.h Line: 39)

MAGNETIC TRACE dribble-close i=10 ahead=0.3743197 ball=(1.4, -1.6) velocity=(-1.3, 0.0) active=True legs=29.66285,5.476135 targets=22,0 scale=(0.6, 0.6, 0.8) 
(Filename: E:\unity\Runtime/Export/Debug/Debug.bindings.h Line: 39)

MAGNETIC TRACE dribble-close i=20 ahead=0.4110103 ball=(1.1, -1.6) velocity=(-2.0, 0.0) active=True legs=28.33753,30.19073 targets=22,0 scale=(0.6, 0.6, 0.8) 
(Filename: E:\unity\Runtime/Export/Debug/Debug.bindings.h Line: 39)

MAGNETIC TRACE dribble-close i=30 ahead=0.5203524 ball=(0.6, -1.6) velocity=(-2.4, 0.0) active=True legs=26.89214,37.14214 targets=17.47242,0 scale=(0.6, 0.6, 0.8) 
(Filename: E:\unity\Runtime/Export/Debug/Debug.bindings.h Line: 39)

MAGNETIC TRACE dribble-close i=40 ahead=0.751634 ball=(0.2, -1.6) velocity=(-2.4, 0.0) active=False legs=30.26814,45.37413 targets=13.6291,6.343816 scale=(0.6, 0.6, 0.8) 
(Filename: E:\unity\Runtime/Export/Debug/Debug.bindings.h Line: 39)

MAGNETIC TRACE dribble-close i=50 ahead=0.8683259 ball=(-0.3, -1.6) velocity=(-2.4, 0.0) active=True legs=-9.970044,38.76582 targets=-18,0 scale=(0.6, 0.6, 0.8) 
(Filename: E:\unity\Runtime/Export/Debug/Debug.bindings.h Line: 39)

MAGNETIC TRACE dribble-close i=60 ahead=1.130383 ball=(-1.1, -1.6) velocity=(-3.5, 0.0) active=False legs=29.4835,-16.71092 targets=16.2543,7.833789 scale=(0.6, 0.6, 0.8) 
(Filename: E:\unity\Runtime/Export/Debug/Debug.bindings.h Line: 39)

MAGNETIC TRACE dribble-close i=70 ahead=0.9860147 ball=(-1.8, -1.6) velocity=(-3.4, 0.0) active=False legs=-19.3411,19.79358 targets=11.8127,5.312883 scale=(0.6, 0.6, 0.8) 
(Filename: E:\unity\Runtime/Export/Debug/Debug.bindings.h Line: 39)

MAGNETIC PASS multiple real eligible magnetic forward samples dribble-close 
(Filename: E:\unity\Runtime/Export/Debug/Debug.bindings.h Line: 39)

MAGNETIC PASS active magnetic forward cap equals Fan without sprint dribble-close 
(Filename: E:\unity\Runtime/Export/Debug/Debug.bindings.h Line: 39)

MAGNETIC PASS active ordinary movement force equals Fan; contest pressure retained dribble-close 
(Filename: E:\unity\Runtime/Export/Debug/Debug.bindings.h Line: 39)

MAGNETIC SPEED scenario=dribble-close maxActiveSpeed=2.736715 fanLimit=4 
(Filename: E:\unity\Runtime/Export/Debug/Debug.bindings.h Line: 39)

MAGNETIC RUN dribble-close minAhead=0.2954981 maxGap=1.130652 active=41 contacts=22 tilt=27.00351 error=0.05909486 travel=-3.564762 
(Filename: E:\unity\Runtime/Export/Debug/Debug.bindings.h Line: 39)

MAGNETIC PASS technique activates on nearby ball dribble-close 
(Filename: E:\unity\Runtime/Export/Debug/Debug.bindings.h Line: 39)

MAGNETIC PASS physical instep contact dribble-close 
(Filename: E:\unity\Runtime/Export/Debug/Debug.bindings.h Line: 39)

MAGNETIC PASS never stamps ball behind own body dribble-close ahead=0.2954981 
(Filename: E:\unity\Runtime/Export/Debug/Debug.bindings.h Line: 39)

MAGNETIC PASS connected skeleton dribble-close error=0.05909486 
(Filename: E:\unity\Runtime/Export/Debug/Debug.bindings.h Line: 39)

MAGNETIC PASS torso follows native posture dribble-close deviation=27.00351 
(Filename: E:\unity\Runtime/Export/Debug/Debug.bindings.h Line: 39)

MAGNETIC PASS magnetic foot animation appears dribble-close 
(Filename: E:\unity\Runtime/Export/Debug/Debug.bindings.h Line: 39)

MAGNETIC PASS dribbles through real movement dribble-close 
(Filename: E:\unity\Runtime/Export/Debug/Debug.bindings.h Line: 39)

MAGNETIC PASS support leg prevents deep kneeling dribble-close crouch=0.255893 
(Filename: E:\unity\Runtime/Export/Debug/Debug.bindings.h Line: 39)

MAGNETIC PASS knees do not fold onto thighs dribble-close bend=84.40022 
(Filename: E:\unity\Runtime/Export/Debug/Debug.bindings.h Line: 39)

Unloading 4 Unused Serialized files (Serialized files now loaded: 0)
UnloadTime: 0.270500 ms

Unloading 3 unused Assets to reduce memory usage. Loaded Objects now: 1061.
Total: 1.200900 ms (FindLiveObjects: 0.098400 ms CreateObjectMapping: 0.017400 ms MarkObjects: 0.189700 ms  DeleteObjects: 0.894800 ms)

MAGNETIC MUSCLE 6 L_Up_Leg 
(Filename: E:\unity\Runtime/Export/Debug/Debug.bindings.h Line: 39)

MAGNETIC MUSCLE 7 L_LowLeg 
(Filename: E:\unity\Runtime/Export/Debug/Debug.bindings.h Line: 39)

MAGNETIC MUSCLE 8 R_Up_Leg 
(Filename: E:\unity\Runtime/Export/Debug/Debug.bindings.h Line: 39)

MAGNETIC MUSCLE 9 R_LowLeg 
(Filename: E:\unity\Runtime/Export/Debug/Debug.bindings.h Line: 39)

MAGNETIC TRACE dribble-roll i=0 ahead=0.4985204 ball=(1.4, -1.6) velocity=(-1.4, 0.0) active=True legs=14.94448,3.979286 targets=15.45648,0 scale=(0.6, 0.6, 0.8) 
(Filename: E:\unity\Runtime/Export/Debug/Debug.bindings.h Line: 39)

MAGNETIC TRACE dribble-roll i=10 ahead=0.567685 ball=(1.2, -1.6) velocity=(-1.4, 0.0) active=True legs=5.363842,8.461743 targets=3.417813,0 scale=(0.6, 0.6, 0.8) 
(Filename: E:\unity\Runtime/Export/Debug/Debug.bindings.h Line: 39)

MAGNETIC TRACE dribble-roll i=20 ahead=0.4845991 ball=(0.9, -1.6) velocity=(-1.7, 0.0) active=True legs=18.4205,34.36852 targets=15.38714,0 scale=(0.6, 0.6, 0.8) 
(Filename: E:\unity\Runtime/Export/Debug/Debug.bindings.h Line: 39)

MAGNETIC TRACE dribble-roll i=30 ahead=0.4294209 ball=(0.5, -1.6) velocity=(-2.1, 0.0) active=True legs=37.27924,45.5476 targets=22,0 scale=(0.6, 0.6, 0.8) 
(Filename: E:\unity\Runtime/Export/Debug/Debug.bindings.h Line: 39)

MAGNETIC TRACE dribble-roll i=40 ahead=0.4759949 ball=(0.1, -1.6) velocity=(-2.1, 0.0) active=True legs=40.27625,44.42132 targets=19.40719,0 scale=(0.6, 0.6, 0.8) 
(Filename: E:\unity\Runtime/Export/Debug/Debug.bindings.h Line: 39)

MAGNETIC TRACE dribble-roll i=50 ahead=0.6014596 ball=(-0.4, -1.6) velocity=(-2.1, 0.0) active=True legs=25.82756,45.03714 targets=9.622551,0 scale=(0.6, 0.6, 0.8) 
(Filename: E:\unity\Runtime/Export/Debug/Debug.bindings.h Line: 39)

MAGNETIC TRACE dribble-roll i=60 ahead=0.7206086 ball=(-0.8, -1.6) velocity=(-2.1, 0.0) active=True legs=-11.01033,31.09031 targets=-11.96613,0 scale=(0.6, 0.6, 0.8) 
(Filename: E:\unity\Runtime/Export/Debug/Debug.bindings.h Line: 39)

MAGNETIC TRACE dribble-roll i=70 ahead=0.7629333 ball=(-1.2, -1.6) velocity=(-2.4, 0.0) active=True legs=-17.70157,29.84065 targets=-18,0 scale=(0.6, 0.6, 0.8) 
(Filename: E:\unity\Runtime/Export/Debug/Debug.bindings.h Line: 39)

MAGNETIC PASS multiple real eligible magnetic forward samples dribble-roll 
(Filename: E:\unity\Runtime/Export/Debug/Debug.bindings.h Line: 39)

MAGNETIC PASS active magnetic forward cap equals Fan without sprint dribble-roll 
(Filename: E:\unity\Runtime/Export/Debug/Debug.bindings.h Line: 39)

MAGNETIC PASS active ordinary movement force equals Fan; contest pressure retained dribble-roll 
(Filename: E:\unity\Runtime/Export/Debug/Debug.bindings.h Line: 39)

MAGNETIC SPEED scenario=dribble-roll maxActiveSpeed=2.408356 fanLimit=4 
(Filename: E:\unity\Runtime/Export/Debug/Debug.bindings.h Line: 39)

MAGNETIC RUN dribble-roll minAhead=0.4294209 maxGap=0.7764891 active=78 contacts=32 tilt=20.30356 error=0.03421024 travel=-2.835469 
(Filename: E:\unity\Runtime/Export/Debug/Debug.bindings.h Line: 39)

MAGNETIC PASS technique activates on nearby ball dribble-roll 
(Filename: E:\unity\Runtime/Export/Debug/Debug.bindings.h Line: 39)

MAGNETIC PASS physical instep contact dribble-roll 
(Filename: E:\unity\Runtime/Export/Debug/Debug.bindings.h Line: 39)

MAGNETIC PASS never stamps ball behind own body dribble-roll ahead=0.4294209 
(Filename: E:\unity\Runtime/Export/Debug/Debug.bindings.h Line: 39)

MAGNETIC PASS connected skeleton dribble-roll error=0.03421024 
(Filename: E:\unity\Runtime/Export/Debug/Debug.bindings.h Line: 39)

MAGNETIC PASS torso follows native posture dribble-roll deviation=20.30356 
(Filename: E:\unity\Runtime/Export/Debug/Debug.bindings.h Line: 39)

MAGNETIC PASS magnetic foot animation appears dribble-roll 
(Filename: E:\unity\Runtime/Export/Debug/Debug.bindings.h Line: 39)

MAGNETIC PASS dribbles through real movement dribble-roll 
(Filename: E:\unity\Runtime/Export/Debug/Debug.bindings.h Line: 39)

MAGNETIC PASS support leg prevents deep kneeling dribble-roll crouch=0.2776394 
(Filename: E:\unity\Runtime/Export/Debug/Debug.bindings.h Line: 39)

MAGNETIC PASS knees do not fold onto thighs dribble-roll bend=89.7355 
(Filename: E:\unity\Runtime/Export/Debug/Debug.bindings.h Line: 39)

Unloading 4 Unused Serialized files (Serialized files now loaded: 0)
UnloadTime: 0.277600 ms

Unloading 3 unused Assets to reduce memory usage. Loaded Objects now: 1061.
Total: 1.293300 ms (FindLiveObjects: 0.035200 ms CreateObjectMapping: 0.008100 ms MarkObjects: 0.195300 ms  DeleteObjects: 1.054400 ms)

MAGNETIC MUSCLE 6 L_Up_Leg 
(Filename: E:\unity\Runtime/Export/Debug/Debug.bindings.h Line: 39)

MAGNETIC MUSCLE 7 L_LowLeg 
(Filename: E:\unity\Runtime/Export/Debug/Debug.bindings.h Line: 39)

MAGNETIC MUSCLE 8 R_Up_Leg 
(Filename: E:\unity\Runtime/Export/Debug/Debug.bindings.h Line: 39)

MAGNETIC MUSCLE 9 R_LowLeg 
(Filename: E:\unity\Runtime/Export/Debug/Debug.bindings.h Line: 39)

MAGNETIC TRACE receive i=0 ahead=0.4431324 ball=(1.5, -1.6) velocity=(1.6, 0.0) active=True legs=16.4429,3.356968 targets=15.88508,0 scale=(0.6, 0.6, 0.8) 
(Filename: E:\unity\Runtime/Export/Debug/Debug.bindings.h Line: 39)

MAGNETIC TRACE receive i=10 ahead=0.4467176 ball=(1.5, -1.6) velocity=(-0.5, 0.0) active=True legs=26.70842,0.3043601 targets=22,0 scale=(0.6, 0.6, 0.8) 
(Filename: E:\unity\Runtime/Export/Debug/Debug.bindings.h Line: 39)

MAGNETIC TRACE receive i=20 ahead=0.5966264 ball=(1.4, -1.6) velocity=(-0.7, 0.0) active=True legs=10.04282,0.06688581 targets=11.0993,0 scale=(0.6, 0.6, 0.8) 
(Filename: E:\unity\Runtime/Export/Debug/Debug.bindings.h Line: 39)

MAGNETIC TRACE receive i=30 ahead=0.7575157 ball=(1.3, -1.6) velocity=(-0.7, 0.0) active=True legs=-17.51026,0.04511029 targets=-18,0 scale=(0.6, 0.6, 0.8) 
(Filename: E:\unity\Runtime/Export/Debug/Debug.bindings.h Line: 39)

MAGNETIC TRACE receive i=40 ahead=0.870275 ball=(1.1, -1.6) velocity=(-0.7, 0.0) active=False legs=-3.272459,4.122859 targets=-3.9,2.59 scale=(0.6, 0.6, 0.8) 
(Filename: E:\unity\Runtime/Export/Debug/Debug.bindings.h Line: 39)

MAGNETIC TRACE receive i=50 ahead=1.006554 ball=(1.0, -1.6) velocity=(-0.7, 0.0) active=False legs=-3.027205,-0.4559701 targets=-3.9,2.59 scale=(0.6, 0.6, 0.8) 
(Filename: E:\unity\Runtime/Export/Debug/Debug.bindings.h Line: 39)

MAGNETIC TRACE receive i=60 ahead=1.14095 ball=(0.8, -1.6) velocity=(-0.7, 0.0) active=False legs=-3.101411,0.4077241 targets=-3.9,2.59 scale=(0.6, 0.6, 0.8) 
(Filename: E:\unity\Runtime/Export/Debug/Debug.bindings.h Line: 39)

MAGNETIC TRACE receive i=70 ahead=1.283418 ball=(0.7, -1.6) velocity=(-0.7, 0.0) active=False legs=-3.530525,0.4077349 targets=-3.9,2.59 scale=(0.6, 0.6, 0.8) 
(Filename: E:\unity\Runtime/Export/Debug/Debug.bindings.h Line: 39)

MAGNETIC RUN receive minAhead=0.3984916 maxGap=1.413622 active=32 contacts=16 tilt=10.07257 error=0.02144142 travel=0.03872728 
(Filename: E:\unity\Runtime/Export/Debug/Debug.bindings.h Line: 39)

MAGNETIC PASS technique activates on nearby ball receive 
(Filename: E:\unity\Runtime/Export/Debug/Debug.bindings.h Line: 39)

MAGNETIC PASS physical instep contact receive 
(Filename: E:\unity\Runtime/Export/Debug/Debug.bindings.h Line: 39)

MAGNETIC PASS never stamps ball behind own body receive ahead=0.3984916 
(Filename: E:\unity\Runtime/Export/Debug/Debug.bindings.h Line: 39)

MAGNETIC PASS connected skeleton receive error=0.02144142 
(Filename: E:\unity\Runtime/Export/Debug/Debug.bindings.h Line: 39)

MAGNETIC PASS torso follows native posture receive deviation=10.07257 
(Filename: E:\unity\Runtime/Export/Debug/Debug.bindings.h Line: 39)

MAGNETIC PASS magnetic foot animation appears receive 
(Filename: E:\unity\Runtime/Export/Debug/Debug.bindings.h Line: 39)

Unloading 4 Unused Serialized files (Serialized files now loaded: 0)
UnloadTime: 0.274100 ms

Unloading 2 unused Assets to reduce memory usage. Loaded Objects now: 1061.
Total: 1.356300 ms (FindLiveObjects: 0.052000 ms CreateObjectMapping: 0.011000 ms MarkObjects: 0.178900 ms  DeleteObjects: 1.113800 ms)

MAGNETIC MUSCLE 6 L_Up_Leg 
(Filename: E:\unity\Runtime/Export/Debug/Debug.bindings.h Line: 39)

MAGNETIC MUSCLE 7 L_LowLeg 
(Filename: E:\unity\Runtime/Export/Debug/Debug.bindings.h Line: 39)

MAGNETIC MUSCLE 8 R_Up_Leg 
(Filename: E:\unity\Runtime/Export/Debug/Debug.bindings.h Line: 39)

MAGNETIC MUSCLE 9 R_LowLeg 
(Filename: E:\unity\Runtime/Export/Debug/Debug.bindings.h Line: 39)

MAGNETIC TRACE contest i=0 ahead=0.5003315 ball=(1.5, -1.6) velocity=(0.0, 0.0) active=True legs=10.19296,3.696639 targets=15.88508,0 scale=(0.6, 0.6, 0.8) 
(Filename: E:\unity\Runtime/Export/Debug/Debug.bindings.h Line: 39)

MAGNETIC TRACE contest i=10 ahead=0.6132598 ball=(1.4, -1.6) velocity=(-0.1, 0.0) active=True legs=0.6190271,-1.882454 targets=2.580801,0 scale=(0.6, 0.6, 0.8) 
(Filename: E:\unity\Runtime/Export/Debug/Debug.bindings.h Line: 39)

MAGNETIC TRACE contest i=20 ahead=0.4318631 ball=(1.4, -1.6) velocity=(-0.7, 0.0) active=True legs=23.91378,4.828857 targets=16.58412,0 scale=(0.6, 0.6, 0.8) 
(Filename: E:\unity\Runtime/Export/Debug/Debug.bindings.h Line: 39)

MAGNETIC TRACE contest i=30 ahead=0.3227389 ball=(1.1, -1.6) velocity=(-1.9, 0.0) active=True legs=40.16054,26.3719 targets=22,0 scale=(0.6, 0.6, 0.8) 
(Filename: E:\unity\Runtime/Export/Debug/Debug.bindings.h Line: 39)

MAGNETIC TRACE contest i=40 ahead=0.2412208 ball=(0.8, -1.6) velocity=(-0.6, 0.0) active=True legs=54.08252,29.06041 targets=28.00017,0 scale=(0.6, 0.6, 0.8) 
(Filename: E:\unity\Runtime/Export/Debug/Debug.bindings.h Line: 39)

MAGNETIC TRACE contest i=50 ahead=0.2589068 ball=(0.8, -1.6) velocity=(-0.3, 0.0) active=True legs=45.32021,9.862029 targets=25.40118,0 scale=(0.6, 0.6, 0.8) 
(Filename: E:\unity\Runtime/Export/Debug/Debug.bindings.h Line: 39)

MAGNETIC TRACE contest i=60 ahead=0.5445752 ball=(0.8, -1.6) velocity=(0.0, 0.0) active=True legs=16.54905,-3.24462 targets=19.16943,0 scale=(0.6, 0.6, 0.8) 
(Filename: E:\unity\Runtime/Export/Debug/Debug.bindings.h Line: 39)

MAGNETIC TRACE contest i=70 ahead=0.6910585 ball=(0.8, -1.6) velocity=(0.0, 0.0) active=True legs=-3.330535,-10.19451 targets=-3.88382,0 scale=(0.6, 0.6, 0.8) 
(Filename: E:\unity\Runtime/Export/Debug/Debug.bindings.h Line: 39)

MAGNETIC PASS multiple real eligible magnetic forward samples contest 
(Filename: E:\unity\Runtime/Export/Debug/Debug.bindings.h Line: 39)

MAGNETIC PASS active magnetic forward cap equals Fan without sprint contest 
(Filename: E:\unity\Runtime/Export/Debug/Debug.bindings.h Line: 39)

MAGNETIC PASS active ordinary movement force equals Fan; contest pressure retained contest 
(Filename: E:\unity\Runtime/Export/Debug/Debug.bindings.h Line: 39)

MAGNETIC SPEED scenario=contest maxActiveSpeed=2.041297 fanLimit=4 
(Filename: E:\unity\Runtime/Export/Debug/Debug.bindings.h Line: 39)

MAGNETIC RUN contest minAhead=0.2023801 maxGap=0.6982237 active=80 contacts=32 tilt=20.69666 error=0.0375151 travel=-0.6661754 
(Filename: E:\unity\Runtime/Export/Debug/Debug.bindings.h Line: 39)

MAGNETIC PASS technique activates on nearby ball contest 
(Filename: E:\unity\Runtime/Export/Debug/Debug.bindings.h Line: 39)

MAGNETIC PASS physical instep contact contest 
(Filename: E:\unity\Runtime/Export/Debug/Debug.bindings.h Line: 39)

MAGNETIC PASS never stamps ball behind own body contest ahead=0.2023801 
(Filename: E:\unity\Runtime/Export/Debug/Debug.bindings.h Line: 39)

MAGNETIC PASS connected skeleton contest error=0.0375151 
(Filename: E:\unity\Runtime/Export/Debug/Debug.bindings.h Line: 39)

MAGNETIC PASS torso follows native posture contest deviation=20.69666 
(Filename: E:\unity\Runtime/Export/Debug/Debug.bindings.h Line: 39)

MAGNETIC PASS magnetic foot animation appears contest 
(Filename: E:\unity\Runtime/Export/Debug/Debug.bindings.h Line: 39)

Unloading 4 Unused Serialized files (Serialized files now loaded: 0)
UnloadTime: 0.291500 ms

Unloading 3 unused Assets to reduce memory usage. Loaded Objects now: 1061.
Total: 1.324400 ms (FindLiveObjects: 0.054600 ms CreateObjectMapping: 0.017700 ms MarkObjects: 0.251000 ms  DeleteObjects: 1.000500 ms)

MAGNETIC MUSCLE 6 L_Up_Leg 
(Filename: E:\unity\Runtime/Export/Debug/Debug.bindings.h Line: 39)

MAGNETIC MUSCLE 7 L_LowLeg 
(Filename: E:\unity\Runtime/Export/Debug/Debug.bindings.h Line: 39)

MAGNETIC MUSCLE 8 R_Up_Leg 
(Filename: E:\unity\Runtime/Export/Debug/Debug.bindings.h Line: 39)

MAGNETIC MUSCLE 9 R_LowLeg 
(Filename: E:\unity\Runtime/Export/Debug/Debug.bindings.h Line: 39)

MAGNETIC TRACE air i=0 ahead=0.5131071 ball=(1.4, -1.1) velocity=(0.0, -0.2) active=False legs=-4.707138,3.726343 targets=-3.9,2.59 scale=(0.6, 0.6, 0.8) 
(Filename: E:\unity\Runtime/Export/Debug/Debug.bindings.h Line: 39)

MAGNETIC TRACE air i=10 ahead=0.4278804 ball=(1.5, -1.5) velocity=(0.1, -2.8) active=False legs=-1.325106,0.1384649 targets=-3.9,2.59 scale=(0.6, 0.6, 0.8) 
(Filename: E:\unity\Runtime/Export/Debug/Debug.bindings.h Line: 39)

MAGNETIC TRACE air i=20 ahead=0.5503561 ball=(1.5, -1.6) velocity=(-0.5, 0.2) active=True legs=14.21407,-0.672196 targets=17.18427,0 scale=(0.6, 0.6, 0.8) 
(Filename: E:\unity\Runtime/Export/Debug/Debug.bindings.h Line: 39)

MAGNETIC TRACE air i=30 ahead=0.5487677 ball=(1.5, -1.6) velocity=(0.2, 0.0) active=True legs=9.21452,-0.2133209 targets=9.567435,0 scale=(0.6, 0.6, 0.8) 
(Filename: E:\unity\Runtime/Export/Debug/Debug.bindings.h Line: 39)

MAGNETIC TRACE air i=40 ahead=0.5406675 ball=(1.5, -1.6) velocity=(-0.1, 0.0) active=True legs=18.93335,2.875443 targets=18.34521,0 scale=(0.6, 0.6, 0.8) 
(Filename: E:\unity\Runtime/Export/Debug/Debug.bindings.h Line: 39)

MAGNETIC TRACE air i=50 ahead=0.5357974 ball=(1.5, -1.6) velocity=(0.1, 0.0) active=True legs=15.58818,-3.305484 targets=13.24409,0 scale=(0.6, 0.6, 0.8) 
(Filename: E:\unity\Runtime/Export/Debug/Debug.bindings.h Line: 39)

MAGNETIC TRACE air i=60 ahead=0.464206 ball=(1.5, -1.6) velocity=(-0.2, 0.0) active=True legs=26.1112,-0.1604152 targets=22,0 scale=(0.6, 0.6, 0.8) 
(Filename: E:\unity\Runtime/Export/Debug/Debug.bindings.h Line: 39)

MAGNETIC TRACE air i=70 ahead=0.4602882 ball=(1.5, -1.6) velocity=(-0.1, 0.0) active=True legs=21.91011,0.550915 targets=22,0 scale=(0.6, 0.6, 0.8) 
(Filename: E:\unity\Runtime/Export/Debug/Debug.bindings.h Line: 39)

MAGNETIC RUN air minAhead=0.4187324 maxGap=0.603996 active=64 contacts=37 tilt=27.60144 error=0.01310783 travel=0.007309794 
(Filename: E:\unity\Runtime/Export/Debug/Debug.bindings.h Line: 39)

MAGNETIC PASS technique activates on nearby ball air 
(Filename: E:\unity\Runtime/Export/Debug/Debug.bindings.h Line: 39)

MAGNETIC PASS physical instep contact air 
(Filename: E:\unity\Runtime/Export/Debug/Debug.bindings.h Line: 39)

MAGNETIC PASS never stamps ball behind own body air ahead=0.4187324 
(Filename: E:\unity\Runtime/Export/Debug/Debug.bindings.h Line: 39)

MAGNETIC PASS connected skeleton air error=0.01310783 
(Filename: E:\unity\Runtime/Export/Debug/Debug.bindings.h Line: 39)

MAGNETIC PASS torso follows native posture air deviation=27.60144 
(Filename: E:\unity\Runtime/Export/Debug/Debug.bindings.h Line: 39)

MAGNETIC PASS magnetic foot animation appears air 
(Filename: E:\unity\Runtime/Export/Debug/Debug.bindings.h Line: 39)

MAGNETIC COMPLETE checks=76 failures=0 
(Filename: E:\unity\Runtime/Export/Debug/Debug.bindings.h Line: 39)

Setting up 12 worker threads for Enlighten.
  Thread -> id: 604 -> priority: 1 
  Thread -> id: a628 -> priority: 1 
  Thread -> id: 4a60 -> priority: 1 
  Thread -> id: 4918 -> priority: 1 
  Thread -> id: 3814 -> priority: 1 
  Thread -> id: 270c -> priority: 1 
  Thread -> id: d28 -> priority: 1 
  Thread -> id: 7bb4 -> priority: 1 
  Thread -> id: 79e0 -> priority: 1 
  Thread -> id: 7d84 -> priority: 1 
  Thread -> id: 7f9c -> priority: 1 
  Thread -> id: 8534 -> priority: 1 
Curl error 42: Callback aborted
 
(Filename:  Line: 867)

