Process is running in low integrity mode...
Mono path[0] = 'C:/Users/Alienware/Desktop/范志毅VS赵鹏/范志毅VS赵鹏 PC双人版（32位）/鑼冨織姣匳S璧甸箯 PC鍙屼汉鐗堬紙32浣嶏級/AI Mod Source/build/magnetic-test-player-experiment/FanZhiYi_Data/Managed'
Mono config path = 'C:/Users/Alienware/Desktop/范志毅VS赵鹏/范志毅VS赵鹏 PC双人版（32位）/鑼冨織姣匳S璧甸箯 PC鍙屼汉鐗堬紙32浣嶏級/AI Mod Source/build/magnetic-test-player-experiment/MonoBleedingEdge/etc'
AS: AutoStreaming module initializing.Initialize engine version: 2019.4.33f1c1 (c2f94a8bebb3)
[Subsystems] Discovering subsystems at path C:/Users/Alienware/Desktop/范志毅VS赵鹏/范志毅VS赵鹏 PC双人版（32位）/鑼冨織姣匳S璧甸箯 PC鍙屼汉鐗堬紙32浣嶏級/AI Mod Source/build/magnetic-test-player-experiment/FanZhiYi_Data/UnitySubsystems
GfxDevice: creating device client; threaded=1
Direct3D:
    Version:  Direct3D 11.0 [level 11.1]
    Renderer: NVIDIA GeForce RTX 5070 Laptop GPU (ID=0x2d58)
    Vendor:   (null)
    VRAM:     3072 MB
Begin MonoManager ReloadAssembly
- Completed reload, in  0.121 seconds
<RI> Initializing input.
<RI> Input initialized.
<RI> Initialized touch support.
UnloadTime: 0.518100 ms
Curl error 7: Failed to connect to 127.0.0.1 port 7897: Bad access
 
(Filename:  Line: 867)

Curl error 7: Failed to connect to 127.0.0.1 port 7897: Bad access
 
(Filename:  Line: 867)

Curl error 7: Failed to connect to 127.0.0.1 port 7897: Bad access
 
(Filename:  Line: 867)

Curl error 7: Failed to connect to 127.0.0.1 port 7897: Bad access
 
(Filename:  Line: 867)

Unloading 5 Unused Serialized files (Serialized files now loaded: 0)
UnloadTime: 0.164700 ms

Unloading 143 unused Assets to reduce memory usage. Loaded Objects now: 1010.
Total: 0.659000 ms (FindLiveObjects: 0.047600 ms CreateObjectMapping: 0.017100 ms MarkObjects: 0.269300 ms  DeleteObjects: 0.324300 ms)

POWER PASS keypad 0 selects kick, never header 
(Filename: E:\unity\Runtime/Export/Debug/Debug.bindings.h Line: 39)

POWER PASS right Shift selects header, never kick 
(Filename: E:\unity\Runtime/Export/Debug/Debug.bindings.h Line: 39)

POWER PASS L selects Fan powered native kick 
(Filename: E:\unity\Runtime/Export/Debug/Debug.bindings.h Line: 39)

POWER PASS double ordinary shooting no longer arms burst 
(Filename: E:\unity\Runtime/Export/Debug/Debug.bindings.h Line: 39)

POWER PASS round reset clears powered shooting request 
(Filename: E:\unity\Runtime/Export/Debug/Debug.bindings.h Line: 39)

Unloading 4 Unused Serialized files (Serialized files now loaded: 0)
UnloadTime: 0.782200 ms

Unloading 37 unused Assets to reduce memory usage. Loaded Objects now: 1060.
Total: 1.585900 ms (FindLiveObjects: 0.033200 ms CreateObjectMapping: 0.008800 ms MarkObjects: 0.178000 ms  DeleteObjects: 1.365600 ms)

POWER PASS native kick action actually ran Fan powered=False skills=False 
(Filename: E:\unity\Runtime/Export/Debug/Debug.bindings.h Line: 39)

POWER PASS one real contact launch, ordinary shot has none Fan powered=False launches=0 skills=False 
(Filename: E:\unity\Runtime/Export/Debug/Debug.bindings.h Line: 39)

POWER PASS shooting keeps the connected skeleton Fan error=0.06852366 
(Filename: E:\unity\Runtime/Export/Debug/Debug.bindings.h Line: 39)

POWER PASS classic power shot requires no special skill component 
(Filename: E:\unity\Runtime/Export/Debug/Debug.bindings.h Line: 39)

Unloading 4 Unused Serialized files (Serialized files now loaded: 0)
UnloadTime: 0.256300 ms

Unloading 3 unused Assets to reduce memory usage. Loaded Objects now: 1060.
Total: 2.078900 ms (FindLiveObjects: 0.056500 ms CreateObjectMapping: 0.018100 ms MarkObjects: 0.315000 ms  DeleteObjects: 1.688800 ms)

Curl error 7: Failed to connect to 127.0.0.1 port 7897: Bad access
 
(Filename:  Line: 867)

POWER PASS native kick action actually ran Fan powered=True skills=False 
(Filename: E:\unity\Runtime/Export/Debug/Debug.bindings.h Line: 39)

POWER PASS one real contact launch, ordinary shot has none Fan powered=True launches=1 skills=False 
(Filename: E:\unity\Runtime/Export/Debug/Debug.bindings.h Line: 39)

POWER PASS Fan real collision ball speed +20% ratio=1.2 
(Filename: E:\unity\Runtime/Export/Debug/Debug.bindings.h Line: 39)

POWER PASS shooting keeps the connected skeleton Fan error=0.06852366 
(Filename: E:\unity\Runtime/Export/Debug/Debug.bindings.h Line: 39)

POWER PASS classic power shot requires no special skill component 
(Filename: E:\unity\Runtime/Export/Debug/Debug.bindings.h Line: 39)

Unloading 4 Unused Serialized files (Serialized files now loaded: 0)
UnloadTime: 0.273300 ms

Unloading 3 unused Assets to reduce memory usage. Loaded Objects now: 1060.
Total: 1.502700 ms (FindLiveObjects: 0.052800 ms CreateObjectMapping: 0.015900 ms MarkObjects: 0.245300 ms  DeleteObjects: 1.188200 ms)

POWER PASS native kick action actually ran Zhao powered=False skills=False 
(Filename: E:\unity\Runtime/Export/Debug/Debug.bindings.h Line: 39)

POWER PASS one real contact launch, ordinary shot has none Zhao powered=False launches=0 skills=False 
(Filename: E:\unity\Runtime/Export/Debug/Debug.bindings.h Line: 39)

POWER PASS shooting keeps the connected skeleton Zhao error=0.1011824 
(Filename: E:\unity\Runtime/Export/Debug/Debug.bindings.h Line: 39)

POWER PASS classic power shot requires no special skill component 
(Filename: E:\unity\Runtime/Export/Debug/Debug.bindings.h Line: 39)

Unloading 4 Unused Serialized files (Serialized files now loaded: 0)
UnloadTime: 0.295000 ms

Unloading 3 unused Assets to reduce memory usage. Loaded Objects now: 1060.
Total: 1.315500 ms (FindLiveObjects: 0.055200 ms CreateObjectMapping: 0.017700 ms MarkObjects: 0.257100 ms  DeleteObjects: 0.985000 ms)

POWER PASS native kick action actually ran Zhao powered=True skills=False 
(Filename: E:\unity\Runtime/Export/Debug/Debug.bindings.h Line: 39)

POWER PASS one real contact launch, ordinary shot has none Zhao powered=True launches=1 skills=False 
(Filename: E:\unity\Runtime/Export/Debug/Debug.bindings.h Line: 39)

POWER PASS Zhao real contact power speed skills=False vx=-20.4 expected=20.4 
(Filename: E:\unity\Runtime/Export/Debug/Debug.bindings.h Line: 39)

POWER PASS Zhao powered shot is driven low even in air vy=-9.274949 
(Filename: E:\unity\Runtime/Export/Debug/Debug.bindings.h Line: 39)

POWER PASS shooting keeps the connected skeleton Zhao error=0.1011824 
(Filename: E:\unity\Runtime/Export/Debug/Debug.bindings.h Line: 39)

POWER PASS classic power shot requires no special skill component 
(Filename: E:\unity\Runtime/Export/Debug/Debug.bindings.h Line: 39)

Unloading 4 Unused Serialized files (Serialized files now loaded: 0)
UnloadTime: 0.262900 ms

Unloading 3 unused Assets to reduce memory usage. Loaded Objects now: 1060.
Total: 1.025200 ms (FindLiveObjects: 0.030900 ms CreateObjectMapping: 0.007900 ms MarkObjects: 0.163600 ms  DeleteObjects: 0.822400 ms)

POWER PASS native kick action actually ran Fan powered=False skills=True 
(Filename: E:\unity\Runtime/Export/Debug/Debug.bindings.h Line: 39)

POWER PASS one real contact launch, ordinary shot has none Fan powered=False launches=0 skills=True 
(Filename: E:\unity\Runtime/Export/Debug/Debug.bindings.h Line: 39)

POWER PASS shooting keeps the connected skeleton Fan error=0.06836654 
(Filename: E:\unity\Runtime/Export/Debug/Debug.bindings.h Line: 39)

Unloading 4 Unused Serialized files (Serialized files now loaded: 0)
UnloadTime: 0.282200 ms

Unloading 3 unused Assets to reduce memory usage. Loaded Objects now: 1060.
Total: 1.121500 ms (FindLiveObjects: 0.033700 ms CreateObjectMapping: 0.008300 ms MarkObjects: 0.181000 ms  DeleteObjects: 0.898100 ms)

POWER PASS native kick action actually ran Fan powered=True skills=True 
(Filename: E:\unity\Runtime/Export/Debug/Debug.bindings.h Line: 39)

POWER PASS one real contact launch, ordinary shot has none Fan powered=True launches=1 skills=True 
(Filename: E:\unity\Runtime/Export/Debug/Debug.bindings.h Line: 39)

POWER PASS Fan real collision ball speed +20% ratio=1.2 
(Filename: E:\unity\Runtime/Export/Debug/Debug.bindings.h Line: 39)

POWER PASS shooting keeps the connected skeleton Fan error=0.06852366 
(Filename: E:\unity\Runtime/Export/Debug/Debug.bindings.h Line: 39)

Unloading 4 Unused Serialized files (Serialized files now loaded: 0)
UnloadTime: 0.269300 ms

Unloading 3 unused Assets to reduce memory usage. Loaded Objects now: 1060.
Total: 1.148300 ms (FindLiveObjects: 0.032100 ms CreateObjectMapping: 0.007800 ms MarkObjects: 0.164600 ms  DeleteObjects: 0.943500 ms)

POWER PASS native kick action actually ran Zhao powered=False skills=True 
(Filename: E:\unity\Runtime/Export/Debug/Debug.bindings.h Line: 39)

POWER PASS one real contact launch, ordinary shot has none Zhao powered=False launches=0 skills=True 
(Filename: E:\unity\Runtime/Export/Debug/Debug.bindings.h Line: 39)

POWER PASS shooting keeps the connected skeleton Zhao error=0.1011824 
(Filename: E:\unity\Runtime/Export/Debug/Debug.bindings.h Line: 39)

Unloading 4 Unused Serialized files (Serialized files now loaded: 0)
UnloadTime: 0.287000 ms

Unloading 3 unused Assets to reduce memory usage. Loaded Objects now: 1060.
Total: 1.056600 ms (FindLiveObjects: 0.032400 ms CreateObjectMapping: 0.015600 ms MarkObjects: 0.179400 ms  DeleteObjects: 0.829000 ms)

POWER PASS native kick action actually ran Zhao powered=True skills=True 
(Filename: E:\unity\Runtime/Export/Debug/Debug.bindings.h Line: 39)

POWER PASS one real contact launch, ordinary shot has none Zhao powered=True launches=1 skills=True 
(Filename: E:\unity\Runtime/Export/Debug/Debug.bindings.h Line: 39)

POWER PASS Zhao real contact power speed skills=True vx=-22.44 expected=22.44 
(Filename: E:\unity\Runtime/Export/Debug/Debug.bindings.h Line: 39)

POWER PASS Zhao powered shot is driven low even in air vy=-9.274949 
(Filename: E:\unity\Runtime/Export/Debug/Debug.bindings.h Line: 39)

POWER PASS keypad 0 displays burst skill/highlight 
(Filename: E:\unity\Runtime/Export/Debug/Debug.bindings.h Line: 39)

POWER PASS shooting keeps the connected skeleton Zhao error=0.1011824 
(Filename: E:\unity\Runtime/Export/Debug/Debug.bindings.h Line: 39)

Unloading 4 Unused Serialized files (Serialized files now loaded: 0)
UnloadTime: 0.257100 ms

Unloading 3 unused Assets to reduce memory usage. Loaded Objects now: 1060.
Total: 1.114600 ms (FindLiveObjects: 0.032300 ms CreateObjectMapping: 0.008200 ms MarkObjects: 0.169900 ms  DeleteObjects: 0.903800 ms)

POWER PASS same curve at 90% speed, spatial sample=0.15 
(Filename: E:\unity\Runtime/Export/Debug/Debug.bindings.h Line: 39)

POWER PASS same curve at 90% speed, spatial sample=0.3 
(Filename: E:\unity\Runtime/Export/Debug/Debug.bindings.h Line: 39)

POWER PASS same curve at 90% speed, spatial sample=0.45 
(Filename: E:\unity\Runtime/Export/Debug/Debug.bindings.h Line: 39)

POWER CONTACT solid=L_Up_Arm 
(Filename: E:\unity\Runtime/Export/Debug/Debug.bindings.h Line: 39)

POWER PASS leaf ball physically hits opponent body 
(Filename: E:\unity\Runtime/Export/Debug/Debug.bindings.h Line: 39)

POWER PASS leaf ball never tunnels through body 
(Filename: E:\unity\Runtime/Export/Debug/Debug.bindings.h Line: 39)

POWER PASS solid collision ends curve drive instead of pushing through 
(Filename: E:\unity\Runtime/Export/Debug/Debug.bindings.h Line: 39)

POWER PASS skill ball uses continuous detection 
(Filename: E:\unity\Runtime/Export/Debug/Debug.bindings.h Line: 39)

Unloading 4 Unused Serialized files (Serialized files now loaded: 0)
UnloadTime: 0.271500 ms

Unloading 3 unused Assets to reduce memory usage. Loaded Objects now: 1061.
Total: 1.259300 ms (FindLiveObjects: 0.031900 ms CreateObjectMapping: 0.008200 ms MarkObjects: 0.170000 ms  DeleteObjects: 1.048800 ms)

POWER PASS emergency retreat keeps moving at real speed=4.030143 
(Filename: E:\unity\Runtime/Export/Debug/Debug.bindings.h Line: 39)

POWER PASS emergency retreat remains balanced deviation=9.992188 
(Filename: E:\unity\Runtime/Export/Debug/Debug.bindings.h Line: 39)

POWER PASS retreat limbs remain joined error=0.07542263 
(Filename: E:\unity\Runtime/Export/Debug/Debug.bindings.h Line: 39)

Unloading 4 Unused Serialized files (Serialized files now loaded: 0)
UnloadTime: 0.269500 ms

Unloading 2 unused Assets to reduce memory usage. Loaded Objects now: 1061.
Total: 1.268500 ms (FindLiveObjects: 0.051800 ms CreateObjectMapping: 0.016200 ms MarkObjects: 0.288100 ms  DeleteObjects: 0.911900 ms)

POWER PASS stronger tackle uses real body contact air=False 
(Filename: E:\unity\Runtime/Export/Debug/Debug.bindings.h Line: 39)

POWER PASS 30% stronger impact keeps skeleton joined error=0.07385351 
(Filename: E:\unity\Runtime/Export/Debug/Debug.bindings.h Line: 39)

POWER PASS impact does not fold Fan body angle=34.21811 
(Filename: E:\unity\Runtime/Export/Debug/Debug.bindings.h Line: 39)

POWER PASS balance recovers promptly after impact 
(Filename: E:\unity\Runtime/Export/Debug/Debug.bindings.h Line: 39)

Unloading 4 Unused Serialized files (Serialized files now loaded: 0)
UnloadTime: 0.401300 ms

Unloading 2 unused Assets to reduce memory usage. Loaded Objects now: 1061.
Total: 1.209500 ms (FindLiveObjects: 0.038400 ms CreateObjectMapping: 0.008800 ms MarkObjects: 0.197800 ms  DeleteObjects: 0.964200 ms)

POWER PASS stronger tackle uses real body contact air=True 
(Filename: E:\unity\Runtime/Export/Debug/Debug.bindings.h Line: 39)

POWER PASS 30% stronger impact keeps skeleton joined error=0.2392755 
(Filename: E:\unity\Runtime/Export/Debug/Debug.bindings.h Line: 39)

POWER PASS impact does not fold Fan body angle=45.37488 
(Filename: E:\unity\Runtime/Export/Debug/Debug.bindings.h Line: 39)

POWER PASS balance recovers promptly after impact 
(Filename: E:\unity\Runtime/Export/Debug/Debug.bindings.h Line: 39)

POWER PASS tackle strength +30%, duration unchanged 
(Filename: E:\unity\Runtime/Export/Debug/Debug.bindings.h Line: 39)

POWER COMPLETE checks=59 failures=0 
(Filename: E:\unity\Runtime/Export/Debug/Debug.bindings.h Line: 39)

Setting up 12 worker threads for Enlighten.
  Thread -> id: 86dc -> priority: 1 
  Thread -> id: 7668 -> priority: 1 
  Thread -> id: 231c -> priority: 1 
  Thread -> id: 5e1c -> priority: 1 
  Thread -> id: 49d8 -> priority: 1 
  Thread -> id: 94a4 -> priority: 1 
  Thread -> id: 8eac -> priority: 1 
  Thread -> id: 40e8 -> priority: 1 
  Thread -> id: 4a2c -> priority: 1 
  Thread -> id: 5c70 -> priority: 1 
  Thread -> id: 5d24 -> priority: 1 
  Thread -> id: 677c -> priority: 1 
