Mono path[0] = 'C:/Users/Alienware/Desktop/范志毅vs赵鹏/范志毅vs赵鹏 pc双人版（32位）/鑼冨織姣匳s璧甸箯 pc鍙屼汉鐗堬紙32浣嶏級/fanzhiyi_Data/Managed'
Mono config path = 'C:/Users/Alienware/Desktop/范志毅vs赵鹏/范志毅vs赵鹏 pc双人版（32位）/鑼冨織姣匳s璧甸箯 pc鍙屼汉鐗堬紙32浣嶏級/MonoBleedingEdge/etc'
AS: AutoStreaming module initializing.Initialize engine version: 2019.4.33f1c1 (c2f94a8bebb3)
[Subsystems] Discovering subsystems at path C:/Users/Alienware/Desktop/范志毅vs赵鹏/范志毅vs赵鹏 pc双人版（32位）/鑼冨織姣匳s璧甸箯 pc鍙屼汉鐗堬紙32浣嶏級/fanzhiyi_Data/UnitySubsystems
GfxDevice: creating device client; threaded=1
Direct3D:
    Version:  Direct3D 11.0 [level 11.1]
    Renderer: NVIDIA GeForce RTX 5070 Laptop GPU (ID=0x2d58)
    Vendor:   (null)
    VRAM:     3072 MB
    Driver:   32.0.15.9608
Begin MonoManager ReloadAssembly
- Completed reload, in  0.052 seconds
<RI> Initializing input.
<RI> Input initialized.
<RI> Initialized touch support.
UnloadTime: 0.537500 ms
Unloading 5 Unused Serialized files (Serialized files now loaded: 0)
UnloadTime: 0.188600 ms

Unloading 113 unused Assets to reduce memory usage. Loaded Objects now: 1009.
Total: 0.544800 ms (FindLiveObjects: 0.035000 ms CreateObjectMapping: 0.008900 ms MarkObjects: 0.222900 ms  DeleteObjects: 0.277500 ms)

PHYSICAL LEG False 0 -17 -2.34 
(Filename: E:\unity\Runtime/Export/Debug/Debug.bindings.h Line: 39)

PHYSICAL LEG False 8 -87.23898 -2.34 
(Filename: E:\unity\Runtime/Export/Debug/Debug.bindings.h Line: 39)

PHYSICAL LEG False 16 -36.4053 -2.34 
(Filename: E:\unity\Runtime/Export/Debug/Debug.bindings.h Line: 39)

PHYSICAL LEG False 24 -17 -2.34 
(Filename: E:\unity\Runtime/Export/Debug/Debug.bindings.h Line: 39)

PHYSICAL REACH False 1.373985 
(Filename: E:\unity\Runtime/Export/Debug/Debug.bindings.h Line: 39)

PHYSICAL PASS Zhao native joints intact after real kick False 
(Filename: E:\unity\Runtime/Export/Debug/Debug.bindings.h Line: 39)

Unloading 4 Unused Serialized files (Serialized files now loaded: 0)
UnloadTime: 0.237600 ms

Unloading 38 unused Assets to reduce memory usage. Loaded Objects now: 1053.
Total: 1.423800 ms (FindLiveObjects: 0.048500 ms CreateObjectMapping: 0.008700 ms MarkObjects: 0.257400 ms  DeleteObjects: 1.108600 ms)

PHYSICAL LEG True 0 -17 -2.34 
(Filename: E:\unity\Runtime/Export/Debug/Debug.bindings.h Line: 39)

PHYSICAL LEG True 8 -90 -2.339996 
(Filename: E:\unity\Runtime/Export/Debug/Debug.bindings.h Line: 39)

PHYSICAL LEG True 16 -60.18552 -2.339996 
(Filename: E:\unity\Runtime/Export/Debug/Debug.bindings.h Line: 39)

PHYSICAL LEG True 24 -17 -2.339996 
(Filename: E:\unity\Runtime/Export/Debug/Debug.bindings.h Line: 39)

PHYSICAL REACH True 1.729672 
(Filename: E:\unity\Runtime/Export/Debug/Debug.bindings.h Line: 39)

PHYSICAL PASS Zhao native joints intact after real kick True 
(Filename: E:\unity\Runtime/Export/Debug/Debug.bindings.h Line: 39)

PHYSICAL PASS enhanced actual foot reach exceeds native kick 
(Filename: E:\unity\Runtime/Export/Debug/Debug.bindings.h Line: 39)

Unloading 4 Unused Serialized files (Serialized files now loaded: 0)
UnloadTime: 0.887600 ms

Unloading 5 unused Assets to reduce memory usage. Loaded Objects now: 1057.
Total: 1.409200 ms (FindLiveObjects: 0.078500 ms CreateObjectMapping: 0.017000 ms MarkObjects: 0.246900 ms  DeleteObjects: 1.066200 ms)

PHYSICAL PASS half-court measured from actual goal mouths 
(Filename: E:\unity\Runtime/Export/Debug/Debug.bindings.h Line: 39)

PHYSICAL HALF COURT 6.076219 
(Filename: E:\unity\Runtime/Export/Debug/Debug.bindings.h Line: 39)

PHYSICAL PASS burst eligibility far=False grounded=True 
(Filename: E:\unity\Runtime/Export/Debug/Debug.bindings.h Line: 39)

PHYSICAL PASS burst executes only for far, truly grounded ball 
(Filename: E:\unity\Runtime/Export/Debug/Debug.bindings.h Line: 39)

PHYSICAL PASS burst scenario preserves both skeletons 
(Filename: E:\unity\Runtime/Export/Debug/Debug.bindings.h Line: 39)

Unloading 4 Unused Serialized files (Serialized files now loaded: 0)
UnloadTime: 0.318800 ms

Unloading 5 unused Assets to reduce memory usage. Loaded Objects now: 1064.
Total: 1.392600 ms (FindLiveObjects: 0.037300 ms CreateObjectMapping: 0.008500 ms MarkObjects: 0.227100 ms  DeleteObjects: 1.119300 ms)

PHYSICAL PASS half-court measured from actual goal mouths 
(Filename: E:\unity\Runtime/Export/Debug/Debug.bindings.h Line: 39)

PHYSICAL HALF COURT 6.076219 
(Filename: E:\unity\Runtime/Export/Debug/Debug.bindings.h Line: 39)

PHYSICAL PASS burst eligibility far=True grounded=False 
(Filename: E:\unity\Runtime/Export/Debug/Debug.bindings.h Line: 39)

PHYSICAL PASS burst executes only for far, truly grounded ball 
(Filename: E:\unity\Runtime/Export/Debug/Debug.bindings.h Line: 39)

PHYSICAL PASS burst scenario preserves both skeletons 
(Filename: E:\unity\Runtime/Export/Debug/Debug.bindings.h Line: 39)

Unloading 4 Unused Serialized files (Serialized files now loaded: 0)
UnloadTime: 0.280000 ms

Unloading 5 unused Assets to reduce memory usage. Loaded Objects now: 1064.
Total: 1.420500 ms (FindLiveObjects: 0.059700 ms CreateObjectMapping: 0.009300 ms MarkObjects: 0.225700 ms  DeleteObjects: 1.125300 ms)

PHYSICAL PASS half-court measured from actual goal mouths 
(Filename: E:\unity\Runtime/Export/Debug/Debug.bindings.h Line: 39)

PHYSICAL HALF COURT 6.076219 
(Filename: E:\unity\Runtime/Export/Debug/Debug.bindings.h Line: 39)

PHYSICAL PASS burst eligibility far=True grounded=True 
(Filename: E:\unity\Runtime/Export/Debug/Debug.bindings.h Line: 39)

PHYSICAL PASS distance exactly half-court remains ineligible 
(Filename: E:\unity\Runtime/Export/Debug/Debug.bindings.h Line: 39)

PHYSICAL PASS burst executes only for far, truly grounded ball 
(Filename: E:\unity\Runtime/Export/Debug/Debug.bindings.h Line: 39)

PHYSICAL PASS burst scenario preserves both skeletons 
(Filename: E:\unity\Runtime/Export/Debug/Debug.bindings.h Line: 39)

Unloading 4 Unused Serialized files (Serialized files now loaded: 0)
UnloadTime: 0.313700 ms

Unloading 5 unused Assets to reduce memory usage. Loaded Objects now: 1065.
Total: 1.140500 ms (FindLiveObjects: 0.037500 ms CreateObjectMapping: 0.007800 ms MarkObjects: 0.222500 ms  DeleteObjects: 0.872300 ms)

PHYSICAL PASS native W input arms actual airborne jump volley 
(Filename: E:\unity\Runtime/Export/Debug/Debug.bindings.h Line: 39)

PHYSICAL PASS jump volley works without separate K command 
(Filename: E:\unity\Runtime/Export/Debug/Debug.bindings.h Line: 39)

PHYSICAL W FOOT (-4.2, -1.2) 
(Filename: E:\unity\Runtime/Export/Debug/Debug.bindings.h Line: 39)

PHYSICAL PASS W jump plus real foot contact produces falling shot 
(Filename: E:\unity\Runtime/Export/Debug/Debug.bindings.h Line: 39)

PHYSICAL PASS jump activation consumed after one successful kick 
(Filename: E:\unity\Runtime/Export/Debug/Debug.bindings.h Line: 39)

Unloading 4 Unused Serialized files (Serialized files now loaded: 0)
UnloadTime: 0.298300 ms

Unloading 6 unused Assets to reduce memory usage. Loaded Objects now: 1065.
Total: 1.280600 ms (FindLiveObjects: 0.069700 ms CreateObjectMapping: 0.012600 ms MarkObjects: 0.247500 ms  DeleteObjects: 0.950200 ms)

PHYSICAL PASS unused W jump window ends on landing 
(Filename: E:\unity\Runtime/Export/Debug/Debug.bindings.h Line: 39)

Unloading 4 Unused Serialized files (Serialized files now loaded: 0)
UnloadTime: 0.272700 ms

Unloading 6 unused Assets to reduce memory usage. Loaded Objects now: 1065.
Total: 1.465600 ms (FindLiveObjects: 0.057200 ms CreateObjectMapping: 0.010000 ms MarkObjects: 0.287200 ms  DeleteObjects: 1.110700 ms)

PHYSICAL PASS ground dribbling increases native animation cadence 
(Filename: E:\unity\Runtime/Export/Debug/Debug.bindings.h Line: 39)

PHYSICAL PASS stopping dribble restores native animation speed 
(Filename: E:\unity\Runtime/Export/Debug/Debug.bindings.h Line: 39)

PHYSICAL PASS faster dribble preserves limb constraints 
(Filename: E:\unity\Runtime/Export/Debug/Debug.bindings.h Line: 39)

PHYSICAL PASS header uses continuous ball collision detection 
(Filename: E:\unity\Runtime/Export/Debug/Debug.bindings.h Line: 39)

PHYSICAL PASS header keeps every opponent collision enabled 
(Filename: E:\unity\Runtime/Export/Debug/Debug.bindings.h Line: 39)

PHYSICAL PASS fast header cannot pass through thin physical obstacle 
(Filename: E:\unity\Runtime/Export/Debug/Debug.bindings.h Line: 39)

PHYSICAL PASS header contact preserves player skeleton 
(Filename: E:\unity\Runtime/Export/Debug/Debug.bindings.h Line: 39)

PHYSICAL PASS reset restores collision parameters 
(Filename: E:\unity\Runtime/Export/Debug/Debug.bindings.h Line: 39)

PHYSICAL SKILLS COMPLETE failures=0 
(Filename: E:\unity\Runtime/Export/Debug/Debug.bindings.h Line: 39)

Setting up 12 worker threads for Enlighten.
  Thread -> id: 91fc -> priority: 1 
  Thread -> id: 367c -> priority: 1 
  Thread -> id: 89cc -> priority: 1 
  Thread -> id: 1090 -> priority: 1 
  Thread -> id: 5970 -> priority: 1 
  Thread -> id: 9dd0 -> priority: 1 
  Thread -> id: 265c -> priority: 1 
  Thread -> id: 9c80 -> priority: 1 
  Thread -> id: 55ec -> priority: 1 
  Thread -> id: 71cc -> priority: 1 
  Thread -> id: 1790 -> priority: 1 
  Thread -> id: 17ec -> priority: 1 
Curl error 42: Callback aborted
 
(Filename:  Line: 867)

