Process is running in low integrity mode...
Mono path[0] = 'C:/Users/Alienware/Desktop/范志毅VS赵鹏/范志毅VS赵鹏 PC双人版（32位）/鑼冨織姣匳S璧甸箯 PC鍙屼汉鐗堬紙32浣嶏級/AI Mod Source/build/power-test-player-experiment/FanZhiYi_Data/Managed'
Mono config path = 'C:/Users/Alienware/Desktop/范志毅VS赵鹏/范志毅VS赵鹏 PC双人版（32位）/鑼冨織姣匳S璧甸箯 PC鍙屼汉鐗堬紙32浣嶏級/AI Mod Source/build/power-test-player-experiment/MonoBleedingEdge/etc'
AS: AutoStreaming module initializing.Initialize engine version: 2019.4.33f1c1 (c2f94a8bebb3)
[Subsystems] Discovering subsystems at path C:/Users/Alienware/Desktop/范志毅VS赵鹏/范志毅VS赵鹏 PC双人版（32位）/鑼冨織姣匳S璧甸箯 PC鍙屼汉鐗堬紙32浣嶏級/AI Mod Source/build/power-test-player-experiment/FanZhiYi_Data/UnitySubsystems
GfxDevice: creating device client; threaded=1
Direct3D:
    Version:  Direct3D 11.0 [level 11.1]
    Renderer: NVIDIA GeForce RTX 5070 Laptop GPU (ID=0x2d58)
    Vendor:   (null)
    VRAM:     3072 MB
Begin MonoManager ReloadAssembly
- Completed reload, in  0.115 seconds
<RI> Initializing input.
<RI> Input initialized.
<RI> Initialized touch support.
UnloadTime: 0.515500 ms
Curl error 7: Failed to connect to 127.0.0.1 port 7897: Bad access
 
(Filename:  Line: 867)

Curl error 7: Failed to connect to 127.0.0.1 port 7897: Bad access
 
(Filename:  Line: 867)

Curl error 7: Failed to connect to 127.0.0.1 port 7897: Bad access
 
(Filename:  Line: 867)

Curl error 7: Failed to connect to 127.0.0.1 port 7897: Bad access
 
(Filename:  Line: 867)

Unloading 5 Unused Serialized files (Serialized files now loaded: 0)
UnloadTime: 0.160400 ms

Unloading 143 unused Assets to reduce memory usage. Loaded Objects now: 1009.
Total: 0.527400 ms (FindLiveObjects: 0.031600 ms CreateObjectMapping: 0.008800 ms MarkObjects: 0.224900 ms  DeleteObjects: 0.261700 ms)

Unloading 4 Unused Serialized files (Serialized files now loaded: 0)
UnloadTime: 0.339700 ms

Unloading 37 unused Assets to reduce memory usage. Loaded Objects now: 1051.
Total: 1.354900 ms (FindLiveObjects: 0.057500 ms CreateObjectMapping: 0.012100 ms MarkObjects: 0.241900 ms  DeleteObjects: 1.042700 ms)

GOALHEIGHT PASS goal-only vertical resize collider:Scene/Player1Goal/Coliider/GameObject mode=0 skills=False 
(Filename: E:\unity\Runtime/Export/Debug/Debug.bindings.h Line: 39)

GOALHEIGHT PASS goal-only vertical resize collider:Scene/Player1Goal/Coliider/GameObject (1) mode=0 skills=False 
(Filename: E:\unity\Runtime/Export/Debug/Debug.bindings.h Line: 39)

GOALHEIGHT PASS goal-only vertical resize collider:Scene/Player1Goal/GoalTrigger mode=0 skills=False 
(Filename: E:\unity\Runtime/Export/Debug/Debug.bindings.h Line: 39)

GOALHEIGHT PASS goal-only vertical resize collider:Scene/Player1Goal/OutTrigger mode=0 skills=False 
(Filename: E:\unity\Runtime/Export/Debug/Debug.bindings.h Line: 39)

GOALHEIGHT PASS goal-only vertical resize collider:Scene/Player2Goal/Coliider/GameObject mode=0 skills=False 
(Filename: E:\unity\Runtime/Export/Debug/Debug.bindings.h Line: 39)

GOALHEIGHT PASS goal-only vertical resize collider:Scene/Player2Goal/Coliider/GameObject (1) mode=0 skills=False 
(Filename: E:\unity\Runtime/Export/Debug/Debug.bindings.h Line: 39)

GOALHEIGHT PASS goal-only vertical resize collider:Scene/Player2Goal/GoalTrigger mode=0 skills=False 
(Filename: E:\unity\Runtime/Export/Debug/Debug.bindings.h Line: 39)

GOALHEIGHT PASS goal-only vertical resize collider:Scene/Player2Goal/OutTrigger mode=0 skills=False 
(Filename: E:\unity\Runtime/Export/Debug/Debug.bindings.h Line: 39)

GOALHEIGHT PASS field geometry unchanged sprite:Scene/背景 mode=0 skills=False 
(Filename: E:\unity\Runtime/Export/Debug/Debug.bindings.h Line: 39)

GOALHEIGHT PASS field geometry unchanged sprite:Scene/草地 mode=0 skills=False 
(Filename: E:\unity\Runtime/Export/Debug/Debug.bindings.h Line: 39)

GOALHEIGHT PASS field geometry unchanged sprite:Scene/广告牌_空 mode=0 skills=False 
(Filename: E:\unity\Runtime/Export/Debug/Debug.bindings.h Line: 39)

GOALHEIGHT PASS field geometry unchanged sprite:Scene/观众席 mode=0 skills=False 
(Filename: E:\unity\Runtime/Export/Debug/Debug.bindings.h Line: 39)

GOALHEIGHT PASS goal-only vertical resize sprite:Scene/Player1Goal/前网 mode=0 skills=False 
(Filename: E:\unity\Runtime/Export/Debug/Debug.bindings.h Line: 39)

GOALHEIGHT PASS goal-only vertical resize sprite:Scene/Player1Goal/后网 mode=0 skills=False 
(Filename: E:\unity\Runtime/Export/Debug/Debug.bindings.h Line: 39)

GOALHEIGHT PASS goal-only vertical resize sprite:Scene/Player2Goal/前网 mode=0 skills=False 
(Filename: E:\unity\Runtime/Export/Debug/Debug.bindings.h Line: 39)

GOALHEIGHT PASS goal-only vertical resize sprite:Scene/Player2Goal/后网 mode=0 skills=False 
(Filename: E:\unity\Runtime/Export/Debug/Debug.bindings.h Line: 39)

GOALHEIGHT PASS actual goal opening 80%, floor fixed side=-1 
(Filename: E:\unity\Runtime/Export/Debug/Debug.bindings.h Line: 39)

GOALHEIGHT PASS reset cannot shrink goal repeatedly side=-1 
(Filename: E:\unity\Runtime/Export/Debug/Debug.bindings.h Line: 39)

GOALHEIGHT PASS actual goal opening 80%, floor fixed side=1 
(Filename: E:\unity\Runtime/Export/Debug/Debug.bindings.h Line: 39)

GOALHEIGHT PASS reset cannot shrink goal repeatedly side=1 
(Filename: E:\unity\Runtime/Export/Debug/Debug.bindings.h Line: 39)

Unloading 4 Unused Serialized files (Serialized files now loaded: 0)
UnloadTime: 0.265100 ms

Unloading 2 unused Assets to reduce memory usage. Loaded Objects now: 1053.
Total: 1.169300 ms (FindLiveObjects: 0.037200 ms CreateObjectMapping: 0.008500 ms MarkObjects: 0.198500 ms  DeleteObjects: 0.925000 ms)

GOALHEIGHT PASS goal-only vertical resize collider:Scene/Player1Goal/Coliider/GameObject mode=1 skills=False 
(Filename: E:\unity\Runtime/Export/Debug/Debug.bindings.h Line: 39)

GOALHEIGHT PASS goal-only vertical resize collider:Scene/Player1Goal/Coliider/GameObject (1) mode=1 skills=False 
(Filename: E:\unity\Runtime/Export/Debug/Debug.bindings.h Line: 39)

GOALHEIGHT PASS goal-only vertical resize collider:Scene/Player1Goal/GoalTrigger mode=1 skills=False 
(Filename: E:\unity\Runtime/Export/Debug/Debug.bindings.h Line: 39)

GOALHEIGHT PASS goal-only vertical resize collider:Scene/Player1Goal/OutTrigger mode=1 skills=False 
(Filename: E:\unity\Runtime/Export/Debug/Debug.bindings.h Line: 39)

GOALHEIGHT PASS goal-only vertical resize collider:Scene/Player2Goal/Coliider/GameObject mode=1 skills=False 
(Filename: E:\unity\Runtime/Export/Debug/Debug.bindings.h Line: 39)

GOALHEIGHT PASS goal-only vertical resize collider:Scene/Player2Goal/Coliider/GameObject (1) mode=1 skills=False 
(Filename: E:\unity\Runtime/Export/Debug/Debug.bindings.h Line: 39)

GOALHEIGHT PASS goal-only vertical resize collider:Scene/Player2Goal/GoalTrigger mode=1 skills=False 
(Filename: E:\unity\Runtime/Export/Debug/Debug.bindings.h Line: 39)

GOALHEIGHT PASS goal-only vertical resize collider:Scene/Player2Goal/OutTrigger mode=1 skills=False 
(Filename: E:\unity\Runtime/Export/Debug/Debug.bindings.h Line: 39)

GOALHEIGHT PASS field geometry unchanged sprite:Scene/背景 mode=1 skills=False 
(Filename: E:\unity\Runtime/Export/Debug/Debug.bindings.h Line: 39)

GOALHEIGHT PASS field geometry unchanged sprite:Scene/草地 mode=1 skills=False 
(Filename: E:\unity\Runtime/Export/Debug/Debug.bindings.h Line: 39)

GOALHEIGHT PASS field geometry unchanged sprite:Scene/广告牌_空 mode=1 skills=False 
(Filename: E:\unity\Runtime/Export/Debug/Debug.bindings.h Line: 39)

GOALHEIGHT PASS field geometry unchanged sprite:Scene/观众席 mode=1 skills=False 
(Filename: E:\unity\Runtime/Export/Debug/Debug.bindings.h Line: 39)

GOALHEIGHT PASS goal-only vertical resize sprite:Scene/Player1Goal/前网 mode=1 skills=False 
(Filename: E:\unity\Runtime/Export/Debug/Debug.bindings.h Line: 39)

GOALHEIGHT PASS goal-only vertical resize sprite:Scene/Player1Goal/后网 mode=1 skills=False 
(Filename: E:\unity\Runtime/Export/Debug/Debug.bindings.h Line: 39)

GOALHEIGHT PASS goal-only vertical resize sprite:Scene/Player2Goal/前网 mode=1 skills=False 
(Filename: E:\unity\Runtime/Export/Debug/Debug.bindings.h Line: 39)

GOALHEIGHT PASS goal-only vertical resize sprite:Scene/Player2Goal/后网 mode=1 skills=False 
(Filename: E:\unity\Runtime/Export/Debug/Debug.bindings.h Line: 39)

GOALHEIGHT PASS actual goal opening 80%, floor fixed side=-1 
(Filename: E:\unity\Runtime/Export/Debug/Debug.bindings.h Line: 39)

GOALHEIGHT PASS reset cannot shrink goal repeatedly side=-1 
(Filename: E:\unity\Runtime/Export/Debug/Debug.bindings.h Line: 39)

GOALHEIGHT PASS actual goal opening 80%, floor fixed side=1 
(Filename: E:\unity\Runtime/Export/Debug/Debug.bindings.h Line: 39)

GOALHEIGHT PASS reset cannot shrink goal repeatedly side=1 
(Filename: E:\unity\Runtime/Export/Debug/Debug.bindings.h Line: 39)

Unloading 4 Unused Serialized files (Serialized files now loaded: 0)
UnloadTime: 0.279500 ms

Unloading 2 unused Assets to reduce memory usage. Loaded Objects now: 1053.
Total: 1.027700 ms (FindLiveObjects: 0.092300 ms CreateObjectMapping: 0.015200 ms MarkObjects: 0.184100 ms  DeleteObjects: 0.735800 ms)

GOALHEIGHT PASS goal-only vertical resize collider:Scene/Player1Goal/Coliider/GameObject mode=2 skills=False 
(Filename: E:\unity\Runtime/Export/Debug/Debug.bindings.h Line: 39)

GOALHEIGHT PASS goal-only vertical resize collider:Scene/Player1Goal/Coliider/GameObject (1) mode=2 skills=False 
(Filename: E:\unity\Runtime/Export/Debug/Debug.bindings.h Line: 39)

GOALHEIGHT PASS goal-only vertical resize collider:Scene/Player1Goal/GoalTrigger mode=2 skills=False 
(Filename: E:\unity\Runtime/Export/Debug/Debug.bindings.h Line: 39)

GOALHEIGHT PASS goal-only vertical resize collider:Scene/Player1Goal/OutTrigger mode=2 skills=False 
(Filename: E:\unity\Runtime/Export/Debug/Debug.bindings.h Line: 39)

GOALHEIGHT PASS goal-only vertical resize collider:Scene/Player2Goal/Coliider/GameObject mode=2 skills=False 
(Filename: E:\unity\Runtime/Export/Debug/Debug.bindings.h Line: 39)

GOALHEIGHT PASS goal-only vertical resize collider:Scene/Player2Goal/Coliider/GameObject (1) mode=2 skills=False 
(Filename: E:\unity\Runtime/Export/Debug/Debug.bindings.h Line: 39)

GOALHEIGHT PASS goal-only vertical resize collider:Scene/Player2Goal/GoalTrigger mode=2 skills=False 
(Filename: E:\unity\Runtime/Export/Debug/Debug.bindings.h Line: 39)

GOALHEIGHT PASS goal-only vertical resize collider:Scene/Player2Goal/OutTrigger mode=2 skills=False 
(Filename: E:\unity\Runtime/Export/Debug/Debug.bindings.h Line: 39)

GOALHEIGHT PASS field geometry unchanged sprite:Scene/背景 mode=2 skills=False 
(Filename: E:\unity\Runtime/Export/Debug/Debug.bindings.h Line: 39)

GOALHEIGHT PASS field geometry unchanged sprite:Scene/草地 mode=2 skills=False 
(Filename: E:\unity\Runtime/Export/Debug/Debug.bindings.h Line: 39)

GOALHEIGHT PASS field geometry unchanged sprite:Scene/广告牌_空 mode=2 skills=False 
(Filename: E:\unity\Runtime/Export/Debug/Debug.bindings.h Line: 39)

GOALHEIGHT PASS field geometry unchanged sprite:Scene/观众席 mode=2 skills=False 
(Filename: E:\unity\Runtime/Export/Debug/Debug.bindings.h Line: 39)

GOALHEIGHT PASS goal-only vertical resize sprite:Scene/Player1Goal/前网 mode=2 skills=False 
(Filename: E:\unity\Runtime/Export/Debug/Debug.bindings.h Line: 39)

GOALHEIGHT PASS goal-only vertical resize sprite:Scene/Player1Goal/后网 mode=2 skills=False 
(Filename: E:\unity\Runtime/Export/Debug/Debug.bindings.h Line: 39)

GOALHEIGHT PASS goal-only vertical resize sprite:Scene/Player2Goal/前网 mode=2 skills=False 
(Filename: E:\unity\Runtime/Export/Debug/Debug.bindings.h Line: 39)

GOALHEIGHT PASS goal-only vertical resize sprite:Scene/Player2Goal/后网 mode=2 skills=False 
(Filename: E:\unity\Runtime/Export/Debug/Debug.bindings.h Line: 39)

GOALHEIGHT PASS actual goal opening 80%, floor fixed side=-1 
(Filename: E:\unity\Runtime/Export/Debug/Debug.bindings.h Line: 39)

GOALHEIGHT PASS reset cannot shrink goal repeatedly side=-1 
(Filename: E:\unity\Runtime/Export/Debug/Debug.bindings.h Line: 39)

GOALHEIGHT PASS actual goal opening 80%, floor fixed side=1 
(Filename: E:\unity\Runtime/Export/Debug/Debug.bindings.h Line: 39)

GOALHEIGHT PASS reset cannot shrink goal repeatedly side=1 
(Filename: E:\unity\Runtime/Export/Debug/Debug.bindings.h Line: 39)

Unloading 4 Unused Serialized files (Serialized files now loaded: 0)
UnloadTime: 0.267100 ms

Unloading 2 unused Assets to reduce memory usage. Loaded Objects now: 1053.
Total: 1.064300 ms (FindLiveObjects: 0.031400 ms CreateObjectMapping: 0.008400 ms MarkObjects: 0.215200 ms  DeleteObjects: 0.809000 ms)

GOALHEIGHT PASS goal-only vertical resize collider:Scene/Player1Goal/Coliider/GameObject mode=0 skills=True 
(Filename: E:\unity\Runtime/Export/Debug/Debug.bindings.h Line: 39)

GOALHEIGHT PASS goal-only vertical resize collider:Scene/Player1Goal/Coliider/GameObject (1) mode=0 skills=True 
(Filename: E:\unity\Runtime/Export/Debug/Debug.bindings.h Line: 39)

GOALHEIGHT PASS goal-only vertical resize collider:Scene/Player1Goal/GoalTrigger mode=0 skills=True 
(Filename: E:\unity\Runtime/Export/Debug/Debug.bindings.h Line: 39)

GOALHEIGHT PASS goal-only vertical resize collider:Scene/Player1Goal/OutTrigger mode=0 skills=True 
(Filename: E:\unity\Runtime/Export/Debug/Debug.bindings.h Line: 39)

GOALHEIGHT PASS goal-only vertical resize collider:Scene/Player2Goal/Coliider/GameObject mode=0 skills=True 
(Filename: E:\unity\Runtime/Export/Debug/Debug.bindings.h Line: 39)

GOALHEIGHT PASS goal-only vertical resize collider:Scene/Player2Goal/Coliider/GameObject (1) mode=0 skills=True 
(Filename: E:\unity\Runtime/Export/Debug/Debug.bindings.h Line: 39)

GOALHEIGHT PASS goal-only vertical resize collider:Scene/Player2Goal/GoalTrigger mode=0 skills=True 
(Filename: E:\unity\Runtime/Export/Debug/Debug.bindings.h Line: 39)

GOALHEIGHT PASS goal-only vertical resize collider:Scene/Player2Goal/OutTrigger mode=0 skills=True 
(Filename: E:\unity\Runtime/Export/Debug/Debug.bindings.h Line: 39)

GOALHEIGHT PASS field geometry unchanged sprite:Scene/背景 mode=0 skills=True 
(Filename: E:\unity\Runtime/Export/Debug/Debug.bindings.h Line: 39)

GOALHEIGHT PASS field geometry unchanged sprite:Scene/草地 mode=0 skills=True 
(Filename: E:\unity\Runtime/Export/Debug/Debug.bindings.h Line: 39)

GOALHEIGHT PASS field geometry unchanged sprite:Scene/广告牌_空 mode=0 skills=True 
(Filename: E:\unity\Runtime/Export/Debug/Debug.bindings.h Line: 39)

GOALHEIGHT PASS field geometry unchanged sprite:Scene/观众席 mode=0 skills=True 
(Filename: E:\unity\Runtime/Export/Debug/Debug.bindings.h Line: 39)

GOALHEIGHT PASS goal-only vertical resize sprite:Scene/Player1Goal/前网 mode=0 skills=True 
(Filename: E:\unity\Runtime/Export/Debug/Debug.bindings.h Line: 39)

GOALHEIGHT PASS goal-only vertical resize sprite:Scene/Player1Goal/后网 mode=0 skills=True 
(Filename: E:\unity\Runtime/Export/Debug/Debug.bindings.h Line: 39)

GOALHEIGHT PASS goal-only vertical resize sprite:Scene/Player2Goal/前网 mode=0 skills=True 
(Filename: E:\unity\Runtime/Export/Debug/Debug.bindings.h Line: 39)

GOALHEIGHT PASS goal-only vertical resize sprite:Scene/Player2Goal/后网 mode=0 skills=True 
(Filename: E:\unity\Runtime/Export/Debug/Debug.bindings.h Line: 39)

GOALHEIGHT PASS actual goal opening 80%, floor fixed side=-1 
(Filename: E:\unity\Runtime/Export/Debug/Debug.bindings.h Line: 39)

GOALHEIGHT PASS reset cannot shrink goal repeatedly side=-1 
(Filename: E:\unity\Runtime/Export/Debug/Debug.bindings.h Line: 39)

GOALHEIGHT PASS actual goal opening 80%, floor fixed side=1 
(Filename: E:\unity\Runtime/Export/Debug/Debug.bindings.h Line: 39)

GOALHEIGHT PASS reset cannot shrink goal repeatedly side=1 
(Filename: E:\unity\Runtime/Export/Debug/Debug.bindings.h Line: 39)

Unloading 4 Unused Serialized files (Serialized files now loaded: 0)
UnloadTime: 0.884300 ms

Unloading 2 unused Assets to reduce memory usage. Loaded Objects now: 1058.
Total: 1.335100 ms (FindLiveObjects: 0.049300 ms CreateObjectMapping: 0.011100 ms MarkObjects: 0.383800 ms  DeleteObjects: 0.890500 ms)

GOALHEIGHT PASS goal-only vertical resize collider:Scene/Player1Goal/Coliider/GameObject mode=1 skills=True 
(Filename: E:\unity\Runtime/Export/Debug/Debug.bindings.h Line: 39)

GOALHEIGHT PASS goal-only vertical resize collider:Scene/Player1Goal/Coliider/GameObject (1) mode=1 skills=True 
(Filename: E:\unity\Runtime/Export/Debug/Debug.bindings.h Line: 39)

GOALHEIGHT PASS goal-only vertical resize collider:Scene/Player1Goal/GoalTrigger mode=1 skills=True 
(Filename: E:\unity\Runtime/Export/Debug/Debug.bindings.h Line: 39)

GOALHEIGHT PASS goal-only vertical resize collider:Scene/Player1Goal/OutTrigger mode=1 skills=True 
(Filename: E:\unity\Runtime/Export/Debug/Debug.bindings.h Line: 39)

GOALHEIGHT PASS goal-only vertical resize collider:Scene/Player2Goal/Coliider/GameObject mode=1 skills=True 
(Filename: E:\unity\Runtime/Export/Debug/Debug.bindings.h Line: 39)

GOALHEIGHT PASS goal-only vertical resize collider:Scene/Player2Goal/Coliider/GameObject (1) mode=1 skills=True 
(Filename: E:\unity\Runtime/Export/Debug/Debug.bindings.h Line: 39)

GOALHEIGHT PASS goal-only vertical resize collider:Scene/Player2Goal/GoalTrigger mode=1 skills=True 
(Filename: E:\unity\Runtime/Export/Debug/Debug.bindings.h Line: 39)

GOALHEIGHT PASS goal-only vertical resize collider:Scene/Player2Goal/OutTrigger mode=1 skills=True 
(Filename: E:\unity\Runtime/Export/Debug/Debug.bindings.h Line: 39)

GOALHEIGHT PASS field geometry unchanged sprite:Scene/背景 mode=1 skills=True 
(Filename: E:\unity\Runtime/Export/Debug/Debug.bindings.h Line: 39)

GOALHEIGHT PASS field geometry unchanged sprite:Scene/草地 mode=1 skills=True 
(Filename: E:\unity\Runtime/Export/Debug/Debug.bindings.h Line: 39)

GOALHEIGHT PASS field geometry unchanged sprite:Scene/广告牌_空 mode=1 skills=True 
(Filename: E:\unity\Runtime/Export/Debug/Debug.bindings.h Line: 39)

GOALHEIGHT PASS field geometry unchanged sprite:Scene/观众席 mode=1 skills=True 
(Filename: E:\unity\Runtime/Export/Debug/Debug.bindings.h Line: 39)

GOALHEIGHT PASS goal-only vertical resize sprite:Scene/Player1Goal/前网 mode=1 skills=True 
(Filename: E:\unity\Runtime/Export/Debug/Debug.bindings.h Line: 39)

GOALHEIGHT PASS goal-only vertical resize sprite:Scene/Player1Goal/后网 mode=1 skills=True 
(Filename: E:\unity\Runtime/Export/Debug/Debug.bindings.h Line: 39)

GOALHEIGHT PASS goal-only vertical resize sprite:Scene/Player2Goal/前网 mode=1 skills=True 
(Filename: E:\unity\Runtime/Export/Debug/Debug.bindings.h Line: 39)

GOALHEIGHT PASS goal-only vertical resize sprite:Scene/Player2Goal/后网 mode=1 skills=True 
(Filename: E:\unity\Runtime/Export/Debug/Debug.bindings.h Line: 39)

GOALHEIGHT PASS actual goal opening 80%, floor fixed side=-1 
(Filename: E:\unity\Runtime/Export/Debug/Debug.bindings.h Line: 39)

GOALHEIGHT PASS reset cannot shrink goal repeatedly side=-1 
(Filename: E:\unity\Runtime/Export/Debug/Debug.bindings.h Line: 39)

GOALHEIGHT PASS actual goal opening 80%, floor fixed side=1 
(Filename: E:\unity\Runtime/Export/Debug/Debug.bindings.h Line: 39)

GOALHEIGHT PASS reset cannot shrink goal repeatedly side=1 
(Filename: E:\unity\Runtime/Export/Debug/Debug.bindings.h Line: 39)

Unloading 4 Unused Serialized files (Serialized files now loaded: 0)
UnloadTime: 0.271700 ms

Unloading 2 unused Assets to reduce memory usage. Loaded Objects now: 1058.
Total: 1.152100 ms (FindLiveObjects: 0.031400 ms CreateObjectMapping: 0.008300 ms MarkObjects: 0.213400 ms  DeleteObjects: 0.898700 ms)

GOALHEIGHT PASS goal-only vertical resize collider:Scene/Player1Goal/Coliider/GameObject mode=2 skills=True 
(Filename: E:\unity\Runtime/Export/Debug/Debug.bindings.h Line: 39)

GOALHEIGHT PASS goal-only vertical resize collider:Scene/Player1Goal/Coliider/GameObject (1) mode=2 skills=True 
(Filename: E:\unity\Runtime/Export/Debug/Debug.bindings.h Line: 39)

GOALHEIGHT PASS goal-only vertical resize collider:Scene/Player1Goal/GoalTrigger mode=2 skills=True 
(Filename: E:\unity\Runtime/Export/Debug/Debug.bindings.h Line: 39)

GOALHEIGHT PASS goal-only vertical resize collider:Scene/Player1Goal/OutTrigger mode=2 skills=True 
(Filename: E:\unity\Runtime/Export/Debug/Debug.bindings.h Line: 39)

GOALHEIGHT PASS goal-only vertical resize collider:Scene/Player2Goal/Coliider/GameObject mode=2 skills=True 
(Filename: E:\unity\Runtime/Export/Debug/Debug.bindings.h Line: 39)

GOALHEIGHT PASS goal-only vertical resize collider:Scene/Player2Goal/Coliider/GameObject (1) mode=2 skills=True 
(Filename: E:\unity\Runtime/Export/Debug/Debug.bindings.h Line: 39)

GOALHEIGHT PASS goal-only vertical resize collider:Scene/Player2Goal/GoalTrigger mode=2 skills=True 
(Filename: E:\unity\Runtime/Export/Debug/Debug.bindings.h Line: 39)

GOALHEIGHT PASS goal-only vertical resize collider:Scene/Player2Goal/OutTrigger mode=2 skills=True 
(Filename: E:\unity\Runtime/Export/Debug/Debug.bindings.h Line: 39)

GOALHEIGHT PASS field geometry unchanged sprite:Scene/背景 mode=2 skills=True 
(Filename: E:\unity\Runtime/Export/Debug/Debug.bindings.h Line: 39)

GOALHEIGHT PASS field geometry unchanged sprite:Scene/草地 mode=2 skills=True 
(Filename: E:\unity\Runtime/Export/Debug/Debug.bindings.h Line: 39)

GOALHEIGHT PASS field geometry unchanged sprite:Scene/广告牌_空 mode=2 skills=True 
(Filename: E:\unity\Runtime/Export/Debug/Debug.bindings.h Line: 39)

GOALHEIGHT PASS field geometry unchanged sprite:Scene/观众席 mode=2 skills=True 
(Filename: E:\unity\Runtime/Export/Debug/Debug.bindings.h Line: 39)

GOALHEIGHT PASS goal-only vertical resize sprite:Scene/Player1Goal/前网 mode=2 skills=True 
(Filename: E:\unity\Runtime/Export/Debug/Debug.bindings.h Line: 39)

GOALHEIGHT PASS goal-only vertical resize sprite:Scene/Player1Goal/后网 mode=2 skills=True 
(Filename: E:\unity\Runtime/Export/Debug/Debug.bindings.h Line: 39)

GOALHEIGHT PASS goal-only vertical resize sprite:Scene/Player2Goal/前网 mode=2 skills=True 
(Filename: E:\unity\Runtime/Export/Debug/Debug.bindings.h Line: 39)

GOALHEIGHT PASS goal-only vertical resize sprite:Scene/Player2Goal/后网 mode=2 skills=True 
(Filename: E:\unity\Runtime/Export/Debug/Debug.bindings.h Line: 39)

GOALHEIGHT PASS actual goal opening 80%, floor fixed side=-1 
(Filename: E:\unity\Runtime/Export/Debug/Debug.bindings.h Line: 39)

GOALHEIGHT PASS reset cannot shrink goal repeatedly side=-1 
(Filename: E:\unity\Runtime/Export/Debug/Debug.bindings.h Line: 39)

GOALHEIGHT PASS actual goal opening 80%, floor fixed side=1 
(Filename: E:\unity\Runtime/Export/Debug/Debug.bindings.h Line: 39)

GOALHEIGHT PASS reset cannot shrink goal repeatedly side=1 
(Filename: E:\unity\Runtime/Export/Debug/Debug.bindings.h Line: 39)

Unloading 4 Unused Serialized files (Serialized files now loaded: 0)
UnloadTime: 0.272200 ms

Unloading 2 unused Assets to reduce memory usage. Loaded Objects now: 1058.
Total: 1.082400 ms (FindLiveObjects: 0.032900 ms CreateObjectMapping: 0.008100 ms MarkObjects: 0.214400 ms  DeleteObjects: 0.826700 ms)

Curl error 7: Failed to connect to 127.0.0.1 port 7897: Bad access
 
(Filename:  Line: 867)

GOALHEIGHT PASS old goal area above new bar rejected side=-1 skills=False 
(Filename: E:\unity\Runtime/Export/Debug/Debug.bindings.h Line: 39)

GOALHEIGHT PASS above new bar is out, not goal side=-1 skills=False 
(Filename: E:\unity\Runtime/Export/Debug/Debug.bindings.h Line: 39)

Unloading 4 Unused Serialized files (Serialized files now loaded: 0)
UnloadTime: 0.282400 ms

Unloading 4 unused Assets to reduce memory usage. Loaded Objects now: 1058.
Total: 1.123300 ms (FindLiveObjects: 0.031500 ms CreateObjectMapping: 0.008600 ms MarkObjects: 0.179400 ms  DeleteObjects: 0.903600 ms)

GOALHEIGHT PASS lowered roof has actual collider side=-1 
(Filename: E:\unity\Runtime/Export/Debug/Debug.bindings.h Line: 39)

GOALHEIGHT PASS ball really collides with lowered bar side=-1 skills=False 
(Filename: E:\unity\Runtime/Export/Debug/Debug.bindings.h Line: 39)

Unloading 4 Unused Serialized files (Serialized files now loaded: 0)
UnloadTime: 0.267200 ms

Unloading 3 unused Assets to reduce memory usage. Loaded Objects now: 1059.
Total: 1.190600 ms (FindLiveObjects: 0.051200 ms CreateObjectMapping: 0.015500 ms MarkObjects: 0.235600 ms  DeleteObjects: 0.887700 ms)

GOALHEIGHT PASS old goal area above new bar rejected side=1 skills=False 
(Filename: E:\unity\Runtime/Export/Debug/Debug.bindings.h Line: 39)

GOALHEIGHT PASS above new bar is out, not goal side=1 skills=False 
(Filename: E:\unity\Runtime/Export/Debug/Debug.bindings.h Line: 39)

Unloading 4 Unused Serialized files (Serialized files now loaded: 0)
UnloadTime: 0.264400 ms

Unloading 4 unused Assets to reduce memory usage. Loaded Objects now: 1059.
Total: 1.206000 ms (FindLiveObjects: 0.034100 ms CreateObjectMapping: 0.008500 ms MarkObjects: 0.236500 ms  DeleteObjects: 0.926400 ms)

GOALHEIGHT PASS lowered roof has actual collider side=1 
(Filename: E:\unity\Runtime/Export/Debug/Debug.bindings.h Line: 39)

GOALHEIGHT PASS ball really collides with lowered bar side=1 skills=False 
(Filename: E:\unity\Runtime/Export/Debug/Debug.bindings.h Line: 39)

Unloading 4 Unused Serialized files (Serialized files now loaded: 0)
UnloadTime: 0.278000 ms

Unloading 3 unused Assets to reduce memory usage. Loaded Objects now: 1059.
Total: 1.322900 ms (FindLiveObjects: 0.051600 ms CreateObjectMapping: 0.016000 ms MarkObjects: 0.281800 ms  DeleteObjects: 0.972900 ms)

GOALHEIGHT PASS old goal area above new bar rejected side=-1 skills=True 
(Filename: E:\unity\Runtime/Export/Debug/Debug.bindings.h Line: 39)

GOALHEIGHT PASS above new bar is out, not goal side=-1 skills=True 
(Filename: E:\unity\Runtime/Export/Debug/Debug.bindings.h Line: 39)

Unloading 4 Unused Serialized files (Serialized files now loaded: 0)
UnloadTime: 0.272500 ms

Unloading 4 unused Assets to reduce memory usage. Loaded Objects now: 1059.
Total: 1.223500 ms (FindLiveObjects: 0.031500 ms CreateObjectMapping: 0.008200 ms MarkObjects: 0.187500 ms  DeleteObjects: 0.995900 ms)

GOALHEIGHT PASS lowered roof has actual collider side=-1 
(Filename: E:\unity\Runtime/Export/Debug/Debug.bindings.h Line: 39)

GOALHEIGHT PASS ball really collides with lowered bar side=-1 skills=True 
(Filename: E:\unity\Runtime/Export/Debug/Debug.bindings.h Line: 39)

Unloading 4 Unused Serialized files (Serialized files now loaded: 0)
UnloadTime: 0.274500 ms

Unloading 3 unused Assets to reduce memory usage. Loaded Objects now: 1059.
Total: 1.212100 ms (FindLiveObjects: 0.031400 ms CreateObjectMapping: 0.008000 ms MarkObjects: 0.210500 ms  DeleteObjects: 0.961800 ms)

GOALHEIGHT PASS old goal area above new bar rejected side=1 skills=True 
(Filename: E:\unity\Runtime/Export/Debug/Debug.bindings.h Line: 39)

GOALHEIGHT PASS above new bar is out, not goal side=1 skills=True 
(Filename: E:\unity\Runtime/Export/Debug/Debug.bindings.h Line: 39)

Unloading 4 Unused Serialized files (Serialized files now loaded: 0)
UnloadTime: 0.247200 ms

Unloading 4 unused Assets to reduce memory usage. Loaded Objects now: 1059.
Total: 1.210500 ms (FindLiveObjects: 0.050300 ms CreateObjectMapping: 0.015600 ms MarkObjects: 0.242000 ms  DeleteObjects: 0.902200 ms)

GOALHEIGHT PASS lowered roof has actual collider side=1 
(Filename: E:\unity\Runtime/Export/Debug/Debug.bindings.h Line: 39)

GOALHEIGHT PASS ball really collides with lowered bar side=1 skills=True 
(Filename: E:\unity\Runtime/Export/Debug/Debug.bindings.h Line: 39)

Unloading 4 Unused Serialized files (Serialized files now loaded: 0)
UnloadTime: 0.236600 ms

Unloading 3 unused Assets to reduce memory usage. Loaded Objects now: 1059.
Total: 1.195500 ms (FindLiveObjects: 0.048500 ms CreateObjectMapping: 0.015200 ms MarkObjects: 0.277100 ms  DeleteObjects: 0.854200 ms)

GOALHEIGHT PASS leaf shot aims below new bar x=-3 
(Filename: E:\unity\Runtime/Export/Debug/Debug.bindings.h Line: 39)

GOALHEIGHT PASS leaf shot flies into lowered goal x=-3 
(Filename: E:\unity\Runtime/Export/Debug/Debug.bindings.h Line: 39)

Unloading 4 Unused Serialized files (Serialized files now loaded: 0)
UnloadTime: 0.255400 ms

Unloading 4 unused Assets to reduce memory usage. Loaded Objects now: 1059.
Total: 1.128200 ms (FindLiveObjects: 0.058000 ms CreateObjectMapping: 0.011800 ms MarkObjects: 0.167400 ms  DeleteObjects: 0.890600 ms)

GOALHEIGHT PASS leaf shot aims below new bar x=0 
(Filename: E:\unity\Runtime/Export/Debug/Debug.bindings.h Line: 39)

GOALHEIGHT PASS leaf shot flies into lowered goal x=0 
(Filename: E:\unity\Runtime/Export/Debug/Debug.bindings.h Line: 39)

Unloading 4 Unused Serialized files (Serialized files now loaded: 0)
UnloadTime: 0.274300 ms

Unloading 4 unused Assets to reduce memory usage. Loaded Objects now: 1059.
Total: 1.096600 ms (FindLiveObjects: 0.048400 ms CreateObjectMapping: 0.016100 ms MarkObjects: 0.180200 ms  DeleteObjects: 0.851700 ms)

GOALHEIGHT COMPLETE checks=140 failures=0 
(Filename: E:\unity\Runtime/Export/Debug/Debug.bindings.h Line: 39)

Setting up 12 worker threads for Enlighten.
  Thread -> id: 5820 -> priority: 1 
  Thread -> id: 1750 -> priority: 1 
  Thread -> id: 2174 -> priority: 1 
  Thread -> id: 940 -> priority: 1 
  Thread -> id: 2b54 -> priority: 1 
  Thread -> id: 9254 -> priority: 1 
  Thread -> id: 6a30 -> priority: 1 
  Thread -> id: 3ae4 -> priority: 1 
  Thread -> id: 49b8 -> priority: 1 
  Thread -> id: 7e68 -> priority: 1 
  Thread -> id: 6f3c -> priority: 1 
  Thread -> id: 807c -> priority: 1 
