Process is running in low integrity mode...
Mono path[0] = 'C:/Users/Alienware/Desktop/范志毅VS赵鹏/范志毅VS赵鹏 PC双人版（32位）/鑼冨織姣匳S璧甸箯 PC鍙屼汉鐗堬紙32浣嶏級/AI Mod Source/build/power-test-player-experiment/FanZhiYi_Data/Managed'
Mono config path = 'C:/Users/Alienware/Desktop/范志毅VS赵鹏/范志毅VS赵鹏 PC双人版（32位）/鑼冨織姣匳S璧甸箯 PC鍙屼汉鐗堬紙32浣嶏級/AI Mod Source/build/power-test-player-experiment/MonoBleedingEdge/etc'
AS: AutoStreaming module initializing.Initialize engine version: 2019.4.33f1c1 (c2f94a8bebb3)
[Subsystems] Discovering subsystems at path C:/Users/Alienware/Desktop/范志毅VS赵鹏/范志毅VS赵鹏 PC双人版（32位）/鑼冨織姣匳S璧甸箯 PC鍙屼汉鐗堬紙32浣嶏級/AI Mod Source/build/power-test-player-experiment/FanZhiYi_Data/UnitySubsystems
GfxDevice: creating device client; threaded=1
Direct3D:
    Version:  Direct3D 11.0 [level 11.1]
    Renderer: NVIDIA GeForce RTX 5070 Laptop GPU (ID=0x2d58)
    Vendor:   (null)
    VRAM:     3072 MB
Begin MonoManager ReloadAssembly
- Completed reload, in  0.113 seconds
<RI> Initializing input.
<RI> Input initialized.
<RI> Initialized touch support.
UnloadTime: 0.492000 ms
Curl error 7: Failed to connect to 127.0.0.1 port 7897: Bad access
 
(Filename:  Line: 867)

Curl error 7: Failed to connect to 127.0.0.1 port 7897: Bad access
 
(Filename:  Line: 867)

Curl error 7: Failed to connect to 127.0.0.1 port 7897: Bad access
 
(Filename:  Line: 867)

Curl error 7: Failed to connect to 127.0.0.1 port 7897: Bad access
 
(Filename:  Line: 867)

Unloading 5 Unused Serialized files (Serialized files now loaded: 0)
UnloadTime: 0.170000 ms

Unloading 143 unused Assets to reduce memory usage. Loaded Objects now: 1009.
Total: 0.496000 ms (FindLiveObjects: 0.033200 ms CreateObjectMapping: 0.009500 ms MarkObjects: 0.166700 ms  DeleteObjects: 0.286400 ms)

BOUNDARY PASS native Ball.Start attaches guard; skills=False 
(Filename: E:\unity\Runtime/Export/Debug/Debug.bindings.h Line: 39)

BOUNDARY PASS fresh rally is clear; skills=False 
(Filename: E:\unity\Runtime/Export/Debug/Debug.bindings.h Line: 39)

BOUNDARY PASS near goal inside pitch stays live skills=False side=-1 
(Filename: E:\unity\Runtime/Export/Debug/Debug.bindings.h Line: 39)

BOUNDARY PASS near goal inside pitch stays live skills=False side=1 
(Filename: E:\unity\Runtime/Export/Debug/Debug.bindings.h Line: 39)

BOUNDARY PASS pause suspends new boundary decisions skills=False 
(Filename: E:\unity\Runtime/Export/Debug/Debug.bindings.h Line: 39)

BOUNDARY PASS resume catches ball behind goal skills=False 
(Filename: E:\unity\Runtime/Export/Debug/Debug.bindings.h Line: 39)

Curl error 7: Failed to connect to 127.0.0.1 port 7897: Bad access
 
(Filename:  Line: 867)

BOUNDARY PASS resume skills=False clears out/stop state after restart 
(Filename: E:\unity\Runtime/Export/Debug/Debug.bindings.h Line: 39)

BOUNDARY PASS resume skills=False ball returns to pitch 
(Filename: E:\unity\Runtime/Export/Debug/Debug.bindings.h Line: 39)

BOUNDARY PASS resume skills=False restart keeps score unchanged 
(Filename: E:\unity\Runtime/Export/Debug/Debug.bindings.h Line: 39)

Unloading 4 Unused Serialized files (Serialized files now loaded: 0)
UnloadTime: 0.410000 ms

Unloading 38 unused Assets to reduce memory usage. Loaded Objects now: 1053.
Total: 1.270300 ms (FindLiveObjects: 0.032600 ms CreateObjectMapping: 0.007900 ms MarkObjects: 0.200800 ms  DeleteObjects: 1.028600 ms)

BOUNDARY PASS native Ball.Start attaches guard; skills=False 
(Filename: E:\unity\Runtime/Export/Debug/Debug.bindings.h Line: 39)

BOUNDARY PASS fresh rally is clear; skills=False 
(Filename: E:\unity\Runtime/Export/Debug/Debug.bindings.h Line: 39)

BOUNDARY PASS native out skills=False side=-1 actual OutTrigger starts restart 
(Filename: E:\unity\Runtime/Export/Debug/Debug.bindings.h Line: 39)

BOUNDARY PASS native out skills=False side=-1 clears out/stop state after restart 
(Filename: E:\unity\Runtime/Export/Debug/Debug.bindings.h Line: 39)

BOUNDARY PASS native out skills=False side=-1 ball returns to pitch 
(Filename: E:\unity\Runtime/Export/Debug/Debug.bindings.h Line: 39)

BOUNDARY PASS native out skills=False side=-1 restart keeps score unchanged 
(Filename: E:\unity\Runtime/Export/Debug/Debug.bindings.h Line: 39)

Unloading 4 Unused Serialized files (Serialized files now loaded: 0)
UnloadTime: 0.243000 ms

Unloading 4 unused Assets to reduce memory usage. Loaded Objects now: 1053.
Total: 1.340700 ms (FindLiveObjects: 0.029200 ms CreateObjectMapping: 0.007600 ms MarkObjects: 0.173600 ms  DeleteObjects: 1.129600 ms)

BOUNDARY PASS native Ball.Start attaches guard; skills=False 
(Filename: E:\unity\Runtime/Export/Debug/Debug.bindings.h Line: 39)

BOUNDARY PASS fresh rally is clear; skills=False 
(Filename: E:\unity\Runtime/Export/Debug/Debug.bindings.h Line: 39)

BOUNDARY PASS behind goal skills=False side=-1 elevated=False is out instead of trapped 
(Filename: E:\unity\Runtime/Export/Debug/Debug.bindings.h Line: 39)

BOUNDARY PASS behind goal skills=False side=-1 elevated=False awards no goal 
(Filename: E:\unity\Runtime/Export/Debug/Debug.bindings.h Line: 39)

BOUNDARY PASS behind goal skills=False side=-1 elevated=False physical rebound cannot score 
(Filename: E:\unity\Runtime/Export/Debug/Debug.bindings.h Line: 39)

BOUNDARY PASS behind goal skills=False side=-1 elevated=False clears out/stop state after restart 
(Filename: E:\unity\Runtime/Export/Debug/Debug.bindings.h Line: 39)

BOUNDARY PASS behind goal skills=False side=-1 elevated=False ball returns to pitch 
(Filename: E:\unity\Runtime/Export/Debug/Debug.bindings.h Line: 39)

BOUNDARY PASS behind goal skills=False side=-1 elevated=False restart keeps score unchanged 
(Filename: E:\unity\Runtime/Export/Debug/Debug.bindings.h Line: 39)

Unloading 4 Unused Serialized files (Serialized files now loaded: 0)
UnloadTime: 0.227600 ms

Unloading 4 unused Assets to reduce memory usage. Loaded Objects now: 1053.
Total: 1.172300 ms (FindLiveObjects: 0.029600 ms CreateObjectMapping: 0.008400 ms MarkObjects: 0.166100 ms  DeleteObjects: 0.967900 ms)

BOUNDARY PASS native Ball.Start attaches guard; skills=False 
(Filename: E:\unity\Runtime/Export/Debug/Debug.bindings.h Line: 39)

BOUNDARY PASS fresh rally is clear; skills=False 
(Filename: E:\unity\Runtime/Export/Debug/Debug.bindings.h Line: 39)

BOUNDARY PASS behind goal skills=False side=-1 elevated=True is out instead of trapped 
(Filename: E:\unity\Runtime/Export/Debug/Debug.bindings.h Line: 39)

BOUNDARY PASS behind goal skills=False side=-1 elevated=True awards no goal 
(Filename: E:\unity\Runtime/Export/Debug/Debug.bindings.h Line: 39)

BOUNDARY PASS behind goal skills=False side=-1 elevated=True physical rebound cannot score 
(Filename: E:\unity\Runtime/Export/Debug/Debug.bindings.h Line: 39)

BOUNDARY PASS behind goal skills=False side=-1 elevated=True clears out/stop state after restart 
(Filename: E:\unity\Runtime/Export/Debug/Debug.bindings.h Line: 39)

BOUNDARY PASS behind goal skills=False side=-1 elevated=True ball returns to pitch 
(Filename: E:\unity\Runtime/Export/Debug/Debug.bindings.h Line: 39)

BOUNDARY PASS behind goal skills=False side=-1 elevated=True restart keeps score unchanged 
(Filename: E:\unity\Runtime/Export/Debug/Debug.bindings.h Line: 39)

Unloading 4 Unused Serialized files (Serialized files now loaded: 0)
UnloadTime: 0.262300 ms

Unloading 4 unused Assets to reduce memory usage. Loaded Objects now: 1053.
Total: 1.244800 ms (FindLiveObjects: 0.050600 ms CreateObjectMapping: 0.035000 ms MarkObjects: 0.240700 ms  DeleteObjects: 0.917900 ms)

BOUNDARY PASS native Ball.Start attaches guard; skills=False 
(Filename: E:\unity\Runtime/Export/Debug/Debug.bindings.h Line: 39)

BOUNDARY PASS fresh rally is clear; skills=False 
(Filename: E:\unity\Runtime/Export/Debug/Debug.bindings.h Line: 39)

BOUNDARY PASS valid goal skills=False side=-1 native trigger counts once 
(Filename: E:\unity\Runtime/Export/Debug/Debug.bindings.h Line: 39)

BOUNDARY PASS valid goal skills=False side=-1 net entry is not mistaken for out 
(Filename: E:\unity\Runtime/Export/Debug/Debug.bindings.h Line: 39)

BOUNDARY PASS valid goal skills=False side=-1 native restart completes 
(Filename: E:\unity\Runtime/Export/Debug/Debug.bindings.h Line: 39)

BOUNDARY PASS valid goal skills=False side=-1 ball returns inside pitch 
(Filename: E:\unity\Runtime/Export/Debug/Debug.bindings.h Line: 39)

Unloading 4 Unused Serialized files (Serialized files now loaded: 0)
UnloadTime: 0.241000 ms

Unloading 4 unused Assets to reduce memory usage. Loaded Objects now: 1053.
Total: 1.016600 ms (FindLiveObjects: 0.030000 ms CreateObjectMapping: 0.007800 ms MarkObjects: 0.159000 ms  DeleteObjects: 0.819600 ms)

BOUNDARY PASS native Ball.Start attaches guard; skills=False 
(Filename: E:\unity\Runtime/Export/Debug/Debug.bindings.h Line: 39)

BOUNDARY PASS fresh rally is clear; skills=False 
(Filename: E:\unity\Runtime/Export/Debug/Debug.bindings.h Line: 39)

BOUNDARY GROUND rolling goal skills=False side=-1 floor=-1.81 mouth=Center: (-6.1, 0.0, 0.0), Extents: (0.1, 1.7, 0.0) ball=Center: (-7.2, -1.6, -0.4), Extents: (0.2, 0.2, 0.0) 
(Filename: E:\unity\Runtime/Export/Debug/Debug.bindings.h Line: 39)

BOUNDARY PASS rolling goal skills=False side=-1 counts real floor-level entry 
(Filename: E:\unity\Runtime/Export/Debug/Debug.bindings.h Line: 39)

BOUNDARY PASS rolling goal skills=False side=-1 does not whistle out 
(Filename: E:\unity\Runtime/Export/Debug/Debug.bindings.h Line: 39)

BOUNDARY PASS rolling goal skills=False side=-1 scores once and restarts 
(Filename: E:\unity\Runtime/Export/Debug/Debug.bindings.h Line: 39)

Unloading 4 Unused Serialized files (Serialized files now loaded: 0)
UnloadTime: 0.245400 ms

Unloading 4 unused Assets to reduce memory usage. Loaded Objects now: 1053.
Total: 1.189900 ms (FindLiveObjects: 0.051500 ms CreateObjectMapping: 0.010000 ms MarkObjects: 0.160600 ms  DeleteObjects: 0.967500 ms)

BOUNDARY PASS native Ball.Start attaches guard; skills=False 
(Filename: E:\unity\Runtime/Export/Debug/Debug.bindings.h Line: 39)

BOUNDARY PASS fresh rally is clear; skills=False 
(Filename: E:\unity\Runtime/Export/Debug/Debug.bindings.h Line: 39)

BOUNDARY PASS native out skills=False side=1 actual OutTrigger starts restart 
(Filename: E:\unity\Runtime/Export/Debug/Debug.bindings.h Line: 39)

BOUNDARY PASS native out skills=False side=1 clears out/stop state after restart 
(Filename: E:\unity\Runtime/Export/Debug/Debug.bindings.h Line: 39)

BOUNDARY PASS native out skills=False side=1 ball returns to pitch 
(Filename: E:\unity\Runtime/Export/Debug/Debug.bindings.h Line: 39)

BOUNDARY PASS native out skills=False side=1 restart keeps score unchanged 
(Filename: E:\unity\Runtime/Export/Debug/Debug.bindings.h Line: 39)

Unloading 4 Unused Serialized files (Serialized files now loaded: 0)
UnloadTime: 0.254800 ms

Unloading 4 unused Assets to reduce memory usage. Loaded Objects now: 1053.
Total: 1.291200 ms (FindLiveObjects: 0.034000 ms CreateObjectMapping: 0.007700 ms MarkObjects: 0.194600 ms  DeleteObjects: 1.054600 ms)

BOUNDARY PASS native Ball.Start attaches guard; skills=False 
(Filename: E:\unity\Runtime/Export/Debug/Debug.bindings.h Line: 39)

BOUNDARY PASS fresh rally is clear; skills=False 
(Filename: E:\unity\Runtime/Export/Debug/Debug.bindings.h Line: 39)

BOUNDARY PASS behind goal skills=False side=1 elevated=False is out instead of trapped 
(Filename: E:\unity\Runtime/Export/Debug/Debug.bindings.h Line: 39)

BOUNDARY PASS behind goal skills=False side=1 elevated=False awards no goal 
(Filename: E:\unity\Runtime/Export/Debug/Debug.bindings.h Line: 39)

BOUNDARY PASS behind goal skills=False side=1 elevated=False physical rebound cannot score 
(Filename: E:\unity\Runtime/Export/Debug/Debug.bindings.h Line: 39)

BOUNDARY PASS behind goal skills=False side=1 elevated=False clears out/stop state after restart 
(Filename: E:\unity\Runtime/Export/Debug/Debug.bindings.h Line: 39)

BOUNDARY PASS behind goal skills=False side=1 elevated=False ball returns to pitch 
(Filename: E:\unity\Runtime/Export/Debug/Debug.bindings.h Line: 39)

BOUNDARY PASS behind goal skills=False side=1 elevated=False restart keeps score unchanged 
(Filename: E:\unity\Runtime/Export/Debug/Debug.bindings.h Line: 39)

Unloading 4 Unused Serialized files (Serialized files now loaded: 0)
UnloadTime: 0.250600 ms

Unloading 4 unused Assets to reduce memory usage. Loaded Objects now: 1053.
Total: 1.059700 ms (FindLiveObjects: 0.030200 ms CreateObjectMapping: 0.008700 ms MarkObjects: 0.163600 ms  DeleteObjects: 0.856800 ms)

BOUNDARY PASS native Ball.Start attaches guard; skills=False 
(Filename: E:\unity\Runtime/Export/Debug/Debug.bindings.h Line: 39)

BOUNDARY PASS fresh rally is clear; skills=False 
(Filename: E:\unity\Runtime/Export/Debug/Debug.bindings.h Line: 39)

BOUNDARY PASS behind goal skills=False side=1 elevated=True is out instead of trapped 
(Filename: E:\unity\Runtime/Export/Debug/Debug.bindings.h Line: 39)

BOUNDARY PASS behind goal skills=False side=1 elevated=True awards no goal 
(Filename: E:\unity\Runtime/Export/Debug/Debug.bindings.h Line: 39)

BOUNDARY PASS behind goal skills=False side=1 elevated=True physical rebound cannot score 
(Filename: E:\unity\Runtime/Export/Debug/Debug.bindings.h Line: 39)

BOUNDARY PASS behind goal skills=False side=1 elevated=True clears out/stop state after restart 
(Filename: E:\unity\Runtime/Export/Debug/Debug.bindings.h Line: 39)

BOUNDARY PASS behind goal skills=False side=1 elevated=True ball returns to pitch 
(Filename: E:\unity\Runtime/Export/Debug/Debug.bindings.h Line: 39)

BOUNDARY PASS behind goal skills=False side=1 elevated=True restart keeps score unchanged 
(Filename: E:\unity\Runtime/Export/Debug/Debug.bindings.h Line: 39)

Unloading 4 Unused Serialized files (Serialized files now loaded: 0)
UnloadTime: 0.226400 ms

Unloading 4 unused Assets to reduce memory usage. Loaded Objects now: 1053.
Total: 1.036300 ms (FindLiveObjects: 0.030400 ms CreateObjectMapping: 0.008100 ms MarkObjects: 0.194200 ms  DeleteObjects: 0.803400 ms)

BOUNDARY PASS native Ball.Start attaches guard; skills=False 
(Filename: E:\unity\Runtime/Export/Debug/Debug.bindings.h Line: 39)

BOUNDARY PASS fresh rally is clear; skills=False 
(Filename: E:\unity\Runtime/Export/Debug/Debug.bindings.h Line: 39)

BOUNDARY PASS valid goal skills=False side=1 native trigger counts once 
(Filename: E:\unity\Runtime/Export/Debug/Debug.bindings.h Line: 39)

BOUNDARY PASS valid goal skills=False side=1 net entry is not mistaken for out 
(Filename: E:\unity\Runtime/Export/Debug/Debug.bindings.h Line: 39)

BOUNDARY PASS valid goal skills=False side=1 native restart completes 
(Filename: E:\unity\Runtime/Export/Debug/Debug.bindings.h Line: 39)

BOUNDARY PASS valid goal skills=False side=1 ball returns inside pitch 
(Filename: E:\unity\Runtime/Export/Debug/Debug.bindings.h Line: 39)

Unloading 4 Unused Serialized files (Serialized files now loaded: 0)
UnloadTime: 0.243100 ms

Unloading 4 unused Assets to reduce memory usage. Loaded Objects now: 1053.
Total: 1.260600 ms (FindLiveObjects: 0.048700 ms CreateObjectMapping: 0.015400 ms MarkObjects: 0.172500 ms  DeleteObjects: 1.023800 ms)

BOUNDARY PASS native Ball.Start attaches guard; skills=False 
(Filename: E:\unity\Runtime/Export/Debug/Debug.bindings.h Line: 39)

BOUNDARY PASS fresh rally is clear; skills=False 
(Filename: E:\unity\Runtime/Export/Debug/Debug.bindings.h Line: 39)

BOUNDARY GROUND rolling goal skills=False side=1 floor=-1.81 mouth=Center: (6.2, 0.0, 0.0), Extents: (0.1, 1.7, 0.0) ball=Center: (7.3, -1.6, -0.4), Extents: (0.2, 0.2, 0.0) 
(Filename: E:\unity\Runtime/Export/Debug/Debug.bindings.h Line: 39)

BOUNDARY PASS rolling goal skills=False side=1 counts real floor-level entry 
(Filename: E:\unity\Runtime/Export/Debug/Debug.bindings.h Line: 39)

BOUNDARY PASS rolling goal skills=False side=1 does not whistle out 
(Filename: E:\unity\Runtime/Export/Debug/Debug.bindings.h Line: 39)

Curl error 7: Failed to connect to 127.0.0.1 port 7897: Bad access
 
(Filename:  Line: 867)

BOUNDARY PASS rolling goal skills=False side=1 scores once and restarts 
(Filename: E:\unity\Runtime/Export/Debug/Debug.bindings.h Line: 39)

Unloading 4 Unused Serialized files (Serialized files now loaded: 0)
UnloadTime: 0.250000 ms

Unloading 4 unused Assets to reduce memory usage. Loaded Objects now: 1053.
Total: 1.161400 ms (FindLiveObjects: 0.093500 ms CreateObjectMapping: 0.019200 ms MarkObjects: 0.162900 ms  DeleteObjects: 0.885500 ms)

BOUNDARY PASS native Ball.Start attaches guard; skills=True 
(Filename: E:\unity\Runtime/Export/Debug/Debug.bindings.h Line: 39)

BOUNDARY PASS fresh rally is clear; skills=True 
(Filename: E:\unity\Runtime/Export/Debug/Debug.bindings.h Line: 39)

BOUNDARY PASS near goal inside pitch stays live skills=True side=-1 
(Filename: E:\unity\Runtime/Export/Debug/Debug.bindings.h Line: 39)

BOUNDARY PASS near goal inside pitch stays live skills=True side=1 
(Filename: E:\unity\Runtime/Export/Debug/Debug.bindings.h Line: 39)

BOUNDARY PASS pause suspends new boundary decisions skills=True 
(Filename: E:\unity\Runtime/Export/Debug/Debug.bindings.h Line: 39)

BOUNDARY PASS resume catches ball behind goal skills=True 
(Filename: E:\unity\Runtime/Export/Debug/Debug.bindings.h Line: 39)

BOUNDARY PASS resume skills=True clears out/stop state after restart 
(Filename: E:\unity\Runtime/Export/Debug/Debug.bindings.h Line: 39)

BOUNDARY PASS resume skills=True ball returns to pitch 
(Filename: E:\unity\Runtime/Export/Debug/Debug.bindings.h Line: 39)

BOUNDARY PASS resume skills=True restart keeps score unchanged 
(Filename: E:\unity\Runtime/Export/Debug/Debug.bindings.h Line: 39)

Unloading 4 Unused Serialized files (Serialized files now loaded: 0)
UnloadTime: 0.662500 ms

Unloading 3 unused Assets to reduce memory usage. Loaded Objects now: 1058.
Total: 1.044100 ms (FindLiveObjects: 0.048800 ms CreateObjectMapping: 0.015100 ms MarkObjects: 0.172400 ms  DeleteObjects: 0.807500 ms)

BOUNDARY PASS native Ball.Start attaches guard; skills=True 
(Filename: E:\unity\Runtime/Export/Debug/Debug.bindings.h Line: 39)

BOUNDARY PASS fresh rally is clear; skills=True 
(Filename: E:\unity\Runtime/Export/Debug/Debug.bindings.h Line: 39)

BOUNDARY PASS native out skills=True side=-1 actual OutTrigger starts restart 
(Filename: E:\unity\Runtime/Export/Debug/Debug.bindings.h Line: 39)

BOUNDARY PASS native out skills=True side=-1 clears out/stop state after restart 
(Filename: E:\unity\Runtime/Export/Debug/Debug.bindings.h Line: 39)

BOUNDARY PASS native out skills=True side=-1 ball returns to pitch 
(Filename: E:\unity\Runtime/Export/Debug/Debug.bindings.h Line: 39)

BOUNDARY PASS native out skills=True side=-1 restart keeps score unchanged 
(Filename: E:\unity\Runtime/Export/Debug/Debug.bindings.h Line: 39)

Unloading 4 Unused Serialized files (Serialized files now loaded: 0)
UnloadTime: 0.247100 ms

Unloading 4 unused Assets to reduce memory usage. Loaded Objects now: 1058.
Total: 1.091400 ms (FindLiveObjects: 0.053100 ms CreateObjectMapping: 0.016000 ms MarkObjects: 0.173900 ms  DeleteObjects: 0.848000 ms)

BOUNDARY PASS native Ball.Start attaches guard; skills=True 
(Filename: E:\unity\Runtime/Export/Debug/Debug.bindings.h Line: 39)

BOUNDARY PASS fresh rally is clear; skills=True 
(Filename: E:\unity\Runtime/Export/Debug/Debug.bindings.h Line: 39)

BOUNDARY PASS behind goal skills=True side=-1 elevated=False is out instead of trapped 
(Filename: E:\unity\Runtime/Export/Debug/Debug.bindings.h Line: 39)

BOUNDARY PASS behind goal skills=True side=-1 elevated=False awards no goal 
(Filename: E:\unity\Runtime/Export/Debug/Debug.bindings.h Line: 39)

BOUNDARY PASS behind goal skills=True side=-1 elevated=False physical rebound cannot score 
(Filename: E:\unity\Runtime/Export/Debug/Debug.bindings.h Line: 39)

BOUNDARY PASS behind goal skills=True side=-1 elevated=False clears out/stop state after restart 
(Filename: E:\unity\Runtime/Export/Debug/Debug.bindings.h Line: 39)

BOUNDARY PASS behind goal skills=True side=-1 elevated=False ball returns to pitch 
(Filename: E:\unity\Runtime/Export/Debug/Debug.bindings.h Line: 39)

BOUNDARY PASS behind goal skills=True side=-1 elevated=False restart keeps score unchanged 
(Filename: E:\unity\Runtime/Export/Debug/Debug.bindings.h Line: 39)

Unloading 4 Unused Serialized files (Serialized files now loaded: 0)
UnloadTime: 0.255100 ms

Unloading 4 unused Assets to reduce memory usage. Loaded Objects now: 1058.
Total: 1.216700 ms (FindLiveObjects: 0.047600 ms CreateObjectMapping: 0.015400 ms MarkObjects: 0.245000 ms  DeleteObjects: 0.908000 ms)

BOUNDARY PASS native Ball.Start attaches guard; skills=True 
(Filename: E:\unity\Runtime/Export/Debug/Debug.bindings.h Line: 39)

BOUNDARY PASS fresh rally is clear; skills=True 
(Filename: E:\unity\Runtime/Export/Debug/Debug.bindings.h Line: 39)

BOUNDARY PASS behind goal skills=True side=-1 elevated=True is out instead of trapped 
(Filename: E:\unity\Runtime/Export/Debug/Debug.bindings.h Line: 39)

BOUNDARY PASS behind goal skills=True side=-1 elevated=True awards no goal 
(Filename: E:\unity\Runtime/Export/Debug/Debug.bindings.h Line: 39)

BOUNDARY PASS behind goal skills=True side=-1 elevated=True physical rebound cannot score 
(Filename: E:\unity\Runtime/Export/Debug/Debug.bindings.h Line: 39)

BOUNDARY PASS behind goal skills=True side=-1 elevated=True clears out/stop state after restart 
(Filename: E:\unity\Runtime/Export/Debug/Debug.bindings.h Line: 39)

BOUNDARY PASS behind goal skills=True side=-1 elevated=True ball returns to pitch 
(Filename: E:\unity\Runtime/Export/Debug/Debug.bindings.h Line: 39)

BOUNDARY PASS behind goal skills=True side=-1 elevated=True restart keeps score unchanged 
(Filename: E:\unity\Runtime/Export/Debug/Debug.bindings.h Line: 39)

Unloading 4 Unused Serialized files (Serialized files now loaded: 0)
UnloadTime: 0.321300 ms

Unloading 4 unused Assets to reduce memory usage. Loaded Objects now: 1058.
Total: 1.248500 ms (FindLiveObjects: 0.039600 ms CreateObjectMapping: 0.007800 ms MarkObjects: 0.238700 ms  DeleteObjects: 0.961900 ms)

BOUNDARY PASS native Ball.Start attaches guard; skills=True 
(Filename: E:\unity\Runtime/Export/Debug/Debug.bindings.h Line: 39)

BOUNDARY PASS fresh rally is clear; skills=True 
(Filename: E:\unity\Runtime/Export/Debug/Debug.bindings.h Line: 39)

BOUNDARY PASS valid goal skills=True side=-1 native trigger counts once 
(Filename: E:\unity\Runtime/Export/Debug/Debug.bindings.h Line: 39)

BOUNDARY PASS valid goal skills=True side=-1 net entry is not mistaken for out 
(Filename: E:\unity\Runtime/Export/Debug/Debug.bindings.h Line: 39)

BOUNDARY PASS valid goal skills=True side=-1 native restart completes 
(Filename: E:\unity\Runtime/Export/Debug/Debug.bindings.h Line: 39)

BOUNDARY PASS valid goal skills=True side=-1 ball returns inside pitch 
(Filename: E:\unity\Runtime/Export/Debug/Debug.bindings.h Line: 39)

Unloading 4 Unused Serialized files (Serialized files now loaded: 0)
UnloadTime: 0.270900 ms

Unloading 4 unused Assets to reduce memory usage. Loaded Objects now: 1058.
Total: 1.120400 ms (FindLiveObjects: 0.052700 ms CreateObjectMapping: 0.008400 ms MarkObjects: 0.259500 ms  DeleteObjects: 0.799500 ms)

BOUNDARY PASS native Ball.Start attaches guard; skills=True 
(Filename: E:\unity\Runtime/Export/Debug/Debug.bindings.h Line: 39)

BOUNDARY PASS fresh rally is clear; skills=True 
(Filename: E:\unity\Runtime/Export/Debug/Debug.bindings.h Line: 39)

BOUNDARY GROUND rolling goal skills=True side=-1 floor=-1.81 mouth=Center: (-6.1, 0.0, 0.0), Extents: (0.1, 1.7, 0.0) ball=Center: (-7.2, -1.6, -0.4), Extents: (0.2, 0.2, 0.0) 
(Filename: E:\unity\Runtime/Export/Debug/Debug.bindings.h Line: 39)

BOUNDARY PASS rolling goal skills=True side=-1 counts real floor-level entry 
(Filename: E:\unity\Runtime/Export/Debug/Debug.bindings.h Line: 39)

BOUNDARY PASS rolling goal skills=True side=-1 does not whistle out 
(Filename: E:\unity\Runtime/Export/Debug/Debug.bindings.h Line: 39)

BOUNDARY PASS rolling goal skills=True side=-1 scores once and restarts 
(Filename: E:\unity\Runtime/Export/Debug/Debug.bindings.h Line: 39)

Unloading 4 Unused Serialized files (Serialized files now loaded: 0)
UnloadTime: 0.235100 ms

Unloading 4 unused Assets to reduce memory usage. Loaded Objects now: 1058.
Total: 1.348800 ms (FindLiveObjects: 0.052100 ms CreateObjectMapping: 0.008900 ms MarkObjects: 0.173300 ms  DeleteObjects: 1.114000 ms)

BOUNDARY PASS native Ball.Start attaches guard; skills=True 
(Filename: E:\unity\Runtime/Export/Debug/Debug.bindings.h Line: 39)

BOUNDARY PASS fresh rally is clear; skills=True 
(Filename: E:\unity\Runtime/Export/Debug/Debug.bindings.h Line: 39)

BOUNDARY PASS native out skills=True side=1 actual OutTrigger starts restart 
(Filename: E:\unity\Runtime/Export/Debug/Debug.bindings.h Line: 39)

BOUNDARY PASS native out skills=True side=1 clears out/stop state after restart 
(Filename: E:\unity\Runtime/Export/Debug/Debug.bindings.h Line: 39)

BOUNDARY PASS native out skills=True side=1 ball returns to pitch 
(Filename: E:\unity\Runtime/Export/Debug/Debug.bindings.h Line: 39)

BOUNDARY PASS native out skills=True side=1 restart keeps score unchanged 
(Filename: E:\unity\Runtime/Export/Debug/Debug.bindings.h Line: 39)

Unloading 4 Unused Serialized files (Serialized files now loaded: 0)
UnloadTime: 0.259400 ms

Unloading 4 unused Assets to reduce memory usage. Loaded Objects now: 1058.
Total: 1.176000 ms (FindLiveObjects: 0.030300 ms CreateObjectMapping: 0.007900 ms MarkObjects: 0.169000 ms  DeleteObjects: 0.968500 ms)

BOUNDARY PASS native Ball.Start attaches guard; skills=True 
(Filename: E:\unity\Runtime/Export/Debug/Debug.bindings.h Line: 39)

BOUNDARY PASS fresh rally is clear; skills=True 
(Filename: E:\unity\Runtime/Export/Debug/Debug.bindings.h Line: 39)

BOUNDARY PASS behind goal skills=True side=1 elevated=False is out instead of trapped 
(Filename: E:\unity\Runtime/Export/Debug/Debug.bindings.h Line: 39)

BOUNDARY PASS behind goal skills=True side=1 elevated=False awards no goal 
(Filename: E:\unity\Runtime/Export/Debug/Debug.bindings.h Line: 39)

BOUNDARY PASS behind goal skills=True side=1 elevated=False physical rebound cannot score 
(Filename: E:\unity\Runtime/Export/Debug/Debug.bindings.h Line: 39)

BOUNDARY PASS behind goal skills=True side=1 elevated=False clears out/stop state after restart 
(Filename: E:\unity\Runtime/Export/Debug/Debug.bindings.h Line: 39)

BOUNDARY PASS behind goal skills=True side=1 elevated=False ball returns to pitch 
(Filename: E:\unity\Runtime/Export/Debug/Debug.bindings.h Line: 39)

BOUNDARY PASS behind goal skills=True side=1 elevated=False restart keeps score unchanged 
(Filename: E:\unity\Runtime/Export/Debug/Debug.bindings.h Line: 39)

Unloading 4 Unused Serialized files (Serialized files now loaded: 0)
UnloadTime: 0.261800 ms

Unloading 4 unused Assets to reduce memory usage. Loaded Objects now: 1058.
Total: 1.088200 ms (FindLiveObjects: 0.037800 ms CreateObjectMapping: 0.007900 ms MarkObjects: 0.163900 ms  DeleteObjects: 0.878500 ms)

BOUNDARY PASS native Ball.Start attaches guard; skills=True 
(Filename: E:\unity\Runtime/Export/Debug/Debug.bindings.h Line: 39)

BOUNDARY PASS fresh rally is clear; skills=True 
(Filename: E:\unity\Runtime/Export/Debug/Debug.bindings.h Line: 39)

BOUNDARY PASS behind goal skills=True side=1 elevated=True is out instead of trapped 
(Filename: E:\unity\Runtime/Export/Debug/Debug.bindings.h Line: 39)

BOUNDARY PASS behind goal skills=True side=1 elevated=True awards no goal 
(Filename: E:\unity\Runtime/Export/Debug/Debug.bindings.h Line: 39)

BOUNDARY PASS behind goal skills=True side=1 elevated=True physical rebound cannot score 
(Filename: E:\unity\Runtime/Export/Debug/Debug.bindings.h Line: 39)

BOUNDARY PASS behind goal skills=True side=1 elevated=True clears out/stop state after restart 
(Filename: E:\unity\Runtime/Export/Debug/Debug.bindings.h Line: 39)

BOUNDARY PASS behind goal skills=True side=1 elevated=True ball returns to pitch 
(Filename: E:\unity\Runtime/Export/Debug/Debug.bindings.h Line: 39)

BOUNDARY PASS behind goal skills=True side=1 elevated=True restart keeps score unchanged 
(Filename: E:\unity\Runtime/Export/Debug/Debug.bindings.h Line: 39)

Unloading 4 Unused Serialized files (Serialized files now loaded: 0)
UnloadTime: 0.272300 ms

Unloading 4 unused Assets to reduce memory usage. Loaded Objects now: 1058.
Total: 1.149900 ms (FindLiveObjects: 0.049300 ms CreateObjectMapping: 0.015700 ms MarkObjects: 0.239600 ms  DeleteObjects: 0.844800 ms)

BOUNDARY PASS native Ball.Start attaches guard; skills=True 
(Filename: E:\unity\Runtime/Export/Debug/Debug.bindings.h Line: 39)

BOUNDARY PASS fresh rally is clear; skills=True 
(Filename: E:\unity\Runtime/Export/Debug/Debug.bindings.h Line: 39)

BOUNDARY PASS valid goal skills=True side=1 native trigger counts once 
(Filename: E:\unity\Runtime/Export/Debug/Debug.bindings.h Line: 39)

BOUNDARY PASS valid goal skills=True side=1 net entry is not mistaken for out 
(Filename: E:\unity\Runtime/Export/Debug/Debug.bindings.h Line: 39)

BOUNDARY PASS valid goal skills=True side=1 native restart completes 
(Filename: E:\unity\Runtime/Export/Debug/Debug.bindings.h Line: 39)

BOUNDARY PASS valid goal skills=True side=1 ball returns inside pitch 
(Filename: E:\unity\Runtime/Export/Debug/Debug.bindings.h Line: 39)

Unloading 4 Unused Serialized files (Serialized files now loaded: 0)
UnloadTime: 0.243300 ms

Unloading 4 unused Assets to reduce memory usage. Loaded Objects now: 1058.
Total: 1.166000 ms (FindLiveObjects: 0.052600 ms CreateObjectMapping: 0.015500 ms MarkObjects: 0.193600 ms  DeleteObjects: 0.903900 ms)

BOUNDARY PASS native Ball.Start attaches guard; skills=True 
(Filename: E:\unity\Runtime/Export/Debug/Debug.bindings.h Line: 39)

BOUNDARY PASS fresh rally is clear; skills=True 
(Filename: E:\unity\Runtime/Export/Debug/Debug.bindings.h Line: 39)

BOUNDARY GROUND rolling goal skills=True side=1 floor=-1.81 mouth=Center: (6.2, 0.0, 0.0), Extents: (0.1, 1.7, 0.0) ball=Center: (7.3, -1.6, -0.4), Extents: (0.2, 0.2, 0.0) 
(Filename: E:\unity\Runtime/Export/Debug/Debug.bindings.h Line: 39)

BOUNDARY PASS rolling goal skills=True side=1 counts real floor-level entry 
(Filename: E:\unity\Runtime/Export/Debug/Debug.bindings.h Line: 39)

BOUNDARY PASS rolling goal skills=True side=1 does not whistle out 
(Filename: E:\unity\Runtime/Export/Debug/Debug.bindings.h Line: 39)

BOUNDARY PASS rolling goal skills=True side=1 scores once and restarts 
(Filename: E:\unity\Runtime/Export/Debug/Debug.bindings.h Line: 39)

BOUNDARY COMPLETE checks=150 failures=0 
(Filename: E:\unity\Runtime/Export/Debug/Debug.bindings.h Line: 39)

Setting up 12 worker threads for Enlighten.
  Thread -> id: 127c -> priority: 1 
  Thread -> id: ba0 -> priority: 1 
  Thread -> id: 7288 -> priority: 1 
  Thread -> id: 5ea0 -> priority: 1 
  Thread -> id: 481c -> priority: 1 
  Thread -> id: 7b8c -> priority: 1 
  Thread -> id: 3b50 -> priority: 1 
  Thread -> id: 9e0c -> priority: 1 
  Thread -> id: 94b8 -> priority: 1 
  Thread -> id: 6744 -> priority: 1 
  Thread -> id: 9d38 -> priority: 1 
  Thread -> id: 50c -> priority: 1 
