Process is running in low integrity mode...
Mono path[0] = 'C:/Users/Alienware/Desktop/范志毅VS赵鹏/范志毅VS赵鹏 PC双人版（32位）/鑼冨織姣匳S璧甸箯 PC鍙屼汉鐗堬紙32浣嶏級/AI Mod Source/build/power-test-player-original/FanZhiYi_Data/Managed'
Mono config path = 'C:/Users/Alienware/Desktop/范志毅VS赵鹏/范志毅VS赵鹏 PC双人版（32位）/鑼冨織姣匳S璧甸箯 PC鍙屼汉鐗堬紙32浣嶏級/AI Mod Source/build/power-test-player-original/MonoBleedingEdge/etc'
AS: AutoStreaming module initializing.Initialize engine version: 2019.4.33f1c1 (c2f94a8bebb3)
[Subsystems] Discovering subsystems at path C:/Users/Alienware/Desktop/范志毅VS赵鹏/范志毅VS赵鹏 PC双人版（32位）/鑼冨織姣匳S璧甸箯 PC鍙屼汉鐗堬紙32浣嶏級/AI Mod Source/build/power-test-player-original/FanZhiYi_Data/UnitySubsystems
GfxDevice: creating device client; threaded=1
Direct3D:
    Version:  Direct3D 11.0 [level 11.1]
    Renderer: NVIDIA GeForce RTX 5070 Laptop GPU (ID=0x2d58)
    Vendor:   (null)
    VRAM:     3072 MB
Begin MonoManager ReloadAssembly
- Completed reload, in  0.116 seconds
<RI> Initializing input.
<RI> Input initialized.
<RI> Initialized touch support.
UnloadTime: 0.485500 ms
Curl error 7: Failed to connect to 127.0.0.1 port 7897: Bad access
 
(Filename:  Line: 867)

Curl error 7: Failed to connect to 127.0.0.1 port 7897: Bad access
 
(Filename:  Line: 867)

Curl error 7: Failed to connect to 127.0.0.1 port 7897: Bad access
 
(Filename:  Line: 867)

Curl error 7: Failed to connect to 127.0.0.1 port 7897: Bad access
 
(Filename:  Line: 867)

Unloading 5 Unused Serialized files (Serialized files now loaded: 0)
UnloadTime: 0.191200 ms

Unloading 143 unused Assets to reduce memory usage. Loaded Objects now: 1010.
Total: 0.490700 ms (FindLiveObjects: 0.034100 ms CreateObjectMapping: 0.009800 ms MarkObjects: 0.204100 ms  DeleteObjects: 0.242100 ms)

DEFENSE PASS real Fan foot contact launches skill case=0 
(Filename: E:\unity\Runtime/Export/Debug/Debug.bindings.h Line: 39)

DEFENSE PARAM case=0 nativeForce=130000 jumpEstimate=6.119894 start=(1.0, 0.1) shot=(-3.2, -1.5) 
(Filename: E:\unity\Runtime/Export/Debug/Debug.bindings.h Line: 39)

DEFENSE PASS skill forecast follows real unobstructed physics error=0.298418 
(Filename: E:\unity\Runtime/Export/Debug/Debug.bindings.h Line: 39)

Curl error 7: Failed to connect to 127.0.0.1 port 7897: Bad access
 
(Filename:  Line: 867)

DEFENSE PASS Zhao enters dedicated curve defense case=0 
(Filename: E:\unity\Runtime/Export/Debug/Debug.bindings.h Line: 39)

DEFENSE PASS native Zhao skeleton stays connected case=0 error=0.1595921 
(Filename: E:\unity\Runtime/Export/Debug/Debug.bindings.h Line: 39)

DEFENSE RESULT case=0 lift=0 baseline=False touched=False saved=False score=1 firstJump=0.01999998 firstHead=-1 end=(6.3, -0.6) 
(Filename: E:\unity\Runtime/Export/Debug/Debug.bindings.h Line: 39)

Unloading 4 Unused Serialized files (Serialized files now loaded: 0)
UnloadTime: 0.954200 ms

Unloading 39 unused Assets to reduce memory usage. Loaded Objects now: 1062.
Total: 1.346800 ms (FindLiveObjects: 0.058100 ms CreateObjectMapping: 0.009900 ms MarkObjects: 0.194200 ms  DeleteObjects: 1.084100 ms)

DEFENSE PASS real Fan foot contact launches skill case=1 
(Filename: E:\unity\Runtime/Export/Debug/Debug.bindings.h Line: 39)

DEFENSE PARAM case=1 nativeForce=130000 jumpEstimate=6.119894 start=(4.5, 0.1) shot=(-2.4, -1.5) 
(Filename: E:\unity\Runtime/Export/Debug/Debug.bindings.h Line: 39)

DEFENSE PASS Zhao enters dedicated curve defense case=1 
(Filename: E:\unity\Runtime/Export/Debug/Debug.bindings.h Line: 39)

DEFENSE PASS native Zhao skeleton stays connected case=1 error=0.2186599 
(Filename: E:\unity\Runtime/Export/Debug/Debug.bindings.h Line: 39)

DEFENSE RESULT case=1 lift=0 baseline=False touched=True saved=False score=1 firstJump=0.5999999 firstHead=0.7399998 end=(6.4, 0.4) 
(Filename: E:\unity\Runtime/Export/Debug/Debug.bindings.h Line: 39)

Unloading 4 Unused Serialized files (Serialized files now loaded: 0)
UnloadTime: 0.257700 ms

Unloading 4 unused Assets to reduce memory usage. Loaded Objects now: 1062.
Total: 1.081500 ms (FindLiveObjects: 0.045800 ms CreateObjectMapping: 0.008200 ms MarkObjects: 0.180300 ms  DeleteObjects: 0.846800 ms)

DEFENSE PASS real Fan foot contact launches skill case=2 
(Filename: E:\unity\Runtime/Export/Debug/Debug.bindings.h Line: 39)

DEFENSE PARAM case=2 nativeForce=130000 jumpEstimate=6.119894 start=(2.3, 0.0) shot=(-1.2, -1.5) 
(Filename: E:\unity\Runtime/Export/Debug/Debug.bindings.h Line: 39)

DEFENSE PASS Zhao enters dedicated curve defense case=2 
(Filename: E:\unity\Runtime/Export/Debug/Debug.bindings.h Line: 39)

DEFENSE PASS native Zhao skeleton stays connected case=2 error=0.1049541 
(Filename: E:\unity\Runtime/Export/Debug/Debug.bindings.h Line: 39)

DEFENSE RESULT case=2 lift=0 baseline=False touched=False saved=False score=1 firstJump=-1 firstHead=0.1799998 end=(5.3, 0.4) 
(Filename: E:\unity\Runtime/Export/Debug/Debug.bindings.h Line: 39)

Unloading 4 Unused Serialized files (Serialized files now loaded: 0)
UnloadTime: 0.304600 ms

Unloading 4 unused Assets to reduce memory usage. Loaded Objects now: 1062.
Total: 1.371900 ms (FindLiveObjects: 0.052200 ms CreateObjectMapping: 0.016700 ms MarkObjects: 0.206900 ms  DeleteObjects: 1.095700 ms)

DEFENSE PASS real Fan foot contact launches skill case=3 
(Filename: E:\unity\Runtime/Export/Debug/Debug.bindings.h Line: 39)

DEFENSE PARAM case=3 nativeForce=130000 jumpEstimate=6.119894 start=(4.5, 0.1) shot=(-0.4, -1.5) 
(Filename: E:\unity\Runtime/Export/Debug/Debug.bindings.h Line: 39)

DEFENSE PASS Zhao enters dedicated curve defense case=3 
(Filename: E:\unity\Runtime/Export/Debug/Debug.bindings.h Line: 39)

DEFENSE PASS native Zhao skeleton stays connected case=3 error=0.08670343 
(Filename: E:\unity\Runtime/Export/Debug/Debug.bindings.h Line: 39)

DEFENSE RESULT case=3 lift=0 baseline=False touched=True saved=True score=0 firstJump=0.01999998 firstHead=0.48 end=(6.3, 0.1) 
(Filename: E:\unity\Runtime/Export/Debug/Debug.bindings.h Line: 39)

Unloading 4 Unused Serialized files (Serialized files now loaded: 0)
UnloadTime: 0.259500 ms

Unloading 3 unused Assets to reduce memory usage. Loaded Objects now: 1062.
Total: 1.195500 ms (FindLiveObjects: 0.053000 ms CreateObjectMapping: 0.016700 ms MarkObjects: 0.230200 ms  DeleteObjects: 0.895100 ms)

DEFENSE PASS real Fan foot contact launches skill case=4 
(Filename: E:\unity\Runtime/Export/Debug/Debug.bindings.h Line: 39)

DEFENSE PARAM case=4 nativeForce=130000 jumpEstimate=6.119894 start=(4.5, 0.0) shot=(0.6, -1.5) 
(Filename: E:\unity\Runtime/Export/Debug/Debug.bindings.h Line: 39)

DEFENSE PASS Zhao enters dedicated curve defense case=4 
(Filename: E:\unity\Runtime/Export/Debug/Debug.bindings.h Line: 39)

DEFENSE PASS native Zhao skeleton stays connected case=4 error=0.1624596 
(Filename: E:\unity\Runtime/Export/Debug/Debug.bindings.h Line: 39)

DEFENSE RESULT case=4 lift=0 baseline=False touched=False saved=False score=0 firstJump=0.0199995 firstHead=0.2399998 end=(6.3, -0.6) 
(Filename: E:\unity\Runtime/Export/Debug/Debug.bindings.h Line: 39)

Unloading 4 Unused Serialized files (Serialized files now loaded: 0)
UnloadTime: 0.336100 ms

Unloading 4 unused Assets to reduce memory usage. Loaded Objects now: 1062.
Total: 1.193100 ms (FindLiveObjects: 0.053800 ms CreateObjectMapping: 0.034000 ms MarkObjects: 0.288300 ms  DeleteObjects: 0.816200 ms)

DEFENSE PASS real Fan foot contact launches skill case=5 
(Filename: E:\unity\Runtime/Export/Debug/Debug.bindings.h Line: 39)

DEFENSE PARAM case=5 nativeForce=130000 jumpEstimate=6.119894 start=(4.8, 0.0) shot=(1.6, -1.5) 
(Filename: E:\unity\Runtime/Export/Debug/Debug.bindings.h Line: 39)

DEFENSE PASS Zhao enters dedicated curve defense case=5 
(Filename: E:\unity\Runtime/Export/Debug/Debug.bindings.h Line: 39)

DEFENSE PASS native Zhao skeleton stays connected case=5 error=0.03845044 
(Filename: E:\unity\Runtime/Export/Debug/Debug.bindings.h Line: 39)

DEFENSE RESULT case=5 lift=0 baseline=False touched=False saved=False score=0 firstJump=-1 firstHead=0.1599998 end=(3.8, 0.1) 
(Filename: E:\unity\Runtime/Export/Debug/Debug.bindings.h Line: 39)

Unloading 4 Unused Serialized files (Serialized files now loaded: 0)
UnloadTime: 0.232900 ms

Unloading 4 unused Assets to reduce memory usage. Loaded Objects now: 1062.
Total: 1.156200 ms (FindLiveObjects: 0.037400 ms CreateObjectMapping: 0.007800 ms MarkObjects: 0.232100 ms  DeleteObjects: 0.878400 ms)

DEFENSE PASS real Fan foot contact launches skill case=6 
(Filename: E:\unity\Runtime/Export/Debug/Debug.bindings.h Line: 39)

DEFENSE PARAM case=6 nativeForce=130000 jumpEstimate=6.119894 start=(2.0, 0.0) shot=(-3.2, -0.2) 
(Filename: E:\unity\Runtime/Export/Debug/Debug.bindings.h Line: 39)

DEFENSE PASS Zhao enters dedicated curve defense case=6 
(Filename: E:\unity\Runtime/Export/Debug/Debug.bindings.h Line: 39)

DEFENSE PASS native Zhao skeleton stays connected case=6 error=0.1573684 
(Filename: E:\unity\Runtime/Export/Debug/Debug.bindings.h Line: 39)

DEFENSE RESULT case=6 lift=1.4 baseline=False touched=True saved=False score=1 firstJump=0.2599993 firstHead=0.54 end=(6.3, -0.1) 
(Filename: E:\unity\Runtime/Export/Debug/Debug.bindings.h Line: 39)

Unloading 4 Unused Serialized files (Serialized files now loaded: 0)
UnloadTime: 0.288400 ms

Unloading 4 unused Assets to reduce memory usage. Loaded Objects now: 1062.
Total: 1.148500 ms (FindLiveObjects: 0.033000 ms CreateObjectMapping: 0.008300 ms MarkObjects: 0.238200 ms  DeleteObjects: 0.868600 ms)

DEFENSE PASS real Fan foot contact launches skill case=7 
(Filename: E:\unity\Runtime/Export/Debug/Debug.bindings.h Line: 39)

DEFENSE PARAM case=7 nativeForce=130000 jumpEstimate=6.119894 start=(3.8, 0.0) shot=(-1.6, -0.2) 
(Filename: E:\unity\Runtime/Export/Debug/Debug.bindings.h Line: 39)

DEFENSE PASS Zhao enters dedicated curve defense case=7 
(Filename: E:\unity\Runtime/Export/Debug/Debug.bindings.h Line: 39)

DEFENSE PASS native Zhao skeleton stays connected case=7 error=0.0809188 
(Filename: E:\unity\Runtime/Export/Debug/Debug.bindings.h Line: 39)

DEFENSE RESULT case=7 lift=1.4 baseline=False touched=True saved=True score=0 firstJump=0.02000046 firstHead=0.3200006 end=(5.0, -0.3) 
(Filename: E:\unity\Runtime/Export/Debug/Debug.bindings.h Line: 39)

Unloading 4 Unused Serialized files (Serialized files now loaded: 0)
UnloadTime: 0.259000 ms

Unloading 4 unused Assets to reduce memory usage. Loaded Objects now: 1062.
Total: 1.251700 ms (FindLiveObjects: 0.058200 ms CreateObjectMapping: 0.017100 ms MarkObjects: 0.216100 ms  DeleteObjects: 0.959900 ms)

DEFENSE PASS real Fan foot contact launches skill case=8 
(Filename: E:\unity\Runtime/Export/Debug/Debug.bindings.h Line: 39)

DEFENSE PARAM case=8 nativeForce=130000 jumpEstimate=6.119894 start=(4.6, 0.1) shot=(-0.2, -0.2) 
(Filename: E:\unity\Runtime/Export/Debug/Debug.bindings.h Line: 39)

DEFENSE PASS Zhao enters dedicated curve defense case=8 
(Filename: E:\unity\Runtime/Export/Debug/Debug.bindings.h Line: 39)

DEFENSE PASS native Zhao skeleton stays connected case=8 error=0.09001497 
(Filename: E:\unity\Runtime/Export/Debug/Debug.bindings.h Line: 39)

DEFENSE RESULT case=8 lift=1.4 baseline=False touched=True saved=True score=0 firstJump=0.0199995 firstHead=-1 end=(2.0, 0.0) 
(Filename: E:\unity\Runtime/Export/Debug/Debug.bindings.h Line: 39)

Unloading 4 Unused Serialized files (Serialized files now loaded: 0)
UnloadTime: 0.242700 ms

Unloading 3 unused Assets to reduce memory usage. Loaded Objects now: 1062.
Total: 1.211400 ms (FindLiveObjects: 0.030600 ms CreateObjectMapping: 0.007800 ms MarkObjects: 0.192700 ms  DeleteObjects: 0.980100 ms)

DEFENSE PASS serve avoids retreat and distant jump skills=False mode=1 
(Filename: E:\unity\Runtime/Export/Debug/Debug.bindings.h Line: 39)

DEFENSE PASS serve still attacks skills=False mode=1 
(Filename: E:\unity\Runtime/Export/Debug/Debug.bindings.h Line: 39)

DEFENSE PASS serve keeps player joints intact skills=False mode=1 
(Filename: E:\unity\Runtime/Export/Debug/Debug.bindings.h Line: 39)

Unloading 4 Unused Serialized files (Serialized files now loaded: 0)
UnloadTime: 0.267800 ms

Unloading 3 unused Assets to reduce memory usage. Loaded Objects now: 1062.
Total: 1.110800 ms (FindLiveObjects: 0.048200 ms CreateObjectMapping: 0.007800 ms MarkObjects: 0.176300 ms  DeleteObjects: 0.878200 ms)

DEFENSE PASS serve avoids retreat and distant jump skills=False mode=2 
(Filename: E:\unity\Runtime/Export/Debug/Debug.bindings.h Line: 39)

DEFENSE PASS serve still attacks skills=False mode=2 
(Filename: E:\unity\Runtime/Export/Debug/Debug.bindings.h Line: 39)

DEFENSE PASS serve keeps player joints intact skills=False mode=2 
(Filename: E:\unity\Runtime/Export/Debug/Debug.bindings.h Line: 39)

Unloading 4 Unused Serialized files (Serialized files now loaded: 0)
UnloadTime: 0.251800 ms

Unloading 3 unused Assets to reduce memory usage. Loaded Objects now: 1058.
Total: 1.125000 ms (FindLiveObjects: 0.030300 ms CreateObjectMapping: 0.007300 ms MarkObjects: 0.165600 ms  DeleteObjects: 0.921500 ms)

DEFENSE PASS serve avoids retreat and distant jump skills=True mode=1 
(Filename: E:\unity\Runtime/Export/Debug/Debug.bindings.h Line: 39)

DEFENSE PASS serve still attacks skills=True mode=1 
(Filename: E:\unity\Runtime/Export/Debug/Debug.bindings.h Line: 39)

DEFENSE PASS serve keeps player joints intact skills=True mode=1 
(Filename: E:\unity\Runtime/Export/Debug/Debug.bindings.h Line: 39)

Unloading 4 Unused Serialized files (Serialized files now loaded: 0)
UnloadTime: 0.217500 ms

Unloading 3 unused Assets to reduce memory usage. Loaded Objects now: 1062.
Total: 1.151800 ms (FindLiveObjects: 0.041100 ms CreateObjectMapping: 0.011500 ms MarkObjects: 0.216000 ms  DeleteObjects: 0.882900 ms)

DEFENSE PASS serve avoids retreat and distant jump skills=True mode=2 
(Filename: E:\unity\Runtime/Export/Debug/Debug.bindings.h Line: 39)

DEFENSE PASS serve still attacks skills=True mode=2 
(Filename: E:\unity\Runtime/Export/Debug/Debug.bindings.h Line: 39)

DEFENSE PASS serve keeps player joints intact skills=True mode=2 
(Filename: E:\unity\Runtime/Export/Debug/Debug.bindings.h Line: 39)

DEFENSE COMPLETE baseline=False checks=40 launches=9 touches=5 saves=3 failures=0 
(Filename: E:\unity\Runtime/Export/Debug/Debug.bindings.h Line: 39)

Setting up 12 worker threads for Enlighten.
  Thread -> id: 7fac -> priority: 1 
  Thread -> id: 26f0 -> priority: 1 
  Thread -> id: 97a4 -> priority: 1 
  Thread -> id: 39e4 -> priority: 1 
  Thread -> id: 43c8 -> priority: 1 
  Thread -> id: 5118 -> priority: 1 
  Thread -> id: 8470 -> priority: 1 
  Thread -> id: 22f4 -> priority: 1 
  Thread -> id: 31a4 -> priority: 1 
  Thread -> id: 7bc -> priority: 1 
  Thread -> id: 7258 -> priority: 1 
  Thread -> id: 52dc -> priority: 1 
