Process is running in low integrity mode...
Mono path[0] = 'C:/Users/Alienware/Desktop/范志毅VS赵鹏/范志毅VS赵鹏 PC双人版（32位）/鑼冨織姣匳S璧甸箯 PC鍙屼汉鐗堬紙32浣嶏級/AI Mod Source/build/power-test-player-original/FanZhiYi_Data/Managed'
Mono config path = 'C:/Users/Alienware/Desktop/范志毅VS赵鹏/范志毅VS赵鹏 PC双人版（32位）/鑼冨織姣匳S璧甸箯 PC鍙屼汉鐗堬紙32浣嶏級/AI Mod Source/build/power-test-player-original/MonoBleedingEdge/etc'
AS: AutoStreaming module initializing.Initialize engine version: 2019.4.33f1c1 (c2f94a8bebb3)
[Subsystems] Discovering subsystems at path C:/Users/Alienware/Desktop/范志毅VS赵鹏/范志毅VS赵鹏 PC双人版（32位）/鑼冨織姣匳S璧甸箯 PC鍙屼汉鐗堬紙32浣嶏級/AI Mod Source/build/power-test-player-original/FanZhiYi_Data/UnitySubsystems
GfxDevice: creating device client; threaded=1
Direct3D:
    Version:  Direct3D 11.0 [level 11.1]
    Renderer: NVIDIA GeForce RTX 5070 Laptop GPU (ID=0x2d58)
    Vendor:   (null)
    VRAM:     3072 MB
Begin MonoManager ReloadAssembly
- Completed reload, in  0.117 seconds
<RI> Initializing input.
<RI> Input initialized.
<RI> Initialized touch support.
UnloadTime: 0.515500 ms
Curl error 7: Failed to connect to 127.0.0.1 port 7897: Bad access
 
(Filename:  Line: 867)

Curl error 7: Failed to connect to 127.0.0.1 port 7897: Bad access
 
(Filename:  Line: 867)

Curl error 7: Failed to connect to 127.0.0.1 port 7897: Bad access
 
(Filename:  Line: 867)

Unloading 5 Unused Serialized files (Serialized files now loaded: 0)
UnloadTime: 0.161200 ms

Unloading 143 unused Assets to reduce memory usage. Loaded Objects now: 1010.
Total: 0.477500 ms (FindLiveObjects: 0.031700 ms CreateObjectMapping: 0.009400 ms MarkObjects: 0.182300 ms  DeleteObjects: 0.253700 ms)

BOUNDARY PASS native Ball.Start attaches guard; skills=False 
(Filename: E:\unity\Runtime/Export/Debug/Debug.bindings.h Line: 39)

BOUNDARY PASS fresh rally is clear; skills=False 
(Filename: E:\unity\Runtime/Export/Debug/Debug.bindings.h Line: 39)

BOUNDARY PASS near goal inside pitch stays live skills=False side=-1 
(Filename: E:\unity\Runtime/Export/Debug/Debug.bindings.h Line: 39)

BOUNDARY PASS near goal inside pitch stays live skills=False side=1 
(Filename: E:\unity\Runtime/Export/Debug/Debug.bindings.h Line: 39)

BOUNDARY PASS pause suspends new boundary decisions skills=False 
(Filename: E:\unity\Runtime/Export/Debug/Debug.bindings.h Line: 39)

BOUNDARY PASS resume catches ball behind goal skills=False 
(Filename: E:\unity\Runtime/Export/Debug/Debug.bindings.h Line: 39)

Curl error 7: Failed to connect to 127.0.0.1 port 7897: Bad access
 
(Filename:  Line: 867)

Curl error 7: Failed to connect to 127.0.0.1 port 7897: Bad access
 
(Filename:  Line: 867)

BOUNDARY PASS resume skills=False clears out/stop state after restart 
(Filename: E:\unity\Runtime/Export/Debug/Debug.bindings.h Line: 39)

BOUNDARY PASS resume skills=False ball returns to pitch 
(Filename: E:\unity\Runtime/Export/Debug/Debug.bindings.h Line: 39)

BOUNDARY PASS resume skills=False restart keeps score unchanged 
(Filename: E:\unity\Runtime/Export/Debug/Debug.bindings.h Line: 39)

Unloading 4 Unused Serialized files (Serialized files now loaded: 0)
UnloadTime: 0.342800 ms

Unloading 38 unused Assets to reduce memory usage. Loaded Objects now: 1052.
Total: 1.120900 ms (FindLiveObjects: 0.050700 ms CreateObjectMapping: 0.008100 ms MarkObjects: 0.204900 ms  DeleteObjects: 0.856800 ms)

BOUNDARY PASS native Ball.Start attaches guard; skills=False 
(Filename: E:\unity\Runtime/Export/Debug/Debug.bindings.h Line: 39)

BOUNDARY PASS fresh rally is clear; skills=False 
(Filename: E:\unity\Runtime/Export/Debug/Debug.bindings.h Line: 39)

BOUNDARY PASS native out skills=False side=-1 actual OutTrigger starts restart 
(Filename: E:\unity\Runtime/Export/Debug/Debug.bindings.h Line: 39)

BOUNDARY PASS native out skills=False side=-1 clears out/stop state after restart 
(Filename: E:\unity\Runtime/Export/Debug/Debug.bindings.h Line: 39)

BOUNDARY PASS native out skills=False side=-1 ball returns to pitch 
(Filename: E:\unity\Runtime/Export/Debug/Debug.bindings.h Line: 39)

BOUNDARY PASS native out skills=False side=-1 restart keeps score unchanged 
(Filename: E:\unity\Runtime/Export/Debug/Debug.bindings.h Line: 39)

Unloading 4 Unused Serialized files (Serialized files now loaded: 0)
UnloadTime: 0.229100 ms

Unloading 4 unused Assets to reduce memory usage. Loaded Objects now: 1052.
Total: 1.102400 ms (FindLiveObjects: 0.051500 ms CreateObjectMapping: 0.015400 ms MarkObjects: 0.234400 ms  DeleteObjects: 0.800700 ms)

BOUNDARY PASS native Ball.Start attaches guard; skills=False 
(Filename: E:\unity\Runtime/Export/Debug/Debug.bindings.h Line: 39)

BOUNDARY PASS fresh rally is clear; skills=False 
(Filename: E:\unity\Runtime/Export/Debug/Debug.bindings.h Line: 39)

BOUNDARY PASS behind goal skills=False side=-1 elevated=False is out instead of trapped 
(Filename: E:\unity\Runtime/Export/Debug/Debug.bindings.h Line: 39)

BOUNDARY PASS behind goal skills=False side=-1 elevated=False awards no goal 
(Filename: E:\unity\Runtime/Export/Debug/Debug.bindings.h Line: 39)

BOUNDARY PASS behind goal skills=False side=-1 elevated=False physical rebound cannot score 
(Filename: E:\unity\Runtime/Export/Debug/Debug.bindings.h Line: 39)

BOUNDARY PASS behind goal skills=False side=-1 elevated=False clears out/stop state after restart 
(Filename: E:\unity\Runtime/Export/Debug/Debug.bindings.h Line: 39)

BOUNDARY PASS behind goal skills=False side=-1 elevated=False ball returns to pitch 
(Filename: E:\unity\Runtime/Export/Debug/Debug.bindings.h Line: 39)

BOUNDARY PASS behind goal skills=False side=-1 elevated=False restart keeps score unchanged 
(Filename: E:\unity\Runtime/Export/Debug/Debug.bindings.h Line: 39)

Unloading 4 Unused Serialized files (Serialized files now loaded: 0)
UnloadTime: 0.241800 ms

Unloading 4 unused Assets to reduce memory usage. Loaded Objects now: 1052.
Total: 1.229600 ms (FindLiveObjects: 0.051100 ms CreateObjectMapping: 0.015400 ms MarkObjects: 0.313200 ms  DeleteObjects: 0.849100 ms)

BOUNDARY PASS native Ball.Start attaches guard; skills=False 
(Filename: E:\unity\Runtime/Export/Debug/Debug.bindings.h Line: 39)

BOUNDARY PASS fresh rally is clear; skills=False 
(Filename: E:\unity\Runtime/Export/Debug/Debug.bindings.h Line: 39)

BOUNDARY PASS behind goal skills=False side=-1 elevated=True is out instead of trapped 
(Filename: E:\unity\Runtime/Export/Debug/Debug.bindings.h Line: 39)

BOUNDARY PASS behind goal skills=False side=-1 elevated=True awards no goal 
(Filename: E:\unity\Runtime/Export/Debug/Debug.bindings.h Line: 39)

BOUNDARY PASS behind goal skills=False side=-1 elevated=True physical rebound cannot score 
(Filename: E:\unity\Runtime/Export/Debug/Debug.bindings.h Line: 39)

BOUNDARY PASS behind goal skills=False side=-1 elevated=True clears out/stop state after restart 
(Filename: E:\unity\Runtime/Export/Debug/Debug.bindings.h Line: 39)

BOUNDARY PASS behind goal skills=False side=-1 elevated=True ball returns to pitch 
(Filename: E:\unity\Runtime/Export/Debug/Debug.bindings.h Line: 39)

BOUNDARY PASS behind goal skills=False side=-1 elevated=True restart keeps score unchanged 
(Filename: E:\unity\Runtime/Export/Debug/Debug.bindings.h Line: 39)

Unloading 4 Unused Serialized files (Serialized files now loaded: 0)
UnloadTime: 0.245500 ms

Unloading 4 unused Assets to reduce memory usage. Loaded Objects now: 1052.
Total: 1.117200 ms (FindLiveObjects: 0.034300 ms CreateObjectMapping: 0.015600 ms MarkObjects: 0.203000 ms  DeleteObjects: 0.864200 ms)

BOUNDARY PASS native Ball.Start attaches guard; skills=False 
(Filename: E:\unity\Runtime/Export/Debug/Debug.bindings.h Line: 39)

BOUNDARY PASS fresh rally is clear; skills=False 
(Filename: E:\unity\Runtime/Export/Debug/Debug.bindings.h Line: 39)

BOUNDARY PASS valid goal skills=False side=-1 native trigger counts once 
(Filename: E:\unity\Runtime/Export/Debug/Debug.bindings.h Line: 39)

BOUNDARY PASS valid goal skills=False side=-1 net entry is not mistaken for out 
(Filename: E:\unity\Runtime/Export/Debug/Debug.bindings.h Line: 39)

BOUNDARY PASS valid goal skills=False side=-1 native restart completes 
(Filename: E:\unity\Runtime/Export/Debug/Debug.bindings.h Line: 39)

BOUNDARY PASS valid goal skills=False side=-1 ball returns inside pitch 
(Filename: E:\unity\Runtime/Export/Debug/Debug.bindings.h Line: 39)

Unloading 4 Unused Serialized files (Serialized files now loaded: 0)
UnloadTime: 0.248200 ms

Unloading 4 unused Assets to reduce memory usage. Loaded Objects now: 1052.
Total: 1.054500 ms (FindLiveObjects: 0.031700 ms CreateObjectMapping: 0.008000 ms MarkObjects: 0.172400 ms  DeleteObjects: 0.842000 ms)

BOUNDARY PASS native Ball.Start attaches guard; skills=False 
(Filename: E:\unity\Runtime/Export/Debug/Debug.bindings.h Line: 39)

BOUNDARY PASS fresh rally is clear; skills=False 
(Filename: E:\unity\Runtime/Export/Debug/Debug.bindings.h Line: 39)

BOUNDARY GROUND rolling goal skills=False side=-1 floor=-1.81 mouth=Center: (-6.1, 0.4, 0.0), Extents: (0.1, 2.1, 0.0) ball=Center: (-7.2, -1.5, -0.4), Extents: (0.3, 0.3, 0.0) 
(Filename: E:\unity\Runtime/Export/Debug/Debug.bindings.h Line: 39)

BOUNDARY PASS rolling goal skills=False side=-1 counts real floor-level entry 
(Filename: E:\unity\Runtime/Export/Debug/Debug.bindings.h Line: 39)

BOUNDARY PASS rolling goal skills=False side=-1 does not whistle out 
(Filename: E:\unity\Runtime/Export/Debug/Debug.bindings.h Line: 39)

BOUNDARY PASS rolling goal skills=False side=-1 scores once and restarts 
(Filename: E:\unity\Runtime/Export/Debug/Debug.bindings.h Line: 39)

Unloading 4 Unused Serialized files (Serialized files now loaded: 0)
UnloadTime: 0.218800 ms

Unloading 4 unused Assets to reduce memory usage. Loaded Objects now: 1052.
Total: 1.340100 ms (FindLiveObjects: 0.029500 ms CreateObjectMapping: 0.007200 ms MarkObjects: 0.250300 ms  DeleteObjects: 1.052700 ms)

BOUNDARY PASS native Ball.Start attaches guard; skills=False 
(Filename: E:\unity\Runtime/Export/Debug/Debug.bindings.h Line: 39)

BOUNDARY PASS fresh rally is clear; skills=False 
(Filename: E:\unity\Runtime/Export/Debug/Debug.bindings.h Line: 39)

BOUNDARY PASS native out skills=False side=1 actual OutTrigger starts restart 
(Filename: E:\unity\Runtime/Export/Debug/Debug.bindings.h Line: 39)

BOUNDARY PASS native out skills=False side=1 clears out/stop state after restart 
(Filename: E:\unity\Runtime/Export/Debug/Debug.bindings.h Line: 39)

BOUNDARY PASS native out skills=False side=1 ball returns to pitch 
(Filename: E:\unity\Runtime/Export/Debug/Debug.bindings.h Line: 39)

BOUNDARY PASS native out skills=False side=1 restart keeps score unchanged 
(Filename: E:\unity\Runtime/Export/Debug/Debug.bindings.h Line: 39)

Unloading 4 Unused Serialized files (Serialized files now loaded: 0)
UnloadTime: 0.237300 ms

Unloading 4 unused Assets to reduce memory usage. Loaded Objects now: 1052.
Total: 1.285700 ms (FindLiveObjects: 0.089400 ms CreateObjectMapping: 0.008500 ms MarkObjects: 0.239400 ms  DeleteObjects: 0.947700 ms)

BOUNDARY PASS native Ball.Start attaches guard; skills=False 
(Filename: E:\unity\Runtime/Export/Debug/Debug.bindings.h Line: 39)

BOUNDARY PASS fresh rally is clear; skills=False 
(Filename: E:\unity\Runtime/Export/Debug/Debug.bindings.h Line: 39)

BOUNDARY PASS behind goal skills=False side=1 elevated=False is out instead of trapped 
(Filename: E:\unity\Runtime/Export/Debug/Debug.bindings.h Line: 39)

BOUNDARY PASS behind goal skills=False side=1 elevated=False awards no goal 
(Filename: E:\unity\Runtime/Export/Debug/Debug.bindings.h Line: 39)

BOUNDARY PASS behind goal skills=False side=1 elevated=False physical rebound cannot score 
(Filename: E:\unity\Runtime/Export/Debug/Debug.bindings.h Line: 39)

BOUNDARY PASS behind goal skills=False side=1 elevated=False clears out/stop state after restart 
(Filename: E:\unity\Runtime/Export/Debug/Debug.bindings.h Line: 39)

BOUNDARY PASS behind goal skills=False side=1 elevated=False ball returns to pitch 
(Filename: E:\unity\Runtime/Export/Debug/Debug.bindings.h Line: 39)

BOUNDARY PASS behind goal skills=False side=1 elevated=False restart keeps score unchanged 
(Filename: E:\unity\Runtime/Export/Debug/Debug.bindings.h Line: 39)

Unloading 4 Unused Serialized files (Serialized files now loaded: 0)
UnloadTime: 0.245700 ms

Unloading 4 unused Assets to reduce memory usage. Loaded Objects now: 1052.
Total: 1.230600 ms (FindLiveObjects: 0.051000 ms CreateObjectMapping: 0.015300 ms MarkObjects: 0.277300 ms  DeleteObjects: 0.886500 ms)

BOUNDARY PASS native Ball.Start attaches guard; skills=False 
(Filename: E:\unity\Runtime/Export/Debug/Debug.bindings.h Line: 39)

BOUNDARY PASS fresh rally is clear; skills=False 
(Filename: E:\unity\Runtime/Export/Debug/Debug.bindings.h Line: 39)

BOUNDARY PASS behind goal skills=False side=1 elevated=True is out instead of trapped 
(Filename: E:\unity\Runtime/Export/Debug/Debug.bindings.h Line: 39)

BOUNDARY PASS behind goal skills=False side=1 elevated=True awards no goal 
(Filename: E:\unity\Runtime/Export/Debug/Debug.bindings.h Line: 39)

BOUNDARY PASS behind goal skills=False side=1 elevated=True physical rebound cannot score 
(Filename: E:\unity\Runtime/Export/Debug/Debug.bindings.h Line: 39)

BOUNDARY PASS behind goal skills=False side=1 elevated=True clears out/stop state after restart 
(Filename: E:\unity\Runtime/Export/Debug/Debug.bindings.h Line: 39)

BOUNDARY PASS behind goal skills=False side=1 elevated=True ball returns to pitch 
(Filename: E:\unity\Runtime/Export/Debug/Debug.bindings.h Line: 39)

BOUNDARY PASS behind goal skills=False side=1 elevated=True restart keeps score unchanged 
(Filename: E:\unity\Runtime/Export/Debug/Debug.bindings.h Line: 39)

Unloading 4 Unused Serialized files (Serialized files now loaded: 0)
UnloadTime: 0.249200 ms

Unloading 4 unused Assets to reduce memory usage. Loaded Objects now: 1052.
Total: 0.712200 ms (FindLiveObjects: 0.031500 ms CreateObjectMapping: 0.008400 ms MarkObjects: 0.227200 ms  DeleteObjects: 0.444800 ms)

BOUNDARY PASS native Ball.Start attaches guard; skills=False 
(Filename: E:\unity\Runtime/Export/Debug/Debug.bindings.h Line: 39)

BOUNDARY PASS fresh rally is clear; skills=False 
(Filename: E:\unity\Runtime/Export/Debug/Debug.bindings.h Line: 39)

BOUNDARY PASS valid goal skills=False side=1 native trigger counts once 
(Filename: E:\unity\Runtime/Export/Debug/Debug.bindings.h Line: 39)

BOUNDARY PASS valid goal skills=False side=1 net entry is not mistaken for out 
(Filename: E:\unity\Runtime/Export/Debug/Debug.bindings.h Line: 39)

BOUNDARY PASS valid goal skills=False side=1 native restart completes 
(Filename: E:\unity\Runtime/Export/Debug/Debug.bindings.h Line: 39)

BOUNDARY PASS valid goal skills=False side=1 ball returns inside pitch 
(Filename: E:\unity\Runtime/Export/Debug/Debug.bindings.h Line: 39)

Unloading 4 Unused Serialized files (Serialized files now loaded: 0)
UnloadTime: 0.232500 ms

Unloading 4 unused Assets to reduce memory usage. Loaded Objects now: 1052.
Total: 1.031400 ms (FindLiveObjects: 0.052100 ms CreateObjectMapping: 0.009600 ms MarkObjects: 0.173300 ms  DeleteObjects: 0.795900 ms)

BOUNDARY PASS native Ball.Start attaches guard; skills=False 
(Filename: E:\unity\Runtime/Export/Debug/Debug.bindings.h Line: 39)

BOUNDARY PASS fresh rally is clear; skills=False 
(Filename: E:\unity\Runtime/Export/Debug/Debug.bindings.h Line: 39)

BOUNDARY GROUND rolling goal skills=False side=1 floor=-1.81 mouth=Center: (6.2, 0.4, 0.0), Extents: (0.1, 2.1, 0.0) ball=Center: (7.3, -1.5, -0.4), Extents: (0.3, 0.3, 0.0) 
(Filename: E:\unity\Runtime/Export/Debug/Debug.bindings.h Line: 39)

BOUNDARY PASS rolling goal skills=False side=1 counts real floor-level entry 
(Filename: E:\unity\Runtime/Export/Debug/Debug.bindings.h Line: 39)

BOUNDARY PASS rolling goal skills=False side=1 does not whistle out 
(Filename: E:\unity\Runtime/Export/Debug/Debug.bindings.h Line: 39)

Curl error 7: Failed to connect to 127.0.0.1 port 7897: Bad access
 
(Filename:  Line: 867)

BOUNDARY PASS rolling goal skills=False side=1 scores once and restarts 
(Filename: E:\unity\Runtime/Export/Debug/Debug.bindings.h Line: 39)

Unloading 4 Unused Serialized files (Serialized files now loaded: 0)
UnloadTime: 0.228700 ms

Unloading 4 unused Assets to reduce memory usage. Loaded Objects now: 1052.
Total: 1.033800 ms (FindLiveObjects: 0.029500 ms CreateObjectMapping: 0.007200 ms MarkObjects: 0.156800 ms  DeleteObjects: 0.839900 ms)

BOUNDARY PASS native Ball.Start attaches guard; skills=True 
(Filename: E:\unity\Runtime/Export/Debug/Debug.bindings.h Line: 39)

BOUNDARY PASS fresh rally is clear; skills=True 
(Filename: E:\unity\Runtime/Export/Debug/Debug.bindings.h Line: 39)

BOUNDARY PASS near goal inside pitch stays live skills=True side=-1 
(Filename: E:\unity\Runtime/Export/Debug/Debug.bindings.h Line: 39)

BOUNDARY PASS near goal inside pitch stays live skills=True side=1 
(Filename: E:\unity\Runtime/Export/Debug/Debug.bindings.h Line: 39)

BOUNDARY PASS pause suspends new boundary decisions skills=True 
(Filename: E:\unity\Runtime/Export/Debug/Debug.bindings.h Line: 39)

BOUNDARY PASS resume catches ball behind goal skills=True 
(Filename: E:\unity\Runtime/Export/Debug/Debug.bindings.h Line: 39)

BOUNDARY PASS resume skills=True clears out/stop state after restart 
(Filename: E:\unity\Runtime/Export/Debug/Debug.bindings.h Line: 39)

BOUNDARY PASS resume skills=True ball returns to pitch 
(Filename: E:\unity\Runtime/Export/Debug/Debug.bindings.h Line: 39)

BOUNDARY PASS resume skills=True restart keeps score unchanged 
(Filename: E:\unity\Runtime/Export/Debug/Debug.bindings.h Line: 39)

Unloading 4 Unused Serialized files (Serialized files now loaded: 0)
UnloadTime: 0.634200 ms

Unloading 3 unused Assets to reduce memory usage. Loaded Objects now: 1057.
Total: 1.106300 ms (FindLiveObjects: 0.060000 ms CreateObjectMapping: 0.008800 ms MarkObjects: 0.177900 ms  DeleteObjects: 0.859200 ms)

BOUNDARY PASS native Ball.Start attaches guard; skills=True 
(Filename: E:\unity\Runtime/Export/Debug/Debug.bindings.h Line: 39)

BOUNDARY PASS fresh rally is clear; skills=True 
(Filename: E:\unity\Runtime/Export/Debug/Debug.bindings.h Line: 39)

BOUNDARY PASS native out skills=True side=-1 actual OutTrigger starts restart 
(Filename: E:\unity\Runtime/Export/Debug/Debug.bindings.h Line: 39)

BOUNDARY PASS native out skills=True side=-1 clears out/stop state after restart 
(Filename: E:\unity\Runtime/Export/Debug/Debug.bindings.h Line: 39)

BOUNDARY PASS native out skills=True side=-1 ball returns to pitch 
(Filename: E:\unity\Runtime/Export/Debug/Debug.bindings.h Line: 39)

BOUNDARY PASS native out skills=True side=-1 restart keeps score unchanged 
(Filename: E:\unity\Runtime/Export/Debug/Debug.bindings.h Line: 39)

Unloading 4 Unused Serialized files (Serialized files now loaded: 0)
UnloadTime: 0.319800 ms

Unloading 4 unused Assets to reduce memory usage. Loaded Objects now: 1057.
Total: 1.143900 ms (FindLiveObjects: 0.033700 ms CreateObjectMapping: 0.007800 ms MarkObjects: 0.166900 ms  DeleteObjects: 0.935100 ms)

BOUNDARY PASS native Ball.Start attaches guard; skills=True 
(Filename: E:\unity\Runtime/Export/Debug/Debug.bindings.h Line: 39)

BOUNDARY PASS fresh rally is clear; skills=True 
(Filename: E:\unity\Runtime/Export/Debug/Debug.bindings.h Line: 39)

BOUNDARY PASS behind goal skills=True side=-1 elevated=False is out instead of trapped 
(Filename: E:\unity\Runtime/Export/Debug/Debug.bindings.h Line: 39)

BOUNDARY PASS behind goal skills=True side=-1 elevated=False awards no goal 
(Filename: E:\unity\Runtime/Export/Debug/Debug.bindings.h Line: 39)

BOUNDARY PASS behind goal skills=True side=-1 elevated=False physical rebound cannot score 
(Filename: E:\unity\Runtime/Export/Debug/Debug.bindings.h Line: 39)

BOUNDARY PASS behind goal skills=True side=-1 elevated=False clears out/stop state after restart 
(Filename: E:\unity\Runtime/Export/Debug/Debug.bindings.h Line: 39)

BOUNDARY PASS behind goal skills=True side=-1 elevated=False ball returns to pitch 
(Filename: E:\unity\Runtime/Export/Debug/Debug.bindings.h Line: 39)

BOUNDARY PASS behind goal skills=True side=-1 elevated=False restart keeps score unchanged 
(Filename: E:\unity\Runtime/Export/Debug/Debug.bindings.h Line: 39)

Unloading 4 Unused Serialized files (Serialized files now loaded: 0)
UnloadTime: 0.261900 ms

Unloading 4 unused Assets to reduce memory usage. Loaded Objects now: 1057.
Total: 1.101400 ms (FindLiveObjects: 0.034000 ms CreateObjectMapping: 0.008600 ms MarkObjects: 0.202400 ms  DeleteObjects: 0.856000 ms)

BOUNDARY PASS native Ball.Start attaches guard; skills=True 
(Filename: E:\unity\Runtime/Export/Debug/Debug.bindings.h Line: 39)

BOUNDARY PASS fresh rally is clear; skills=True 
(Filename: E:\unity\Runtime/Export/Debug/Debug.bindings.h Line: 39)

BOUNDARY PASS behind goal skills=True side=-1 elevated=True is out instead of trapped 
(Filename: E:\unity\Runtime/Export/Debug/Debug.bindings.h Line: 39)

BOUNDARY PASS behind goal skills=True side=-1 elevated=True awards no goal 
(Filename: E:\unity\Runtime/Export/Debug/Debug.bindings.h Line: 39)

BOUNDARY PASS behind goal skills=True side=-1 elevated=True physical rebound cannot score 
(Filename: E:\unity\Runtime/Export/Debug/Debug.bindings.h Line: 39)

BOUNDARY PASS behind goal skills=True side=-1 elevated=True clears out/stop state after restart 
(Filename: E:\unity\Runtime/Export/Debug/Debug.bindings.h Line: 39)

BOUNDARY PASS behind goal skills=True side=-1 elevated=True ball returns to pitch 
(Filename: E:\unity\Runtime/Export/Debug/Debug.bindings.h Line: 39)

BOUNDARY PASS behind goal skills=True side=-1 elevated=True restart keeps score unchanged 
(Filename: E:\unity\Runtime/Export/Debug/Debug.bindings.h Line: 39)

Unloading 4 Unused Serialized files (Serialized files now loaded: 0)
UnloadTime: 0.257900 ms

Unloading 4 unused Assets to reduce memory usage. Loaded Objects now: 1057.
Total: 1.212200 ms (FindLiveObjects: 0.074900 ms CreateObjectMapping: 0.010700 ms MarkObjects: 0.196300 ms  DeleteObjects: 0.929800 ms)

BOUNDARY PASS native Ball.Start attaches guard; skills=True 
(Filename: E:\unity\Runtime/Export/Debug/Debug.bindings.h Line: 39)

BOUNDARY PASS fresh rally is clear; skills=True 
(Filename: E:\unity\Runtime/Export/Debug/Debug.bindings.h Line: 39)

BOUNDARY PASS valid goal skills=True side=-1 native trigger counts once 
(Filename: E:\unity\Runtime/Export/Debug/Debug.bindings.h Line: 39)

BOUNDARY PASS valid goal skills=True side=-1 net entry is not mistaken for out 
(Filename: E:\unity\Runtime/Export/Debug/Debug.bindings.h Line: 39)

BOUNDARY PASS valid goal skills=True side=-1 native restart completes 
(Filename: E:\unity\Runtime/Export/Debug/Debug.bindings.h Line: 39)

BOUNDARY PASS valid goal skills=True side=-1 ball returns inside pitch 
(Filename: E:\unity\Runtime/Export/Debug/Debug.bindings.h Line: 39)

Unloading 4 Unused Serialized files (Serialized files now loaded: 0)
UnloadTime: 0.283100 ms

Unloading 4 unused Assets to reduce memory usage. Loaded Objects now: 1057.
Total: 1.380000 ms (FindLiveObjects: 0.031800 ms CreateObjectMapping: 0.008500 ms MarkObjects: 0.198100 ms  DeleteObjects: 1.141200 ms)

BOUNDARY PASS native Ball.Start attaches guard; skills=True 
(Filename: E:\unity\Runtime/Export/Debug/Debug.bindings.h Line: 39)

BOUNDARY PASS fresh rally is clear; skills=True 
(Filename: E:\unity\Runtime/Export/Debug/Debug.bindings.h Line: 39)

BOUNDARY GROUND rolling goal skills=True side=-1 floor=-1.81 mouth=Center: (-6.1, 0.4, 0.0), Extents: (0.1, 2.1, 0.0) ball=Center: (-7.3, -1.5, -0.4), Extents: (0.3, 0.3, 0.0) 
(Filename: E:\unity\Runtime/Export/Debug/Debug.bindings.h Line: 39)

BOUNDARY PASS rolling goal skills=True side=-1 counts real floor-level entry 
(Filename: E:\unity\Runtime/Export/Debug/Debug.bindings.h Line: 39)

BOUNDARY PASS rolling goal skills=True side=-1 does not whistle out 
(Filename: E:\unity\Runtime/Export/Debug/Debug.bindings.h Line: 39)

BOUNDARY PASS rolling goal skills=True side=-1 scores once and restarts 
(Filename: E:\unity\Runtime/Export/Debug/Debug.bindings.h Line: 39)

Unloading 4 Unused Serialized files (Serialized files now loaded: 0)
UnloadTime: 0.292900 ms

Unloading 4 unused Assets to reduce memory usage. Loaded Objects now: 1057.
Total: 1.437900 ms (FindLiveObjects: 0.031600 ms CreateObjectMapping: 0.008400 ms MarkObjects: 0.245000 ms  DeleteObjects: 1.152400 ms)

BOUNDARY PASS native Ball.Start attaches guard; skills=True 
(Filename: E:\unity\Runtime/Export/Debug/Debug.bindings.h Line: 39)

BOUNDARY PASS fresh rally is clear; skills=True 
(Filename: E:\unity\Runtime/Export/Debug/Debug.bindings.h Line: 39)

BOUNDARY PASS native out skills=True side=1 actual OutTrigger starts restart 
(Filename: E:\unity\Runtime/Export/Debug/Debug.bindings.h Line: 39)

BOUNDARY PASS native out skills=True side=1 clears out/stop state after restart 
(Filename: E:\unity\Runtime/Export/Debug/Debug.bindings.h Line: 39)

BOUNDARY PASS native out skills=True side=1 ball returns to pitch 
(Filename: E:\unity\Runtime/Export/Debug/Debug.bindings.h Line: 39)

BOUNDARY PASS native out skills=True side=1 restart keeps score unchanged 
(Filename: E:\unity\Runtime/Export/Debug/Debug.bindings.h Line: 39)

Unloading 4 Unused Serialized files (Serialized files now loaded: 0)
UnloadTime: 0.284900 ms

Unloading 4 unused Assets to reduce memory usage. Loaded Objects now: 1057.
Total: 1.132500 ms (FindLiveObjects: 0.056300 ms CreateObjectMapping: 0.009300 ms MarkObjects: 0.222700 ms  DeleteObjects: 0.843800 ms)

BOUNDARY PASS native Ball.Start attaches guard; skills=True 
(Filename: E:\unity\Runtime/Export/Debug/Debug.bindings.h Line: 39)

BOUNDARY PASS fresh rally is clear; skills=True 
(Filename: E:\unity\Runtime/Export/Debug/Debug.bindings.h Line: 39)

BOUNDARY PASS behind goal skills=True side=1 elevated=False is out instead of trapped 
(Filename: E:\unity\Runtime/Export/Debug/Debug.bindings.h Line: 39)

BOUNDARY PASS behind goal skills=True side=1 elevated=False awards no goal 
(Filename: E:\unity\Runtime/Export/Debug/Debug.bindings.h Line: 39)

BOUNDARY PASS behind goal skills=True side=1 elevated=False physical rebound cannot score 
(Filename: E:\unity\Runtime/Export/Debug/Debug.bindings.h Line: 39)

BOUNDARY PASS behind goal skills=True side=1 elevated=False clears out/stop state after restart 
(Filename: E:\unity\Runtime/Export/Debug/Debug.bindings.h Line: 39)

BOUNDARY PASS behind goal skills=True side=1 elevated=False ball returns to pitch 
(Filename: E:\unity\Runtime/Export/Debug/Debug.bindings.h Line: 39)

BOUNDARY PASS behind goal skills=True side=1 elevated=False restart keeps score unchanged 
(Filename: E:\unity\Runtime/Export/Debug/Debug.bindings.h Line: 39)

Unloading 4 Unused Serialized files (Serialized files now loaded: 0)
UnloadTime: 0.246500 ms

Unloading 4 unused Assets to reduce memory usage. Loaded Objects now: 1057.
Total: 1.163900 ms (FindLiveObjects: 0.051900 ms CreateObjectMapping: 0.015300 ms MarkObjects: 0.192000 ms  DeleteObjects: 0.904200 ms)

BOUNDARY PASS native Ball.Start attaches guard; skills=True 
(Filename: E:\unity\Runtime/Export/Debug/Debug.bindings.h Line: 39)

BOUNDARY PASS fresh rally is clear; skills=True 
(Filename: E:\unity\Runtime/Export/Debug/Debug.bindings.h Line: 39)

BOUNDARY PASS behind goal skills=True side=1 elevated=True is out instead of trapped 
(Filename: E:\unity\Runtime/Export/Debug/Debug.bindings.h Line: 39)

BOUNDARY PASS behind goal skills=True side=1 elevated=True awards no goal 
(Filename: E:\unity\Runtime/Export/Debug/Debug.bindings.h Line: 39)

BOUNDARY PASS behind goal skills=True side=1 elevated=True physical rebound cannot score 
(Filename: E:\unity\Runtime/Export/Debug/Debug.bindings.h Line: 39)

BOUNDARY PASS behind goal skills=True side=1 elevated=True clears out/stop state after restart 
(Filename: E:\unity\Runtime/Export/Debug/Debug.bindings.h Line: 39)

BOUNDARY PASS behind goal skills=True side=1 elevated=True ball returns to pitch 
(Filename: E:\unity\Runtime/Export/Debug/Debug.bindings.h Line: 39)

BOUNDARY PASS behind goal skills=True side=1 elevated=True restart keeps score unchanged 
(Filename: E:\unity\Runtime/Export/Debug/Debug.bindings.h Line: 39)

Unloading 4 Unused Serialized files (Serialized files now loaded: 0)
UnloadTime: 0.239000 ms

Unloading 4 unused Assets to reduce memory usage. Loaded Objects now: 1057.
Total: 1.068500 ms (FindLiveObjects: 0.029300 ms CreateObjectMapping: 0.007500 ms MarkObjects: 0.186300 ms  DeleteObjects: 0.845200 ms)

BOUNDARY PASS native Ball.Start attaches guard; skills=True 
(Filename: E:\unity\Runtime/Export/Debug/Debug.bindings.h Line: 39)

BOUNDARY PASS fresh rally is clear; skills=True 
(Filename: E:\unity\Runtime/Export/Debug/Debug.bindings.h Line: 39)

BOUNDARY PASS valid goal skills=True side=1 native trigger counts once 
(Filename: E:\unity\Runtime/Export/Debug/Debug.bindings.h Line: 39)

BOUNDARY PASS valid goal skills=True side=1 net entry is not mistaken for out 
(Filename: E:\unity\Runtime/Export/Debug/Debug.bindings.h Line: 39)

BOUNDARY PASS valid goal skills=True side=1 native restart completes 
(Filename: E:\unity\Runtime/Export/Debug/Debug.bindings.h Line: 39)

BOUNDARY PASS valid goal skills=True side=1 ball returns inside pitch 
(Filename: E:\unity\Runtime/Export/Debug/Debug.bindings.h Line: 39)

Unloading 4 Unused Serialized files (Serialized files now loaded: 0)
UnloadTime: 0.250400 ms

Unloading 4 unused Assets to reduce memory usage. Loaded Objects now: 1057.
Total: 1.142700 ms (FindLiveObjects: 0.030500 ms CreateObjectMapping: 0.008100 ms MarkObjects: 0.161500 ms  DeleteObjects: 0.942500 ms)

BOUNDARY PASS native Ball.Start attaches guard; skills=True 
(Filename: E:\unity\Runtime/Export/Debug/Debug.bindings.h Line: 39)

BOUNDARY PASS fresh rally is clear; skills=True 
(Filename: E:\unity\Runtime/Export/Debug/Debug.bindings.h Line: 39)

BOUNDARY GROUND rolling goal skills=True side=1 floor=-1.81 mouth=Center: (6.2, 0.4, 0.0), Extents: (0.1, 2.1, 0.0) ball=Center: (7.3, -1.5, -0.4), Extents: (0.3, 0.3, 0.0) 
(Filename: E:\unity\Runtime/Export/Debug/Debug.bindings.h Line: 39)

BOUNDARY PASS rolling goal skills=True side=1 counts real floor-level entry 
(Filename: E:\unity\Runtime/Export/Debug/Debug.bindings.h Line: 39)

BOUNDARY PASS rolling goal skills=True side=1 does not whistle out 
(Filename: E:\unity\Runtime/Export/Debug/Debug.bindings.h Line: 39)

BOUNDARY PASS rolling goal skills=True side=1 scores once and restarts 
(Filename: E:\unity\Runtime/Export/Debug/Debug.bindings.h Line: 39)

BOUNDARY COMPLETE checks=150 failures=0 
(Filename: E:\unity\Runtime/Export/Debug/Debug.bindings.h Line: 39)

Setting up 12 worker threads for Enlighten.
  Thread -> id: 499c -> priority: 1 
  Thread -> id: 4c88 -> priority: 1 
  Thread -> id: 311c -> priority: 1 
  Thread -> id: 2220 -> priority: 1 
  Thread -> id: 405c -> priority: 1 
  Thread -> id: 8b0c -> priority: 1 
  Thread -> id: 9398 -> priority: 1 
  Thread -> id: 1300 -> priority: 1 
  Thread -> id: 7950 -> priority: 1 
  Thread -> id: 20b0 -> priority: 1 
  Thread -> id: 54c8 -> priority: 1 
  Thread -> id: 8edc -> priority: 1 
