Mono path[0] = 'C:/Users/Alienware/Desktop/范志毅vs赵鹏/范志毅vs赵鹏 pc双人版（32位）/鑼冨織姣匳s璧甸箯 pc鍙屼汉鐗堬紙32浣嶏級/fanzhiyi_Data/Managed'
Mono config path = 'C:/Users/Alienware/Desktop/范志毅vs赵鹏/范志毅vs赵鹏 pc双人版（32位）/鑼冨織姣匳s璧甸箯 pc鍙屼汉鐗堬紙32浣嶏級/MonoBleedingEdge/etc'
AS: AutoStreaming module initializing.Initialize engine version: 2019.4.33f1c1 (c2f94a8bebb3)
[Subsystems] Discovering subsystems at path C:/Users/Alienware/Desktop/范志毅vs赵鹏/范志毅vs赵鹏 pc双人版（32位）/鑼冨織姣匳s璧甸箯 pc鍙屼汉鐗堬紙32浣嶏級/fanzhiyi_Data/UnitySubsystems
GfxDevice: creating device client; threaded=1
Direct3D:
    Version:  Direct3D 11.0 [level 11.1]
    Renderer: NVIDIA GeForce RTX 5070 Laptop GPU (ID=0x2d58)
    Vendor:   (null)
    VRAM:     3072 MB
    Driver:   32.0.15.9608
Begin MonoManager ReloadAssembly
- Completed reload, in  0.051 seconds
<RI> Initializing input.
<RI> Input initialized.
<RI> Initialized touch support.
UnloadTime: 0.519900 ms
Unloading 5 Unused Serialized files (Serialized files now loaded: 0)
UnloadTime: 0.187900 ms

Unloading 113 unused Assets to reduce memory usage. Loaded Objects now: 1009.
Total: 0.607700 ms (FindLiveObjects: 0.064600 ms CreateObjectMapping: 0.011300 ms MarkObjects: 0.231400 ms  DeleteObjects: 0.300100 ms)

CONTACT PASS near-body ball and kick cannot trigger volley without foot contact 
(Filename: E:\unity\Runtime/Export/Debug/Debug.bindings.h Line: 39)

CONTACT COLLIDER Head CircleCollider2D 
(Filename: E:\unity\Runtime/Export/Debug/Debug.bindings.h Line: 39)

CONTACT COLLIDER Body BoxCollider2D 
(Filename: E:\unity\Runtime/Export/Debug/Debug.bindings.h Line: 39)

CONTACT COLLIDER L_Up_Arm BoxCollider2D 
(Filename: E:\unity\Runtime/Export/Debug/Debug.bindings.h Line: 39)

CONTACT COLLIDER L_Low_Arm BoxCollider2D 
(Filename: E:\unity\Runtime/Export/Debug/Debug.bindings.h Line: 39)

CONTACT COLLIDER R_Up_Arm BoxCollider2D 
(Filename: E:\unity\Runtime/Export/Debug/Debug.bindings.h Line: 39)

CONTACT COLLIDER R_Low_Arm BoxCollider2D 
(Filename: E:\unity\Runtime/Export/Debug/Debug.bindings.h Line: 39)

CONTACT COLLIDER L_Up_Leg BoxCollider2D 
(Filename: E:\unity\Runtime/Export/Debug/Debug.bindings.h Line: 39)

CONTACT COLLIDER L_LowLeg BoxCollider2D 
(Filename: E:\unity\Runtime/Export/Debug/Debug.bindings.h Line: 39)

CONTACT COLLIDER R_Up_Leg BoxCollider2D 
(Filename: E:\unity\Runtime/Export/Debug/Debug.bindings.h Line: 39)

CONTACT COLLIDER R_LowLeg BoxCollider2D 
(Filename: E:\unity\Runtime/Export/Debug/Debug.bindings.h Line: 39)

CONTACT PASS actual lower-leg foot collider found 
(Filename: E:\unity\Runtime/Export/Debug/Debug.bindings.h Line: 39)

CONTACT PASS head contact is rejected 
(Filename: E:\unity\Runtime/Export/Debug/Debug.bindings.h Line: 39)

CONTACT FOOT POSITION (-3.2, -0.3) 
(Filename: E:\unity\Runtime/Export/Debug/Debug.bindings.h Line: 39)

CONTACT PASS original jumping physics lifts real foot into air 
(Filename: E:\unity\Runtime/Export/Debug/Debug.bindings.h Line: 39)

CONTACT PASS real aerial foot-ball collision with kick triggers volley 
(Filename: E:\unity\Runtime/Export/Debug/Debug.bindings.h Line: 39)

CONTACT PASS real contact produces elevated shot 
(Filename: E:\unity\Runtime/Export/Debug/Debug.bindings.h Line: 39)

CONTACT PASS all original player joints survive contact skill 
(Filename: E:\unity\Runtime/Export/Debug/Debug.bindings.h Line: 39)

CONTACT PASS original posture control remains enabled 
(Filename: E:\unity\Runtime/Export/Debug/Debug.bindings.h Line: 39)

CONTACT PASS Zhao auto-intercepts ground ball at 2.5 units without kick command 
(Filename: E:\unity\Runtime/Export/Debug/Debug.bindings.h Line: 39)

CONTACT PASS automatic intercept actually controls incoming ball 
(Filename: E:\unity\Runtime/Export/Debug/Debug.bindings.h Line: 39)

CONTACT PASS classic mode has no automatic interception 
(Filename: E:\unity\Runtime/Export/Debug/Debug.bindings.h Line: 39)

CONTACT VERIFICATION COMPLETE 
(Filename: E:\unity\Runtime/Export/Debug/Debug.bindings.h Line: 39)

