Process is running in low integrity mode...
Mono path[0] = 'C:/Users/Alienware/Desktop/范志毅VS赵鹏/范志毅VS赵鹏 PC双人版（32位）/鑼冨織姣匳S璧甸箯 PC鍙屼汉鐗堬紙32浣嶏級/AI Mod Source/build/burst-test-player/FanZhiYi_Data/Managed'
Mono config path = 'C:/Users/Alienware/Desktop/范志毅VS赵鹏/范志毅VS赵鹏 PC双人版（32位）/鑼冨織姣匳S璧甸箯 PC鍙屼汉鐗堬紙32浣嶏級/AI Mod Source/build/burst-test-player/MonoBleedingEdge/etc'
AS: AutoStreaming module initializing.Initialize engine version: 2019.4.33f1c1 (c2f94a8bebb3)
[Subsystems] Discovering subsystems at path C:/Users/Alienware/Desktop/范志毅VS赵鹏/范志毅VS赵鹏 PC双人版（32位）/鑼冨織姣匳S璧甸箯 PC鍙屼汉鐗堬紙32浣嶏級/AI Mod Source/build/burst-test-player/FanZhiYi_Data/UnitySubsystems
Forcing GfxDevice: Null
GfxDevice: creating device client; threaded=0
NullGfxDevice:
    Version:  NULL 1.0 [1.0]
    Renderer: Null Device
    Vendor:   Unity Technologies
Begin MonoManager ReloadAssembly
- Completed reload, in  0.144 seconds
Microsoft Media Foundation video decoding to texture disabled: graphics device is Null, only Direct3D 11 and Direct3D 12 (only on desktop) are supported for hardware-accelerated video decoding.
UnloadTime: 0.419100 ms
Unloading 5 Unused Serialized files (Serialized files now loaded: 0)
UnloadTime: 0.140600 ms

Unloading 145 unused Assets to reduce memory usage. Loaded Objects now: 1003.
Total: 0.522100 ms (FindLiveObjects: 0.036400 ms CreateObjectMapping: 0.010600 ms MarkObjects: 0.176500 ms  DeleteObjects: 0.298200 ms)

DEFENSE PASS real Fan foot contact launches skill case=0 
(Filename: E:\unity\Runtime/Export/Debug/Debug.bindings.h Line: 39)

DEFENSE PARAM case=0 nativeForce=130000 jumpEstimate= start=(1.0, 0.0) shot=(-3.2, -1.5) 
(Filename: E:\unity\Runtime/Export/Debug/Debug.bindings.h Line: 39)

DEFENSE PASS skill forecast follows real unobstructed physics error=0.1864171 
(Filename: E:\unity\Runtime/Export/Debug/Debug.bindings.h Line: 39)

DEFENSE PASS native Zhao skeleton stays connected case=0 error=0.2525712 
(Filename: E:\unity\Runtime/Export/Debug/Debug.bindings.h Line: 39)

DEFENSE RESULT case=0 lift=0 baseline=True touched=True saved=False score=1 firstJump=-1 firstHead=-1 end=(4.1, 0.2) 
(Filename: E:\unity\Runtime/Export/Debug/Debug.bindings.h Line: 39)

Unloading 4 Unused Serialized files (Serialized files now loaded: 0)
UnloadTime: 0.826600 ms

Unloading 37 unused Assets to reduce memory usage. Loaded Objects now: 1051.
Total: 1.081700 ms (FindLiveObjects: 0.032600 ms CreateObjectMapping: 0.008400 ms MarkObjects: 0.150800 ms  DeleteObjects: 0.889600 ms)

DEFENSE PASS real Fan foot contact launches skill case=1 
(Filename: E:\unity\Runtime/Export/Debug/Debug.bindings.h Line: 39)

DEFENSE PARAM case=1 nativeForce=130000 jumpEstimate= start=(4.5, 0.0) shot=(-2.4, -1.5) 
(Filename: E:\unity\Runtime/Export/Debug/Debug.bindings.h Line: 39)

DEFENSE PASS native Zhao skeleton stays connected case=1 error=0.3450072 
(Filename: E:\unity\Runtime/Export/Debug/Debug.bindings.h Line: 39)

DEFENSE RESULT case=1 lift=0 baseline=True touched=True saved=True score=0 firstJump=-1 firstHead=-1 end=(6.6, -0.1) 
(Filename: E:\unity\Runtime/Export/Debug/Debug.bindings.h Line: 39)

Unloading 4 Unused Serialized files (Serialized files now loaded: 0)
UnloadTime: 0.229400 ms

Unloading 3 unused Assets to reduce memory usage. Loaded Objects now: 1051.
Total: 1.303400 ms (FindLiveObjects: 0.030600 ms CreateObjectMapping: 0.008000 ms MarkObjects: 0.164100 ms  DeleteObjects: 1.100300 ms)

DEFENSE PASS real Fan foot contact launches skill case=2 
(Filename: E:\unity\Runtime/Export/Debug/Debug.bindings.h Line: 39)

DEFENSE PARAM case=2 nativeForce=130000 jumpEstimate= start=(2.3, 0.0) shot=(-1.2, -1.5) 
(Filename: E:\unity\Runtime/Export/Debug/Debug.bindings.h Line: 39)

DEFENSE PASS native Zhao skeleton stays connected case=2 error=0.1041658 
(Filename: E:\unity\Runtime/Export/Debug/Debug.bindings.h Line: 39)

DEFENSE RESULT case=2 lift=0 baseline=True touched=True saved=False score=1 firstJump=-1 firstHead=-1 end=(5.1, 0.1) 
(Filename: E:\unity\Runtime/Export/Debug/Debug.bindings.h Line: 39)

Unloading 4 Unused Serialized files (Serialized files now loaded: 0)
UnloadTime: 0.222500 ms

Unloading 4 unused Assets to reduce memory usage. Loaded Objects now: 1051.
Total: 1.067500 ms (FindLiveObjects: 0.031000 ms CreateObjectMapping: 0.008400 ms MarkObjects: 0.180400 ms  DeleteObjects: 0.847400 ms)

DEFENSE PASS real Fan foot contact launches skill case=3 
(Filename: E:\unity\Runtime/Export/Debug/Debug.bindings.h Line: 39)

DEFENSE PARAM case=3 nativeForce=130000 jumpEstimate= start=(4.5, 0.1) shot=(-0.4, -1.5) 
(Filename: E:\unity\Runtime/Export/Debug/Debug.bindings.h Line: 39)

DEFENSE PASS native Zhao skeleton stays connected case=3 error=0.2575718 
(Filename: E:\unity\Runtime/Export/Debug/Debug.bindings.h Line: 39)

DEFENSE RESULT case=3 lift=0 baseline=True touched=True saved=True score=0 firstJump=-1 firstHead=0.9000001 end=(6.6, 0.1) 
(Filename: E:\unity\Runtime/Export/Debug/Debug.bindings.h Line: 39)

Unloading 4 Unused Serialized files (Serialized files now loaded: 0)
UnloadTime: 0.222500 ms

Unloading 3 unused Assets to reduce memory usage. Loaded Objects now: 1051.
Total: 1.103800 ms (FindLiveObjects: 0.051700 ms CreateObjectMapping: 0.014300 ms MarkObjects: 0.163900 ms  DeleteObjects: 0.873600 ms)

DEFENSE PASS real Fan foot contact launches skill case=4 
(Filename: E:\unity\Runtime/Export/Debug/Debug.bindings.h Line: 39)

DEFENSE PARAM case=4 nativeForce=130000 jumpEstimate= start=(4.5, 0.0) shot=(0.6, -1.5) 
(Filename: E:\unity\Runtime/Export/Debug/Debug.bindings.h Line: 39)

DEFENSE PASS native Zhao skeleton stays connected case=4 error=0.1724142 
(Filename: E:\unity\Runtime/Export/Debug/Debug.bindings.h Line: 39)

DEFENSE RESULT case=4 lift=0 baseline=True touched=True saved=False score=1 firstJump=-1 firstHead=-1 end=(6.7, 0.0) 
(Filename: E:\unity\Runtime/Export/Debug/Debug.bindings.h Line: 39)

Unloading 4 Unused Serialized files (Serialized files now loaded: 0)
UnloadTime: 0.233500 ms

Unloading 4 unused Assets to reduce memory usage. Loaded Objects now: 1051.
Total: 1.186900 ms (FindLiveObjects: 0.050000 ms CreateObjectMapping: 0.007600 ms MarkObjects: 0.164600 ms  DeleteObjects: 0.964500 ms)

DEFENSE PASS real Fan foot contact launches skill case=5 
(Filename: E:\unity\Runtime/Export/Debug/Debug.bindings.h Line: 39)

DEFENSE PARAM case=5 nativeForce=130000 jumpEstimate= start=(4.8, 0.0) shot=(1.6, -1.5) 
(Filename: E:\unity\Runtime/Export/Debug/Debug.bindings.h Line: 39)

DEFENSE PASS native Zhao skeleton stays connected case=5 error=0.1505586 
(Filename: E:\unity\Runtime/Export/Debug/Debug.bindings.h Line: 39)

DEFENSE RESULT case=5 lift=0 baseline=True touched=True saved=True score=0 firstJump=-1 firstHead=0.6000004 end=(3.5, -0.2) 
(Filename: E:\unity\Runtime/Export/Debug/Debug.bindings.h Line: 39)

Unloading 4 Unused Serialized files (Serialized files now loaded: 0)
UnloadTime: 0.319800 ms

Unloading 3 unused Assets to reduce memory usage. Loaded Objects now: 1051.
Total: 1.523300 ms (FindLiveObjects: 0.043100 ms CreateObjectMapping: 0.008900 ms MarkObjects: 0.213500 ms  DeleteObjects: 1.257300 ms)

DEFENSE PASS real Fan foot contact launches skill case=6 
(Filename: E:\unity\Runtime/Export/Debug/Debug.bindings.h Line: 39)

DEFENSE PARAM case=6 nativeForce=130000 jumpEstimate= start=(2.0, 0.1) shot=(-3.2, -0.2) 
(Filename: E:\unity\Runtime/Export/Debug/Debug.bindings.h Line: 39)

DEFENSE PASS native Zhao skeleton stays connected case=6 error=0.2906708 
(Filename: E:\unity\Runtime/Export/Debug/Debug.bindings.h Line: 39)

DEFENSE RESULT case=6 lift=1.4 baseline=True touched=True saved=False score=1 firstJump=-1 firstHead=-1 end=(5.2, 0.1) 
(Filename: E:\unity\Runtime/Export/Debug/Debug.bindings.h Line: 39)

Unloading 4 Unused Serialized files (Serialized files now loaded: 0)
UnloadTime: 0.486600 ms

Unloading 4 unused Assets to reduce memory usage. Loaded Objects now: 1051.
Total: 1.347400 ms (FindLiveObjects: 0.040600 ms CreateObjectMapping: 0.009900 ms MarkObjects: 0.253300 ms  DeleteObjects: 1.043300 ms)

DEFENSE PASS real Fan foot contact launches skill case=7 
(Filename: E:\unity\Runtime/Export/Debug/Debug.bindings.h Line: 39)

DEFENSE PARAM case=7 nativeForce=130000 jumpEstimate= start=(3.8, 0.0) shot=(-1.6, -0.2) 
(Filename: E:\unity\Runtime/Export/Debug/Debug.bindings.h Line: 39)

DEFENSE PASS native Zhao skeleton stays connected case=7 error=0.226559 
(Filename: E:\unity\Runtime/Export/Debug/Debug.bindings.h Line: 39)

DEFENSE RESULT case=7 lift=1.4 baseline=True touched=True saved=False score=1 firstJump=-1 firstHead=-1 end=(7.0, 0.0) 
(Filename: E:\unity\Runtime/Export/Debug/Debug.bindings.h Line: 39)

Unloading 4 Unused Serialized files (Serialized files now loaded: 0)
UnloadTime: 0.382600 ms

Unloading 4 unused Assets to reduce memory usage. Loaded Objects now: 1051.
Total: 1.388900 ms (FindLiveObjects: 0.052700 ms CreateObjectMapping: 0.016100 ms MarkObjects: 0.289000 ms  DeleteObjects: 1.030700 ms)

DEFENSE PASS real Fan foot contact launches skill case=8 
(Filename: E:\unity\Runtime/Export/Debug/Debug.bindings.h Line: 39)

DEFENSE PARAM case=8 nativeForce=130000 jumpEstimate= start=(4.6, 0.0) shot=(-0.2, -0.2) 
(Filename: E:\unity\Runtime/Export/Debug/Debug.bindings.h Line: 39)

DEFENSE PASS native Zhao skeleton stays connected case=8 error=0.07645432 
(Filename: E:\unity\Runtime/Export/Debug/Debug.bindings.h Line: 39)

DEFENSE RESULT case=8 lift=1.4 baseline=True touched=True saved=True score=0 firstJump=-1 firstHead=0.8000011 end=(6.9, 0.1) 
(Filename: E:\unity\Runtime/Export/Debug/Debug.bindings.h Line: 39)

DEFENSE COMPLETE baseline=True checks=19 launches=9 touches=9 saves=4 failures=0 
(Filename: E:\unity\Runtime/Export/Debug/Debug.bindings.h Line: 39)

Setting up 12 worker threads for Enlighten.
  Thread -> id: 9a68 -> priority: 1 
  Thread -> id: 20b0 -> priority: 1 
  Thread -> id: 70d4 -> priority: 1 
  Thread -> id: 3cb4 -> priority: 1 
  Thread -> id: 9124 -> priority: 1 
  Thread -> id: 5418 -> priority: 1 
  Thread -> id: 6ec8 -> priority: 1 
  Thread -> id: 4a14 -> priority: 1 
  Thread -> id: 3b84 -> priority: 1 
  Thread -> id: 2944 -> priority: 1 
  Thread -> id: 39e4 -> priority: 1 
  Thread -> id: 4444 -> priority: 1 
