Mono path[0] = 'C:/Users/Alienware/Documents/范志毅VS赵鹏/范志毅VS赵鹏 PC双人版（32位）/鑼冨織姣匳S璧甸箯 PC鍙屼汉鐗堬紙32浣嶏級/AI Mod Source/build/zhao-strategy-test-player-experiment/FanZhiYi_Data/Managed'
Mono config path = 'C:/Users/Alienware/Documents/范志毅VS赵鹏/范志毅VS赵鹏 PC双人版（32位）/鑼冨織姣匳S璧甸箯 PC鍙屼汉鐗堬紙32浣嶏級/AI Mod Source/build/zhao-strategy-test-player-experiment/MonoBleedingEdge/etc'
AS: AutoStreaming module initializing.Initialize engine version: 2019.4.33f1c1 (c2f94a8bebb3)
[Subsystems] Discovering subsystems at path C:/Users/Alienware/Documents/范志毅VS赵鹏/范志毅VS赵鹏 PC双人版（32位）/鑼冨織姣匳S璧甸箯 PC鍙屼汉鐗堬紙32浣嶏級/AI Mod Source/build/zhao-strategy-test-player-experiment/FanZhiYi_Data/UnitySubsystems
GfxDevice: creating device client; threaded=1
Direct3D:
    Version:  Direct3D 11.0 [level 11.1]
    Renderer: NVIDIA GeForce RTX 5070 Laptop GPU (ID=0x2d58)
    Vendor:   (null)
    VRAM:     3072 MB
    Driver:   32.0.15.9608
Begin MonoManager ReloadAssembly
- Completed reload, in  0.107 seconds
<RI> Initializing input.
<RI> Input initialized.
<RI> Initialized touch support.
UnloadTime: 0.489200 ms
Unloading 5 Unused Serialized files (Serialized files now loaded: 0)
UnloadTime: 0.168800 ms

Unloading 143 unused Assets to reduce memory usage. Loaded Objects now: 1009.
Total: 0.746900 ms (FindLiveObjects: 0.109800 ms CreateObjectMapping: 0.067900 ms MarkObjects: 0.233000 ms  DeleteObjects: 0.335700 ms)

DROP HEIGHT floor=-1.81 shin=1.1463 radius=0.1938753 low=-1.23685 
(Filename: E:\unity\Runtime/Export/Debug/Debug.bindings.h Line: 39)

DROP PASS standing thigh reference follows edition size 
(Filename: E:\unity\Runtime/Export/Debug/Debug.bindings.h Line: 39)

DROP PASS front ball flying away does not auto drop 
(Filename: E:\unity\Runtime/Export/Debug/Debug.bindings.h Line: 39)

DROP PASS stationary ball does not auto drop 
(Filename: E:\unity\Runtime/Export/Debug/Debug.bindings.h Line: 39)

DROP PASS rear incoming ball requires manual key 
(Filename: E:\unity\Runtime/Export/Debug/Debug.bindings.h Line: 39)

DROP PASS high incoming ball stays above fixed standing thigh threshold 
(Filename: E:\unity\Runtime/Export/Debug/Debug.bindings.h Line: 39)

DROP PASS steep downward ball is not low flat flight 
(Filename: E:\unity\Runtime/Export/Debug/Debug.bindings.h Line: 39)

DROP PASS distant low ball does not cause premature drop 
(Filename: E:\unity\Runtime/Export/Debug/Debug.bindings.h Line: 39)

DROP PASS near front low flat incoming ball is eligible 
(Filename: E:\unity\Runtime/Export/Debug/Debug.bindings.h Line: 39)

DROP PASS upper thigh ball is eligible below standing top 
(Filename: E:\unity\Runtime/Export/Debug/Debug.bindings.h Line: 39)

DROP PASS ball crossing thigh upper edge is rejected 
(Filename: E:\unity\Runtime/Export/Debug/Debug.bindings.h Line: 39)

DROP PASS paused game does not auto drop 
(Filename: E:\unity\Runtime/Export/Debug/Debug.bindings.h Line: 39)

DROP PASS stopped rally does not auto drop 
(Filename: E:\unity\Runtime/Export/Debug/Debug.bindings.h Line: 39)

DROP PASS manual S with front ball cannot bypass automatic conditions 
(Filename: E:\unity\Runtime/Export/Debug/Debug.bindings.h Line: 39)

Unloading 4 Unused Serialized files (Serialized files now loaded: 0)
UnloadTime: 1.305900 ms

Unloading 37 unused Assets to reduce memory usage. Loaded Objects now: 1060.
Total: 1.299400 ms (FindLiveObjects: 0.044500 ms CreateObjectMapping: 0.010600 ms MarkObjects: 0.240100 ms  DeleteObjects: 1.003900 ms)

DROP PASS grounded player does not trigger air descent 
(Filename: E:\unity\Runtime/Export/Debug/Debug.bindings.h Line: 39)

Unloading 4 Unused Serialized files (Serialized files now loaded: 0)
UnloadTime: 0.299300 ms

Unloading 2 unused Assets to reduce memory usage. Loaded Objects now: 1060.
Total: 1.816300 ms (FindLiveObjects: 0.055400 ms CreateObjectMapping: 0.018100 ms MarkObjects: 0.350800 ms  DeleteObjects: 1.391400 ms)

DROP PASS skills=False rear=False press=False remap=False semi-auto activation follows front/rear rules 
(Filename: E:\unity\Runtime/Export/Debug/Debug.bindings.h Line: 39)

DROP PASS skills=False rear=False press=False remap=False descent preserves connected skeleton 
(Filename: E:\unity\Runtime/Export/Debug/Debug.bindings.h Line: 39)

DROP PASS skills=False rear=False press=False remap=False all native joints retained 
(Filename: E:\unity\Runtime/Export/Debug/Debug.bindings.h Line: 39)

Unloading 4 Unused Serialized files (Serialized files now loaded: 0)
UnloadTime: 0.304200 ms

Unloading 2 unused Assets to reduce memory usage. Loaded Objects now: 1060.
Total: 1.362000 ms (FindLiveObjects: 0.043400 ms CreateObjectMapping: 0.009300 ms MarkObjects: 0.190300 ms  DeleteObjects: 1.118700 ms)

DROP PASS skills=False rear=True press=True remap=False semi-auto activation follows front/rear rules 
(Filename: E:\unity\Runtime/Export/Debug/Debug.bindings.h Line: 39)

DROP PASS skills=False rear=True press=True remap=False descent preserves connected skeleton 
(Filename: E:\unity\Runtime/Export/Debug/Debug.bindings.h Line: 39)

DROP PASS skills=False rear=True press=True remap=False all native joints retained 
(Filename: E:\unity\Runtime/Export/Debug/Debug.bindings.h Line: 39)

Unloading 4 Unused Serialized files (Serialized files now loaded: 0)
UnloadTime: 0.282300 ms

Unloading 2 unused Assets to reduce memory usage. Loaded Objects now: 1060.
Total: 1.194500 ms (FindLiveObjects: 0.054900 ms CreateObjectMapping: 0.016600 ms MarkObjects: 0.237600 ms  DeleteObjects: 0.884800 ms)

DROP PASS skills=True rear=False press=False remap=False semi-auto activation follows front/rear rules 
(Filename: E:\unity\Runtime/Export/Debug/Debug.bindings.h Line: 39)

DROP PASS skills=True rear=False press=False remap=False descent preserves connected skeleton 
(Filename: E:\unity\Runtime/Export/Debug/Debug.bindings.h Line: 39)

DROP PASS skills=True rear=False press=False remap=False all native joints retained 
(Filename: E:\unity\Runtime/Export/Debug/Debug.bindings.h Line: 39)

DROP PASS skills=True rear=False press=False remap=False fast descent stays bounded 
(Filename: E:\unity\Runtime/Export/Debug/Debug.bindings.h Line: 39)

DROP PASS skills=True rear=False press=False remap=False lands through actual ground collision 
(Filename: E:\unity\Runtime/Export/Debug/Debug.bindings.h Line: 39)

DROP PASS skills=True rear=False press=False remap=False landing ends assistance 
(Filename: E:\unity\Runtime/Export/Debug/Debug.bindings.h Line: 39)

DROP PASS skills=True rear=False press=False remap=False reset clears animation 
(Filename: E:\unity\Runtime/Export/Debug/Debug.bindings.h Line: 39)

Unloading 4 Unused Serialized files (Serialized files now loaded: 0)
UnloadTime: 0.280600 ms

Unloading 2 unused Assets to reduce memory usage. Loaded Objects now: 1060.
Total: 1.176800 ms (FindLiveObjects: 0.035800 ms CreateObjectMapping: 0.009300 ms MarkObjects: 0.203100 ms  DeleteObjects: 0.928300 ms)

DROP PASS skills=True rear=True press=False remap=False semi-auto activation follows front/rear rules 
(Filename: E:\unity\Runtime/Export/Debug/Debug.bindings.h Line: 39)

DROP PASS skills=True rear=True press=False remap=False descent preserves connected skeleton 
(Filename: E:\unity\Runtime/Export/Debug/Debug.bindings.h Line: 39)

DROP PASS skills=True rear=True press=False remap=False all native joints retained 
(Filename: E:\unity\Runtime/Export/Debug/Debug.bindings.h Line: 39)

Unloading 4 Unused Serialized files (Serialized files now loaded: 0)
UnloadTime: 0.288700 ms

Unloading 2 unused Assets to reduce memory usage. Loaded Objects now: 1060.
Total: 1.142200 ms (FindLiveObjects: 0.030700 ms CreateObjectMapping: 0.007900 ms MarkObjects: 0.168500 ms  DeleteObjects: 0.934800 ms)

DROP PASS skills=True rear=True press=True remap=False semi-auto activation follows front/rear rules 
(Filename: E:\unity\Runtime/Export/Debug/Debug.bindings.h Line: 39)

DROP PASS skills=True rear=True press=True remap=False descent preserves connected skeleton 
(Filename: E:\unity\Runtime/Export/Debug/Debug.bindings.h Line: 39)

DROP PASS skills=True rear=True press=True remap=False all native joints retained 
(Filename: E:\unity\Runtime/Export/Debug/Debug.bindings.h Line: 39)

DROP PASS skills=True rear=True press=True remap=False fast descent stays bounded 
(Filename: E:\unity\Runtime/Export/Debug/Debug.bindings.h Line: 39)

DROP PASS skills=True rear=True press=True remap=False lands through actual ground collision 
(Filename: E:\unity\Runtime/Export/Debug/Debug.bindings.h Line: 39)

DROP PASS skills=True rear=True press=True remap=False landing ends assistance 
(Filename: E:\unity\Runtime/Export/Debug/Debug.bindings.h Line: 39)

DROP PASS skills=True rear=True press=True remap=False reset clears animation 
(Filename: E:\unity\Runtime/Export/Debug/Debug.bindings.h Line: 39)

Unloading 4 Unused Serialized files (Serialized files now loaded: 0)
UnloadTime: 0.264400 ms

Unloading 2 unused Assets to reduce memory usage. Loaded Objects now: 1060.
Total: 1.216000 ms (FindLiveObjects: 0.033700 ms CreateObjectMapping: 0.009300 ms MarkObjects: 0.186200 ms  DeleteObjects: 0.986500 ms)

DROP PASS custom down key accepted 
(Filename: E:\unity\Runtime/Export/Debug/Debug.bindings.h Line: 39)

DROP PASS skills=True rear=True press=True remap=True semi-auto activation follows front/rear rules 
(Filename: E:\unity\Runtime/Export/Debug/Debug.bindings.h Line: 39)

DROP PASS skills=True rear=True press=True remap=True descent preserves connected skeleton 
(Filename: E:\unity\Runtime/Export/Debug/Debug.bindings.h Line: 39)

DROP PASS skills=True rear=True press=True remap=True all native joints retained 
(Filename: E:\unity\Runtime/Export/Debug/Debug.bindings.h Line: 39)

DROP PASS skills=True rear=True press=True remap=True fast descent stays bounded 
(Filename: E:\unity\Runtime/Export/Debug/Debug.bindings.h Line: 39)

DROP PASS skills=True rear=True press=True remap=True lands through actual ground collision 
(Filename: E:\unity\Runtime/Export/Debug/Debug.bindings.h Line: 39)

DROP PASS skills=True rear=True press=True remap=True landing ends assistance 
(Filename: E:\unity\Runtime/Export/Debug/Debug.bindings.h Line: 39)

DROP PASS skills=True rear=True press=True remap=True reset clears animation 
(Filename: E:\unity\Runtime/Export/Debug/Debug.bindings.h Line: 39)

DROP COMPLETE checks=45 failures=0 
(Filename: E:\unity\Runtime/Export/Debug/Debug.bindings.h Line: 39)

Setting up 12 worker threads for Enlighten.
  Thread -> id: 479c -> priority: 1 
  Thread -> id: 6a10 -> priority: 1 
  Thread -> id: 8d7c -> priority: 1 
  Thread -> id: 96b0 -> priority: 1 
  Thread -> id: 22d8 -> priority: 1 
  Thread -> id: 966c -> priority: 1 
  Thread -> id: 9f30 -> priority: 1 
  Thread -> id: 367c -> priority: 1 
  Thread -> id: 1edc -> priority: 1 
  Thread -> id: 5f04 -> priority: 1 
  Thread -> id: 64e0 -> priority: 1 
  Thread -> id: 6cd0 -> priority: 1 
Curl error 42: Callback aborted
 
(Filename:  Line: 867)

