Mono path[0] = 'C:/Users/Alienware/Documents/范志毅VS赵鹏/范志毅VS赵鹏 PC双人版（32位）/鑼冨織姣匳S璧甸箯 PC鍙屼汉鐗堬紙32浣嶏級/AI Mod Source/build/zhao-strategy-test-player-experiment/FanZhiYi_Data/Managed'
Mono config path = 'C:/Users/Alienware/Documents/范志毅VS赵鹏/范志毅VS赵鹏 PC双人版（32位）/鑼冨織姣匳S璧甸箯 PC鍙屼汉鐗堬紙32浣嶏級/AI Mod Source/build/zhao-strategy-test-player-experiment/MonoBleedingEdge/etc'
AS: AutoStreaming module initializing.Initialize engine version: 2019.4.33f1c1 (c2f94a8bebb3)
[Subsystems] Discovering subsystems at path C:/Users/Alienware/Documents/范志毅VS赵鹏/范志毅VS赵鹏 PC双人版（32位）/鑼冨織姣匳S璧甸箯 PC鍙屼汉鐗堬紙32浣嶏級/AI Mod Source/build/zhao-strategy-test-player-experiment/FanZhiYi_Data/UnitySubsystems
GfxDevice: creating device client; threaded=1
Direct3D:
    Version:  Direct3D 11.0 [level 11.1]
    Renderer: NVIDIA GeForce RTX 5070 Laptop GPU (ID=0x2d58)
    Vendor:   (null)
    VRAM:     3072 MB
    Driver:   32.0.15.9608
Begin MonoManager ReloadAssembly
- Completed reload, in  0.120 seconds
<RI> Initializing input.
<RI> Input initialized.
<RI> Initialized touch support.
UnloadTime: 0.613000 ms
Unloading 5 Unused Serialized files (Serialized files now loaded: 0)
UnloadTime: 0.276700 ms

Unloading 143 unused Assets to reduce memory usage. Loaded Objects now: 1009.
Total: 0.822500 ms (FindLiveObjects: 0.055200 ms CreateObjectMapping: 0.012800 ms MarkObjects: 0.426800 ms  DeleteObjects: 0.327100 ms)

STRATEGY PARAM side=Zhao skills=True scale=0.75 jump=6.119894 gravity=1 head=0.1135373 
(Filename: E:\unity\Runtime/Export/Debug/Debug.bindings.h Line: 39)

STRATEGY PASS low AI starts native emergency recovery without human input 
(Filename: E:\unity\Runtime/Export/Debug/Debug.bindings.h Line: 39)

STRATEGY RECOVERY low gap=1.2 rolling=2 step=0 ball=(1.2, -1.6) vel=(2.0, -0.2) body=(0.0, -0.4) running=(0.0, 0.0) rescue=True passed=False 
(Filename: E:\unity\Runtime/Export/Debug/Debug.bindings.h Line: 39)

STRATEGY RECOVERY low gap=1.2 rolling=2 step=20 ball=(1.8, -1.6) vel=(1.3, 0.0) body=(1.0, 1.1) running=(4.2, 2.5) rescue=True passed=False 
(Filename: E:\unity\Runtime/Export/Debug/Debug.bindings.h Line: 39)

STRATEGY RECOVERY low gap=1.2 rolling=2 step=40 ball=(2.3, -1.6) vel=(1.3, 0.0) body=(2.3, 1.3) running=(3.2, -1.8) rescue=True passed=False 
(Filename: E:\unity\Runtime/Export/Debug/Debug.bindings.h Line: 39)

STRATEGY RECOVERY low gap=1.2 rolling=2 step=60 ball=(2.8, -1.6) vel=(0.0, 0.0) body=(3.0, -0.2) running=(0.0, -5.6) rescue=True passed=True 
(Filename: E:\unity\Runtime/Export/Debug/Debug.bindings.h Line: 39)

STRATEGY RECOVERY low gap=1.2 rolling=2 step=80 ball=(2.2, -1.6) vel=(-1.8, 0.0) body=(3.0, -0.4) running=(0.0, -0.5) rescue=False passed=True 
(Filename: E:\unity\Runtime/Export/Debug/Debug.bindings.h Line: 39)

STRATEGY RECOVERY low gap=1.2 rolling=2 step=100 ball=(1.5, -1.6) vel=(-1.8, 0.0) body=(3.0, -0.4) running=(0.0, 0.0) rescue=False passed=True 
(Filename: E:\unity\Runtime/Export/Debug/Debug.bindings.h Line: 39)

STRATEGY RECOVERY low gap=1.2 rolling=2 step=120 ball=(0.7, -1.6) vel=(-1.8, 0.0) body=(3.0, -0.4) running=(0.0, 0.0) rescue=False passed=True 
(Filename: E:\unity\Runtime/Export/Debug/Debug.bindings.h Line: 39)

STRATEGY RECOVERY low gap=1.2 rolling=2 step=140 ball=(0.0, -1.6) vel=(-1.8, 0.0) body=(3.0, -0.4) running=(0.0, 0.0) rescue=False passed=True 
(Filename: E:\unity\Runtime/Export/Debug/Debug.bindings.h Line: 39)

STRATEGY RECOVERY low gap=1.2 rolling=2 step=160 ball=(-0.7, -1.6) vel=(-1.8, 0.0) body=(3.0, -0.4) running=(0.0, 0.0) rescue=False passed=True 
(Filename: E:\unity\Runtime/Export/Debug/Debug.bindings.h Line: 39)

STRATEGY RECOVERY low gap=1.2 rolling=2 step=180 ball=(-1.4, -1.6) vel=(-1.7, 0.0) body=(3.0, -0.4) running=(0.0, 0.0) rescue=False passed=True 
(Filename: E:\unity\Runtime/Export/Debug/Debug.bindings.h Line: 39)

STRATEGY RECOVERY low gap=1.2 rolling=2 step=200 ball=(-2.1, -1.6) vel=(-1.7, 0.0) body=(3.0, -0.4) running=(0.0, 0.0) rescue=False passed=True 
(Filename: E:\unity\Runtime/Export/Debug/Debug.bindings.h Line: 39)

STRATEGY PASS low gap=1.2 rolling=2 AI uses correct jump/backbend/run branch 
(Filename: E:\unity\Runtime/Export/Debug/Debug.bindings.h Line: 39)

STRATEGY PASS low gap=1.2 rolling=2 recovery reaches goal side or clears head ball 
(Filename: E:\unity\Runtime/Export/Debug/Debug.bindings.h Line: 39)

STRATEGY PASS low gap=1.2 rolling=2 recovery avoids scoring into own goal 
(Filename: E:\unity\Runtime/Export/Debug/Debug.bindings.h Line: 39)

STRATEGY PASS low gap=1.2 rolling=2 real skeleton preserved error=0.1442255 
(Filename: E:\unity\Runtime/Export/Debug/Debug.bindings.h Line: 39)

STRATEGY PASS low gap=1.2 rolling=2 balanced after recovery tilt=10.43738 
(Filename: E:\unity\Runtime/Export/Debug/Debug.bindings.h Line: 39)

STRATEGY PASS low gap=1.2 rolling=2 committed recovery is not interrupted by shooting 
(Filename: E:\unity\Runtime/Export/Debug/Debug.bindings.h Line: 39)

STRATEGY PASS low gap=1.2 rolling=2 each attempt has a bounded duration=1.263142 
(Filename: E:\unity\Runtime/Export/Debug/Debug.bindings.h Line: 39)

Unloading 4 Unused Serialized files (Serialized files now loaded: 0)
UnloadTime: 0.947600 ms

Unloading 37 unused Assets to reduce memory usage. Loaded Objects now: 1060.
Total: 1.190500 ms (FindLiveObjects: 0.059300 ms CreateObjectMapping: 0.016900 ms MarkObjects: 0.216300 ms  DeleteObjects: 0.897600 ms)

STRATEGY PARAM side=Zhao skills=True scale=0.75 jump=6.119894 gravity=1 head=0.1168774 
(Filename: E:\unity\Runtime/Export/Debug/Debug.bindings.h Line: 39)

STRATEGY PASS low AI starts native emergency recovery without human input 
(Filename: E:\unity\Runtime/Export/Debug/Debug.bindings.h Line: 39)

STRATEGY RECOVERY low gap=0.8 rolling=3 step=0 ball=(0.9, -1.6) vel=(3.0, -0.2) body=(0.0, -0.3) running=(0.3, 7.1) rescue=True passed=False 
(Filename: E:\unity\Runtime/Export/Debug/Debug.bindings.h Line: 39)

STRATEGY RECOVERY low gap=0.8 rolling=3 step=20 ball=(1.7, -1.6) vel=(2.0, 0.0) body=(1.2, 1.2) running=(4.5, 2.3) rescue=True passed=False 
(Filename: E:\unity\Runtime/Export/Debug/Debug.bindings.h Line: 39)

STRATEGY RECOVERY low gap=0.8 rolling=3 step=40 ball=(2.5, -1.6) vel=(2.0, 0.0) body=(2.6, 1.2) running=(3.5, -2.0) rescue=True passed=False 
(Filename: E:\unity\Runtime/Export/Debug/Debug.bindings.h Line: 39)

STRATEGY RECOVERY low gap=0.8 rolling=3 step=60 ball=(3.2, -1.6) vel=(0.0, 0.0) body=(3.3, -0.3) running=(-0.3, -5.5) rescue=True passed=True 
(Filename: E:\unity\Runtime/Export/Debug/Debug.bindings.h Line: 39)

STRATEGY RECOVERY low gap=0.8 rolling=3 step=80 ball=(2.6, -1.6) vel=(-3.1, 0.0) body=(3.4, -0.4) running=(0.2, 0.2) rescue=False passed=True 
(Filename: E:\unity\Runtime/Export/Debug/Debug.bindings.h Line: 39)

STRATEGY RECOVERY low gap=0.8 rolling=3 step=100 ball=(1.4, -1.6) vel=(-3.0, 0.0) body=(3.3, -0.4) running=(0.0, 0.0) rescue=False passed=True 
(Filename: E:\unity\Runtime/Export/Debug/Debug.bindings.h Line: 39)

STRATEGY RECOVERY low gap=0.8 rolling=3 step=120 ball=(0.2, -1.6) vel=(-3.0, 0.0) body=(3.4, -0.4) running=(0.1, 0.0) rescue=False passed=True 
(Filename: E:\unity\Runtime/Export/Debug/Debug.bindings.h Line: 39)

STRATEGY RECOVERY low gap=0.8 rolling=3 step=140 ball=(-1.0, -1.6) vel=(-3.0, 0.0) body=(3.4, -0.4) running=(0.1, 0.0) rescue=False passed=True 
(Filename: E:\unity\Runtime/Export/Debug/Debug.bindings.h Line: 39)

STRATEGY RECOVERY low gap=0.8 rolling=3 step=160 ball=(-2.2, -1.6) vel=(-3.0, 0.0) body=(3.4, -0.4) running=(0.0, 0.0) rescue=False passed=True 
(Filename: E:\unity\Runtime/Export/Debug/Debug.bindings.h Line: 39)

STRATEGY RECOVERY low gap=0.8 rolling=3 step=180 ball=(-3.4, -1.6) vel=(-2.9, 0.0) body=(3.4, -0.4) running=(0.0, 0.0) rescue=False passed=True 
(Filename: E:\unity\Runtime/Export/Debug/Debug.bindings.h Line: 39)

STRATEGY RECOVERY low gap=0.8 rolling=3 step=200 ball=(-4.5, -1.6) vel=(-2.9, 0.0) body=(3.4, -0.4) running=(0.0, 0.0) rescue=False passed=True 
(Filename: E:\unity\Runtime/Export/Debug/Debug.bindings.h Line: 39)

STRATEGY PASS low gap=0.8 rolling=3 AI uses correct jump/backbend/run branch 
(Filename: E:\unity\Runtime/Export/Debug/Debug.bindings.h Line: 39)

STRATEGY PASS low gap=0.8 rolling=3 recovery reaches goal side or clears head ball 
(Filename: E:\unity\Runtime/Export/Debug/Debug.bindings.h Line: 39)

STRATEGY PASS low gap=0.8 rolling=3 recovery avoids scoring into own goal 
(Filename: E:\unity\Runtime/Export/Debug/Debug.bindings.h Line: 39)

STRATEGY PASS low gap=0.8 rolling=3 real skeleton preserved error=0.09822746 
(Filename: E:\unity\Runtime/Export/Debug/Debug.bindings.h Line: 39)

STRATEGY PASS low gap=0.8 rolling=3 balanced after recovery tilt=10.88791 
(Filename: E:\unity\Runtime/Export/Debug/Debug.bindings.h Line: 39)

STRATEGY PASS low gap=0.8 rolling=3 committed recovery is not interrupted by shooting 
(Filename: E:\unity\Runtime/Export/Debug/Debug.bindings.h Line: 39)

STRATEGY PASS low gap=0.8 rolling=3 each attempt has a bounded duration=1.237894 
(Filename: E:\unity\Runtime/Export/Debug/Debug.bindings.h Line: 39)

Unloading 4 Unused Serialized files (Serialized files now loaded: 0)
UnloadTime: 0.320100 ms

Unloading 3 unused Assets to reduce memory usage. Loaded Objects now: 1060.
Total: 0.995500 ms (FindLiveObjects: 0.058900 ms CreateObjectMapping: 0.017100 ms MarkObjects: 0.216300 ms  DeleteObjects: 0.702700 ms)

STRATEGY PARAM side=Zhao skills=True scale=0.75 jump=6.119894 gravity=1 head=0.1135373 
(Filename: E:\unity\Runtime/Export/Debug/Debug.bindings.h Line: 39)

STRATEGY PASS low AI starts native emergency recovery without human input 
(Filename: E:\unity\Runtime/Export/Debug/Debug.bindings.h Line: 39)

STRATEGY RECOVERY low gap=1.6 rolling=3 step=0 ball=(1.7, -1.6) vel=(3.0, -0.2) body=(0.0, -0.4) running=(0.0, 0.0) rescue=True passed=False 
(Filename: E:\unity\Runtime/Export/Debug/Debug.bindings.h Line: 39)

STRATEGY RECOVERY low gap=1.6 rolling=3 step=20 ball=(2.5, -1.6) vel=(2.0, 0.0) body=(1.3, 1.1) running=(6.0, 2.5) rescue=True passed=False 
(Filename: E:\unity\Runtime/Export/Debug/Debug.bindings.h Line: 39)

STRATEGY RECOVERY low gap=1.6 rolling=3 step=40 ball=(3.3, -1.6) vel=(2.0, 0.0) body=(3.1, 1.3) running=(4.6, -1.8) rescue=True passed=False 
(Filename: E:\unity\Runtime/Export/Debug/Debug.bindings.h Line: 39)

STRATEGY RECOVERY low gap=1.6 rolling=3 step=60 ball=(4.0, -1.6) vel=(0.0, 0.0) body=(4.1, -0.2) running=(-0.2, -5.3) rescue=True passed=True 
(Filename: E:\unity\Runtime/Export/Debug/Debug.bindings.h Line: 39)

STRATEGY RECOVERY low gap=1.6 rolling=3 step=80 ball=(3.6, -1.6) vel=(-1.0, 0.0) body=(4.2, -0.4) running=(0.1, -0.3) rescue=False passed=True 
(Filename: E:\unity\Runtime/Export/Debug/Debug.bindings.h Line: 39)

STRATEGY RECOVERY low gap=1.6 rolling=3 step=100 ball=(2.7, -1.6) vel=(-2.3, 0.0) body=(4.2, -0.4) running=(0.0, 0.0) rescue=False passed=True 
(Filename: E:\unity\Runtime/Export/Debug/Debug.bindings.h Line: 39)

STRATEGY RECOVERY low gap=1.6 rolling=3 step=120 ball=(1.8, -1.6) vel=(-2.3, 0.0) body=(4.2, -0.4) running=(0.1, 0.0) rescue=False passed=True 
(Filename: E:\unity\Runtime/Export/Debug/Debug.bindings.h Line: 39)

STRATEGY RECOVERY low gap=1.6 rolling=3 step=140 ball=(0.9, -1.6) vel=(-2.2, 0.0) body=(4.2, -0.4) running=(0.1, 0.0) rescue=False passed=True 
(Filename: E:\unity\Runtime/Export/Debug/Debug.bindings.h Line: 39)

STRATEGY RECOVERY low gap=1.6 rolling=3 step=160 ball=(0.0, -1.6) vel=(-2.2, 0.0) body=(4.2, -0.4) running=(-0.1, 0.0) rescue=False passed=True 
(Filename: E:\unity\Runtime/Export/Debug/Debug.bindings.h Line: 39)

STRATEGY RECOVERY low gap=1.6 rolling=3 step=180 ball=(-0.9, -1.6) vel=(-2.2, 0.0) body=(4.2, -0.4) running=(0.0, 0.0) rescue=False passed=True 
(Filename: E:\unity\Runtime/Export/Debug/Debug.bindings.h Line: 39)

STRATEGY RECOVERY low gap=1.6 rolling=3 step=200 ball=(-1.8, -1.6) vel=(-2.2, 0.0) body=(4.2, -0.4) running=(0.1, 0.0) rescue=False passed=True 
(Filename: E:\unity\Runtime/Export/Debug/Debug.bindings.h Line: 39)

STRATEGY PASS low gap=1.6 rolling=3 AI uses correct jump/backbend/run branch 
(Filename: E:\unity\Runtime/Export/Debug/Debug.bindings.h Line: 39)

STRATEGY PASS low gap=1.6 rolling=3 recovery reaches goal side or clears head ball 
(Filename: E:\unity\Runtime/Export/Debug/Debug.bindings.h Line: 39)

STRATEGY PASS low gap=1.6 rolling=3 recovery avoids scoring into own goal 
(Filename: E:\unity\Runtime/Export/Debug/Debug.bindings.h Line: 39)

STRATEGY PASS low gap=1.6 rolling=3 real skeleton preserved error=0.08805059 
(Filename: E:\unity\Runtime/Export/Debug/Debug.bindings.h Line: 39)

STRATEGY PASS low gap=1.6 rolling=3 balanced after recovery tilt=10.59976 
(Filename: E:\unity\Runtime/Export/Debug/Debug.bindings.h Line: 39)

STRATEGY PASS low gap=1.6 rolling=3 committed recovery is not interrupted by shooting 
(Filename: E:\unity\Runtime/Export/Debug/Debug.bindings.h Line: 39)

STRATEGY PASS low gap=1.6 rolling=3 each attempt has a bounded duration=1.241236 
(Filename: E:\unity\Runtime/Export/Debug/Debug.bindings.h Line: 39)

Unloading 4 Unused Serialized files (Serialized files now loaded: 0)
UnloadTime: 0.264100 ms

Unloading 3 unused Assets to reduce memory usage. Loaded Objects now: 1060.
Total: 1.058300 ms (FindLiveObjects: 0.033000 ms CreateObjectMapping: 0.015700 ms MarkObjects: 0.184100 ms  DeleteObjects: 0.825300 ms)

STRATEGY PARAM side=Zhao skills=True scale=0.75 jump=6.119894 gravity=1 head=0.1168774 
(Filename: E:\unity\Runtime/Export/Debug/Debug.bindings.h Line: 39)

STRATEGY PASS head AI starts native emergency recovery without human input 
(Filename: E:\unity\Runtime/Export/Debug/Debug.bindings.h Line: 39)

STRATEGY RECOVERY head gap=1.2 rolling=2 step=0 ball=(0.5, 0.1) vel=(0.0, 0.0) body=(0.0, -0.4) running=(0.0, 0.0) rescue=True passed=False 
(Filename: E:\unity\Runtime/Export/Debug/Debug.bindings.h Line: 39)

STRATEGY RECOVERY head gap=1.2 rolling=2 step=20 ball=(3.2, 1.4) vel=(9.0, 4.3) body=(0.0, -0.4) running=(-0.2, 0.0) rescue=False passed=False 
(Filename: E:\unity\Runtime/Export/Debug/Debug.bindings.h Line: 39)

STRATEGY RECOVERY head gap=1.2 rolling=2 step=40 ball=(6.8, 3.1) vel=(9.0, 4.3) body=(0.0, -0.4) running=(-0.1, 0.0) rescue=False passed=False 
(Filename: E:\unity\Runtime/Export/Debug/Debug.bindings.h Line: 39)

STRATEGY RECOVERY head gap=1.2 rolling=2 step=60 ball=(7.4, 4.5) vel=(-7.2, 2.5) body=(-0.1, -0.4) running=(-0.1, 0.0) rescue=False passed=False 
(Filename: E:\unity\Runtime/Export/Debug/Debug.bindings.h Line: 39)

STRATEGY RECOVERY head gap=1.2 rolling=2 step=80 ball=(4.8, 4.7) vel=(-5.6, -2.0) body=(-0.1, -0.4) running=(0.1, 0.0) rescue=False passed=False 
(Filename: E:\unity\Runtime/Export/Debug/Debug.bindings.h Line: 39)

STRATEGY RECOVERY head gap=1.2 rolling=2 step=100 ball=(2.6, 3.9) vel=(-5.6, -2.0) body=(0.0, -0.4) running=(0.0, 0.0) rescue=False passed=False 
(Filename: E:\unity\Runtime/Export/Debug/Debug.bindings.h Line: 39)

STRATEGY RECOVERY head gap=1.2 rolling=2 step=120 ball=(0.3, 3.1) vel=(-5.6, -2.0) body=(-0.1, -0.4) running=(-0.1, 0.0) rescue=False passed=False 
(Filename: E:\unity\Runtime/Export/Debug/Debug.bindings.h Line: 39)

STRATEGY RECOVERY head gap=1.2 rolling=2 step=140 ball=(3.6, 3.3) vel=(0.0, 0.0) body=(6.1, -0.1) running=(0.3, -0.6) rescue=False passed=True 
(Filename: E:\unity\Runtime/Export/Debug/Debug.bindings.h Line: 39)

STRATEGY RECOVERY head gap=1.2 rolling=2 step=160 ball=(3.6, 3.3) vel=(0.0, 0.0) body=(6.1, -0.4) running=(-0.5, 0.1) rescue=False passed=True 
(Filename: E:\unity\Runtime/Export/Debug/Debug.bindings.h Line: 39)

STRATEGY RECOVERY head gap=1.2 rolling=2 step=180 ball=(3.6, 3.3) vel=(0.0, 0.0) body=(6.0, -0.4) running=(0.0, 0.0) rescue=False passed=True 
(Filename: E:\unity\Runtime/Export/Debug/Debug.bindings.h Line: 39)

STRATEGY RECOVERY head gap=1.2 rolling=2 step=200 ball=(3.6, 3.3) vel=(0.0, 0.0) body=(6.1, -0.4) running=(0.2, 0.0) rescue=False passed=True 
(Filename: E:\unity\Runtime/Export/Debug/Debug.bindings.h Line: 39)

STRATEGY PASS head gap=1.2 rolling=2 AI uses correct jump/backbend/run branch 
(Filename: E:\unity\Runtime/Export/Debug/Debug.bindings.h Line: 39)

STRATEGY PASS head gap=1.2 rolling=2 recovery reaches goal side or clears head ball 
(Filename: E:\unity\Runtime/Export/Debug/Debug.bindings.h Line: 39)

STRATEGY PASS head gap=1.2 rolling=2 recovery avoids scoring into own goal 
(Filename: E:\unity\Runtime/Export/Debug/Debug.bindings.h Line: 39)

STRATEGY PASS head gap=1.2 rolling=2 real skeleton preserved error=0.02801427 
(Filename: E:\unity\Runtime/Export/Debug/Debug.bindings.h Line: 39)

STRATEGY PASS head gap=1.2 rolling=2 balanced after recovery tilt=10.95981 
(Filename: E:\unity\Runtime/Export/Debug/Debug.bindings.h Line: 39)

STRATEGY PASS head gap=1.2 rolling=2 committed recovery is not interrupted by shooting 
(Filename: E:\unity\Runtime/Export/Debug/Debug.bindings.h Line: 39)

STRATEGY PASS head gap=1.2 rolling=2 each attempt has a bounded duration=0.0982008 
(Filename: E:\unity\Runtime/Export/Debug/Debug.bindings.h Line: 39)

Unloading 4 Unused Serialized files (Serialized files now loaded: 0)
UnloadTime: 0.270700 ms

Unloading 4 unused Assets to reduce memory usage. Loaded Objects now: 1064.
Total: 1.283000 ms (FindLiveObjects: 0.033900 ms CreateObjectMapping: 0.009100 ms MarkObjects: 0.244800 ms  DeleteObjects: 0.994700 ms)

STRATEGY PARAM side=Zhao skills=True scale=0.75 jump=6.119894 gravity=1 head=0.1168774 
(Filename: E:\unity\Runtime/Export/Debug/Debug.bindings.h Line: 39)

STRATEGY PASS high AI starts native emergency recovery without human input 
(Filename: E:\unity\Runtime/Export/Debug/Debug.bindings.h Line: 39)

STRATEGY RECOVERY high gap=1.2 rolling=2 step=0 ball=(1.2, 2.1) vel=(0.0, 0.0) body=(0.0, -0.4) running=(0.4, 0.0) rescue=True passed=False 
(Filename: E:\unity\Runtime/Export/Debug/Debug.bindings.h Line: 39)

STRATEGY RECOVERY high gap=1.2 rolling=2 step=20 ball=(1.2, 2.1) vel=(0.0, 0.0) body=(1.2, -1.0) running=(3.3, -1.8) rescue=True passed=False 
(Filename: E:\unity\Runtime/Export/Debug/Debug.bindings.h Line: 39)

STRATEGY RECOVERY high gap=1.2 rolling=2 step=40 ball=(1.2, 2.1) vel=(0.0, 0.0) body=(1.6, -0.7) running=(-0.8, 4.7) rescue=False passed=True 
(Filename: E:\unity\Runtime/Export/Debug/Debug.bindings.h Line: 39)

STRATEGY RECOVERY high gap=1.2 rolling=2 step=60 ball=(1.2, 2.1) vel=(0.0, 0.0) body=(1.5, 0.4) running=(0.0, 0.6) rescue=False passed=True 
(Filename: E:\unity\Runtime/Export/Debug/Debug.bindings.h Line: 39)

STRATEGY RECOVERY high gap=1.2 rolling=2 step=80 ball=(1.2, 2.1) vel=(0.0, 0.0) body=(1.5, -0.2) running=(0.0, -3.3) rescue=False passed=True 
(Filename: E:\unity\Runtime/Export/Debug/Debug.bindings.h Line: 39)

STRATEGY RECOVERY high gap=1.2 rolling=2 step=100 ball=(1.2, 2.1) vel=(0.0, 0.0) body=(1.4, -0.4) running=(-0.2, -0.1) rescue=False passed=True 
(Filename: E:\unity\Runtime/Export/Debug/Debug.bindings.h Line: 39)

STRATEGY RECOVERY high gap=1.2 rolling=2 step=120 ball=(1.2, 2.1) vel=(0.0, 0.0) body=(1.3, -0.4) running=(-0.2, 0.1) rescue=False passed=True 
(Filename: E:\unity\Runtime/Export/Debug/Debug.bindings.h Line: 39)

STRATEGY RECOVERY high gap=1.2 rolling=2 step=140 ball=(1.2, 2.1) vel=(0.0, 0.0) body=(1.3, -0.4) running=(0.2, 0.0) rescue=False passed=True 
(Filename: E:\unity\Runtime/Export/Debug/Debug.bindings.h Line: 39)

STRATEGY RECOVERY high gap=1.2 rolling=2 step=160 ball=(1.2, 2.1) vel=(0.0, 0.0) body=(1.4, -0.4) running=(0.1, 0.0) rescue=False passed=True 
(Filename: E:\unity\Runtime/Export/Debug/Debug.bindings.h Line: 39)

STRATEGY RECOVERY high gap=1.2 rolling=2 step=180 ball=(1.2, 2.1) vel=(0.0, 0.0) body=(1.4, -0.4) running=(-0.1, 0.0) rescue=False passed=True 
(Filename: E:\unity\Runtime/Export/Debug/Debug.bindings.h Line: 39)

STRATEGY RECOVERY high gap=1.2 rolling=2 step=200 ball=(1.2, 2.1) vel=(0.0, 0.0) body=(1.4, -0.4) running=(0.0, 0.0) rescue=False passed=True 
(Filename: E:\unity\Runtime/Export/Debug/Debug.bindings.h Line: 39)

STRATEGY PASS high gap=1.2 rolling=2 AI uses correct jump/backbend/run branch 
(Filename: E:\unity\Runtime/Export/Debug/Debug.bindings.h Line: 39)

STRATEGY PASS high gap=1.2 rolling=2 recovery reaches goal side or clears head ball 
(Filename: E:\unity\Runtime/Export/Debug/Debug.bindings.h Line: 39)

STRATEGY PASS high gap=1.2 rolling=2 recovery avoids scoring into own goal 
(Filename: E:\unity\Runtime/Export/Debug/Debug.bindings.h Line: 39)

STRATEGY PASS high gap=1.2 rolling=2 real skeleton preserved error=0.09442475 
(Filename: E:\unity\Runtime/Export/Debug/Debug.bindings.h Line: 39)

STRATEGY PASS high gap=1.2 rolling=2 balanced after recovery tilt=10.78311 
(Filename: E:\unity\Runtime/Export/Debug/Debug.bindings.h Line: 39)

STRATEGY PASS high gap=1.2 rolling=2 committed recovery is not interrupted by shooting 
(Filename: E:\unity\Runtime/Export/Debug/Debug.bindings.h Line: 39)

STRATEGY PASS high gap=1.2 rolling=2 each attempt has a bounded duration=0.6555862 
(Filename: E:\unity\Runtime/Export/Debug/Debug.bindings.h Line: 39)

Unloading 4 Unused Serialized files (Serialized files now loaded: 0)
UnloadTime: 0.276500 ms

Unloading 2 unused Assets to reduce memory usage. Loaded Objects now: 1060.
Total: 1.351100 ms (FindLiveObjects: 0.062000 ms CreateObjectMapping: 0.015800 ms MarkObjects: 0.202500 ms  DeleteObjects: 1.070300 ms)

STRATEGY PARAM side=Zhao skills=True scale=0.75 jump=6.119894 gravity=1 head=0.1147858 
(Filename: E:\unity\Runtime/Export/Debug/Debug.bindings.h Line: 39)

STRATEGY PASS unreachable rising high ball prepositions instead of jumping 
(Filename: E:\unity\Runtime/Export/Debug/Debug.bindings.h Line: 39)

STRATEGY PASS aerial plan retains standing reference height 
(Filename: E:\unity\Runtime/Export/Debug/Debug.bindings.h Line: 39)

STRATEGY PASS fast overhead pass avoids futile late jump 
(Filename: E:\unity\Runtime/Export/Debug/Debug.bindings.h Line: 39)

Unloading 4 Unused Serialized files (Serialized files now loaded: 0)
UnloadTime: 0.316700 ms

Unloading 2 unused Assets to reduce memory usage. Loaded Objects now: 1060.
Total: 1.261600 ms (FindLiveObjects: 0.053200 ms CreateObjectMapping: 0.016500 ms MarkObjects: 0.265200 ms  DeleteObjects: 0.926100 ms)

STRATEGY PARAM side=Zhao skills=True scale=0.75 jump=6.119894 gravity=1 head=0.1135373 
(Filename: E:\unity\Runtime/Export/Debug/Debug.bindings.h Line: 39)

STRATEGY PASS rising incoming shot executes interception action jumps=1 heads=1 
(Filename: E:\unity\Runtime/Export/Debug/Debug.bindings.h Line: 39)

STRATEGY PASS rising incoming shot reaches native player collision 
(Filename: E:\unity\Runtime/Export/Debug/Debug.bindings.h Line: 39)

STRATEGY PASS rising interception retains physical skeleton error=0.04079355 
(Filename: E:\unity\Runtime/Export/Debug/Debug.bindings.h Line: 39)

Unloading 4 Unused Serialized files (Serialized files now loaded: 0)
UnloadTime: 0.334200 ms

Unloading 3 unused Assets to reduce memory usage. Loaded Objects now: 1065.
Total: 1.282500 ms (FindLiveObjects: 0.054100 ms CreateObjectMapping: 0.016500 ms MarkObjects: 0.255400 ms  DeleteObjects: 0.956000 ms)

STRATEGY PARAM side=Zhao skills=True scale=0.75 jump=6.119894 gravity=1 head=0.1135373 
(Filename: E:\unity\Runtime/Export/Debug/Debug.bindings.h Line: 39)

STRATEGY PASS returning foot ball uses real collision fixture 
(Filename: E:\unity\Runtime/Export/Debug/Debug.bindings.h Line: 39)

STRATEGY PASS returning contact does not receive an own-goal push vx=0 
(Filename: E:\unity\Runtime/Export/Debug/Debug.bindings.h Line: 39)

STRATEGY PASS returning-contact absorption retains rig error=0.04494647 
(Filename: E:\unity\Runtime/Export/Debug/Debug.bindings.h Line: 39)

Unloading 4 Unused Serialized files (Serialized files now loaded: 0)
UnloadTime: 0.273900 ms

Unloading 2 unused Assets to reduce memory usage. Loaded Objects now: 1061.
Total: 1.602500 ms (FindLiveObjects: 0.062100 ms CreateObjectMapping: 0.018500 ms MarkObjects: 0.366800 ms  DeleteObjects: 1.154500 ms)

STRATEGY PARAM side=Zhao skills=True scale=0.75 jump=6.119894 gravity=1 head=0.1147858 
(Filename: E:\unity\Runtime/Export/Debug/Debug.bindings.h Line: 39)

STRATEGY CONTACT step=0 ball=(0.4, -0.2) vx=0 body=(0.0, -0.4) rescue=False recovery=0.9801731 kick=False 
(Filename: E:\unity\Runtime/Export/Debug/Debug.bindings.h Line: 39)

STRATEGY CONTACT step=1 ball=(0.4, -0.2) vx=0 body=(0.0, -0.4) rescue=False recovery=0.9601727 kick=False 
(Filename: E:\unity\Runtime/Export/Debug/Debug.bindings.h Line: 39)

STRATEGY CONTACT step=2 ball=(0.4, -0.2) vx=0 body=(0.0, -0.4) rescue=False recovery=0.9401722 kick=False 
(Filename: E:\unity\Runtime/Export/Debug/Debug.bindings.h Line: 39)

STRATEGY CONTACT step=3 ball=(0.4, -0.2) vx=0 body=(0.0, -0.4) rescue=False recovery=0.9201717 kick=False 
(Filename: E:\unity\Runtime/Export/Debug/Debug.bindings.h Line: 39)

STRATEGY CONTACT step=4 ball=(0.4, -0.2) vx=0 body=(0.0, -0.4) rescue=False recovery=0.9001732 kick=False 
(Filename: E:\unity\Runtime/Export/Debug/Debug.bindings.h Line: 39)

STRATEGY CONTACT step=5 ball=(0.4, -0.3) vx=0 body=(0.0, -0.4) rescue=False recovery=0.8801727 kick=False 
(Filename: E:\unity\Runtime/Export/Debug/Debug.bindings.h Line: 39)

STRATEGY CONTACT step=6 ball=(0.4, -0.3) vx=0 body=(0.0, -0.4) rescue=False recovery=0.8601723 kick=False 
(Filename: E:\unity\Runtime/Export/Debug/Debug.bindings.h Line: 39)

STRATEGY CONTACT step=7 ball=(0.5, -0.3) vx=0 body=(0.0, -0.4) rescue=False recovery=0.8401718 kick=False 
(Filename: E:\unity\Runtime/Export/Debug/Debug.bindings.h Line: 39)

STRATEGY CONTACT step=8 ball=(0.5, -0.3) vx=0 body=(0.0, -0.4) rescue=False recovery=0.8201733 kick=False 
(Filename: E:\unity\Runtime/Export/Debug/Debug.bindings.h Line: 39)

STRATEGY CONTACT step=9 ball=(0.5, -0.3) vx=0 body=(0.0, -0.4) rescue=False recovery=0.8001728 kick=False 
(Filename: E:\unity\Runtime/Export/Debug/Debug.bindings.h Line: 39)

STRATEGY CONTACT step=10 ball=(0.5, -0.3) vx=0 body=(0.0, -0.4) rescue=False recovery=0.7801723 kick=False 
(Filename: E:\unity\Runtime/Export/Debug/Debug.bindings.h Line: 39)

STRATEGY CONTACT step=11 ball=(0.5, -0.3) vx=0 body=(0.0, -0.4) rescue=False recovery=0.7601719 kick=False 
(Filename: E:\unity\Runtime/Export/Debug/Debug.bindings.h Line: 39)

STRATEGY CONTACT step=12 ball=(0.5, -0.4) vx=0 body=(0.0, -0.4) rescue=False recovery=0.7401733 kick=False 
(Filename: E:\unity\Runtime/Export/Debug/Debug.bindings.h Line: 39)

STRATEGY CONTACT step=13 ball=(0.5, -0.4) vx=0 body=(0.0, -0.4) rescue=False recovery=0.7201729 kick=False 
(Filename: E:\unity\Runtime/Export/Debug/Debug.bindings.h Line: 39)

STRATEGY CONTACT step=14 ball=(0.5, -0.4) vx=0 body=(0.0, -0.4) rescue=False recovery=0.7001724 kick=False 
(Filename: E:\unity\Runtime/Export/Debug/Debug.bindings.h Line: 39)

STRATEGY CONTACT step=15 ball=(0.5, -0.4) vx=0 body=(0.0, -0.4) rescue=False recovery=0.680172 kick=False 
(Filename: E:\unity\Runtime/Export/Debug/Debug.bindings.h Line: 39)

STRATEGY CONTACT step=16 ball=(0.5, -0.4) vx=0 body=(0.0, -0.4) rescue=False recovery=0.6601734 kick=False 
(Filename: E:\unity\Runtime/Export/Debug/Debug.bindings.h Line: 39)

STRATEGY CONTACT step=17 ball=(0.5, -0.5) vx=0 body=(0.0, -0.4) rescue=False recovery=0.640173 kick=False 
(Filename: E:\unity\Runtime/Export/Debug/Debug.bindings.h Line: 39)

STRATEGY CONTACT step=18 ball=(0.5, -0.5) vx=0 body=(0.0, -0.4) rescue=False recovery=0.6201725 kick=False 
(Filename: E:\unity\Runtime/Export/Debug/Debug.bindings.h Line: 39)

STRATEGY CONTACT step=19 ball=(0.5, -0.5) vx=0 body=(0.0, -0.4) rescue=False recovery=0.600172 kick=False 
(Filename: E:\unity\Runtime/Export/Debug/Debug.bindings.h Line: 39)

STRATEGY CONTACT step=20 ball=(0.5, -0.5) vx=0 body=(0.0, -0.4) rescue=False recovery=0.5801735 kick=False 
(Filename: E:\unity\Runtime/Export/Debug/Debug.bindings.h Line: 39)

STRATEGY CONTACT step=21 ball=(0.5, -0.5) vx=0 body=(0.0, -0.4) rescue=False recovery=0.560173 kick=False 
(Filename: E:\unity\Runtime/Export/Debug/Debug.bindings.h Line: 39)

STRATEGY CONTACT step=22 ball=(0.5, -0.5) vx=0 body=(0.0, -0.4) rescue=False recovery=0.5401726 kick=False 
(Filename: E:\unity\Runtime/Export/Debug/Debug.bindings.h Line: 39)

STRATEGY CONTACT step=23 ball=(0.5, -0.6) vx=0 body=(0.0, -0.4) rescue=False recovery=0.5201721 kick=False 
(Filename: E:\unity\Runtime/Export/Debug/Debug.bindings.h Line: 39)

STRATEGY CONTACT step=24 ball=(0.5, -0.6) vx=0 body=(0.0, -0.4) rescue=False recovery=0.5001736 kick=False 
(Filename: E:\unity\Runtime/Export/Debug/Debug.bindings.h Line: 39)

STRATEGY CONTACT step=25 ball=(0.5, -0.6) vx=0 body=(0.0, -0.4) rescue=False recovery=0.4801731 kick=False 
(Filename: E:\unity\Runtime/Export/Debug/Debug.bindings.h Line: 39)

STRATEGY CONTACT step=26 ball=(0.5, -0.7) vx=0 body=(0.0, -0.4) rescue=False recovery=0.4601727 kick=False 
(Filename: E:\unity\Runtime/Export/Debug/Debug.bindings.h Line: 39)

STRATEGY CONTACT step=27 ball=(0.5, -0.7) vx=0 body=(0.0, -0.4) rescue=False recovery=0.4401722 kick=False 
(Filename: E:\unity\Runtime/Export/Debug/Debug.bindings.h Line: 39)

STRATEGY CONTACT step=28 ball=(0.5, -0.8) vx=0 body=(0.0, -0.4) rescue=False recovery=0.4201717 kick=False 
(Filename: E:\unity\Runtime/Export/Debug/Debug.bindings.h Line: 39)

STRATEGY CONTACT step=29 ball=(0.5, -0.8) vx=0 body=(0.0, -0.4) rescue=False recovery=0.4001732 kick=False 
(Filename: E:\unity\Runtime/Export/Debug/Debug.bindings.h Line: 39)

STRATEGY CONTACT step=30 ball=(0.5, -0.9) vx=0 body=(0.0, -0.4) rescue=False recovery=0.3801727 kick=False 
(Filename: E:\unity\Runtime/Export/Debug/Debug.bindings.h Line: 39)

STRATEGY CONTACT step=31 ball=(0.5, -0.9) vx=0 body=(0.0, -0.4) rescue=False recovery=0.3601723 kick=False 
(Filename: E:\unity\Runtime/Export/Debug/Debug.bindings.h Line: 39)

STRATEGY CONTACT step=32 ball=(0.5, -1.0) vx=0 body=(0.0, -0.4) rescue=False recovery=0.3401718 kick=False 
(Filename: E:\unity\Runtime/Export/Debug/Debug.bindings.h Line: 39)

STRATEGY CONTACT step=33 ball=(0.5, -1.0) vx=0 body=(0.0, -0.4) rescue=False recovery=0.3201733 kick=False 
(Filename: E:\unity\Runtime/Export/Debug/Debug.bindings.h Line: 39)

STRATEGY CONTACT step=34 ball=(0.5, -1.1) vx=0 body=(0.0, -0.4) rescue=False recovery=0.3001728 kick=False 
(Filename: E:\unity\Runtime/Export/Debug/Debug.bindings.h Line: 39)

STRATEGY CONTACT step=35 ball=(0.5, -1.2) vx=0 body=(0.0, -0.4) rescue=False recovery=0.2801723 kick=False 
(Filename: E:\unity\Runtime/Export/Debug/Debug.bindings.h Line: 39)

STRATEGY CONTACT step=36 ball=(0.5, -1.2) vx=0 body=(0.0, -0.4) rescue=False recovery=0.2601719 kick=False 
(Filename: E:\unity\Runtime/Export/Debug/Debug.bindings.h Line: 39)

STRATEGY CONTACT step=37 ball=(0.5, -1.3) vx=0 body=(0.0, -0.4) rescue=False recovery=0.2401733 kick=False 
(Filename: E:\unity\Runtime/Export/Debug/Debug.bindings.h Line: 39)

STRATEGY CONTACT step=38 ball=(0.5, -1.4) vx=0 body=(0.0, -0.4) rescue=False recovery=0.2201729 kick=False 
(Filename: E:\unity\Runtime/Export/Debug/Debug.bindings.h Line: 39)

STRATEGY CONTACT step=39 ball=(0.5, -1.5) vx=0 body=(0.0, -0.4) rescue=False recovery=0.2001724 kick=False 
(Filename: E:\unity\Runtime/Export/Debug/Debug.bindings.h Line: 39)

STRATEGY CONTACT step=40 ball=(0.5, -1.6) vx=0 body=(0.0, -0.4) rescue=False recovery=0.180172 kick=False 
(Filename: E:\unity\Runtime/Export/Debug/Debug.bindings.h Line: 39)

STRATEGY CONTACT step=41 ball=(0.5, -1.6) vx=-1.518435E-08 body=(0.0, -0.4) rescue=False recovery=0.1601734 kick=False 
(Filename: E:\unity\Runtime/Export/Debug/Debug.bindings.h Line: 39)

STRATEGY CONTACT step=42 ball=(0.5, -1.5) vx=-1.518435E-08 body=(0.0, -0.4) rescue=False recovery=0.140173 kick=False 
(Filename: E:\unity\Runtime/Export/Debug/Debug.bindings.h Line: 39)

STRATEGY CONTACT step=43 ball=(0.5, -1.4) vx=-1.518435E-08 body=(0.0, -0.4) rescue=False recovery=0.1201725 kick=False 
(Filename: E:\unity\Runtime/Export/Debug/Debug.bindings.h Line: 39)

STRATEGY CONTACT step=44 ball=(0.5, -1.4) vx=-1.518435E-08 body=(0.0, -0.4) rescue=False recovery=0.100172 kick=False 
(Filename: E:\unity\Runtime/Export/Debug/Debug.bindings.h Line: 39)

STRATEGY CONTACT step=45 ball=(0.5, -1.3) vx=-1.518435E-08 body=(0.0, -0.4) rescue=False recovery=0.08017349 kick=False 
(Filename: E:\unity\Runtime/Export/Debug/Debug.bindings.h Line: 39)

STRATEGY CONTACT step=46 ball=(0.5, -1.2) vx=-1.518435E-08 body=(0.0, -0.4) rescue=False recovery=0.06017303 kick=False 
(Filename: E:\unity\Runtime/Export/Debug/Debug.bindings.h Line: 39)

STRATEGY CONTACT step=47 ball=(0.5, -1.2) vx=-1.518435E-08 body=(0.0, -0.4) rescue=False recovery=0.04017258 kick=False 
(Filename: E:\unity\Runtime/Export/Debug/Debug.bindings.h Line: 39)

STRATEGY CONTACT step=48 ball=(0.5, -1.1) vx=-1.518435E-08 body=(0.0, -0.4) rescue=False recovery=0.02017212 kick=False 
(Filename: E:\unity\Runtime/Export/Debug/Debug.bindings.h Line: 39)

STRATEGY CONTACT step=49 ball=(0.5, -1.1) vx=-1.518435E-08 body=(0.0, -0.4) rescue=False recovery=0.0001735687 kick=False 
(Filename: E:\unity\Runtime/Export/Debug/Debug.bindings.h Line: 39)

STRATEGY CONTACT step=50 ball=(0.5, -1.1) vx=-1.518435E-08 body=(0.0, -0.4) rescue=True recovery=1 kick=False 
(Filename: E:\unity\Runtime/Export/Debug/Debug.bindings.h Line: 39)

STRATEGY CONTACT step=51 ball=(0.5, -1.0) vx=-1.518435E-08 body=(0.0, -0.4) rescue=True recovery=1 kick=False 
(Filename: E:\unity\Runtime/Export/Debug/Debug.bindings.h Line: 39)

STRATEGY CONTACT step=52 ball=(0.5, -1.0) vx=-1.518435E-08 body=(0.0, -0.4) rescue=True recovery=1 kick=False 
(Filename: E:\unity\Runtime/Export/Debug/Debug.bindings.h Line: 39)

STRATEGY CONTACT step=53 ball=(0.5, -1.0) vx=-1.518435E-08 body=(0.0, -0.4) rescue=True recovery=1 kick=False 
(Filename: E:\unity\Runtime/Export/Debug/Debug.bindings.h Line: 39)

STRATEGY CONTACT step=54 ball=(0.5, -0.9) vx=-1.518435E-08 body=(0.0, -0.3) rescue=True recovery=0.9940147 kick=False 
(Filename: E:\unity\Runtime/Export/Debug/Debug.bindings.h Line: 39)

STRATEGY CONTACT step=55 ball=(0.5, -0.9) vx=-1.518435E-08 body=(0.0, -0.2) rescue=True recovery=0.9990482 kick=False 
(Filename: E:\unity\Runtime/Export/Debug/Debug.bindings.h Line: 39)

STRATEGY CONTACT step=56 ball=(0.5, -0.9) vx=-1.518435E-08 body=(0.0, -0.1) rescue=True recovery=0.9957142 kick=False 
(Filename: E:\unity\Runtime/Export/Debug/Debug.bindings.h Line: 39)

STRATEGY CONTACT step=57 ball=(0.5, -0.9) vx=-1.518435E-08 body=(0.0, 0.0) rescue=True recovery=0.9923801 kick=False 
(Filename: E:\unity\Runtime/Export/Debug/Debug.bindings.h Line: 39)

STRATEGY CONTACT step=58 ball=(0.5, -0.9) vx=-1.518435E-08 body=(0.0, 0.2) rescue=True recovery=0.9973812 kick=False 
(Filename: E:\unity\Runtime/Export/Debug/Debug.bindings.h Line: 39)

STRATEGY CONTACT step=59 ball=(0.5, -0.9) vx=-1.518435E-08 body=(0.0, 0.3) rescue=True recovery=0.9940491 kick=False 
(Filename: E:\unity\Runtime/Export/Debug/Debug.bindings.h Line: 39)

STRATEGY PASS returning torso ball uses real collision fixture 
(Filename: E:\unity\Runtime/Export/Debug/Debug.bindings.h Line: 39)

STRATEGY PASS returning contact does not receive an own-goal push vx=0 
(Filename: E:\unity\Runtime/Export/Debug/Debug.bindings.h Line: 39)

STRATEGY PASS returning-contact absorption retains rig error=0.03780816 
(Filename: E:\unity\Runtime/Export/Debug/Debug.bindings.h Line: 39)

Unloading 4 Unused Serialized files (Serialized files now loaded: 0)
UnloadTime: 0.279600 ms

Unloading 3 unused Assets to reduce memory usage. Loaded Objects now: 1061.
Total: 1.430500 ms (FindLiveObjects: 0.031600 ms CreateObjectMapping: 0.008200 ms MarkObjects: 0.213200 ms  DeleteObjects: 1.177200 ms)

STRATEGY PARAM side=Zhao skills=True scale=0.75 jump=6.119894 gravity=1 head=0.1135373 
(Filename: E:\unity\Runtime/Export/Debug/Debug.bindings.h Line: 39)

STRATEGY LOB step=0 ball=(2.5, 2.4) velocity=(-3.2, -0.7) player=(2.0, -0.4) run=(-0.2, 0.0) head=(1.9, 0.1, 0.2) target=1.74449 eta=0.32 jump=True heading=False plan=True rescue=False standing=0.1017303 axis=-0.4773521 
(Filename: E:\unity\Runtime/Export/Debug/Debug.bindings.h Line: 39)

STRATEGY LOB step=8 ball=(2.0, 2.1) velocity=(-3.2, -2.3) player=(1.9, 0.4) run=(-0.4, 4.6) head=(1.8, 1.0, 0.2) target=1.898251 eta=0.12 jump=False heading=False plan=True rescue=False standing=0.1017303 axis=0.1527137 
(Filename: E:\unity\Runtime/Export/Debug/Debug.bindings.h Line: 39)

STRATEGY LOB step=16 ball=(1.5, 1.8) velocity=(-3.6, 0.7) player=(1.9, 1.0) run=(0.0, 2.4) head=(1.5, 1.4, 0.2) target=1.620737 eta=0.08 jump=False heading=False plan=True rescue=False standing=0.1017303 axis=-0.5949659 
(Filename: E:\unity\Runtime/Export/Debug/Debug.bindings.h Line: 39)

STRATEGY LOB step=24 ball=(0.9, 1.8) velocity=(-3.9, 0.3) player=(1.8, 1.3) run=(-1.0, 0.7) head=(1.5, 1.7, 0.2) target=-2.012993 eta=2.4 jump=False heading=False plan=True rescue=False standing=0.1017303 axis=-0.65 
(Filename: E:\unity\Runtime/Export/Debug/Debug.bindings.h Line: 39)

STRATEGY LOB step=32 ball=(0.3, 1.7) velocity=(-3.9, -1.3) player=(1.7, 1.3) run=(-0.1, -1.0) head=(1.7, 1.8, 0.2) target=-2.304086 eta=2.4 jump=False heading=False plan=True rescue=False standing=0.1017303 axis=-0.65 
(Filename: E:\unity\Runtime/Export/Debug/Debug.bindings.h Line: 39)

STRATEGY LOB step=40 ball=(-0.4, 1.4) velocity=(-3.9, -2.9) player=(1.6, 1.0) run=(-1.3, -1.8) head=(1.6, 1.5, 0.2) target=-2.380037 eta=2.4 jump=False heading=False plan=True rescue=False standing=0.1017303 axis=-0.65 
(Filename: E:\unity\Runtime/Export/Debug/Debug.bindings.h Line: 39)

STRATEGY LOB step=48 ball=(-1.0, 0.8) velocity=(-3.9, -4.4) player=(1.2, 0.5) run=(-2.1, -3.6) head=(1.1, 1.0, 0.2) target=-2.259734 eta=2.4 jump=False heading=False plan=True rescue=False standing=0.1017303 axis=-0.65 
(Filename: E:\unity\Runtime/Export/Debug/Debug.bindings.h Line: 39)

STRATEGY LOB step=56 ball=(-1.6, 0.0) velocity=(-3.9, -6.0) player=(0.9, -0.2) run=(-2.3, -5.4) head=(0.7, 0.3, 0.2) target=-1.535784 eta=0.12 jump=False heading=False plan=False rescue=False standing=0.1017303 axis=-1 
(Filename: E:\unity\Runtime/Export/Debug/Debug.bindings.h Line: 39)

STRATEGY LOB step=64 ball=(-2.2, -1.1) velocity=(-3.9, -7.6) player=(0.5, -1.0) run=(-2.7, -3.2) head=(0.3, -0.5, 0.2) target=-2.154873 eta=0.12 jump=False heading=False plan=False rescue=False standing=0.1017303 axis=-1 
(Filename: E:\unity\Runtime/Export/Debug/Debug.bindings.h Line: 39)

STRATEGY LOB step=72 ball=(-2.7, -1.0) velocity=(-2.7, 5.5) player=(0.1, -0.8) run=(-3.2, 2.2) head=(-0.3, -0.4, 0.2) target=-2.535888 eta=0.12 jump=False heading=False plan=False rescue=False standing=0.1017303 axis=-1 
(Filename: E:\unity\Runtime/Export/Debug/Debug.bindings.h Line: 39)

STRATEGY LOB step=80 ball=(-3.1, -0.3) velocity=(-2.7, 4.0) player=(-0.4, -0.4) run=(-2.7, 1.8) head=(-0.5, 0.1, 0.2) target=-2.964816 eta=0.12 jump=False heading=False plan=False rescue=False standing=0.1017303 axis=-1 
(Filename: E:\unity\Runtime/Export/Debug/Debug.bindings.h Line: 39)

STRATEGY LOB step=88 ball=(-3.6, 0.2) velocity=(-2.7, 2.4) player=(-0.9, -0.3) run=(-3.1, 0.9) head=(-0.9, 0.2, 0.2) target=-5.751219 eta=2.4 jump=False heading=False plan=True rescue=False standing=0.1017303 axis=-1 
(Filename: E:\unity\Runtime/Export/Debug/Debug.bindings.h Line: 39)

STRATEGY LOB step=96 ball=(-4.0, 0.5) velocity=(-2.7, 0.8) player=(-1.5, -0.3) run=(-3.6, -0.4) head=(-1.5, 0.2, 0.2) target=-5.751219 eta=2.4 jump=False heading=False plan=True rescue=False standing=0.1017303 axis=-1 
(Filename: E:\unity\Runtime/Export/Debug/Debug.bindings.h Line: 39)

STRATEGY PASS live lob plans reachable contact Zhao skills=True jump=True 
(Filename: E:\unity\Runtime/Export/Debug/Debug.bindings.h Line: 39)

STRATEGY PASS live lob intercepted by native collision or existing head skill Zhao skills=True collision=True header=False 
(Filename: E:\unity\Runtime/Export/Debug/Debug.bindings.h Line: 39)

STRATEGY PASS lob interception preserves skeleton Zhao error=0.1237189 
(Filename: E:\unity\Runtime/Export/Debug/Debug.bindings.h Line: 39)

STRATEGY COMPLETE checks=55 lobTouches=1 failures=0 
(Filename: E:\unity\Runtime/Export/Debug/Debug.bindings.h Line: 39)

Setting up 12 worker threads for Enlighten.
  Thread -> id: 2b00 -> priority: 1 
  Thread -> id: 3aec -> priority: 1 
  Thread -> id: a180 -> priority: 1 
  Thread -> id: 4118 -> priority: 1 
  Thread -> id: 4c24 -> priority: 1 
  Thread -> id: 6c2c -> priority: 1 
  Thread -> id: 6d14 -> priority: 1 
  Thread -> id: 7fb0 -> priority: 1 
  Thread -> id: 5bbc -> priority: 1 
  Thread -> id: 2a54 -> priority: 1 
  Thread -> id: 1cf0 -> priority: 1 
  Thread -> id: 77bc -> priority: 1 
Curl error 42: Callback aborted
 
(Filename:  Line: 867)

