Mono path[0] = 'C:/Users/Alienware/Documents/范志毅VS赵鹏/范志毅VS赵鹏 PC双人版（32位）/鑼冨織姣匳S璧甸箯 PC鍙屼汉鐗堬紙32浣嶏級/AI Mod Source/build/zhao-strategy-test-player-original/FanZhiYi_Data/Managed'
Mono config path = 'C:/Users/Alienware/Documents/范志毅VS赵鹏/范志毅VS赵鹏 PC双人版（32位）/鑼冨織姣匳S璧甸箯 PC鍙屼汉鐗堬紙32浣嶏級/AI Mod Source/build/zhao-strategy-test-player-original/MonoBleedingEdge/etc'
AS: AutoStreaming module initializing.Initialize engine version: 2019.4.33f1c1 (c2f94a8bebb3)
[Subsystems] Discovering subsystems at path C:/Users/Alienware/Documents/范志毅VS赵鹏/范志毅VS赵鹏 PC双人版（32位）/鑼冨織姣匳S璧甸箯 PC鍙屼汉鐗堬紙32浣嶏級/AI Mod Source/build/zhao-strategy-test-player-original/FanZhiYi_Data/UnitySubsystems
GfxDevice: creating device client; threaded=1
Direct3D:
    Version:  Direct3D 11.0 [level 11.1]
    Renderer: NVIDIA GeForce RTX 5070 Laptop GPU (ID=0x2d58)
    Vendor:   (null)
    VRAM:     3072 MB
    Driver:   32.0.15.9608
Begin MonoManager ReloadAssembly
- Completed reload, in  0.115 seconds
<RI> Initializing input.
<RI> Input initialized.
<RI> Initialized touch support.
UnloadTime: 0.557200 ms
Unloading 5 Unused Serialized files (Serialized files now loaded: 0)
UnloadTime: 0.176400 ms

Unloading 143 unused Assets to reduce memory usage. Loaded Objects now: 1009.
Total: 0.772300 ms (FindLiveObjects: 0.065800 ms CreateObjectMapping: 0.022300 ms MarkObjects: 0.403500 ms  DeleteObjects: 0.280000 ms)

BALANCE HEADER Zhao before=(-4.5, -1.3) after=(-4.0, -1.2) 
(Filename: E:\unity\Runtime/Export/Debug/Debug.bindings.h Line: 39)

BALANCE PASS header skills=False fan=False rear=False command=True one reduction only reduced=1 assisted=0 
(Filename: E:\unity\Runtime/Export/Debug/Debug.bindings.h Line: 39)

BALANCE PASS header skills=False fan=False rear=False command=True velocity is exactly 90% of prior header 
(Filename: E:\unity\Runtime/Export/Debug/Debug.bindings.h Line: 39)

BALANCE PASS header skills=False fan=False rear=False command=True real head contact or reachable native assisted strike 
(Filename: E:\unity\Runtime/Export/Debug/Debug.bindings.h Line: 39)

BALANCE PASS header skills=False fan=False rear=False command=True skeleton stable error=0.03240173 
(Filename: E:\unity\Runtime/Export/Debug/Debug.bindings.h Line: 39)

Unloading 4 Unused Serialized files (Serialized files now loaded: 0)
UnloadTime: 0.551800 ms

Unloading 38 unused Assets to reduce memory usage. Loaded Objects now: 1056.
Total: 1.242500 ms (FindLiveObjects: 0.063400 ms CreateObjectMapping: 0.020300 ms MarkObjects: 0.352300 ms  DeleteObjects: 0.805800 ms)

BALANCE HEADER Zhao before=(-3.6, -1.0) after=(-3.3, -0.9) 
(Filename: E:\unity\Runtime/Export/Debug/Debug.bindings.h Line: 39)

BALANCE PASS header skills=True fan=False rear=False command=True one reduction only reduced=1 assisted=0 
(Filename: E:\unity\Runtime/Export/Debug/Debug.bindings.h Line: 39)

BALANCE PASS header skills=True fan=False rear=False command=True velocity is exactly 90% of prior header 
(Filename: E:\unity\Runtime/Export/Debug/Debug.bindings.h Line: 39)

BALANCE PASS header skills=True fan=False rear=False command=True real head contact or reachable native assisted strike 
(Filename: E:\unity\Runtime/Export/Debug/Debug.bindings.h Line: 39)

BALANCE PASS header skills=True fan=False rear=False command=True skeleton stable error=0.007115693 
(Filename: E:\unity\Runtime/Export/Debug/Debug.bindings.h Line: 39)

Unloading 4 Unused Serialized files (Serialized files now loaded: 0)
UnloadTime: 1.080900 ms

Unloading 3 unused Assets to reduce memory usage. Loaded Objects now: 1062.
Total: 1.108300 ms (FindLiveObjects: 0.053700 ms CreateObjectMapping: 0.017700 ms MarkObjects: 0.238000 ms  DeleteObjects: 0.798300 ms)

BALANCE HEADER Fan before=(3.7, -0.6) after=(3.3, -0.5) 
(Filename: E:\unity\Runtime/Export/Debug/Debug.bindings.h Line: 39)

BALANCE PASS header skills=False fan=True rear=False command=True one reduction only reduced=1 assisted=0 
(Filename: E:\unity\Runtime/Export/Debug/Debug.bindings.h Line: 39)

BALANCE PASS header skills=False fan=True rear=False command=True velocity is exactly 90% of prior header 
(Filename: E:\unity\Runtime/Export/Debug/Debug.bindings.h Line: 39)

BALANCE PASS header skills=False fan=True rear=False command=True real head contact or reachable native assisted strike 
(Filename: E:\unity\Runtime/Export/Debug/Debug.bindings.h Line: 39)

BALANCE PASS header skills=False fan=True rear=False command=True skeleton stable error=0.03491021 
(Filename: E:\unity\Runtime/Export/Debug/Debug.bindings.h Line: 39)

Unloading 4 Unused Serialized files (Serialized files now loaded: 0)
UnloadTime: 0.268500 ms

Unloading 3 unused Assets to reduce memory usage. Loaded Objects now: 1058.
Total: 1.057500 ms (FindLiveObjects: 0.030600 ms CreateObjectMapping: 0.007800 ms MarkObjects: 0.170500 ms  DeleteObjects: 0.848300 ms)

BALANCE PASS header skills=True fan=True rear=False command=True one reduction only reduced=0 assisted=1 
(Filename: E:\unity\Runtime/Export/Debug/Debug.bindings.h Line: 39)

BALANCE PASS header skills=True fan=True rear=False command=True velocity is exactly 90% of prior header 
(Filename: E:\unity\Runtime/Export/Debug/Debug.bindings.h Line: 39)

BALANCE PASS header skills=True fan=True rear=False command=True real head contact or reachable native assisted strike 
(Filename: E:\unity\Runtime/Export/Debug/Debug.bindings.h Line: 39)

BALANCE PASS header skills=True fan=True rear=False command=True skeleton stable error=0.003710086 
(Filename: E:\unity\Runtime/Export/Debug/Debug.bindings.h Line: 39)

Unloading 4 Unused Serialized files (Serialized files now loaded: 0)
UnloadTime: 0.412200 ms

Unloading 2 unused Assets to reduce memory usage. Loaded Objects now: 1058.
Total: 1.088400 ms (FindLiveObjects: 0.029800 ms CreateObjectMapping: 0.008100 ms MarkObjects: 0.168000 ms  DeleteObjects: 0.882100 ms)

BALANCE HEADER Fan before=(-0.3, 0.1) after=(-0.2, 0.1) 
(Filename: E:\unity\Runtime/Export/Debug/Debug.bindings.h Line: 39)

BALANCE PASS header skills=True fan=True rear=True command=True one reduction only reduced=1 assisted=0 
(Filename: E:\unity\Runtime/Export/Debug/Debug.bindings.h Line: 39)

BALANCE PASS header skills=True fan=True rear=True command=True velocity is exactly 90% of prior header 
(Filename: E:\unity\Runtime/Export/Debug/Debug.bindings.h Line: 39)

BALANCE PASS header skills=True fan=True rear=True command=True real head contact or reachable native assisted strike 
(Filename: E:\unity\Runtime/Export/Debug/Debug.bindings.h Line: 39)

BALANCE PASS header skills=True fan=True rear=True command=True skeleton stable error=0.01908834 
(Filename: E:\unity\Runtime/Export/Debug/Debug.bindings.h Line: 39)

Unloading 4 Unused Serialized files (Serialized files now loaded: 0)
UnloadTime: 0.251500 ms

Unloading 2 unused Assets to reduce memory usage. Loaded Objects now: 1058.
Total: 1.177000 ms (FindLiveObjects: 0.058900 ms CreateObjectMapping: 0.016800 ms MarkObjects: 0.252500 ms  DeleteObjects: 0.848300 ms)

BALANCE PASS header skills=False fan=False rear=False command=False passive head collision is unchanged 
(Filename: E:\unity\Runtime/Export/Debug/Debug.bindings.h Line: 39)

BALANCE PASS header skills=False fan=False rear=False command=False passive physical fixture touched head 
(Filename: E:\unity\Runtime/Export/Debug/Debug.bindings.h Line: 39)

BALANCE PASS header skills=False fan=False rear=False command=False skeleton stable error=0.008096737 
(Filename: E:\unity\Runtime/Export/Debug/Debug.bindings.h Line: 39)

Unloading 4 Unused Serialized files (Serialized files now loaded: 0)
UnloadTime: 0.230300 ms

Unloading 2 unused Assets to reduce memory usage. Loaded Objects now: 1058.
Total: 1.170400 ms (FindLiveObjects: 0.031300 ms CreateObjectMapping: 0.008000 ms MarkObjects: 0.214500 ms  DeleteObjects: 0.916200 ms)

BALANCE PASS existing real head contact before command fan=False 
(Filename: E:\unity\Runtime/Export/Debug/Debug.bindings.h Line: 39)

BALANCE HEADER Zhao before=(0.1, 0.0) after=(0.1, 0.0) 
(Filename: E:\unity\Runtime/Export/Debug/Debug.bindings.h Line: 39)

BALANCE PASS ongoing head contact reduced once on release fan=False reduced=1 
(Filename: E:\unity\Runtime/Export/Debug/Debug.bindings.h Line: 39)

BALANCE PASS ongoing head release velocity is exactly 90% fan=False 
(Filename: E:\unity\Runtime/Export/Debug/Debug.bindings.h Line: 39)

BALANCE PASS ongoing head contact keeps native skeleton fan=False 
(Filename: E:\unity\Runtime/Export/Debug/Debug.bindings.h Line: 39)

Unloading 4 Unused Serialized files (Serialized files now loaded: 0)
UnloadTime: 0.332000 ms

Unloading 3 unused Assets to reduce memory usage. Loaded Objects now: 1062.
Total: 1.300000 ms (FindLiveObjects: 0.059800 ms CreateObjectMapping: 0.019000 ms MarkObjects: 0.313800 ms  DeleteObjects: 0.906800 ms)

BALANCE PASS existing real head contact before command fan=True 
(Filename: E:\unity\Runtime/Export/Debug/Debug.bindings.h Line: 39)

BALANCE HEADER Fan before=(-0.4, 0.1) after=(-0.3, 0.1) 
(Filename: E:\unity\Runtime/Export/Debug/Debug.bindings.h Line: 39)

BALANCE PASS ongoing head contact reduced once on release fan=True reduced=1 
(Filename: E:\unity\Runtime/Export/Debug/Debug.bindings.h Line: 39)

BALANCE PASS ongoing head release velocity is exactly 90% fan=True 
(Filename: E:\unity\Runtime/Export/Debug/Debug.bindings.h Line: 39)

BALANCE PASS ongoing head contact keeps native skeleton fan=True 
(Filename: E:\unity\Runtime/Export/Debug/Debug.bindings.h Line: 39)

Unloading 4 Unused Serialized files (Serialized files now loaded: 0)
UnloadTime: 0.249300 ms

Unloading 3 unused Assets to reduce memory usage. Loaded Objects now: 1058.
Total: 1.073700 ms (FindLiveObjects: 0.052800 ms CreateObjectMapping: 0.011800 ms MarkObjects: 0.159900 ms  DeleteObjects: 0.849000 ms)

BALANCE PASS classic manual backward speed retained 
(Filename: E:\unity\Runtime/Export/Debug/Debug.bindings.h Line: 39)

Unloading 4 Unused Serialized files (Serialized files now loaded: 0)
UnloadTime: 0.365300 ms

Unloading 2 unused Assets to reduce memory usage. Loaded Objects now: 1058.
Total: 1.086300 ms (FindLiveObjects: 0.038400 ms CreateObjectMapping: 0.008100 ms MarkObjects: 0.193500 ms  DeleteObjects: 0.846200 ms)

BALANCE PASS front ball keeps original manual retreat 
(Filename: E:\unity\Runtime/Export/Debug/Debug.bindings.h Line: 39)

BALANCE PASS original skill retreat speed retained 
(Filename: E:\unity\Runtime/Export/Debug/Debug.bindings.h Line: 39)

BALANCE PASS rear ball alone cannot auto activate 
(Filename: E:\unity\Runtime/Export/Debug/Debug.bindings.h Line: 39)

BALANCE PASS auto retreat never exceeds twice ordinary native speed 
(Filename: E:\unity\Runtime/Export/Debug/Debug.bindings.h Line: 39)

BALANCE PASS stationary reachable ball uses less than maximum speed 
(Filename: E:\unity\Runtime/Export/Debug/Debug.bindings.h Line: 39)

BALANCE PASS fast rear ball reaches the two-times cap 
(Filename: E:\unity\Runtime/Export/Debug/Debug.bindings.h Line: 39)

BALANCE PASS tap continues bounded automatic retreat 
(Filename: E:\unity\Runtime/Export/Debug/Debug.bindings.h Line: 39)

BALANCE PASS opposite steering cancels rescue 
(Filename: E:\unity\Runtime/Export/Debug/Debug.bindings.h Line: 39)

BALANCE PASS manual kick cancels automatic retreat 
(Filename: E:\unity\Runtime/Export/Debug/Debug.bindings.h Line: 39)

BALANCE PASS pause clears auto commands 
(Filename: E:\unity\Runtime/Export/Debug/Debug.bindings.h Line: 39)

BALANCE PASS round reset clears rescue and balance 
(Filename: E:\unity\Runtime/Export/Debug/Debug.bindings.h Line: 39)

BALANCE PASS unreachable rescue has a time limit 
(Filename: E:\unity\Runtime/Export/Debug/Debug.bindings.h Line: 39)

BALANCE PASS tight own-goal space brakes instead of running through rear ball 
(Filename: E:\unity\Runtime/Export/Debug/Debug.bindings.h Line: 39)

Unloading 4 Unused Serialized files (Serialized files now loaded: 0)
UnloadTime: 0.253100 ms

Unloading 2 unused Assets to reduce memory usage. Loaded Objects now: 1058.
Total: 1.216400 ms (FindLiveObjects: 0.029500 ms CreateObjectMapping: 0.009100 ms MarkObjects: 0.317800 ms  DeleteObjects: 0.859400 ms)

BALANCE RETREAT low frame=0 body=(-2.0, 0.2) ball=(-0.2, -1.5) velocity=(-0.2, 7.4) tilt=3.257792 headed=False waiting=True height=2.869893 width=0.684967 head=(-2.1, 0.9, 0.3) deadline=2.593124 
(Filename: E:\unity\Runtime/Export/Debug/Debug.bindings.h Line: 39)

BALANCE RETREAT low frame=20 body=(-1.2, 1.8) ball=(-0.2, -1.5) velocity=(3.9, 2.2) tilt=3.980301 headed=False waiting=False height=2.869893 width=0.684967 head=(-1.2, 2.5, 0.3) deadline=2.193124 
(Filename: E:\unity\Runtime/Export/Debug/Debug.bindings.h Line: 39)

BALANCE RETREAT low frame=40 body=(0.1, 1.8) ball=(-0.2, -1.5) velocity=(3.0, -1.8) tilt=-1.395116 headed=False waiting=False height=2.869893 width=0.684967 head=(0.1, 2.5, 0.3) deadline=1.793124 
(Filename: E:\unity\Runtime/Export/Debug/Debug.bindings.h Line: 39)

BALANCE RETREAT low frame=60 body=(0.5, 0.3) ball=(-0.2, -1.5) velocity=(0.2, -5.7) tilt=5.735294 headed=False waiting=False height=2.869893 width=0.684967 head=(0.4, 1.0, 0.3) deadline=-13.26 
(Filename: E:\unity\Runtime/Export/Debug/Debug.bindings.h Line: 39)

BALANCE RETREAT low frame=80 body=(0.5, 0.1) ball=(-0.2, -1.5) velocity=(-0.5, 1.2) tilt=9.457957 headed=False waiting=False height=2.869893 width=0.684967 head=(0.4, 0.8, 0.3) deadline=-13.66 
(Filename: E:\unity\Runtime/Export/Debug/Debug.bindings.h Line: 39)

BALANCE RETREAT low frame=100 body=(0.5, 0.0) ball=(-0.6, -1.5) velocity=(-0.1, 0.0) tilt=7.779053 headed=False waiting=False height=2.869893 width=0.684967 head=(0.4, 0.7, 0.3) deadline=-14.06 
(Filename: E:\unity\Runtime/Export/Debug/Debug.bindings.h Line: 39)

BALANCE RETREAT low frame=120 body=(0.6, 0.1) ball=(-1.2, -1.5) velocity=(0.4, 0.1) tilt=8.323922 headed=False waiting=False height=2.869893 width=0.684967 head=(0.5, 0.8, 0.3) deadline=-14.46 
(Filename: E:\unity\Runtime/Export/Debug/Debug.bindings.h Line: 39)

BALANCE RETREAT low frame=140 body=(0.7, 0.1) ball=(-1.7, -1.5) velocity=(-0.2, 0.0) tilt=5.018454 headed=False waiting=False height=2.869893 width=0.684967 head=(0.6, 0.8, 0.3) deadline=-14.86 
(Filename: E:\unity\Runtime/Export/Debug/Debug.bindings.h Line: 39)

BALANCE RETREAT low frame=160 body=(0.6, 0.1) ball=(-2.2, -1.5) velocity=(-0.1, 0.0) tilt=8.650725 headed=False waiting=False height=2.869893 width=0.684967 head=(0.5, 0.8, 0.3) deadline=-15.26 
(Filename: E:\unity\Runtime/Export/Debug/Debug.bindings.h Line: 39)

BALANCE RETREAT low frame=180 body=(0.7, 0.1) ball=(-2.7, -1.5) velocity=(0.2, 0.0) tilt=5.945633 headed=False waiting=False height=2.869893 width=0.684967 head=(0.6, 0.8, 0.3) deadline=-15.66 
(Filename: E:\unity\Runtime/Export/Debug/Debug.bindings.h Line: 39)

BALANCE RETREAT low frame=200 body=(0.6, 0.1) ball=(-3.2, -1.5) velocity=(-0.3, 0.0) tilt=7.967698 headed=False waiting=False height=2.869893 width=0.684967 head=(0.5, 0.8, 0.3) deadline=-16.06 
(Filename: E:\unity\Runtime/Export/Debug/Debug.bindings.h Line: 39)

BALANCE PASS low gap=1.8 nearGoal=False falling=False no own goal during rescue 
(Filename: E:\unity\Runtime/Export/Debug/Debug.bindings.h Line: 39)

BALANCE PASS low gap=1.8 nearGoal=False falling=False all joints stay connected error=0.05237073 
(Filename: E:\unity\Runtime/Export/Debug/Debug.bindings.h Line: 39)

BALANCE PASS low gap=1.8 nearGoal=False falling=False native skeleton retained 
(Filename: E:\unity\Runtime/Export/Debug/Debug.bindings.h Line: 39)

BALANCE PASS low gap=1.8 nearGoal=False falling=False balanced after recovery tilt=8.456146 
(Filename: E:\unity\Runtime/Export/Debug/Debug.bindings.h Line: 39)

BALANCE PASS low gap=1.8 nearGoal=False falling=False native jump clears low ball 
(Filename: E:\unity\Runtime/Export/Debug/Debug.bindings.h Line: 39)

BALANCE PASS low gap=1.8 nearGoal=False falling=False reaches goal side of ball 
(Filename: E:\unity\Runtime/Export/Debug/Debug.bindings.h Line: 39)

BALANCE PASS low gap=1.8 nearGoal=False falling=False bounded auto action ended 
(Filename: E:\unity\Runtime/Export/Debug/Debug.bindings.h Line: 39)

Unloading 4 Unused Serialized files (Serialized files now loaded: 0)
UnloadTime: 0.265400 ms

Unloading 2 unused Assets to reduce memory usage. Loaded Objects now: 1058.
Total: 1.172600 ms (FindLiveObjects: 0.053300 ms CreateObjectMapping: 0.032500 ms MarkObjects: 0.223000 ms  DeleteObjects: 0.863300 ms)

BALANCE RETREAT low frame=0 body=(3.5, 0.2) ball=(4.6, -1.5) velocity=(0.0, 7.3) tilt=3.699362 headed=False waiting=True height=2.869893 width=0.684967 head=(3.4, 0.9, 0.3) deadline=2.589033 
(Filename: E:\unity\Runtime/Export/Debug/Debug.bindings.h Line: 39)

BALANCE RETREAT low frame=20 body=(4.2, 1.7) ball=(4.6, -1.5) velocity=(3.6, 2.1) tilt=4.250044 headed=False waiting=False height=2.869893 width=0.684967 head=(4.2, 2.4, 0.3) deadline=2.189034 
(Filename: E:\unity\Runtime/Export/Debug/Debug.bindings.h Line: 39)

BALANCE RETREAT low frame=40 body=(5.2, 1.7) ball=(4.6, -1.5) velocity=(1.1, -1.9) tilt=-1.243232 headed=False waiting=False height=2.869893 width=0.684967 head=(5.3, 2.4, 0.3) deadline=1.789034 
(Filename: E:\unity\Runtime/Export/Debug/Debug.bindings.h Line: 39)

BALANCE RETREAT low frame=60 body=(5.3, 0.1) ball=(4.6, -1.5) velocity=(0.2, -5.9) tilt=5.732524 headed=False waiting=False height=2.869893 width=0.684967 head=(5.2, 0.8, 0.3) deadline=-18.02 
(Filename: E:\unity\Runtime/Export/Debug/Debug.bindings.h Line: 39)

BALANCE RETREAT low frame=80 body=(5.4, 0.1) ball=(4.6, -1.5) velocity=(-0.2, 0.9) tilt=10.62791 headed=False waiting=False height=2.869893 width=0.684967 head=(5.2, 0.8, 0.3) deadline=-18.42 
(Filename: E:\unity\Runtime/Export/Debug/Debug.bindings.h Line: 39)

BALANCE RETREAT low frame=100 body=(5.3, 0.1) ball=(4.5, -1.5) velocity=(-0.5, 0.0) tilt=8.099062 headed=False waiting=False height=2.869893 width=0.684967 head=(5.2, 0.8, 0.3) deadline=-18.82 
(Filename: E:\unity\Runtime/Export/Debug/Debug.bindings.h Line: 39)

BALANCE RETREAT low frame=120 body=(5.3, 0.0) ball=(4.3, -1.5) velocity=(-0.1, 0.1) tilt=13.65302 headed=False waiting=False height=2.869893 width=0.684967 head=(5.1, 0.7, 0.3) deadline=-19.22 
(Filename: E:\unity\Runtime/Export/Debug/Debug.bindings.h Line: 39)

BALANCE RETREAT low frame=140 body=(5.2, 0.1) ball=(4.0, -1.5) velocity=(0.2, -0.2) tilt=12.74766 headed=False waiting=False height=2.869893 width=0.684967 head=(5.0, 0.7, 0.3) deadline=-19.62 
(Filename: E:\unity\Runtime/Export/Debug/Debug.bindings.h Line: 39)

BALANCE RETREAT low frame=160 body=(5.3, 0.1) ball=(3.8, -1.5) velocity=(0.0, 0.0) tilt=7.351249 headed=False waiting=False height=2.869893 width=0.684967 head=(5.2, 0.8, 0.3) deadline=-20.02 
(Filename: E:\unity\Runtime/Export/Debug/Debug.bindings.h Line: 39)

BALANCE RETREAT low frame=180 body=(5.2, 0.1) ball=(3.6, -1.5) velocity=(-0.2, 0.0) tilt=8.981967 headed=False waiting=False height=2.869893 width=0.684967 head=(5.1, 0.8, 0.3) deadline=-20.42 
(Filename: E:\unity\Runtime/Export/Debug/Debug.bindings.h Line: 39)

BALANCE RETREAT low frame=200 body=(5.2, 0.1) ball=(3.3, -1.5) velocity=(0.2, 0.0) tilt=9.304634 headed=False waiting=False height=2.869893 width=0.684967 head=(5.1, 0.8, 0.3) deadline=-20.82 
(Filename: E:\unity\Runtime/Export/Debug/Debug.bindings.h Line: 39)

BALANCE PASS low gap=1.1 nearGoal=True falling=False no own goal during rescue 
(Filename: E:\unity\Runtime/Export/Debug/Debug.bindings.h Line: 39)

BALANCE PASS low gap=1.1 nearGoal=True falling=False all joints stay connected error=0.1270996 
(Filename: E:\unity\Runtime/Export/Debug/Debug.bindings.h Line: 39)

BALANCE PASS low gap=1.1 nearGoal=True falling=False native skeleton retained 
(Filename: E:\unity\Runtime/Export/Debug/Debug.bindings.h Line: 39)

BALANCE PASS low gap=1.1 nearGoal=True falling=False balanced after recovery tilt=9.981781 
(Filename: E:\unity\Runtime/Export/Debug/Debug.bindings.h Line: 39)

BALANCE PASS low gap=1.1 nearGoal=True falling=False native jump clears low ball 
(Filename: E:\unity\Runtime/Export/Debug/Debug.bindings.h Line: 39)

BALANCE PASS low gap=1.1 nearGoal=True falling=False reaches goal side of ball 
(Filename: E:\unity\Runtime/Export/Debug/Debug.bindings.h Line: 39)

BALANCE PASS low gap=1.1 nearGoal=True falling=False bounded auto action ended 
(Filename: E:\unity\Runtime/Export/Debug/Debug.bindings.h Line: 39)

Unloading 4 Unused Serialized files (Serialized files now loaded: 0)
UnloadTime: 0.264900 ms

Unloading 2 unused Assets to reduce memory usage. Loaded Objects now: 1058.
Total: 0.946600 ms (FindLiveObjects: 0.031500 ms CreateObjectMapping: 0.007600 ms MarkObjects: 0.168000 ms  DeleteObjects: 0.739200 ms)

BALANCE RETREAT head frame=0 body=(-2.0, 0.1) ball=(-0.2, 0.8) velocity=(0.0, 0.1) tilt=9.058258 headed=False waiting=False height=2.869893 width=0.684967 head=(-2.1, 0.7, 0.3) deadline=2.6 
(Filename: E:\unity\Runtime/Export/Debug/Debug.bindings.h Line: 39)

BALANCE RETREAT head frame=20 body=(-0.8, -0.4) ball=(-0.2, 0.8) velocity=(1.8, -0.1) tilt=-3.652423 headed=True waiting=True height=2.869893 width=0.684967 head=(-0.7, 0.2, 0.3) deadline=2.200001 
(Filename: E:\unity\Runtime/Export/Debug/Debug.bindings.h Line: 39)

BALANCE CLEARANCE (9.0, 4.3) 
(Filename: E:\unity\Runtime/Export/Debug/Debug.bindings.h Line: 39)

BALANCE RETREAT head frame=40 body=(-1.1, 0.1) ball=(1.4, 1.6) velocity=(-0.3, 1.1) tilt=20.78527 headed=True waiting=False height=2.869893 width=0.684967 head=(-1.4, 0.8, 0.3) deadline=-22.36 
(Filename: E:\unity\Runtime/Export/Debug/Debug.bindings.h Line: 39)

BALANCE RETREAT head frame=60 body=(-1.0, 0.1) ball=(5.0, 3.3) velocity=(0.6, 0.0) tilt=7.002219 headed=True waiting=False height=2.869893 width=0.684967 head=(-1.1, 0.8, 0.3) deadline=-22.76 
(Filename: E:\unity\Runtime/Export/Debug/Debug.bindings.h Line: 39)

BALANCE RETREAT head frame=80 body=(-1.0, 0.1) ball=(8.6, 5.0) velocity=(-0.2, 0.0) tilt=8.02682 headed=False waiting=False height=2.869893 width=0.684967 head=(-1.1, 0.8, 0.3) deadline=-23.16 
(Filename: E:\unity\Runtime/Export/Debug/Debug.bindings.h Line: 39)

BALANCE RETREAT head frame=100 body=(-1.0, 0.1) ball=(6.8, 3.4) velocity=(0.0, 0.0) tilt=9.248065 headed=False waiting=False height=2.869893 width=0.684967 head=(-1.2, 0.8, 0.3) deadline=-23.56 
(Filename: E:\unity\Runtime/Export/Debug/Debug.bindings.h Line: 39)

BALANCE RETREAT head frame=120 body=(-1.0, 0.1) ball=(7.2, 4.0) velocity=(0.1, 0.0) tilt=7.959152 headed=False waiting=False height=2.869893 width=0.684967 head=(-1.1, 0.8, 0.3) deadline=-23.96 
(Filename: E:\unity\Runtime/Export/Debug/Debug.bindings.h Line: 39)

BALANCE RETREAT head frame=140 body=(-1.0, 0.1) ball=(8.4, 4.5) velocity=(-0.1, 0.0) tilt=8.058057 headed=False waiting=False height=2.869893 width=0.684967 head=(-1.1, 0.8, 0.3) deadline=-24.36 
(Filename: E:\unity\Runtime/Export/Debug/Debug.bindings.h Line: 39)

BALANCE RETREAT head frame=160 body=(-1.0, 0.1) ball=(8.1, 3.3) velocity=(0.0, 0.0) tilt=8.955031 headed=False waiting=False height=2.869893 width=0.684967 head=(-1.1, 0.8, 0.3) deadline=-24.76 
(Filename: E:\unity\Runtime/Export/Debug/Debug.bindings.h Line: 39)

BALANCE RETREAT head frame=180 body=(6.1, 0.1) ball=(3.6, 3.3) velocity=(-0.1, -2.1) tilt=4.321256 headed=False waiting=False height=2.869893 width=0.684967 head=(6.0, 0.8, 0.3) deadline=-25.16 
(Filename: E:\unity\Runtime/Export/Debug/Debug.bindings.h Line: 39)

BALANCE RETREAT head frame=200 body=(6.0, 0.1) ball=(3.6, 3.3) velocity=(-0.1, -0.1) tilt=8.71235 headed=False waiting=False height=2.869893 width=0.684967 head=(5.9, 0.8, 0.3) deadline=-25.56 
(Filename: E:\unity\Runtime/Export/Debug/Debug.bindings.h Line: 39)

BALANCE PASS head gap=1.8 nearGoal=False falling=False no own goal during rescue 
(Filename: E:\unity\Runtime/Export/Debug/Debug.bindings.h Line: 39)

BALANCE PASS head gap=1.8 nearGoal=False falling=False all joints stay connected error=0.03206792 
(Filename: E:\unity\Runtime/Export/Debug/Debug.bindings.h Line: 39)

BALANCE PASS head gap=1.8 nearGoal=False falling=False native skeleton retained 
(Filename: E:\unity\Runtime/Export/Debug/Debug.bindings.h Line: 39)

BALANCE PASS head gap=1.8 nearGoal=False falling=False balanced after recovery tilt=11.05756 
(Filename: E:\unity\Runtime/Export/Debug/Debug.bindings.h Line: 39)

BALANCE PASS head gap=1.8 nearGoal=False falling=False real backward waist arch degrees=-62.12482 
(Filename: E:\unity\Runtime/Export/Debug/Debug.bindings.h Line: 39)

BALANCE PASS head gap=1.8 nearGoal=False falling=False native header and real safe-clearance collision count=1 
(Filename: E:\unity\Runtime/Export/Debug/Debug.bindings.h Line: 39)

BALANCE PASS head gap=1.8 nearGoal=False falling=False heads ball out or safely away 
(Filename: E:\unity\Runtime/Export/Debug/Debug.bindings.h Line: 39)

BALANCE PASS head gap=1.8 nearGoal=False falling=False bounded auto action ended 
(Filename: E:\unity\Runtime/Export/Debug/Debug.bindings.h Line: 39)

Unloading 4 Unused Serialized files (Serialized files now loaded: 0)
UnloadTime: 0.392900 ms

Unloading 4 unused Assets to reduce memory usage. Loaded Objects now: 1062.
Total: 1.108100 ms (FindLiveObjects: 0.038200 ms CreateObjectMapping: 0.008000 ms MarkObjects: 0.187700 ms  DeleteObjects: 0.873900 ms)

BALANCE RETREAT head frame=0 body=(3.5, 0.0) ball=(4.6, 0.8) velocity=(0.9, -0.5) tilt=12.21026 headed=False waiting=False height=2.869893 width=0.684967 head=(3.4, 0.7, 0.3) deadline=2.590166 
(Filename: E:\unity\Runtime/Export/Debug/Debug.bindings.h Line: 39)

BALANCE CLEARANCE (-7.2, 7.2) 
(Filename: E:\unity\Runtime/Export/Debug/Debug.bindings.h Line: 39)

BALANCE RETREAT head frame=20 body=(3.9, 0.1) ball=(3.4, 2.5) velocity=(-0.6, 1.3) tilt=3.516025 headed=True waiting=False height=2.869893 width=0.684967 head=(3.8, 0.8, 0.3) deadline=-26.72 
(Filename: E:\unity\Runtime/Export/Debug/Debug.bindings.h Line: 39)

BALANCE RETREAT head frame=40 body=(3.9, 0.1) ball=(1.4, 4.5) velocity=(0.1, 0.0) tilt=7.000245 headed=True waiting=False height=2.869893 width=0.684967 head=(3.7, 0.8, 0.3) deadline=-27.12 
(Filename: E:\unity\Runtime/Export/Debug/Debug.bindings.h Line: 39)

BALANCE RETREAT head frame=60 body=(3.9, 0.1) ball=(0.4, 2.0) velocity=(0.0, 0.0) tilt=9.656038 headed=True waiting=False height=2.869893 width=0.684967 head=(3.7, 0.8, 0.3) deadline=-27.52 
(Filename: E:\unity\Runtime/Export/Debug/Debug.bindings.h Line: 39)

BALANCE RETREAT head frame=80 body=(3.9, 0.1) ball=(-0.5, -0.5) velocity=(0.1, 0.0) tilt=8.2778 headed=True waiting=False height=2.869893 width=0.684967 head=(3.8, 0.8, 0.3) deadline=-27.92 
(Filename: E:\unity\Runtime/Export/Debug/Debug.bindings.h Line: 39)

BALANCE RETREAT head frame=100 body=(3.9, 0.1) ball=(-1.1, -0.4) velocity=(-0.1, 0.0) tilt=8.712111 headed=True waiting=False height=2.869893 width=0.684967 head=(3.8, 0.8, 0.3) deadline=-28.32 
(Filename: E:\unity\Runtime/Export/Debug/Debug.bindings.h Line: 39)

BALANCE RETREAT head frame=120 body=(3.9, 0.1) ball=(-1.5, 1.5) velocity=(0.0, 0.0) tilt=9.32745 headed=True waiting=False height=2.869893 width=0.684967 head=(3.8, 0.8, 0.3) deadline=-28.72 
(Filename: E:\unity\Runtime/Export/Debug/Debug.bindings.h Line: 39)

BALANCE RETREAT head frame=140 body=(3.9, 0.1) ball=(-1.8, 3.5) velocity=(0.1, 0.0) tilt=8.446934 headed=True waiting=False height=2.869893 width=0.684967 head=(3.8, 0.8, 0.3) deadline=-29.12 
(Filename: E:\unity\Runtime/Export/Debug/Debug.bindings.h Line: 39)

BALANCE RETREAT head frame=160 body=(3.9, 0.1) ball=(-2.1, 4.6) velocity=(-0.1, 0.0) tilt=8.898131 headed=True waiting=False height=2.869893 width=0.684967 head=(3.8, 0.8, 0.3) deadline=-29.52 
(Filename: E:\unity\Runtime/Export/Debug/Debug.bindings.h Line: 39)

BALANCE RETREAT head frame=180 body=(3.9, 0.1) ball=(-2.2, 3.0) velocity=(0.0, 0.0) tilt=9.136742 headed=True waiting=False height=2.869893 width=0.684967 head=(3.8, 0.8, 0.3) deadline=-29.92 
(Filename: E:\unity\Runtime/Export/Debug/Debug.bindings.h Line: 39)

BALANCE RETREAT head frame=200 body=(3.9, 0.1) ball=(-2.3, 1.4) velocity=(0.0, 0.0) tilt=8.562541 headed=True waiting=False height=2.869893 width=0.684967 head=(3.8, 0.8, 0.3) deadline=-30.32 
(Filename: E:\unity\Runtime/Export/Debug/Debug.bindings.h Line: 39)

BALANCE PASS head gap=1.1 nearGoal=True falling=False no own goal during rescue 
(Filename: E:\unity\Runtime/Export/Debug/Debug.bindings.h Line: 39)

BALANCE PASS head gap=1.1 nearGoal=True falling=False all joints stay connected error=0.07936656 
(Filename: E:\unity\Runtime/Export/Debug/Debug.bindings.h Line: 39)

BALANCE PASS head gap=1.1 nearGoal=True falling=False native skeleton retained 
(Filename: E:\unity\Runtime/Export/Debug/Debug.bindings.h Line: 39)

BALANCE PASS head gap=1.1 nearGoal=True falling=False balanced after recovery tilt=8.919098 
(Filename: E:\unity\Runtime/Export/Debug/Debug.bindings.h Line: 39)

BALANCE PASS head gap=1.1 nearGoal=True falling=False real backward waist arch degrees=-24.96893 
(Filename: E:\unity\Runtime/Export/Debug/Debug.bindings.h Line: 39)

BALANCE PASS head gap=1.1 nearGoal=True falling=False native header and real safe-clearance collision count=1 
(Filename: E:\unity\Runtime/Export/Debug/Debug.bindings.h Line: 39)

BALANCE PASS head gap=1.1 nearGoal=True falling=False heads ball out or safely away 
(Filename: E:\unity\Runtime/Export/Debug/Debug.bindings.h Line: 39)

BALANCE PASS head gap=1.1 nearGoal=True falling=False bounded auto action ended 
(Filename: E:\unity\Runtime/Export/Debug/Debug.bindings.h Line: 39)

Unloading 4 Unused Serialized files (Serialized files now loaded: 0)
UnloadTime: 0.278300 ms

Unloading 3 unused Assets to reduce memory usage. Loaded Objects now: 1062.
Total: 1.306500 ms (FindLiveObjects: 0.052600 ms CreateObjectMapping: 0.016100 ms MarkObjects: 0.260200 ms  DeleteObjects: 0.977000 ms)

BALANCE RETREAT low frame=0 body=(-2.0, 0.2) ball=(-0.2, -1.5) velocity=(-0.2, 7.4) tilt=3.257792 headed=False waiting=True height=2.869893 width=0.684967 head=(-2.1, 0.9, 0.3) deadline=2.592165 
(Filename: E:\unity\Runtime/Export/Debug/Debug.bindings.h Line: 39)

BALANCE RETREAT low frame=20 body=(-0.9, 1.8) ball=(0.4, -1.5) velocity=(5.9, 2.2) tilt=3.797989 headed=False waiting=False height=2.869893 width=0.684967 head=(-0.9, 2.5, 0.3) deadline=2.192165 
(Filename: E:\unity\Runtime/Export/Debug/Debug.bindings.h Line: 39)

BALANCE RETREAT low frame=40 body=(0.9, 1.8) ball=(0.9, -1.5) velocity=(4.1, -1.8) tilt=-1.322817 headed=False waiting=False height=2.869893 width=0.684967 head=(0.9, 2.5, 0.3) deadline=1.792166 
(Filename: E:\unity\Runtime/Export/Debug/Debug.bindings.h Line: 39)

BALANCE RETREAT low frame=60 body=(1.8, 0.3) ball=(1.4, -1.5) velocity=(0.1, -4.6) tilt=6.393728 headed=False waiting=True height=2.869893 width=0.684967 head=(1.7, 1.0, 0.3) deadline=1.392166 
(Filename: E:\unity\Runtime/Export/Debug/Debug.bindings.h Line: 39)

BALANCE RETREAT low frame=80 body=(1.8, 0.1) ball=(0.8, -1.5) velocity=(-1.1, 1.4) tilt=4.4964 headed=False waiting=False height=2.869893 width=0.684967 head=(1.7, 0.8, 0.3) deadline=-32.68 
(Filename: E:\unity\Runtime/Export/Debug/Debug.bindings.h Line: 39)

BALANCE RETREAT low frame=100 body=(1.8, 0.1) ball=(0.2, -1.5) velocity=(-0.1, 0.2) tilt=8.180016 headed=False waiting=False height=2.869893 width=0.684967 head=(1.7, 0.7, 0.3) deadline=-33.08 
(Filename: E:\unity\Runtime/Export/Debug/Debug.bindings.h Line: 39)

BALANCE RETREAT low frame=120 body=(1.8, 0.1) ball=(-0.4, -1.5) velocity=(0.2, 0.0) tilt=7.265199 headed=False waiting=False height=2.869893 width=0.684967 head=(1.7, 0.8, 0.3) deadline=-33.48 
(Filename: E:\unity\Runtime/Export/Debug/Debug.bindings.h Line: 39)

BALANCE RETREAT low frame=140 body=(1.8, 0.1) ball=(-1.0, -1.5) velocity=(-0.2, 0.0) tilt=8.000425 headed=False waiting=False height=2.869893 width=0.684967 head=(1.7, 0.8, 0.3) deadline=-33.88 
(Filename: E:\unity\Runtime/Export/Debug/Debug.bindings.h Line: 39)

BALANCE RETREAT low frame=160 body=(1.8, 0.1) ball=(-1.5, -1.5) velocity=(0.1, 0.0) tilt=8.004561 headed=False waiting=False height=2.869893 width=0.684967 head=(1.7, 0.8, 0.3) deadline=-34.28 
(Filename: E:\unity\Runtime/Export/Debug/Debug.bindings.h Line: 39)

BALANCE RETREAT low frame=180 body=(1.8, 0.1) ball=(-2.1, -1.5) velocity=(-0.1, 0.0) tilt=7.883224 headed=False waiting=False height=2.869893 width=0.684967 head=(1.7, 0.8, 0.3) deadline=-34.68 
(Filename: E:\unity\Runtime/Export/Debug/Debug.bindings.h Line: 39)

BALANCE RETREAT low frame=200 body=(1.8, 0.1) ball=(-2.7, -1.5) velocity=(0.0, 0.0) tilt=8.025965 headed=False waiting=False height=2.869893 width=0.684967 head=(1.7, 0.8, 0.3) deadline=-35.08 
(Filename: E:\unity\Runtime/Export/Debug/Debug.bindings.h Line: 39)

BALANCE PASS low gap=1.8 nearGoal=False falling=False no own goal during rescue 
(Filename: E:\unity\Runtime/Export/Debug/Debug.bindings.h Line: 39)

BALANCE PASS low gap=1.8 nearGoal=False falling=False all joints stay connected error=0.1388141 
(Filename: E:\unity\Runtime/Export/Debug/Debug.bindings.h Line: 39)

BALANCE PASS low gap=1.8 nearGoal=False falling=False native skeleton retained 
(Filename: E:\unity\Runtime/Export/Debug/Debug.bindings.h Line: 39)

BALANCE PASS low gap=1.8 nearGoal=False falling=False balanced after recovery tilt=8.215759 
(Filename: E:\unity\Runtime/Export/Debug/Debug.bindings.h Line: 39)

BALANCE PASS low gap=1.8 nearGoal=False falling=False native jump clears low ball 
(Filename: E:\unity\Runtime/Export/Debug/Debug.bindings.h Line: 39)

BALANCE PASS low gap=1.8 nearGoal=False falling=False reaches goal side of ball 
(Filename: E:\unity\Runtime/Export/Debug/Debug.bindings.h Line: 39)

BALANCE PASS low gap=1.8 nearGoal=False falling=False bounded auto action ended 
(Filename: E:\unity\Runtime/Export/Debug/Debug.bindings.h Line: 39)

Unloading 4 Unused Serialized files (Serialized files now loaded: 0)
UnloadTime: 0.253800 ms

Unloading 2 unused Assets to reduce memory usage. Loaded Objects now: 1058.
Total: 1.147600 ms (FindLiveObjects: 0.047700 ms CreateObjectMapping: 0.008200 ms MarkObjects: 0.199400 ms  DeleteObjects: 0.892000 ms)

BALANCE RETREAT head frame=0 body=(-2.0, 0.1) ball=(-0.2, 0.7) velocity=(0.0, 0.1) tilt=9.058258 headed=False waiting=False height=2.869893 width=0.684967 head=(-2.1, 0.7, 0.3) deadline=2.599998 
(Filename: E:\unity\Runtime/Export/Debug/Debug.bindings.h Line: 39)

BALANCE RETREAT head frame=20 body=(-1.3, 0.1) ball=(-0.2, -1.0) velocity=(-2.0, 3.0) tilt=-6.531511 headed=False waiting=True height=2.869893 width=0.684967 head=(-1.3, 0.8, 0.3) deadline=2.200001 
(Filename: E:\unity\Runtime/Export/Debug/Debug.bindings.h Line: 39)

BALANCE RETREAT head frame=40 body=(-1.4, 0.2) ball=(-0.2, -0.2) velocity=(0.2, -1.5) tilt=6.164861 headed=False waiting=True height=2.869893 width=0.684967 head=(-1.5, 0.9, 0.3) deadline=1.799999 
(Filename: E:\unity\Runtime/Export/Debug/Debug.bindings.h Line: 39)

BALANCE RETREAT head frame=60 body=(-1.1, 0.1) ball=(-0.2, 0.0) velocity=(0.7, 1.5) tilt=3.937462 headed=False waiting=False height=2.869893 width=0.684967 head=(-1.2, 0.8, 0.3) deadline=1.399998 
(Filename: E:\unity\Runtime/Export/Debug/Debug.bindings.h Line: 39)

BALANCE RETREAT head frame=80 body=(-1.1, 0.0) ball=(-0.2, -1.3) velocity=(0.6, -0.3) tilt=9.514849 headed=False waiting=True height=2.869893 width=0.684967 head=(-1.2, 0.7, 0.3) deadline=1 
(Filename: E:\unity\Runtime/Export/Debug/Debug.bindings.h Line: 39)

BALANCE RETREAT head frame=100 body=(-1.1, 0.2) ball=(-0.2, -0.6) velocity=(-0.1, 7.1) tilt=3.584863 headed=False waiting=True height=2.869893 width=0.684967 head=(-1.2, 0.9, 0.3) deadline=1.5 
(Filename: E:\unity\Runtime/Export/Debug/Debug.bindings.h Line: 39)

BALANCE RETREAT head frame=120 body=(-1.0, 1.7) ball=(-0.2, -0.9) velocity=(2.2, 1.9) tilt=8.400038 headed=False waiting=False height=2.869893 width=0.684967 head=(-1.1, 2.4, 0.3) deadline=1.100002 
(Filename: E:\unity\Runtime/Export/Debug/Debug.bindings.h Line: 39)

BALANCE RETREAT head frame=140 body=(0.1, 1.7) ball=(-0.2, -1.0) velocity=(3.2, -1.9) tilt=1.755961 headed=False waiting=False height=2.869893 width=0.684967 head=(0.1, 2.4, 0.3) deadline=0.7000008 
(Filename: E:\unity\Runtime/Export/Debug/Debug.bindings.h Line: 39)

BALANCE RETREAT head frame=160 body=(0.3, 0.1) ball=(-0.2, -1.3) velocity=(0.0, -5.8) tilt=0.07127805 headed=False waiting=True height=2.869893 width=0.684967 head=(0.3, 0.8, 0.3) deadline=0.2999992 
(Filename: E:\unity\Runtime/Export/Debug/Debug.bindings.h Line: 39)

BALANCE RETREAT head frame=180 body=(0.3, 0.1) ball=(-0.8, -1.0) velocity=(-0.3, 0.4) tilt=5.581329 headed=False waiting=False height=2.869893 width=0.684967 head=(0.2, 0.8, 0.3) deadline=-39.42 
(Filename: E:\unity\Runtime/Export/Debug/Debug.bindings.h Line: 39)

BALANCE RETREAT head frame=200 body=(0.3, 0.1) ball=(-1.4, -1.4) velocity=(-0.1, 0.0) tilt=7.931119 headed=False waiting=False height=2.869893 width=0.684967 head=(0.2, 0.8, 0.3) deadline=-39.82 
(Filename: E:\unity\Runtime/Export/Debug/Debug.bindings.h Line: 39)

BALANCE PASS head gap=1.8 nearGoal=False falling=True no own goal during rescue 
(Filename: E:\unity\Runtime/Export/Debug/Debug.bindings.h Line: 39)

BALANCE PASS head gap=1.8 nearGoal=False falling=True all joints stay connected error=0.1134948 
(Filename: E:\unity\Runtime/Export/Debug/Debug.bindings.h Line: 39)

BALANCE PASS head gap=1.8 nearGoal=False falling=True native skeleton retained 
(Filename: E:\unity\Runtime/Export/Debug/Debug.bindings.h Line: 39)

BALANCE PASS head gap=1.8 nearGoal=False falling=True balanced after recovery tilt=8.372742 
(Filename: E:\unity\Runtime/Export/Debug/Debug.bindings.h Line: 39)

BALANCE PASS head gap=1.8 nearGoal=False falling=True native header and real safe-clearance collision count=0 
(Filename: E:\unity\Runtime/Export/Debug/Debug.bindings.h Line: 39)

BALANCE PASS head gap=1.8 nearGoal=False falling=True heads ball out or safely away 
(Filename: E:\unity\Runtime/Export/Debug/Debug.bindings.h Line: 39)

BALANCE PASS head gap=1.8 nearGoal=False falling=True bounded auto action ended 
(Filename: E:\unity\Runtime/Export/Debug/Debug.bindings.h Line: 39)

Unloading 4 Unused Serialized files (Serialized files now loaded: 0)
UnloadTime: 0.321900 ms

Unloading 3 unused Assets to reduce memory usage. Loaded Objects now: 1058.
Total: 1.162800 ms (FindLiveObjects: 0.050800 ms CreateObjectMapping: 0.008100 ms MarkObjects: 0.176900 ms  DeleteObjects: 0.926500 ms)

BALANCE RETREAT high frame=0 body=(-2.0, 0.0) ball=(0.0, 2.9) velocity=(0.6, -0.4) tilt=11.73302 headed=False waiting=False height=2.869893 width=0.684967 head=(-2.1, 0.7, 0.3) deadline=2.590908 
(Filename: E:\unity\Runtime/Export/Debug/Debug.bindings.h Line: 39)

BALANCE RETREAT high frame=20 body=(-0.8, -0.6) ball=(0.0, 2.9) velocity=(3.3, -1.8) tilt=9.06277 headed=False waiting=False height=2.869893 width=0.684967 head=(-0.9, 0.1, 0.3) deadline=2.190907 
(Filename: E:\unity\Runtime/Export/Debug/Debug.bindings.h Line: 39)

BALANCE RETREAT high frame=40 body=(0.4, -0.8) ball=(0.0, 2.9) velocity=(2.8, -0.1) tilt=8.073663 headed=False waiting=False height=2.869893 width=0.684967 head=(0.3, -0.2, 0.3) deadline=1.790909 
(Filename: E:\unity\Runtime/Export/Debug/Debug.bindings.h Line: 39)

BALANCE RETREAT high frame=60 body=(0.6, -0.3) ball=(0.0, 2.9) velocity=(-1.1, 5.8) tilt=19.82448 headed=False waiting=False height=2.869893 width=0.684967 head=(0.5, 0.3, 0.3) deadline=-41.78 
(Filename: E:\unity\Runtime/Export/Debug/Debug.bindings.h Line: 39)

BALANCE RETREAT high frame=80 body=(0.4, 1.1) ball=(0.0, 2.9) velocity=(-0.1, 1.5) tilt=5.779316 headed=False waiting=False height=2.869893 width=0.684967 head=(0.3, 1.8, 0.3) deadline=-42.18 
(Filename: E:\unity\Runtime/Export/Debug/Debug.bindings.h Line: 39)

BALANCE RETREAT high frame=100 body=(0.5, 1.0) ball=(0.0, 2.9) velocity=(-0.1, -2.3) tilt=5.559715 headed=False waiting=False height=2.869893 width=0.684967 head=(0.4, 1.7, 0.3) deadline=-42.58 
(Filename: E:\unity\Runtime/Export/Debug/Debug.bindings.h Line: 39)

BALANCE RETREAT high frame=120 body=(0.5, 0.0) ball=(0.0, 2.9) velocity=(-0.7, 1.1) tilt=27.31167 headed=False waiting=False height=2.869893 width=0.684967 head=(0.2, 0.6, 0.3) deadline=-42.98 
(Filename: E:\unity\Runtime/Export/Debug/Debug.bindings.h Line: 39)

BALANCE RETREAT high frame=140 body=(0.5, 0.1) ball=(0.0, 2.9) velocity=(0.5, -0.1) tilt=11.45169 headed=False waiting=False height=2.869893 width=0.684967 head=(0.3, 0.8, 0.3) deadline=-43.38 
(Filename: E:\unity\Runtime/Export/Debug/Debug.bindings.h Line: 39)

BALANCE RETREAT high frame=160 body=(0.5, 0.1) ball=(0.0, 2.9) velocity=(0.2, -0.1) tilt=9.169722 headed=False waiting=False height=2.869893 width=0.684967 head=(0.4, 0.8, 0.3) deadline=-43.78 
(Filename: E:\unity\Runtime/Export/Debug/Debug.bindings.h Line: 39)

BALANCE RETREAT high frame=180 body=(0.5, 0.1) ball=(0.0, 2.9) velocity=(-0.1, 0.0) tilt=8.335399 headed=False waiting=False height=2.869893 width=0.684967 head=(0.4, 0.8, 0.3) deadline=-44.18 
(Filename: E:\unity\Runtime/Export/Debug/Debug.bindings.h Line: 39)

BALANCE RETREAT high frame=200 body=(0.5, 0.1) ball=(0.0, 2.9) velocity=(-0.1, 0.0) tilt=9.175704 headed=False waiting=False height=2.869893 width=0.684967 head=(0.4, 0.8, 0.3) deadline=-44.58 
(Filename: E:\unity\Runtime/Export/Debug/Debug.bindings.h Line: 39)

BALANCE PASS high gap=2 nearGoal=False falling=False no own goal during rescue 
(Filename: E:\unity\Runtime/Export/Debug/Debug.bindings.h Line: 39)

BALANCE PASS high gap=2 nearGoal=False falling=False all joints stay connected error=0.07118426 
(Filename: E:\unity\Runtime/Export/Debug/Debug.bindings.h Line: 39)

BALANCE PASS high gap=2 nearGoal=False falling=False native skeleton retained 
(Filename: E:\unity\Runtime/Export/Debug/Debug.bindings.h Line: 39)

BALANCE PASS high gap=2 nearGoal=False falling=False balanced after recovery tilt=9.338928 
(Filename: E:\unity\Runtime/Export/Debug/Debug.bindings.h Line: 39)

BALANCE PASS high gap=2 nearGoal=False falling=False above-height ball does not request header 
(Filename: E:\unity\Runtime/Export/Debug/Debug.bindings.h Line: 39)

BALANCE PASS high gap=2 nearGoal=False falling=False high ball keeps ground running 
(Filename: E:\unity\Runtime/Export/Debug/Debug.bindings.h Line: 39)

BALANCE PASS high gap=2 nearGoal=False falling=False fast ground run reaches goal side peak=3.541677 
(Filename: E:\unity\Runtime/Export/Debug/Debug.bindings.h Line: 39)

BALANCE PASS high gap=2 nearGoal=False falling=False bounded auto action ended 
(Filename: E:\unity\Runtime/Export/Debug/Debug.bindings.h Line: 39)

Unloading 4 Unused Serialized files (Serialized files now loaded: 0)
UnloadTime: 0.258400 ms

Unloading 2 unused Assets to reduce memory usage. Loaded Objects now: 1058.
Total: 1.338400 ms (FindLiveObjects: 0.030500 ms CreateObjectMapping: 0.008200 ms MarkObjects: 0.177900 ms  DeleteObjects: 1.121700 ms)

BALANCE RETREAT high frame=0 body=(2.6, 0.0) ball=(4.6, 2.8) velocity=(0.9, -0.5) tilt=12.21041 headed=False waiting=False height=2.869893 width=0.684967 head=(2.5, 0.7, 0.3) deadline=2.591396 
(Filename: E:\unity\Runtime/Export/Debug/Debug.bindings.h Line: 39)

BALANCE RETREAT high frame=20 body=(3.4, 0.0) ball=(4.6, 1.1) velocity=(-1.6, 4.2) tilt=-7.823784 headed=False waiting=True height=2.869893 width=0.684967 head=(3.4, 0.7, 0.3) deadline=2.191399 
(Filename: E:\unity\Runtime/Export/Debug/Debug.bindings.h Line: 39)

BALANCE RETREAT high frame=40 body=(3.7, 0.4) ball=(4.6, -1.1) velocity=(0.9, -0.8) tilt=8.935962 headed=False waiting=True height=2.869893 width=0.684967 head=(3.6, 1.1, 0.3) deadline=1.791397 
(Filename: E:\unity\Runtime/Export/Debug/Debug.bindings.h Line: 39)

BALANCE RETREAT high frame=60 body=(3.9, 0.0) ball=(4.6, 0.9) velocity=(2.7, -0.8) tilt=22.67942 headed=False waiting=False height=2.869893 width=0.684967 head=(3.7, 0.6, 0.3) deadline=1.391399 
(Filename: E:\unity\Runtime/Export/Debug/Debug.bindings.h Line: 39)

BALANCE RETREAT high frame=80 body=(5.2, -0.6) ball=(4.6, 1.3) velocity=(2.0, -1.7) tilt=10.25167 headed=False waiting=False height=2.869893 width=0.684967 head=(5.0, 0.1, 0.3) deadline=0.9913979 
(Filename: E:\unity\Runtime/Export/Debug/Debug.bindings.h Line: 39)

BALANCE RETREAT high frame=100 body=(5.1, 0.2) ball=(4.3, 0.3) velocity=(-0.9, 1.4) tilt=-1.773335 headed=False waiting=False height=2.869893 width=0.684967 head=(5.1, 0.9, 0.3) deadline=-47.34 
(Filename: E:\unity\Runtime/Export/Debug/Debug.bindings.h Line: 39)

BALANCE RETREAT high frame=120 body=(5.2, 0.0) ball=(3.5, -1.3) velocity=(0.2, 0.1) tilt=11.83454 headed=False waiting=False height=2.869893 width=0.684967 head=(5.0, 0.7, 0.3) deadline=-47.74 
(Filename: E:\unity\Runtime/Export/Debug/Debug.bindings.h Line: 39)

BALANCE RETREAT high frame=140 body=(5.1, 0.1) ball=(2.7, 0.0) velocity=(-0.1, 0.0) tilt=8.289359 headed=False waiting=False height=2.869893 width=0.684967 head=(5.0, 0.8, 0.3) deadline=-48.14 
(Filename: E:\unity\Runtime/Export/Debug/Debug.bindings.h Line: 39)

BALANCE RETREAT high frame=160 body=(5.1, 0.1) ball=(2.0, -0.2) velocity=(0.0, 0.0) tilt=8.503018 headed=False waiting=False height=2.869893 width=0.684967 head=(5.0, 0.8, 0.3) deadline=-48.54 
(Filename: E:\unity\Runtime/Export/Debug/Debug.bindings.h Line: 39)

BALANCE RETREAT high frame=180 body=(5.1, 0.1) ball=(1.2, -1.2) velocity=(0.0, 0.0) tilt=8.574991 headed=False waiting=False height=2.869893 width=0.684967 head=(5.0, 0.8, 0.3) deadline=-48.94 
(Filename: E:\unity\Runtime/Export/Debug/Debug.bindings.h Line: 39)

BALANCE RETREAT high frame=200 body=(5.1, 0.1) ball=(0.4, -0.4) velocity=(0.0, 0.0) tilt=8.244929 headed=False waiting=False height=2.869893 width=0.684967 head=(5.0, 0.8, 0.3) deadline=-49.34 
(Filename: E:\unity\Runtime/Export/Debug/Debug.bindings.h Line: 39)

BALANCE PASS high gap=2 nearGoal=True falling=True no own goal during rescue 
(Filename: E:\unity\Runtime/Export/Debug/Debug.bindings.h Line: 39)

BALANCE PASS high gap=2 nearGoal=True falling=True all joints stay connected error=0.0940286 
(Filename: E:\unity\Runtime/Export/Debug/Debug.bindings.h Line: 39)

BALANCE PASS high gap=2 nearGoal=True falling=True native skeleton retained 
(Filename: E:\unity\Runtime/Export/Debug/Debug.bindings.h Line: 39)

BALANCE PASS high gap=2 nearGoal=True falling=True balanced after recovery tilt=8.434143 
(Filename: E:\unity\Runtime/Export/Debug/Debug.bindings.h Line: 39)

BALANCE PASS high gap=2 nearGoal=True falling=True bounded auto action ended 
(Filename: E:\unity\Runtime/Export/Debug/Debug.bindings.h Line: 39)

BALANCE COMPLETE checks=102 failures=0 
(Filename: E:\unity\Runtime/Export/Debug/Debug.bindings.h Line: 39)

Setting up 12 worker threads for Enlighten.
  Thread -> id: 56b4 -> priority: 1 
  Thread -> id: 1de8 -> priority: 1 
  Thread -> id: a1ac -> priority: 1 
  Thread -> id: 1f7c -> priority: 1 
  Thread -> id: 6d2c -> priority: 1 
  Thread -> id: 64e0 -> priority: 1 
  Thread -> id: 992c -> priority: 1 
  Thread -> id: 1054 -> priority: 1 
  Thread -> id: 5748 -> priority: 1 
  Thread -> id: 4a60 -> priority: 1 
  Thread -> id: 7d5c -> priority: 1 
  Thread -> id: 69f0 -> priority: 1 
Curl error 42: Callback aborted
 
(Filename:  Line: 867)

