Mono path[0] = 'C:/Users/Alienware/Documents/范志毅VS赵鹏/范志毅VS赵鹏 PC双人版（32位）/鑼冨織姣匳S璧甸箯 PC鍙屼汉鐗堬紙32浣嶏級/AI Mod Source/build/fan-strategy-test-player-original/FanZhiYi_Data/Managed'
Mono config path = 'C:/Users/Alienware/Documents/范志毅VS赵鹏/范志毅VS赵鹏 PC双人版（32位）/鑼冨織姣匳S璧甸箯 PC鍙屼汉鐗堬紙32浣嶏級/AI Mod Source/build/fan-strategy-test-player-original/MonoBleedingEdge/etc'
AS: AutoStreaming module initializing.Initialize engine version: 2019.4.33f1c1 (c2f94a8bebb3)
[Subsystems] Discovering subsystems at path C:/Users/Alienware/Documents/范志毅VS赵鹏/范志毅VS赵鹏 PC双人版（32位）/鑼冨織姣匳S璧甸箯 PC鍙屼汉鐗堬紙32浣嶏級/AI Mod Source/build/fan-strategy-test-player-original/FanZhiYi_Data/UnitySubsystems
GfxDevice: creating device client; threaded=1
Direct3D:
    Version:  Direct3D 11.0 [level 11.1]
    Renderer: NVIDIA GeForce RTX 5070 Laptop GPU (ID=0x2d58)
    Vendor:   (null)
    VRAM:     3072 MB
    Driver:   32.0.15.9608
Begin MonoManager ReloadAssembly
- Completed reload, in  0.097 seconds
<RI> Initializing input.
<RI> Input initialized.
<RI> Initialized touch support.
UnloadTime: 0.500500 ms
Unloading 5 Unused Serialized files (Serialized files now loaded: 0)
UnloadTime: 0.158700 ms

Unloading 143 unused Assets to reduce memory usage. Loaded Objects now: 1009.
Total: 0.578300 ms (FindLiveObjects: 0.056500 ms CreateObjectMapping: 0.017800 ms MarkObjects: 0.229100 ms  DeleteObjects: 0.274500 ms)

AIMATCH PARAM side=Zhao skills=False scale=1 jump=5.2 gravity=1 head=0.7580314 
(Filename: E:\unity\Runtime/Export/Debug/Debug.bindings.h Line: 39)

AIMATCH PASS real contest recognized Zhao skills=False airborne=False frames=75 
(Filename: E:\unity\Runtime/Export/Debug/Debug.bindings.h Line: 39)

AIMATCH PASS contest uses directions instead of striking Zhao skills=False airborne=False 
(Filename: E:\unity\Runtime/Export/Debug/Debug.bindings.h Line: 39)

AIMATCH PASS direction opposes the human player Zhao skills=False airborne=False 
(Filename: E:\unity\Runtime/Export/Debug/Debug.bindings.h Line: 39)

AIMATCH PASS direction pushing preserves joints Zhao skills=False airborne=False error=0.1470571 
(Filename: E:\unity\Runtime/Export/Debug/Debug.bindings.h Line: 39)

AIMATCH PASS separation releases contest suppression Zhao skills=False airborne=False 
(Filename: E:\unity\Runtime/Export/Debug/Debug.bindings.h Line: 39)

Unloading 4 Unused Serialized files (Serialized files now loaded: 0)
UnloadTime: 0.422800 ms

Unloading 38 unused Assets to reduce memory usage. Loaded Objects now: 1052.
Total: 1.243200 ms (FindLiveObjects: 0.032800 ms CreateObjectMapping: 0.008300 ms MarkObjects: 0.178800 ms  DeleteObjects: 1.022900 ms)

AIMATCH PARAM side=Zhao skills=False scale=1 jump=5.2 gravity=1 head=0.7555736 
(Filename: E:\unity\Runtime/Export/Debug/Debug.bindings.h Line: 39)

AIMATCH PASS real contest recognized Zhao skills=False airborne=True frames=32 
(Filename: E:\unity\Runtime/Export/Debug/Debug.bindings.h Line: 39)

AIMATCH PASS contest uses directions instead of striking Zhao skills=False airborne=True 
(Filename: E:\unity\Runtime/Export/Debug/Debug.bindings.h Line: 39)

AIMATCH PASS direction opposes the human player Zhao skills=False airborne=True 
(Filename: E:\unity\Runtime/Export/Debug/Debug.bindings.h Line: 39)

AIMATCH PASS direction pushing preserves joints Zhao skills=False airborne=True error=0.09996286 
(Filename: E:\unity\Runtime/Export/Debug/Debug.bindings.h Line: 39)

AIMATCH PASS separation releases contest suppression Zhao skills=False airborne=True 
(Filename: E:\unity\Runtime/Export/Debug/Debug.bindings.h Line: 39)

Unloading 4 Unused Serialized files (Serialized files now loaded: 0)
UnloadTime: 0.241300 ms

Unloading 3 unused Assets to reduce memory usage. Loaded Objects now: 1052.
Total: 1.103000 ms (FindLiveObjects: 0.124100 ms CreateObjectMapping: 0.011100 ms MarkObjects: 0.190400 ms  DeleteObjects: 0.777200 ms)

AIMATCH PARAM side=Zhao skills=False scale=1 jump=5.2 gravity=1 head=0.7580314 
(Filename: E:\unity\Runtime/Export/Debug/Debug.bindings.h Line: 39)

AIMATCH PASS normal free ball shooting remains available Zhao skills=False 
(Filename: E:\unity\Runtime/Export/Debug/Debug.bindings.h Line: 39)

AIMATCH PASS unreachable rising ball avoids premature actions Zhao skills=False 
(Filename: E:\unity\Runtime/Export/Debug/Debug.bindings.h Line: 39)

AIMATCH PASS moving high ball leads future descent Zhao 
(Filename: E:\unity\Runtime/Export/Debug/Debug.bindings.h Line: 39)

AIMATCH PASS reachable descending ball schedules jump Zhao skills=False 
(Filename: E:\unity\Runtime/Export/Debug/Debug.bindings.h Line: 39)

AIMATCH PASS fast overhead pass avoids futile jump Zhao 
(Filename: E:\unity\Runtime/Export/Debug/Debug.bindings.h Line: 39)

AIMATCH PASS serve advances without retreat or meaningless jump Zhao 
(Filename: E:\unity\Runtime/Export/Debug/Debug.bindings.h Line: 39)

AIMATCH PASS paused AI has no commands Zhao 
(Filename: E:\unity\Runtime/Export/Debug/Debug.bindings.h Line: 39)

Unloading 4 Unused Serialized files (Serialized files now loaded: 0)
UnloadTime: 0.231800 ms

Unloading 2 unused Assets to reduce memory usage. Loaded Objects now: 1052.
Total: 1.186500 ms (FindLiveObjects: 0.031200 ms CreateObjectMapping: 0.007800 ms MarkObjects: 0.189800 ms  DeleteObjects: 0.957600 ms)

AIMATCH PARAM side=Zhao skills=False scale=1 jump=5.2 gravity=1 head=0.754433 
(Filename: E:\unity\Runtime/Export/Debug/Debug.bindings.h Line: 39)

AIMATCH PASS live lob plans reachable contact Zhao skills=False jump=True 
(Filename: E:\unity\Runtime/Export/Debug/Debug.bindings.h Line: 39)

AIMATCH PASS live lob intercepted by native collision or existing head skill Zhao skills=False collision=True header=False 
(Filename: E:\unity\Runtime/Export/Debug/Debug.bindings.h Line: 39)

AIMATCH PASS lob interception preserves skeleton Zhao error=0.08721441 
(Filename: E:\unity\Runtime/Export/Debug/Debug.bindings.h Line: 39)

Unloading 4 Unused Serialized files (Serialized files now loaded: 0)
UnloadTime: 0.280900 ms

Unloading 3 unused Assets to reduce memory usage. Loaded Objects now: 1057.
Total: 1.217900 ms (FindLiveObjects: 0.031100 ms CreateObjectMapping: 0.008100 ms MarkObjects: 0.198300 ms  DeleteObjects: 0.980200 ms)

AIMATCH PARAM side=Fan skills=False scale=1 jump=5.2 gravity=1 head=0.7556137 
(Filename: E:\unity\Runtime/Export/Debug/Debug.bindings.h Line: 39)

AIMATCH PASS real contest recognized Fan skills=False airborne=False frames=70 
(Filename: E:\unity\Runtime/Export/Debug/Debug.bindings.h Line: 39)

AIMATCH PASS contest uses directions instead of striking Fan skills=False airborne=False 
(Filename: E:\unity\Runtime/Export/Debug/Debug.bindings.h Line: 39)

AIMATCH PASS direction opposes the human player Fan skills=False airborne=False 
(Filename: E:\unity\Runtime/Export/Debug/Debug.bindings.h Line: 39)

AIMATCH PASS direction pushing preserves joints Fan skills=False airborne=False error=0.1613049 
(Filename: E:\unity\Runtime/Export/Debug/Debug.bindings.h Line: 39)

AIMATCH PASS separation releases contest suppression Fan skills=False airborne=False 
(Filename: E:\unity\Runtime/Export/Debug/Debug.bindings.h Line: 39)

Unloading 4 Unused Serialized files (Serialized files now loaded: 0)
UnloadTime: 0.238300 ms

Unloading 3 unused Assets to reduce memory usage. Loaded Objects now: 1053.
Total: 1.222000 ms (FindLiveObjects: 0.031600 ms CreateObjectMapping: 0.007800 ms MarkObjects: 0.227700 ms  DeleteObjects: 0.954700 ms)

AIMATCH PARAM side=Fan skills=False scale=1 jump=5.2 gravity=1 head=0.7556137 
(Filename: E:\unity\Runtime/Export/Debug/Debug.bindings.h Line: 39)

AIMATCH PASS real contest recognized Fan skills=False airborne=True frames=10 
(Filename: E:\unity\Runtime/Export/Debug/Debug.bindings.h Line: 39)

AIMATCH PASS contest uses directions instead of striking Fan skills=False airborne=True 
(Filename: E:\unity\Runtime/Export/Debug/Debug.bindings.h Line: 39)

AIMATCH PASS direction opposes the human player Fan skills=False airborne=True 
(Filename: E:\unity\Runtime/Export/Debug/Debug.bindings.h Line: 39)

AIMATCH PASS direction pushing preserves joints Fan skills=False airborne=True error=0.08010182 
(Filename: E:\unity\Runtime/Export/Debug/Debug.bindings.h Line: 39)

AIMATCH PASS separation releases contest suppression Fan skills=False airborne=True 
(Filename: E:\unity\Runtime/Export/Debug/Debug.bindings.h Line: 39)

Unloading 4 Unused Serialized files (Serialized files now loaded: 0)
UnloadTime: 0.265100 ms

Unloading 3 unused Assets to reduce memory usage. Loaded Objects now: 1053.
Total: 1.242400 ms (FindLiveObjects: 0.041000 ms CreateObjectMapping: 0.033600 ms MarkObjects: 0.188200 ms  DeleteObjects: 0.979300 ms)

AIMATCH PARAM side=Fan skills=False scale=1 jump=5.2 gravity=1 head=0.7563955 
(Filename: E:\unity\Runtime/Export/Debug/Debug.bindings.h Line: 39)

AIMATCH PASS normal free ball shooting remains available Fan skills=False 
(Filename: E:\unity\Runtime/Export/Debug/Debug.bindings.h Line: 39)

AIMATCH PASS unreachable rising ball avoids premature actions Fan skills=False 
(Filename: E:\unity\Runtime/Export/Debug/Debug.bindings.h Line: 39)

AIMATCH PASS moving high ball leads future descent Fan 
(Filename: E:\unity\Runtime/Export/Debug/Debug.bindings.h Line: 39)

AIMATCH PASS reachable descending ball schedules jump Fan skills=False 
(Filename: E:\unity\Runtime/Export/Debug/Debug.bindings.h Line: 39)

AIMATCH PASS fast overhead pass avoids futile jump Fan 
(Filename: E:\unity\Runtime/Export/Debug/Debug.bindings.h Line: 39)

AIMATCH PASS serve advances without retreat or meaningless jump Fan 
(Filename: E:\unity\Runtime/Export/Debug/Debug.bindings.h Line: 39)

AIMATCH PASS paused AI has no commands Fan 
(Filename: E:\unity\Runtime/Export/Debug/Debug.bindings.h Line: 39)

Unloading 4 Unused Serialized files (Serialized files now loaded: 0)
UnloadTime: 0.261000 ms

Unloading 2 unused Assets to reduce memory usage. Loaded Objects now: 1053.
Total: 1.234000 ms (FindLiveObjects: 0.031100 ms CreateObjectMapping: 0.008000 ms MarkObjects: 0.242100 ms  DeleteObjects: 0.952400 ms)

AIMATCH PARAM side=Fan skills=False scale=1 jump=5.2 gravity=1 head=0.7563955 
(Filename: E:\unity\Runtime/Export/Debug/Debug.bindings.h Line: 39)

AIMATCH PASS live lob plans reachable contact Fan skills=False jump=False 
(Filename: E:\unity\Runtime/Export/Debug/Debug.bindings.h Line: 39)

AIMATCH PASS live lob intercepted by native collision or existing head skill Fan skills=False collision=True header=False 
(Filename: E:\unity\Runtime/Export/Debug/Debug.bindings.h Line: 39)

AIMATCH PASS lob interception preserves skeleton Fan error=0.1037144 
(Filename: E:\unity\Runtime/Export/Debug/Debug.bindings.h Line: 39)

Unloading 4 Unused Serialized files (Serialized files now loaded: 0)
UnloadTime: 0.947400 ms

Unloading 3 unused Assets to reduce memory usage. Loaded Objects now: 1059.
Total: 1.152700 ms (FindLiveObjects: 0.032100 ms CreateObjectMapping: 0.006800 ms MarkObjects: 0.188300 ms  DeleteObjects: 0.925100 ms)

AIMATCH PARAM side=Zhao skills=True scale=1 jump=6.119894 gravity=1 head=0.7580314 
(Filename: E:\unity\Runtime/Export/Debug/Debug.bindings.h Line: 39)

AIMATCH PASS real contest recognized Zhao skills=True airborne=False frames=45 
(Filename: E:\unity\Runtime/Export/Debug/Debug.bindings.h Line: 39)

AIMATCH PASS contest uses directions instead of striking Zhao skills=True airborne=False 
(Filename: E:\unity\Runtime/Export/Debug/Debug.bindings.h Line: 39)

AIMATCH PASS direction opposes the human player Zhao skills=True airborne=False 
(Filename: E:\unity\Runtime/Export/Debug/Debug.bindings.h Line: 39)

AIMATCH PASS direction pushing preserves joints Zhao skills=True airborne=False error=0.2404323 
(Filename: E:\unity\Runtime/Export/Debug/Debug.bindings.h Line: 39)

AIMATCH PASS separation releases contest suppression Zhao skills=True airborne=False 
(Filename: E:\unity\Runtime/Export/Debug/Debug.bindings.h Line: 39)

Unloading 4 Unused Serialized files (Serialized files now loaded: 0)
UnloadTime: 0.264300 ms

Unloading 3 unused Assets to reduce memory usage. Loaded Objects now: 1059.
Total: 1.206900 ms (FindLiveObjects: 0.058900 ms CreateObjectMapping: 0.017400 ms MarkObjects: 0.198800 ms  DeleteObjects: 0.931200 ms)

AIMATCH PARAM side=Zhao skills=True scale=1 jump=6.119894 gravity=1 head=0.7580314 
(Filename: E:\unity\Runtime/Export/Debug/Debug.bindings.h Line: 39)

AIMATCH PASS real contest recognized Zhao skills=True airborne=True frames=12 
(Filename: E:\unity\Runtime/Export/Debug/Debug.bindings.h Line: 39)

AIMATCH PASS contest uses directions instead of striking Zhao skills=True airborne=True 
(Filename: E:\unity\Runtime/Export/Debug/Debug.bindings.h Line: 39)

AIMATCH PASS direction opposes the human player Zhao skills=True airborne=True 
(Filename: E:\unity\Runtime/Export/Debug/Debug.bindings.h Line: 39)

AIMATCH PASS direction pushing preserves joints Zhao skills=True airborne=True error=0.09684505 
(Filename: E:\unity\Runtime/Export/Debug/Debug.bindings.h Line: 39)

AIMATCH PASS separation releases contest suppression Zhao skills=True airborne=True 
(Filename: E:\unity\Runtime/Export/Debug/Debug.bindings.h Line: 39)

Unloading 4 Unused Serialized files (Serialized files now loaded: 0)
UnloadTime: 0.259700 ms

Unloading 3 unused Assets to reduce memory usage. Loaded Objects now: 1059.
Total: 1.316300 ms (FindLiveObjects: 0.037000 ms CreateObjectMapping: 0.008100 ms MarkObjects: 0.173800 ms  DeleteObjects: 1.097100 ms)

AIMATCH PARAM side=Zhao skills=True scale=1 jump=6.119894 gravity=1 head=0.7580314 
(Filename: E:\unity\Runtime/Export/Debug/Debug.bindings.h Line: 39)

AIMATCH PASS normal free ball shooting remains available Zhao skills=True 
(Filename: E:\unity\Runtime/Export/Debug/Debug.bindings.h Line: 39)

AIMATCH PASS unreachable rising ball avoids premature actions Zhao skills=True 
(Filename: E:\unity\Runtime/Export/Debug/Debug.bindings.h Line: 39)

AIMATCH PASS moving high ball leads future descent Zhao 
(Filename: E:\unity\Runtime/Export/Debug/Debug.bindings.h Line: 39)

AIMATCH PASS reachable descending ball schedules jump Zhao skills=True 
(Filename: E:\unity\Runtime/Export/Debug/Debug.bindings.h Line: 39)

AIMATCH PASS fast overhead pass avoids futile jump Zhao 
(Filename: E:\unity\Runtime/Export/Debug/Debug.bindings.h Line: 39)

AIMATCH PASS serve advances without retreat or meaningless jump Zhao 
(Filename: E:\unity\Runtime/Export/Debug/Debug.bindings.h Line: 39)

AIMATCH PASS paused AI has no commands Zhao 
(Filename: E:\unity\Runtime/Export/Debug/Debug.bindings.h Line: 39)

Unloading 4 Unused Serialized files (Serialized files now loaded: 0)
UnloadTime: 0.336500 ms

Unloading 2 unused Assets to reduce memory usage. Loaded Objects now: 1059.
Total: 1.289000 ms (FindLiveObjects: 0.057000 ms CreateObjectMapping: 0.008500 ms MarkObjects: 0.228700 ms  DeleteObjects: 0.994300 ms)

AIMATCH PARAM side=Zhao skills=True scale=1 jump=6.119894 gravity=1 head=0.7555736 
(Filename: E:\unity\Runtime/Export/Debug/Debug.bindings.h Line: 39)

AIMATCH PASS live lob plans reachable contact Zhao skills=True jump=False 
(Filename: E:\unity\Runtime/Export/Debug/Debug.bindings.h Line: 39)

AIMATCH PASS live lob intercepted by native collision or existing head skill Zhao skills=True collision=True header=False 
(Filename: E:\unity\Runtime/Export/Debug/Debug.bindings.h Line: 39)

AIMATCH PASS lob interception preserves skeleton Zhao error=0.05368727 
(Filename: E:\unity\Runtime/Export/Debug/Debug.bindings.h Line: 39)

Unloading 4 Unused Serialized files (Serialized files now loaded: 0)
UnloadTime: 0.261400 ms

Unloading 3 unused Assets to reduce memory usage. Loaded Objects now: 1063.
Total: 1.389200 ms (FindLiveObjects: 0.058700 ms CreateObjectMapping: 0.008600 ms MarkObjects: 0.267400 ms  DeleteObjects: 1.054000 ms)

AIMATCH PARAM side=Fan skills=True scale=1 jump=5.2 gravity=1 head=0.7563955 
(Filename: E:\unity\Runtime/Export/Debug/Debug.bindings.h Line: 39)

AIMATCH PASS real contest recognized Fan skills=True airborne=False frames=46 
(Filename: E:\unity\Runtime/Export/Debug/Debug.bindings.h Line: 39)

AIMATCH PASS contest uses directions instead of striking Fan skills=True airborne=False 
(Filename: E:\unity\Runtime/Export/Debug/Debug.bindings.h Line: 39)

AIMATCH PASS direction opposes the human player Fan skills=True airborne=False 
(Filename: E:\unity\Runtime/Export/Debug/Debug.bindings.h Line: 39)

AIMATCH PASS direction pushing preserves joints Fan skills=True airborne=False error=0.1911668 
(Filename: E:\unity\Runtime/Export/Debug/Debug.bindings.h Line: 39)

AIMATCH PASS separation releases contest suppression Fan skills=True airborne=False 
(Filename: E:\unity\Runtime/Export/Debug/Debug.bindings.h Line: 39)

Unloading 4 Unused Serialized files (Serialized files now loaded: 0)
UnloadTime: 0.308000 ms

Unloading 3 unused Assets to reduce memory usage. Loaded Objects now: 1059.
Total: 1.392900 ms (FindLiveObjects: 0.037600 ms CreateObjectMapping: 0.008600 ms MarkObjects: 0.229800 ms  DeleteObjects: 1.116600 ms)

AIMATCH PARAM side=Fan skills=True scale=1 jump=5.2 gravity=1 head=0.7533347 
(Filename: E:\unity\Runtime/Export/Debug/Debug.bindings.h Line: 39)

AIMATCH PASS real contest recognized Fan skills=True airborne=True frames=8 
(Filename: E:\unity\Runtime/Export/Debug/Debug.bindings.h Line: 39)

AIMATCH PASS contest uses directions instead of striking Fan skills=True airborne=True 
(Filename: E:\unity\Runtime/Export/Debug/Debug.bindings.h Line: 39)

AIMATCH PASS direction opposes the human player Fan skills=True airborne=True 
(Filename: E:\unity\Runtime/Export/Debug/Debug.bindings.h Line: 39)

AIMATCH PASS direction pushing preserves joints Fan skills=True airborne=True error=0.07882483 
(Filename: E:\unity\Runtime/Export/Debug/Debug.bindings.h Line: 39)

AIMATCH PASS separation releases contest suppression Fan skills=True airborne=True 
(Filename: E:\unity\Runtime/Export/Debug/Debug.bindings.h Line: 39)

Unloading 4 Unused Serialized files (Serialized files now loaded: 0)
UnloadTime: 0.266700 ms

Unloading 3 unused Assets to reduce memory usage. Loaded Objects now: 1059.
Total: 1.156500 ms (FindLiveObjects: 0.031900 ms CreateObjectMapping: 0.008100 ms MarkObjects: 0.189300 ms  DeleteObjects: 0.926900 ms)

AIMATCH PARAM side=Fan skills=True scale=1 jump=5.2 gravity=1 head=0.7563955 
(Filename: E:\unity\Runtime/Export/Debug/Debug.bindings.h Line: 39)

AIMATCH PASS normal free ball shooting remains available Fan skills=True 
(Filename: E:\unity\Runtime/Export/Debug/Debug.bindings.h Line: 39)

AIMATCH PASS unreachable rising ball avoids premature actions Fan skills=True 
(Filename: E:\unity\Runtime/Export/Debug/Debug.bindings.h Line: 39)

AIMATCH PASS moving high ball leads future descent Fan 
(Filename: E:\unity\Runtime/Export/Debug/Debug.bindings.h Line: 39)

AIMATCH PASS reachable descending ball schedules jump Fan skills=True 
(Filename: E:\unity\Runtime/Export/Debug/Debug.bindings.h Line: 39)

AIMATCH PASS fast overhead pass avoids futile jump Fan 
(Filename: E:\unity\Runtime/Export/Debug/Debug.bindings.h Line: 39)

AIMATCH PASS serve advances without retreat or meaningless jump Fan 
(Filename: E:\unity\Runtime/Export/Debug/Debug.bindings.h Line: 39)

AIMATCH PASS paused AI has no commands Fan 
(Filename: E:\unity\Runtime/Export/Debug/Debug.bindings.h Line: 39)

Unloading 4 Unused Serialized files (Serialized files now loaded: 0)
UnloadTime: 0.236800 ms

Unloading 2 unused Assets to reduce memory usage. Loaded Objects now: 1059.
Total: 1.250800 ms (FindLiveObjects: 0.031600 ms CreateObjectMapping: 0.008000 ms MarkObjects: 0.172800 ms  DeleteObjects: 1.038200 ms)

AIMATCH PARAM side=Fan skills=True scale=1 jump=5.2 gravity=1 head=0.7563955 
(Filename: E:\unity\Runtime/Export/Debug/Debug.bindings.h Line: 39)

AIMATCH LOB step=0 ball=(-2.5, 3.0) velocity=(3.2, -0.7) player=(-2.0, 0.2) run=(-1.3, 5.9) head=(-1.9, 0.9, 0.3) target=-1.684717 eta=0.36 jump=False heading=False plan=True 
(Filename: E:\unity\Runtime/Export/Debug/Debug.bindings.h Line: 39)

AIMATCH LOB step=8 ball=(-2.0, 2.8) velocity=(3.2, -2.3) player=(-2.0, 0.8) run=(1.0, 3.4) head=(-1.9, 1.5, 0.3) target=-1.793091 eta=0.16 jump=False heading=False plan=True 
(Filename: E:\unity\Runtime/Export/Debug/Debug.bindings.h Line: 39)

AIMATCH LOB step=16 ball=(-1.1, 2.6) velocity=(11.1, 1.8) player=(-1.9, 1.2) run=(0.6, 1.9) head=(-1.9, 1.9, 0.3) target=5.651219 eta=2.4 jump=False heading=False plan=True 
(Filename: E:\unity\Runtime/Export/Debug/Debug.bindings.h Line: 39)

AIMATCH LOB step=24 ball=(0.7, 2.8) velocity=(11.1, 0.2) player=(-1.8, 1.4) run=(-0.8, 0.3) head=(-1.6, 2.1, 0.3) target=5.651219 eta=2.4 jump=False heading=False plan=True 
(Filename: E:\unity\Runtime/Export/Debug/Debug.bindings.h Line: 39)

AIMATCH LOB step=32 ball=(2.5, 2.7) velocity=(11.1, -1.3) player=(-1.4, 1.3) run=(1.8, -1.2) head=(-0.8, 1.8, 0.3) target=5.13198 eta=2.4 jump=False heading=False plan=True 
(Filename: E:\unity\Runtime/Export/Debug/Debug.bindings.h Line: 39)

AIMATCH LOB step=40 ball=(4.3, 2.3) velocity=(11.1, -2.9) player=(-1.1, 1.0) run=(2.5, -2.7) head=(-1.0, 1.7, 0.3) target=5.594774 eta=2.4 jump=False heading=False plan=True 
(Filename: E:\unity\Runtime/Export/Debug/Debug.bindings.h Line: 39)

AIMATCH LOB step=48 ball=(6.1, 1.7) velocity=(11.1, -4.5) player=(-0.7, 0.3) run=(3.5, -4.6) head=(-0.7, 1.0, 0.3) target=5.651219 eta=2.4 jump=False heading=False plan=True 
(Filename: E:\unity\Runtime/Export/Debug/Debug.bindings.h Line: 39)

AIMATCH LOB step=56 ball=(6.6, 0.4) velocity=(0.6, -9.4) player=(-0.2, -0.4) run=(3.4, -3.1) head=(-0.2, 0.3, 0.3) target=5.551219 eta=0.12 jump=False heading=False plan=False 
(Filename: E:\unity\Runtime/Export/Debug/Debug.bindings.h Line: 39)

AIMATCH LOB step=64 ball=(6.7, -1.2) velocity=(0.6, -10.9) player=(0.7, -0.3) run=(4.9, 2.3) head=(0.8, 0.3, 0.3) target=5.551219 eta=0.12 jump=False heading=False plan=False 
(Filename: E:\unity\Runtime/Export/Debug/Debug.bindings.h Line: 39)

AIMATCH LOB step=72 ball=(6.4, -0.5) velocity=(-2.0, 7.9) player=(1.5, 0.1) run=(5.3, 1.6) head=(1.8, 0.7, 0.3) target=5.399841 eta=0.12 jump=False heading=False plan=False 
(Filename: E:\unity\Runtime/Export/Debug/Debug.bindings.h Line: 39)

AIMATCH LOB step=80 ball=(6.1, 0.6) velocity=(-2.0, 6.3) player=(2.5, 0.1) run=(6.7, -0.1) head=(2.6, 0.8, 0.3) target=5.084419 eta=0.12 jump=False heading=False plan=False 
(Filename: E:\unity\Runtime/Export/Debug/Debug.bindings.h Line: 39)

AIMATCH LOB step=88 ball=(5.8, 1.5) velocity=(-2.0, 4.7) player=(3.4, 0.0) run=(5.8, -1.6) head=(3.3, 0.7, 0.3) target=4.356935 eta=0.72 jump=False heading=False plan=True 
(Filename: E:\unity\Runtime/Export/Debug/Debug.bindings.h Line: 39)

AIMATCH LOB step=96 ball=(5.5, 2.1) velocity=(-2.0, 3.2) player=(4.2, 0.1) run=(4.9, -0.4) head=(4.3, 0.8, 0.3) target=4.237439 eta=0.56 jump=False heading=False plan=True 
(Filename: E:\unity\Runtime/Export/Debug/Debug.bindings.h Line: 39)

AIMATCH PASS live lob plans reachable contact Fan skills=True jump=False 
(Filename: E:\unity\Runtime/Export/Debug/Debug.bindings.h Line: 39)

AIMATCH PASS live lob intercepted by native collision or existing head skill Fan skills=True collision=False header=True 
(Filename: E:\unity\Runtime/Export/Debug/Debug.bindings.h Line: 39)

AIMATCH PASS lob interception preserves skeleton Fan error=0.127053 
(Filename: E:\unity\Runtime/Export/Debug/Debug.bindings.h Line: 39)

AIMATCH COMPLETE checks=80 lobTouches=4 failures=0 
(Filename: E:\unity\Runtime/Export/Debug/Debug.bindings.h Line: 39)

Setting up 12 worker threads for Enlighten.
  Thread -> id: a144 -> priority: 1 
  Thread -> id: a274 -> priority: 1 
  Thread -> id: 29c8 -> priority: 1 
  Thread -> id: 2ac4 -> priority: 1 
  Thread -> id: 2a4c -> priority: 1 
  Thread -> id: 297c -> priority: 1 
  Thread -> id: ba8 -> priority: 1 
  Thread -> id: 6844 -> priority: 1 
  Thread -> id: 5110 -> priority: 1 
  Thread -> id: 6db8 -> priority: 1 
  Thread -> id: 6464 -> priority: 1 
  Thread -> id: 5500 -> priority: 1 
Curl error 42: Callback aborted
 
(Filename:  Line: 867)

