Mono path[0] = 'C:/Users/Alienware/Documents/范志毅VS赵鹏/范志毅VS赵鹏 PC双人版（32位）/鑼冨織姣匳S璧甸箯 PC鍙屼汉鐗堬紙32浣嶏級/AI Mod Source/build/fan-strategy-test-player-experiment/FanZhiYi_Data/Managed'
Mono config path = 'C:/Users/Alienware/Documents/范志毅VS赵鹏/范志毅VS赵鹏 PC双人版（32位）/鑼冨織姣匳S璧甸箯 PC鍙屼汉鐗堬紙32浣嶏級/AI Mod Source/build/fan-strategy-test-player-experiment/MonoBleedingEdge/etc'
AS: AutoStreaming module initializing.Initialize engine version: 2019.4.33f1c1 (c2f94a8bebb3)
[Subsystems] Discovering subsystems at path C:/Users/Alienware/Documents/范志毅VS赵鹏/范志毅VS赵鹏 PC双人版（32位）/鑼冨織姣匳S璧甸箯 PC鍙屼汉鐗堬紙32浣嶏級/AI Mod Source/build/fan-strategy-test-player-experiment/FanZhiYi_Data/UnitySubsystems
GfxDevice: creating device client; threaded=1
Direct3D:
    Version:  Direct3D 11.0 [level 11.1]
    Renderer: NVIDIA GeForce RTX 5070 Laptop GPU (ID=0x2d58)
    Vendor:   (null)
    VRAM:     3072 MB
    Driver:   32.0.15.9608
Begin MonoManager ReloadAssembly
- Completed reload, in  0.091 seconds
<RI> Initializing input.
<RI> Input initialized.
<RI> Initialized touch support.
UnloadTime: 0.766000 ms
Unloading 5 Unused Serialized files (Serialized files now loaded: 0)
UnloadTime: 0.167600 ms

Unloading 143 unused Assets to reduce memory usage. Loaded Objects now: 1009.
Total: 0.540800 ms (FindLiveObjects: 0.052800 ms CreateObjectMapping: 0.017800 ms MarkObjects: 0.186700 ms  DeleteObjects: 0.282900 ms)

STRATEGY PARAM side=Zhao skills=True scale=0.75 jump=6.119894 gravity=1 head=0.1147858 
(Filename: E:\unity\Runtime/Export/Debug/Debug.bindings.h Line: 39)

STRATEGY PASS low AI starts native emergency recovery without human input 
(Filename: E:\unity\Runtime/Export/Debug/Debug.bindings.h Line: 39)

STRATEGY RECOVERY low gap=1.2 rolling=2 step=0 ball=(1.2, -1.6) vel=(2.0, -0.2) body=(0.0, -0.3) running=(0.3, 7.1) rescue=True passed=False 
(Filename: E:\unity\Runtime/Export/Debug/Debug.bindings.h Line: 39)

STRATEGY RECOVERY low gap=1.2 rolling=2 step=20 ball=(1.8, -1.6) vel=(1.3, 0.0) body=(1.1, 1.2) running=(4.2, 2.3) rescue=True passed=False 
(Filename: E:\unity\Runtime/Export/Debug/Debug.bindings.h Line: 39)

STRATEGY RECOVERY low gap=1.2 rolling=2 step=40 ball=(2.3, -1.6) vel=(1.3, 0.0) body=(2.3, 1.2) running=(3.2, -2.0) rescue=True passed=False 
(Filename: E:\unity\Runtime/Export/Debug/Debug.bindings.h Line: 39)

STRATEGY RECOVERY low gap=1.2 rolling=2 step=60 ball=(2.8, -1.6) vel=(0.0, 0.0) body=(3.0, -0.3) running=(-0.2, -5.8) rescue=True passed=True 
(Filename: E:\unity\Runtime/Export/Debug/Debug.bindings.h Line: 39)

STRATEGY RECOVERY low gap=1.2 rolling=2 step=80 ball=(2.4, -1.6) vel=(-1.9, 0.0) body=(3.0, -0.4) running=(0.0, 0.1) rescue=False passed=True 
(Filename: E:\unity\Runtime/Export/Debug/Debug.bindings.h Line: 39)

STRATEGY RECOVERY low gap=1.2 rolling=2 step=100 ball=(1.4, -1.6) vel=(-2.5, 0.0) body=(3.0, -0.4) running=(-0.1, 0.0) rescue=False passed=True 
(Filename: E:\unity\Runtime/Export/Debug/Debug.bindings.h Line: 39)

STRATEGY RECOVERY low gap=1.2 rolling=2 step=120 ball=(0.4, -1.6) vel=(-2.5, 0.0) body=(3.0, -0.4) running=(0.1, 0.0) rescue=False passed=True 
(Filename: E:\unity\Runtime/Export/Debug/Debug.bindings.h Line: 39)

STRATEGY RECOVERY low gap=1.2 rolling=2 step=140 ball=(-0.6, -1.6) vel=(-2.5, 0.0) body=(3.0, -0.4) running=(0.0, 0.0) rescue=False passed=True 
(Filename: E:\unity\Runtime/Export/Debug/Debug.bindings.h Line: 39)

STRATEGY RECOVERY low gap=1.2 rolling=2 step=160 ball=(-1.6, -1.6) vel=(-2.5, 0.0) body=(3.0, -0.4) running=(0.0, 0.0) rescue=False passed=True 
(Filename: E:\unity\Runtime/Export/Debug/Debug.bindings.h Line: 39)

STRATEGY RECOVERY low gap=1.2 rolling=2 step=180 ball=(-2.5, -1.6) vel=(-2.5, 0.0) body=(3.0, -0.4) running=(0.0, 0.0) rescue=False passed=True 
(Filename: E:\unity\Runtime/Export/Debug/Debug.bindings.h Line: 39)

STRATEGY RECOVERY low gap=1.2 rolling=2 step=200 ball=(-3.5, -1.6) vel=(-2.4, 0.0) body=(3.0, -0.4) running=(0.0, 0.0) rescue=False passed=True 
(Filename: E:\unity\Runtime/Export/Debug/Debug.bindings.h Line: 39)

STRATEGY PASS low gap=1.2 rolling=2 AI uses correct jump/backbend/run branch 
(Filename: E:\unity\Runtime/Export/Debug/Debug.bindings.h Line: 39)

STRATEGY PASS low gap=1.2 rolling=2 recovery reaches goal side or clears head ball 
(Filename: E:\unity\Runtime/Export/Debug/Debug.bindings.h Line: 39)

STRATEGY PASS low gap=1.2 rolling=2 recovery avoids scoring into own goal 
(Filename: E:\unity\Runtime/Export/Debug/Debug.bindings.h Line: 39)

STRATEGY PASS low gap=1.2 rolling=2 real skeleton preserved error=0.1437471 
(Filename: E:\unity\Runtime/Export/Debug/Debug.bindings.h Line: 39)

STRATEGY PASS low gap=1.2 rolling=2 balanced after recovery tilt=10.09946 
(Filename: E:\unity\Runtime/Export/Debug/Debug.bindings.h Line: 39)

STRATEGY PASS low gap=1.2 rolling=2 committed recovery is not interrupted by shooting 
(Filename: E:\unity\Runtime/Export/Debug/Debug.bindings.h Line: 39)

STRATEGY PASS low gap=1.2 rolling=2 each attempt has a bounded duration=1.259858 
(Filename: E:\unity\Runtime/Export/Debug/Debug.bindings.h Line: 39)

Unloading 4 Unused Serialized files (Serialized files now loaded: 0)
UnloadTime: 0.936900 ms

Unloading 38 unused Assets to reduce memory usage. Loaded Objects now: 1060.
Total: 1.167800 ms (FindLiveObjects: 0.055600 ms CreateObjectMapping: 0.008500 ms MarkObjects: 0.175000 ms  DeleteObjects: 0.928500 ms)

STRATEGY PARAM side=Zhao skills=True scale=0.75 jump=6.119894 gravity=1 head=0.1168774 
(Filename: E:\unity\Runtime/Export/Debug/Debug.bindings.h Line: 39)

STRATEGY PASS low AI starts native emergency recovery without human input 
(Filename: E:\unity\Runtime/Export/Debug/Debug.bindings.h Line: 39)

STRATEGY RECOVERY low gap=0.8 rolling=3 step=0 ball=(0.9, -1.6) vel=(3.0, -0.2) body=(0.0, -0.3) running=(0.3, 7.1) rescue=True passed=False 
(Filename: E:\unity\Runtime/Export/Debug/Debug.bindings.h Line: 39)

STRATEGY RECOVERY low gap=0.8 rolling=3 step=20 ball=(1.7, -1.6) vel=(2.0, 0.0) body=(1.2, 1.2) running=(4.5, 2.3) rescue=True passed=False 
(Filename: E:\unity\Runtime/Export/Debug/Debug.bindings.h Line: 39)

STRATEGY RECOVERY low gap=0.8 rolling=3 step=40 ball=(2.5, -1.6) vel=(2.0, 0.0) body=(2.6, 1.2) running=(3.5, -2.0) rescue=True passed=False 
(Filename: E:\unity\Runtime/Export/Debug/Debug.bindings.h Line: 39)

STRATEGY RECOVERY low gap=0.8 rolling=3 step=60 ball=(3.2, -1.6) vel=(0.0, 0.0) body=(3.3, -0.3) running=(-0.4, -5.4) rescue=True passed=True 
(Filename: E:\unity\Runtime/Export/Debug/Debug.bindings.h Line: 39)

STRATEGY RECOVERY low gap=0.8 rolling=3 step=80 ball=(2.7, -1.6) vel=(-2.6, 0.0) body=(3.4, -0.4) running=(0.2, 0.1) rescue=False passed=True 
(Filename: E:\unity\Runtime/Export/Debug/Debug.bindings.h Line: 39)

STRATEGY RECOVERY low gap=0.8 rolling=3 step=100 ball=(1.5, -1.6) vel=(-2.8, 0.0) body=(3.3, -0.4) running=(0.0, 0.0) rescue=False passed=True 
(Filename: E:\unity\Runtime/Export/Debug/Debug.bindings.h Line: 39)

STRATEGY RECOVERY low gap=0.8 rolling=3 step=120 ball=(0.4, -1.6) vel=(-2.8, 0.0) body=(3.3, -0.4) running=(0.1, 0.0) rescue=False passed=True 
(Filename: E:\unity\Runtime/Export/Debug/Debug.bindings.h Line: 39)

STRATEGY RECOVERY low gap=0.8 rolling=3 step=140 ball=(-0.7, -1.6) vel=(-2.8, 0.0) body=(3.4, -0.4) running=(0.0, 0.0) rescue=False passed=True 
(Filename: E:\unity\Runtime/Export/Debug/Debug.bindings.h Line: 39)

STRATEGY RECOVERY low gap=0.8 rolling=3 step=160 ball=(-1.9, -1.6) vel=(-2.8, 0.0) body=(3.4, -0.4) running=(-0.1, 0.0) rescue=False passed=True 
(Filename: E:\unity\Runtime/Export/Debug/Debug.bindings.h Line: 39)

STRATEGY RECOVERY low gap=0.8 rolling=3 step=180 ball=(-3.0, -1.6) vel=(-2.8, 0.0) body=(3.4, -0.4) running=(0.0, 0.0) rescue=False passed=True 
(Filename: E:\unity\Runtime/Export/Debug/Debug.bindings.h Line: 39)

STRATEGY RECOVERY low gap=0.8 rolling=3 step=200 ball=(-4.1, -1.6) vel=(-2.7, 0.0) body=(3.4, -0.4) running=(0.1, 0.0) rescue=False passed=True 
(Filename: E:\unity\Runtime/Export/Debug/Debug.bindings.h Line: 39)

STRATEGY PASS low gap=0.8 rolling=3 AI uses correct jump/backbend/run branch 
(Filename: E:\unity\Runtime/Export/Debug/Debug.bindings.h Line: 39)

STRATEGY PASS low gap=0.8 rolling=3 recovery reaches goal side or clears head ball 
(Filename: E:\unity\Runtime/Export/Debug/Debug.bindings.h Line: 39)

STRATEGY PASS low gap=0.8 rolling=3 recovery avoids scoring into own goal 
(Filename: E:\unity\Runtime/Export/Debug/Debug.bindings.h Line: 39)

STRATEGY PASS low gap=0.8 rolling=3 real skeleton preserved error=0.09650239 
(Filename: E:\unity\Runtime/Export/Debug/Debug.bindings.h Line: 39)

STRATEGY PASS low gap=0.8 rolling=3 balanced after recovery tilt=10.58606 
(Filename: E:\unity\Runtime/Export/Debug/Debug.bindings.h Line: 39)

STRATEGY PASS low gap=0.8 rolling=3 committed recovery is not interrupted by shooting 
(Filename: E:\unity\Runtime/Export/Debug/Debug.bindings.h Line: 39)

STRATEGY PASS low gap=0.8 rolling=3 each attempt has a bounded duration=1.23474 
(Filename: E:\unity\Runtime/Export/Debug/Debug.bindings.h Line: 39)

Unloading 4 Unused Serialized files (Serialized files now loaded: 0)
UnloadTime: 0.286400 ms

Unloading 3 unused Assets to reduce memory usage. Loaded Objects now: 1060.
Total: 1.240400 ms (FindLiveObjects: 0.030300 ms CreateObjectMapping: 0.007500 ms MarkObjects: 0.171600 ms  DeleteObjects: 1.030800 ms)

STRATEGY PARAM side=Zhao skills=True scale=0.75 jump=6.119894 gravity=1 head=0.1135373 
(Filename: E:\unity\Runtime/Export/Debug/Debug.bindings.h Line: 39)

STRATEGY PASS low AI starts native emergency recovery without human input 
(Filename: E:\unity\Runtime/Export/Debug/Debug.bindings.h Line: 39)

STRATEGY RECOVERY low gap=1.6 rolling=3 step=0 ball=(1.7, -1.6) vel=(3.0, -0.2) body=(0.0, -0.4) running=(0.0, 0.0) rescue=True passed=False 
(Filename: E:\unity\Runtime/Export/Debug/Debug.bindings.h Line: 39)

STRATEGY RECOVERY low gap=1.6 rolling=3 step=20 ball=(2.5, -1.6) vel=(2.0, 0.0) body=(1.3, 1.1) running=(5.9, 2.5) rescue=True passed=False 
(Filename: E:\unity\Runtime/Export/Debug/Debug.bindings.h Line: 39)

STRATEGY RECOVERY low gap=1.6 rolling=3 step=40 ball=(3.3, -1.6) vel=(2.0, 0.0) body=(3.1, 1.3) running=(4.6, -1.8) rescue=True passed=False 
(Filename: E:\unity\Runtime/Export/Debug/Debug.bindings.h Line: 39)

STRATEGY RECOVERY low gap=1.6 rolling=3 step=60 ball=(4.0, -1.6) vel=(0.0, 0.0) body=(4.1, -0.2) running=(-0.2, -5.3) rescue=True passed=True 
(Filename: E:\unity\Runtime/Export/Debug/Debug.bindings.h Line: 39)

STRATEGY RECOVERY low gap=1.6 rolling=3 step=80 ball=(3.4, -1.6) vel=(-1.8, 0.0) body=(4.2, -0.4) running=(-0.1, -0.3) rescue=False passed=True 
(Filename: E:\unity\Runtime/Export/Debug/Debug.bindings.h Line: 39)

STRATEGY RECOVERY low gap=1.6 rolling=3 step=100 ball=(2.7, -1.6) vel=(-1.8, 0.0) body=(4.2, -0.4) running=(0.0, 0.0) rescue=False passed=True 
(Filename: E:\unity\Runtime/Export/Debug/Debug.bindings.h Line: 39)

STRATEGY RECOVERY low gap=1.6 rolling=3 step=120 ball=(2.0, -1.6) vel=(-1.7, 0.0) body=(4.2, -0.4) running=(0.0, 0.0) rescue=False passed=True 
(Filename: E:\unity\Runtime/Export/Debug/Debug.bindings.h Line: 39)

STRATEGY RECOVERY low gap=1.6 rolling=3 step=140 ball=(1.3, -1.6) vel=(-1.7, 0.0) body=(4.2, -0.4) running=(0.0, 0.0) rescue=False passed=True 
(Filename: E:\unity\Runtime/Export/Debug/Debug.bindings.h Line: 39)

STRATEGY RECOVERY low gap=1.6 rolling=3 step=160 ball=(0.6, -1.6) vel=(-1.7, 0.0) body=(4.2, -0.4) running=(0.0, 0.0) rescue=False passed=True 
(Filename: E:\unity\Runtime/Export/Debug/Debug.bindings.h Line: 39)

STRATEGY RECOVERY low gap=1.6 rolling=3 step=180 ball=(-0.1, -1.6) vel=(-1.7, 0.0) body=(4.2, -0.4) running=(0.0, 0.0) rescue=False passed=True 
(Filename: E:\unity\Runtime/Export/Debug/Debug.bindings.h Line: 39)

STRATEGY RECOVERY low gap=1.6 rolling=3 step=200 ball=(-0.8, -1.6) vel=(-1.7, 0.0) body=(4.2, -0.4) running=(0.0, 0.0) rescue=False passed=True 
(Filename: E:\unity\Runtime/Export/Debug/Debug.bindings.h Line: 39)

STRATEGY PASS low gap=1.6 rolling=3 AI uses correct jump/backbend/run branch 
(Filename: E:\unity\Runtime/Export/Debug/Debug.bindings.h Line: 39)

STRATEGY PASS low gap=1.6 rolling=3 recovery reaches goal side or clears head ball 
(Filename: E:\unity\Runtime/Export/Debug/Debug.bindings.h Line: 39)

STRATEGY PASS low gap=1.6 rolling=3 recovery avoids scoring into own goal 
(Filename: E:\unity\Runtime/Export/Debug/Debug.bindings.h Line: 39)

STRATEGY PASS low gap=1.6 rolling=3 real skeleton preserved error=0.1576446 
(Filename: E:\unity\Runtime/Export/Debug/Debug.bindings.h Line: 39)

STRATEGY PASS low gap=1.6 rolling=3 balanced after recovery tilt=10.63873 
(Filename: E:\unity\Runtime/Export/Debug/Debug.bindings.h Line: 39)

STRATEGY PASS low gap=1.6 rolling=3 committed recovery is not interrupted by shooting 
(Filename: E:\unity\Runtime/Export/Debug/Debug.bindings.h Line: 39)

STRATEGY PASS low gap=1.6 rolling=3 each attempt has a bounded duration=1.240959 
(Filename: E:\unity\Runtime/Export/Debug/Debug.bindings.h Line: 39)

Unloading 4 Unused Serialized files (Serialized files now loaded: 0)
UnloadTime: 0.298200 ms

Unloading 3 unused Assets to reduce memory usage. Loaded Objects now: 1060.
Total: 1.253400 ms (FindLiveObjects: 0.040300 ms CreateObjectMapping: 0.015300 ms MarkObjects: 0.214800 ms  DeleteObjects: 0.982700 ms)

STRATEGY PARAM side=Zhao skills=True scale=0.75 jump=6.119894 gravity=1 head=0.1135373 
(Filename: E:\unity\Runtime/Export/Debug/Debug.bindings.h Line: 39)

STRATEGY PASS head AI starts native emergency recovery without human input 
(Filename: E:\unity\Runtime/Export/Debug/Debug.bindings.h Line: 39)

STRATEGY RECOVERY head gap=1.2 rolling=2 step=0 ball=(0.5, 0.1) vel=(0.0, 0.0) body=(0.0, -0.4) running=(0.4, 0.0) rescue=True passed=False 
(Filename: E:\unity\Runtime/Export/Debug/Debug.bindings.h Line: 39)

STRATEGY RECOVERY head gap=1.2 rolling=2 step=20 ball=(3.2, 1.4) vel=(9.0, 4.3) body=(0.0, -0.4) running=(-0.2, 0.0) rescue=False passed=False 
(Filename: E:\unity\Runtime/Export/Debug/Debug.bindings.h Line: 39)

STRATEGY RECOVERY head gap=1.2 rolling=2 step=40 ball=(6.8, 3.1) vel=(9.0, 4.3) body=(0.0, -0.4) running=(-0.1, 0.0) rescue=False passed=False 
(Filename: E:\unity\Runtime/Export/Debug/Debug.bindings.h Line: 39)

STRATEGY RECOVERY head gap=1.2 rolling=2 step=60 ball=(7.4, 4.5) vel=(-7.2, 2.5) body=(-0.1, -0.4) running=(-0.2, 0.0) rescue=False passed=False 
(Filename: E:\unity\Runtime/Export/Debug/Debug.bindings.h Line: 39)

STRATEGY RECOVERY head gap=1.2 rolling=2 step=80 ball=(4.8, 4.7) vel=(-5.5, -2.0) body=(-0.1, -0.4) running=(0.1, 0.0) rescue=False passed=False 
(Filename: E:\unity\Runtime/Export/Debug/Debug.bindings.h Line: 39)

STRATEGY RECOVERY head gap=1.2 rolling=2 step=100 ball=(2.6, 3.9) vel=(-5.5, -2.0) body=(0.0, -0.4) running=(0.0, 0.0) rescue=False passed=False 
(Filename: E:\unity\Runtime/Export/Debug/Debug.bindings.h Line: 39)

STRATEGY RECOVERY head gap=1.2 rolling=2 step=120 ball=(0.4, 3.1) vel=(-5.5, -2.0) body=(-0.1, -0.4) running=(-0.1, 0.0) rescue=False passed=False 
(Filename: E:\unity\Runtime/Export/Debug/Debug.bindings.h Line: 39)

STRATEGY RECOVERY head gap=1.2 rolling=2 step=140 ball=(3.6, 3.3) vel=(0.0, 0.0) body=(6.1, -0.1) running=(-0.1, -0.3) rescue=False passed=True 
(Filename: E:\unity\Runtime/Export/Debug/Debug.bindings.h Line: 39)

STRATEGY RECOVERY head gap=1.2 rolling=2 step=160 ball=(3.6, 3.3) vel=(0.0, 0.0) body=(6.1, -0.4) running=(-0.5, 0.0) rescue=False passed=True 
(Filename: E:\unity\Runtime/Export/Debug/Debug.bindings.h Line: 39)

STRATEGY RECOVERY head gap=1.2 rolling=2 step=180 ball=(3.6, 3.3) vel=(0.0, 0.0) body=(6.0, -0.4) running=(0.0, 0.0) rescue=False passed=True 
(Filename: E:\unity\Runtime/Export/Debug/Debug.bindings.h Line: 39)

STRATEGY RECOVERY head gap=1.2 rolling=2 step=200 ball=(3.6, 3.3) vel=(0.0, 0.0) body=(6.1, -0.4) running=(0.2, 0.0) rescue=False passed=True 
(Filename: E:\unity\Runtime/Export/Debug/Debug.bindings.h Line: 39)

STRATEGY PASS head gap=1.2 rolling=2 AI uses correct jump/backbend/run branch 
(Filename: E:\unity\Runtime/Export/Debug/Debug.bindings.h Line: 39)

STRATEGY PASS head gap=1.2 rolling=2 recovery reaches goal side or clears head ball 
(Filename: E:\unity\Runtime/Export/Debug/Debug.bindings.h Line: 39)

STRATEGY PASS head gap=1.2 rolling=2 recovery avoids scoring into own goal 
(Filename: E:\unity\Runtime/Export/Debug/Debug.bindings.h Line: 39)

STRATEGY PASS head gap=1.2 rolling=2 real skeleton preserved error=0.02628531 
(Filename: E:\unity\Runtime/Export/Debug/Debug.bindings.h Line: 39)

STRATEGY PASS head gap=1.2 rolling=2 balanced after recovery tilt=11.15811 
(Filename: E:\unity\Runtime/Export/Debug/Debug.bindings.h Line: 39)

STRATEGY PASS head gap=1.2 rolling=2 committed recovery is not interrupted by shooting 
(Filename: E:\unity\Runtime/Export/Debug/Debug.bindings.h Line: 39)

STRATEGY PASS head gap=1.2 rolling=2 each attempt has a bounded duration=0.08378696 
(Filename: E:\unity\Runtime/Export/Debug/Debug.bindings.h Line: 39)

Unloading 4 Unused Serialized files (Serialized files now loaded: 0)
UnloadTime: 0.303600 ms

Unloading 4 unused Assets to reduce memory usage. Loaded Objects now: 1064.
Total: 1.139400 ms (FindLiveObjects: 0.032500 ms CreateObjectMapping: 0.007800 ms MarkObjects: 0.180900 ms  DeleteObjects: 0.918000 ms)

STRATEGY PARAM side=Zhao skills=True scale=0.75 jump=6.119894 gravity=1 head=0.1135373 
(Filename: E:\unity\Runtime/Export/Debug/Debug.bindings.h Line: 39)

STRATEGY PASS high AI starts native emergency recovery without human input 
(Filename: E:\unity\Runtime/Export/Debug/Debug.bindings.h Line: 39)

STRATEGY RECOVERY high gap=1.2 rolling=2 step=0 ball=(1.2, 2.1) vel=(0.0, 0.0) body=(0.0, -0.4) running=(0.4, 0.0) rescue=True passed=False 
(Filename: E:\unity\Runtime/Export/Debug/Debug.bindings.h Line: 39)

STRATEGY RECOVERY high gap=1.2 rolling=2 step=20 ball=(1.2, 2.1) vel=(0.0, 0.0) body=(1.2, -1.0) running=(3.3, -1.7) rescue=True passed=False 
(Filename: E:\unity\Runtime/Export/Debug/Debug.bindings.h Line: 39)

STRATEGY RECOVERY high gap=1.2 rolling=2 step=40 ball=(1.2, 2.1) vel=(0.0, 0.0) body=(1.6, -0.7) running=(-1.1, 4.4) rescue=False passed=True 
(Filename: E:\unity\Runtime/Export/Debug/Debug.bindings.h Line: 39)

STRATEGY RECOVERY high gap=1.2 rolling=2 step=60 ball=(1.2, 2.1) vel=(0.0, 0.0) body=(1.5, 0.4) running=(-0.1, 0.9) rescue=False passed=True 
(Filename: E:\unity\Runtime/Export/Debug/Debug.bindings.h Line: 39)

STRATEGY RECOVERY high gap=1.2 rolling=2 step=80 ball=(1.2, 2.1) vel=(0.0, 0.0) body=(1.5, -0.1) running=(0.0, -3.0) rescue=False passed=True 
(Filename: E:\unity\Runtime/Export/Debug/Debug.bindings.h Line: 39)

STRATEGY RECOVERY high gap=1.2 rolling=2 step=100 ball=(1.2, 2.1) vel=(0.0, 0.0) body=(1.4, -0.4) running=(-0.5, 0.2) rescue=False passed=True 
(Filename: E:\unity\Runtime/Export/Debug/Debug.bindings.h Line: 39)

STRATEGY RECOVERY high gap=1.2 rolling=2 step=120 ball=(1.2, 2.1) vel=(0.0, 0.0) body=(1.3, -0.4) running=(-0.3, 0.1) rescue=False passed=True 
(Filename: E:\unity\Runtime/Export/Debug/Debug.bindings.h Line: 39)

STRATEGY RECOVERY high gap=1.2 rolling=2 step=140 ball=(1.2, 2.1) vel=(0.0, 0.0) body=(1.3, -0.4) running=(0.2, 0.0) rescue=False passed=True 
(Filename: E:\unity\Runtime/Export/Debug/Debug.bindings.h Line: 39)

STRATEGY RECOVERY high gap=1.2 rolling=2 step=160 ball=(1.2, 2.1) vel=(0.0, 0.0) body=(1.4, -0.4) running=(0.1, 0.0) rescue=False passed=True 
(Filename: E:\unity\Runtime/Export/Debug/Debug.bindings.h Line: 39)

STRATEGY RECOVERY high gap=1.2 rolling=2 step=180 ball=(1.2, 2.1) vel=(0.0, 0.0) body=(1.3, -0.4) running=(-0.2, 0.0) rescue=False passed=True 
(Filename: E:\unity\Runtime/Export/Debug/Debug.bindings.h Line: 39)

STRATEGY RECOVERY high gap=1.2 rolling=2 step=200 ball=(1.2, 2.1) vel=(0.0, 0.0) body=(1.3, -0.4) running=(0.0, 0.0) rescue=False passed=True 
(Filename: E:\unity\Runtime/Export/Debug/Debug.bindings.h Line: 39)

STRATEGY PASS high gap=1.2 rolling=2 AI uses correct jump/backbend/run branch 
(Filename: E:\unity\Runtime/Export/Debug/Debug.bindings.h Line: 39)

STRATEGY PASS high gap=1.2 rolling=2 recovery reaches goal side or clears head ball 
(Filename: E:\unity\Runtime/Export/Debug/Debug.bindings.h Line: 39)

STRATEGY PASS high gap=1.2 rolling=2 recovery avoids scoring into own goal 
(Filename: E:\unity\Runtime/Export/Debug/Debug.bindings.h Line: 39)

STRATEGY PASS high gap=1.2 rolling=2 real skeleton preserved error=0.0524351 
(Filename: E:\unity\Runtime/Export/Debug/Debug.bindings.h Line: 39)

STRATEGY PASS high gap=1.2 rolling=2 balanced after recovery tilt=10.38339 
(Filename: E:\unity\Runtime/Export/Debug/Debug.bindings.h Line: 39)

STRATEGY PASS high gap=1.2 rolling=2 committed recovery is not interrupted by shooting 
(Filename: E:\unity\Runtime/Export/Debug/Debug.bindings.h Line: 39)

STRATEGY PASS high gap=1.2 rolling=2 each attempt has a bounded duration=0.6611805 
(Filename: E:\unity\Runtime/Export/Debug/Debug.bindings.h Line: 39)

Unloading 4 Unused Serialized files (Serialized files now loaded: 0)
UnloadTime: 0.285600 ms

Unloading 2 unused Assets to reduce memory usage. Loaded Objects now: 1060.
Total: 1.411100 ms (FindLiveObjects: 0.046300 ms CreateObjectMapping: 0.008000 ms MarkObjects: 0.293300 ms  DeleteObjects: 1.062900 ms)

STRATEGY PARAM side=Zhao skills=True scale=0.75 jump=6.119894 gravity=1 head=0.1135373 
(Filename: E:\unity\Runtime/Export/Debug/Debug.bindings.h Line: 39)

STRATEGY PASS unreachable rising high ball prepositions instead of jumping 
(Filename: E:\unity\Runtime/Export/Debug/Debug.bindings.h Line: 39)

STRATEGY PASS aerial plan retains standing reference height 
(Filename: E:\unity\Runtime/Export/Debug/Debug.bindings.h Line: 39)

STRATEGY PASS fast overhead pass avoids futile late jump 
(Filename: E:\unity\Runtime/Export/Debug/Debug.bindings.h Line: 39)

Unloading 4 Unused Serialized files (Serialized files now loaded: 0)
UnloadTime: 0.268600 ms

Unloading 2 unused Assets to reduce memory usage. Loaded Objects now: 1060.
Total: 1.283200 ms (FindLiveObjects: 0.058800 ms CreateObjectMapping: 0.017400 ms MarkObjects: 0.231300 ms  DeleteObjects: 0.975300 ms)

STRATEGY PARAM side=Zhao skills=True scale=0.75 jump=6.119894 gravity=1 head=0.1127222 
(Filename: E:\unity\Runtime/Export/Debug/Debug.bindings.h Line: 39)

STRATEGY PASS rising incoming shot executes interception action jumps=1 heads=1 
(Filename: E:\unity\Runtime/Export/Debug/Debug.bindings.h Line: 39)

STRATEGY PASS rising incoming shot reaches native player collision 
(Filename: E:\unity\Runtime/Export/Debug/Debug.bindings.h Line: 39)

STRATEGY PASS rising interception retains physical skeleton error=0.06870703 
(Filename: E:\unity\Runtime/Export/Debug/Debug.bindings.h Line: 39)

Unloading 4 Unused Serialized files (Serialized files now loaded: 0)
UnloadTime: 0.253100 ms

Unloading 3 unused Assets to reduce memory usage. Loaded Objects now: 1065.
Total: 1.213700 ms (FindLiveObjects: 0.050100 ms CreateObjectMapping: 0.015000 ms MarkObjects: 0.185500 ms  DeleteObjects: 0.962800 ms)

STRATEGY PARAM side=Zhao skills=True scale=0.75 jump=6.119894 gravity=1 head=0.1135373 
(Filename: E:\unity\Runtime/Export/Debug/Debug.bindings.h Line: 39)

STRATEGY PASS returning foot ball uses real collision fixture 
(Filename: E:\unity\Runtime/Export/Debug/Debug.bindings.h Line: 39)

STRATEGY PASS returning contact does not receive an own-goal push vx=0 
(Filename: E:\unity\Runtime/Export/Debug/Debug.bindings.h Line: 39)

STRATEGY PASS returning-contact absorption retains rig error=0.04494647 
(Filename: E:\unity\Runtime/Export/Debug/Debug.bindings.h Line: 39)

Unloading 4 Unused Serialized files (Serialized files now loaded: 0)
UnloadTime: 0.304900 ms

Unloading 2 unused Assets to reduce memory usage. Loaded Objects now: 1061.
Total: 1.137700 ms (FindLiveObjects: 0.057400 ms CreateObjectMapping: 0.017700 ms MarkObjects: 0.202100 ms  DeleteObjects: 0.859900 ms)

STRATEGY PARAM side=Zhao skills=True scale=0.75 jump=6.119894 gravity=1 head=0.1147858 
(Filename: E:\unity\Runtime/Export/Debug/Debug.bindings.h Line: 39)

STRATEGY CONTACT step=0 ball=(0.4, -0.2) vx=0 body=(0.0, -0.4) rescue=False recovery=0.9826069 kick=False 
(Filename: E:\unity\Runtime/Export/Debug/Debug.bindings.h Line: 39)

STRATEGY CONTACT step=1 ball=(0.4, -0.2) vx=0 body=(0.0, -0.4) rescue=False recovery=0.9626064 kick=False 
(Filename: E:\unity\Runtime/Export/Debug/Debug.bindings.h Line: 39)

STRATEGY CONTACT step=2 ball=(0.4, -0.2) vx=0 body=(0.0, -0.4) rescue=False recovery=0.942606 kick=False 
(Filename: E:\unity\Runtime/Export/Debug/Debug.bindings.h Line: 39)

STRATEGY CONTACT step=3 ball=(0.4, -0.2) vx=0 body=(0.0, -0.4) rescue=False recovery=0.9226055 kick=False 
(Filename: E:\unity\Runtime/Export/Debug/Debug.bindings.h Line: 39)

STRATEGY CONTACT step=4 ball=(0.4, -0.2) vx=0 body=(0.0, -0.4) rescue=False recovery=0.9026051 kick=False 
(Filename: E:\unity\Runtime/Export/Debug/Debug.bindings.h Line: 39)

STRATEGY CONTACT step=5 ball=(0.4, -0.3) vx=0 body=(0.0, -0.4) rescue=False recovery=0.8826065 kick=False 
(Filename: E:\unity\Runtime/Export/Debug/Debug.bindings.h Line: 39)

STRATEGY CONTACT step=6 ball=(0.4, -0.3) vx=0 body=(0.0, -0.4) rescue=False recovery=0.862606 kick=False 
(Filename: E:\unity\Runtime/Export/Debug/Debug.bindings.h Line: 39)

STRATEGY CONTACT step=7 ball=(0.5, -0.3) vx=0 body=(0.0, -0.4) rescue=False recovery=0.8426056 kick=False 
(Filename: E:\unity\Runtime/Export/Debug/Debug.bindings.h Line: 39)

STRATEGY CONTACT step=8 ball=(0.5, -0.3) vx=0 body=(0.0, -0.4) rescue=False recovery=0.8226051 kick=False 
(Filename: E:\unity\Runtime/Export/Debug/Debug.bindings.h Line: 39)

STRATEGY CONTACT step=9 ball=(0.5, -0.3) vx=0 body=(0.0, -0.4) rescue=False recovery=0.8026066 kick=False 
(Filename: E:\unity\Runtime/Export/Debug/Debug.bindings.h Line: 39)

STRATEGY CONTACT step=10 ball=(0.5, -0.3) vx=0 body=(0.0, -0.4) rescue=False recovery=0.7826061 kick=False 
(Filename: E:\unity\Runtime/Export/Debug/Debug.bindings.h Line: 39)

STRATEGY CONTACT step=11 ball=(0.5, -0.3) vx=0 body=(0.0, -0.4) rescue=False recovery=0.7626057 kick=False 
(Filename: E:\unity\Runtime/Export/Debug/Debug.bindings.h Line: 39)

STRATEGY CONTACT step=12 ball=(0.5, -0.4) vx=0 body=(0.0, -0.4) rescue=False recovery=0.7426052 kick=False 
(Filename: E:\unity\Runtime/Export/Debug/Debug.bindings.h Line: 39)

STRATEGY CONTACT step=13 ball=(0.5, -0.4) vx=0 body=(0.0, -0.4) rescue=False recovery=0.7226067 kick=False 
(Filename: E:\unity\Runtime/Export/Debug/Debug.bindings.h Line: 39)

STRATEGY CONTACT step=14 ball=(0.5, -0.4) vx=0 body=(0.0, -0.4) rescue=False recovery=0.7026062 kick=False 
(Filename: E:\unity\Runtime/Export/Debug/Debug.bindings.h Line: 39)

STRATEGY CONTACT step=15 ball=(0.5, -0.4) vx=0 body=(0.0, -0.4) rescue=False recovery=0.6826057 kick=False 
(Filename: E:\unity\Runtime/Export/Debug/Debug.bindings.h Line: 39)

STRATEGY CONTACT step=16 ball=(0.5, -0.4) vx=0 body=(0.0, -0.4) rescue=False recovery=0.6626053 kick=False 
(Filename: E:\unity\Runtime/Export/Debug/Debug.bindings.h Line: 39)

STRATEGY CONTACT step=17 ball=(0.5, -0.5) vx=0 body=(0.0, -0.4) rescue=False recovery=0.6426067 kick=False 
(Filename: E:\unity\Runtime/Export/Debug/Debug.bindings.h Line: 39)

STRATEGY CONTACT step=18 ball=(0.5, -0.5) vx=0 body=(0.0, -0.4) rescue=False recovery=0.6226063 kick=False 
(Filename: E:\unity\Runtime/Export/Debug/Debug.bindings.h Line: 39)

STRATEGY CONTACT step=19 ball=(0.5, -0.5) vx=0 body=(0.0, -0.4) rescue=False recovery=0.6026058 kick=False 
(Filename: E:\unity\Runtime/Export/Debug/Debug.bindings.h Line: 39)

STRATEGY CONTACT step=20 ball=(0.5, -0.5) vx=0 body=(0.0, -0.4) rescue=False recovery=0.5826054 kick=False 
(Filename: E:\unity\Runtime/Export/Debug/Debug.bindings.h Line: 39)

STRATEGY CONTACT step=21 ball=(0.5, -0.5) vx=0 body=(0.0, -0.4) rescue=False recovery=0.5626068 kick=False 
(Filename: E:\unity\Runtime/Export/Debug/Debug.bindings.h Line: 39)

STRATEGY CONTACT step=22 ball=(0.5, -0.5) vx=0 body=(0.0, -0.4) rescue=False recovery=0.5426064 kick=False 
(Filename: E:\unity\Runtime/Export/Debug/Debug.bindings.h Line: 39)

STRATEGY CONTACT step=23 ball=(0.5, -0.6) vx=0 body=(0.0, -0.4) rescue=False recovery=0.5226059 kick=False 
(Filename: E:\unity\Runtime/Export/Debug/Debug.bindings.h Line: 39)

STRATEGY CONTACT step=24 ball=(0.5, -0.6) vx=0 body=(0.0, -0.4) rescue=False recovery=0.5026054 kick=False 
(Filename: E:\unity\Runtime/Export/Debug/Debug.bindings.h Line: 39)

STRATEGY CONTACT step=25 ball=(0.5, -0.6) vx=0 body=(0.0, -0.4) rescue=False recovery=0.4826069 kick=False 
(Filename: E:\unity\Runtime/Export/Debug/Debug.bindings.h Line: 39)

STRATEGY CONTACT step=26 ball=(0.5, -0.7) vx=0 body=(0.0, -0.4) rescue=False recovery=0.4626064 kick=False 
(Filename: E:\unity\Runtime/Export/Debug/Debug.bindings.h Line: 39)

STRATEGY CONTACT step=27 ball=(0.5, -0.7) vx=0 body=(0.0, -0.4) rescue=False recovery=0.442606 kick=False 
(Filename: E:\unity\Runtime/Export/Debug/Debug.bindings.h Line: 39)

STRATEGY CONTACT step=28 ball=(0.5, -0.8) vx=0 body=(0.0, -0.4) rescue=False recovery=0.4226055 kick=False 
(Filename: E:\unity\Runtime/Export/Debug/Debug.bindings.h Line: 39)

STRATEGY CONTACT step=29 ball=(0.5, -0.8) vx=0 body=(0.0, -0.4) rescue=False recovery=0.4026051 kick=False 
(Filename: E:\unity\Runtime/Export/Debug/Debug.bindings.h Line: 39)

STRATEGY CONTACT step=30 ball=(0.5, -0.9) vx=0 body=(0.0, -0.4) rescue=False recovery=0.3826065 kick=False 
(Filename: E:\unity\Runtime/Export/Debug/Debug.bindings.h Line: 39)

STRATEGY CONTACT step=31 ball=(0.5, -0.9) vx=0 body=(0.0, -0.4) rescue=False recovery=0.362606 kick=False 
(Filename: E:\unity\Runtime/Export/Debug/Debug.bindings.h Line: 39)

STRATEGY CONTACT step=32 ball=(0.5, -1.0) vx=0 body=(0.0, -0.4) rescue=False recovery=0.3426056 kick=False 
(Filename: E:\unity\Runtime/Export/Debug/Debug.bindings.h Line: 39)

STRATEGY CONTACT step=33 ball=(0.5, -1.0) vx=0 body=(0.0, -0.4) rescue=False recovery=0.3226051 kick=False 
(Filename: E:\unity\Runtime/Export/Debug/Debug.bindings.h Line: 39)

STRATEGY CONTACT step=34 ball=(0.5, -1.1) vx=0 body=(0.0, -0.4) rescue=False recovery=0.3026066 kick=False 
(Filename: E:\unity\Runtime/Export/Debug/Debug.bindings.h Line: 39)

STRATEGY CONTACT step=35 ball=(0.5, -1.2) vx=0 body=(0.0, -0.4) rescue=False recovery=0.2826061 kick=False 
(Filename: E:\unity\Runtime/Export/Debug/Debug.bindings.h Line: 39)

STRATEGY CONTACT step=36 ball=(0.5, -1.2) vx=0 body=(0.0, -0.4) rescue=False recovery=0.2626057 kick=False 
(Filename: E:\unity\Runtime/Export/Debug/Debug.bindings.h Line: 39)

STRATEGY CONTACT step=37 ball=(0.5, -1.3) vx=0 body=(0.0, -0.4) rescue=False recovery=0.2426052 kick=False 
(Filename: E:\unity\Runtime/Export/Debug/Debug.bindings.h Line: 39)

STRATEGY CONTACT step=38 ball=(0.5, -1.4) vx=0 body=(0.0, -0.4) rescue=False recovery=0.2226067 kick=False 
(Filename: E:\unity\Runtime/Export/Debug/Debug.bindings.h Line: 39)

STRATEGY CONTACT step=39 ball=(0.5, -1.5) vx=0 body=(0.0, -0.4) rescue=False recovery=0.2026062 kick=False 
(Filename: E:\unity\Runtime/Export/Debug/Debug.bindings.h Line: 39)

STRATEGY CONTACT step=40 ball=(0.5, -1.6) vx=0 body=(0.0, -0.4) rescue=False recovery=0.1826057 kick=False 
(Filename: E:\unity\Runtime/Export/Debug/Debug.bindings.h Line: 39)

STRATEGY CONTACT step=41 ball=(0.5, -1.6) vx=-1.518435E-08 body=(0.0, -0.4) rescue=False recovery=0.1626053 kick=False 
(Filename: E:\unity\Runtime/Export/Debug/Debug.bindings.h Line: 39)

STRATEGY CONTACT step=42 ball=(0.5, -1.5) vx=-1.518435E-08 body=(0.0, -0.4) rescue=False recovery=0.1426067 kick=False 
(Filename: E:\unity\Runtime/Export/Debug/Debug.bindings.h Line: 39)

STRATEGY CONTACT step=43 ball=(0.5, -1.4) vx=-1.518435E-08 body=(0.0, -0.4) rescue=False recovery=0.1226063 kick=False 
(Filename: E:\unity\Runtime/Export/Debug/Debug.bindings.h Line: 39)

STRATEGY CONTACT step=44 ball=(0.5, -1.4) vx=-1.518435E-08 body=(0.0, -0.4) rescue=False recovery=0.1026058 kick=False 
(Filename: E:\unity\Runtime/Export/Debug/Debug.bindings.h Line: 39)

STRATEGY CONTACT step=45 ball=(0.5, -1.3) vx=-1.518435E-08 body=(0.0, -0.4) rescue=False recovery=0.08260536 kick=False 
(Filename: E:\unity\Runtime/Export/Debug/Debug.bindings.h Line: 39)

STRATEGY CONTACT step=46 ball=(0.5, -1.2) vx=-1.518435E-08 body=(0.0, -0.4) rescue=False recovery=0.06260681 kick=False 
(Filename: E:\unity\Runtime/Export/Debug/Debug.bindings.h Line: 39)

STRATEGY CONTACT step=47 ball=(0.5, -1.2) vx=-1.518435E-08 body=(0.0, -0.4) rescue=False recovery=0.04260635 kick=False 
(Filename: E:\unity\Runtime/Export/Debug/Debug.bindings.h Line: 39)

STRATEGY CONTACT step=48 ball=(0.5, -1.1) vx=-1.518435E-08 body=(0.0, -0.4) rescue=False recovery=0.0226059 kick=False 
(Filename: E:\unity\Runtime/Export/Debug/Debug.bindings.h Line: 39)

STRATEGY CONTACT step=49 ball=(0.5, -1.1) vx=-1.518435E-08 body=(0.0, -0.4) rescue=False recovery=0.002605438 kick=False 
(Filename: E:\unity\Runtime/Export/Debug/Debug.bindings.h Line: 39)

STRATEGY CONTACT step=50 ball=(0.5, -1.1) vx=-1.518435E-08 body=(0.0, -0.4) rescue=True recovery=1 kick=False 
(Filename: E:\unity\Runtime/Export/Debug/Debug.bindings.h Line: 39)

STRATEGY CONTACT step=51 ball=(0.5, -1.0) vx=-1.518435E-08 body=(0.0, -0.4) rescue=True recovery=1 kick=False 
(Filename: E:\unity\Runtime/Export/Debug/Debug.bindings.h Line: 39)

STRATEGY CONTACT step=52 ball=(0.5, -1.0) vx=-1.518435E-08 body=(0.0, -0.4) rescue=True recovery=1 kick=False 
(Filename: E:\unity\Runtime/Export/Debug/Debug.bindings.h Line: 39)

STRATEGY CONTACT step=53 ball=(0.5, -1.0) vx=-1.518435E-08 body=(0.0, -0.4) rescue=True recovery=1 kick=False 
(Filename: E:\unity\Runtime/Export/Debug/Debug.bindings.h Line: 39)

STRATEGY CONTACT step=54 ball=(0.5, -0.9) vx=-1.518435E-08 body=(0.0, -0.3) rescue=True recovery=0.9979305 kick=False 
(Filename: E:\unity\Runtime/Export/Debug/Debug.bindings.h Line: 39)

STRATEGY CONTACT step=55 ball=(0.5, -0.9) vx=-1.518435E-08 body=(0.0, -0.2) rescue=True recovery=0.9945984 kick=False 
(Filename: E:\unity\Runtime/Export/Debug/Debug.bindings.h Line: 39)

STRATEGY CONTACT step=56 ball=(0.5, -0.9) vx=-1.518435E-08 body=(0.0, -0.1) rescue=True recovery=0.9995995 kick=False 
(Filename: E:\unity\Runtime/Export/Debug/Debug.bindings.h Line: 39)

STRATEGY CONTACT step=57 ball=(0.5, -0.9) vx=-1.518435E-08 body=(0.0, 0.0) rescue=True recovery=0.9962654 kick=False 
(Filename: E:\unity\Runtime/Export/Debug/Debug.bindings.h Line: 39)

STRATEGY CONTACT step=58 ball=(0.5, -0.9) vx=-1.518435E-08 body=(0.0, 0.2) rescue=True recovery=0.9929314 kick=False 
(Filename: E:\unity\Runtime/Export/Debug/Debug.bindings.h Line: 39)

STRATEGY CONTACT step=59 ball=(0.5, -0.9) vx=-1.518435E-08 body=(0.0, 0.3) rescue=True recovery=0.9983521 kick=False 
(Filename: E:\unity\Runtime/Export/Debug/Debug.bindings.h Line: 39)

STRATEGY PASS returning torso ball uses real collision fixture 
(Filename: E:\unity\Runtime/Export/Debug/Debug.bindings.h Line: 39)

STRATEGY PASS returning contact does not receive an own-goal push vx=0 
(Filename: E:\unity\Runtime/Export/Debug/Debug.bindings.h Line: 39)

STRATEGY PASS returning-contact absorption retains rig error=0.03780816 
(Filename: E:\unity\Runtime/Export/Debug/Debug.bindings.h Line: 39)

Unloading 4 Unused Serialized files (Serialized files now loaded: 0)
UnloadTime: 0.294200 ms

Unloading 3 unused Assets to reduce memory usage. Loaded Objects now: 1061.
Total: 1.387700 ms (FindLiveObjects: 0.055000 ms CreateObjectMapping: 0.016800 ms MarkObjects: 0.301100 ms  DeleteObjects: 1.014200 ms)

STRATEGY PARAM side=Zhao skills=True scale=0.75 jump=6.119894 gravity=1 head=0.1168774 
(Filename: E:\unity\Runtime/Export/Debug/Debug.bindings.h Line: 39)

STRATEGY LOB step=0 ball=(2.5, 2.4) velocity=(-3.2, -0.7) player=(2.0, -0.3) run=(0.0, 7.1) head=(1.9, 0.2, 0.2) target=1.731961 eta=0.32 jump=False heading=False plan=True rescue=False standing=0.1033038 axis=-0.4785545 
(Filename: E:\unity\Runtime/Export/Debug/Debug.bindings.h Line: 39)

STRATEGY LOB step=8 ball=(2.0, 2.2) velocity=(-3.2, -2.3) player=(1.9, 0.5) run=(-0.3, 4.4) head=(1.8, 1.0, 0.2) target=1.894238 eta=0.12 jump=False heading=False plan=True rescue=False standing=0.1033038 axis=0 
(Filename: E:\unity\Runtime/Export/Debug/Debug.bindings.h Line: 39)

STRATEGY LOB step=16 ball=(1.4, 1.9) velocity=(-4.0, 3.1) player=(1.9, 1.0) run=(-0.3, 2.2) head=(1.5, 1.4, 0.2) target=-3.975391 eta=2.4 jump=False heading=False plan=True rescue=False standing=0.1033038 axis=-0.65 
(Filename: E:\unity\Runtime/Export/Debug/Debug.bindings.h Line: 39)

STRATEGY LOB step=24 ball=(0.8, 2.3) velocity=(-4.0, 1.5) player=(1.7, 1.2) run=(-0.9, 0.3) head=(1.5, 1.7, 0.2) target=-3.262385 eta=2.4 jump=False heading=False plan=True rescue=False standing=0.1033038 axis=-0.65 
(Filename: E:\unity\Runtime/Export/Debug/Debug.bindings.h Line: 39)

STRATEGY LOB step=32 ball=(0.2, 2.4) velocity=(-4.0, 0.0) player=(1.7, 1.2) run=(-0.2, -1.5) head=(1.6, 1.7, 0.2) target=-3.244569 eta=2.4 jump=False heading=False plan=True rescue=False standing=0.1033038 axis=-0.65 
(Filename: E:\unity\Runtime/Export/Debug/Debug.bindings.h Line: 39)

STRATEGY LOB step=40 ball=(-0.5, 2.2) velocity=(-4.0, -1.6) player=(1.5, 0.8) run=(-1.4, -2.2) head=(1.5, 1.4, 0.2) target=-3.337782 eta=2.4 jump=False heading=False plan=True rescue=False standing=0.1033038 axis=-0.65 
(Filename: E:\unity\Runtime/Export/Debug/Debug.bindings.h Line: 39)

STRATEGY LOB step=48 ball=(-1.1, 1.8) velocity=(-4.0, -3.2) player=(1.2, 0.3) run=(-2.2, -4.0) head=(1.0, 0.8, 0.2) target=-3.20208 eta=2.4 jump=False heading=False plan=True rescue=False standing=0.1033038 axis=-0.65 
(Filename: E:\unity\Runtime/Export/Debug/Debug.bindings.h Line: 39)

STRATEGY LOB step=56 ball=(-1.7, 1.2) velocity=(-4.0, -4.7) player=(0.8, -0.5) run=(-2.2, -6.1) head=(0.6, -0.1, 0.2) target=-3.129509 eta=2.4 jump=False heading=False plan=True rescue=False standing=0.1033038 axis=-1 
(Filename: E:\unity\Runtime/Export/Debug/Debug.bindings.h Line: 39)

STRATEGY LOB step=64 ball=(-2.4, 0.3) velocity=(-4.0, -6.3) player=(0.4, -1.0) run=(-2.1, 0.7) head=(0.1, -0.7, 0.2) target=-2.961824 eta=2.4 jump=False heading=False plan=True rescue=False standing=0.1033038 axis=-1 
(Filename: E:\unity\Runtime/Export/Debug/Debug.bindings.h Line: 39)

STRATEGY LOB step=72 ball=(-3.0, -0.9) velocity=(-4.0, -7.9) player=(0.0, -0.7) run=(-3.7, 2.3) head=(-0.2, -0.2, 0.2) target=-2.947385 eta=0.12 jump=False heading=False plan=False rescue=False standing=0.1033038 axis=-1 
(Filename: E:\unity\Runtime/Export/Debug/Debug.bindings.h Line: 39)

STRATEGY LOB step=80 ball=(-3.5, -1.1) velocity=(-2.1, 6.5) player=(-0.4, -0.3) run=(-3.3, 1.7) head=(-0.6, 0.2, 0.2) target=-3.265346 eta=0.12 jump=False heading=False plan=False rescue=False standing=0.1033038 axis=-1 
(Filename: E:\unity\Runtime/Export/Debug/Debug.bindings.h Line: 39)

STRATEGY LOB step=88 ball=(-3.8, -0.2) velocity=(-2.1, 4.9) player=(-1.0, -0.3) run=(-3.6, -0.2) head=(-1.0, 0.3, 0.2) target=-3.600734 eta=0.12 jump=False heading=False plan=False rescue=False standing=0.1033038 axis=-1 
(Filename: E:\unity\Runtime/Export/Debug/Debug.bindings.h Line: 39)

STRATEGY LOB step=96 ball=(-4.2, 0.4) velocity=(-2.1, 3.4) player=(-1.6, -0.4) run=(-4.2, -1.7) head=(-1.7, 0.2, 0.2) target=-5.751219 eta=2.4 jump=False heading=False plan=True rescue=False standing=0.1033038 axis=-1 
(Filename: E:\unity\Runtime/Export/Debug/Debug.bindings.h Line: 39)

STRATEGY PASS live lob plans reachable contact Zhao skills=True jump=False 
(Filename: E:\unity\Runtime/Export/Debug/Debug.bindings.h Line: 39)

STRATEGY PASS live lob intercepted by native collision or existing head skill Zhao skills=True collision=True header=False 
(Filename: E:\unity\Runtime/Export/Debug/Debug.bindings.h Line: 39)

STRATEGY PASS lob interception preserves skeleton Zhao error=0.06124921 
(Filename: E:\unity\Runtime/Export/Debug/Debug.bindings.h Line: 39)

STRATEGY COMPLETE checks=55 lobTouches=1 failures=0 
(Filename: E:\unity\Runtime/Export/Debug/Debug.bindings.h Line: 39)

Setting up 12 worker threads for Enlighten.
  Thread -> id: 6e48 -> priority: 1 
  Thread -> id: 27f0 -> priority: 1 
  Thread -> id: 8c10 -> priority: 1 
  Thread -> id: 9174 -> priority: 1 
  Thread -> id: 20e0 -> priority: 1 
  Thread -> id: 5f64 -> priority: 1 
  Thread -> id: 9250 -> priority: 1 
  Thread -> id: 8840 -> priority: 1 
  Thread -> id: 1750 -> priority: 1 
  Thread -> id: a030 -> priority: 1 
  Thread -> id: 9ee4 -> priority: 1 
  Thread -> id: 46a8 -> priority: 1 
Curl error 42: Callback aborted
 
(Filename:  Line: 867)

