Mono path[0] = 'C:/Users/Alienware/Documents/范志毅VS赵鹏/范志毅VS赵鹏 PC双人版（32位）/鑼冨織姣匳S璧甸箯 PC鍙屼汉鐗堬紙32浣嶏級/AI Mod Source/build/fan-strategy-test-player-original/FanZhiYi_Data/Managed'
Mono config path = 'C:/Users/Alienware/Documents/范志毅VS赵鹏/范志毅VS赵鹏 PC双人版（32位）/鑼冨織姣匳S璧甸箯 PC鍙屼汉鐗堬紙32浣嶏級/AI Mod Source/build/fan-strategy-test-player-original/MonoBleedingEdge/etc'
AS: AutoStreaming module initializing.Initialize engine version: 2019.4.33f1c1 (c2f94a8bebb3)
[Subsystems] Discovering subsystems at path C:/Users/Alienware/Documents/范志毅VS赵鹏/范志毅VS赵鹏 PC双人版（32位）/鑼冨織姣匳S璧甸箯 PC鍙屼汉鐗堬紙32浣嶏級/AI Mod Source/build/fan-strategy-test-player-original/FanZhiYi_Data/UnitySubsystems
GfxDevice: creating device client; threaded=1
Direct3D:
    Version:  Direct3D 11.0 [level 11.1]
    Renderer: NVIDIA GeForce RTX 5070 Laptop GPU (ID=0x2d58)
    Vendor:   (null)
    VRAM:     3072 MB
    Driver:   32.0.15.9608
Begin MonoManager ReloadAssembly
- Completed reload, in  0.098 seconds
<RI> Initializing input.
<RI> Input initialized.
<RI> Initialized touch support.
UnloadTime: 1.999800 ms
Unloading 5 Unused Serialized files (Serialized files now loaded: 0)
UnloadTime: 0.157100 ms

Unloading 143 unused Assets to reduce memory usage. Loaded Objects now: 1009.
Total: 1.373700 ms (FindLiveObjects: 0.030900 ms CreateObjectMapping: 0.008800 ms MarkObjects: 1.032700 ms  DeleteObjects: 0.300800 ms)

FANSTRATEGY PASS free reachable ball keeps native shooting skills=False 
(Filename: E:\unity\Runtime/Export/Debug/Debug.bindings.h Line: 39)

FANSTRATEGY PASS long separated shot selects existing leaf skill or classic power 
(Filename: E:\unity\Runtime/Export/Debug/Debug.bindings.h Line: 39)

FANSTRATEGY PASS low shot avoids competing head/jump 
(Filename: E:\unity\Runtime/Export/Debug/Debug.bindings.h Line: 39)

FANSTRATEGY PASS close shot uses available power instead of unavailable leaf skill 
(Filename: E:\unity\Runtime/Export/Debug/Debug.bindings.h Line: 39)

FANSTRATEGY PASS incoming fast low shot arms before entering current foot range 
(Filename: E:\unity\Runtime/Export/Debug/Debug.bindings.h Line: 39)

FANSTRATEGY PASS rear danger recovers goal side 
(Filename: E:\unity\Runtime/Export/Debug/Debug.bindings.h Line: 39)

FANSTRATEGY PASS rear ball does not cause futile forward strikes 
(Filename: E:\unity\Runtime/Export/Debug/Debug.bindings.h Line: 39)

FANSTRATEGY PASS high ball uses future trajectory plan 
(Filename: E:\unity\Runtime/Export/Debug/Debug.bindings.h Line: 39)

FANSTRATEGY PASS unreachable rising ball avoids random actions 
(Filename: E:\unity\Runtime/Export/Debug/Debug.bindings.h Line: 39)

FANSTRATEGY PASS rising ball anticipates descent 
(Filename: E:\unity\Runtime/Export/Debug/Debug.bindings.h Line: 39)

FANSTRATEGY PASS fast overhead pass avoids futile late jump 
(Filename: E:\unity\Runtime/Export/Debug/Debug.bindings.h Line: 39)

FANSTRATEGY PASS reachable descending ball schedules native jump 
(Filename: E:\unity\Runtime/Export/Debug/Debug.bindings.h Line: 39)

FANSTRATEGY PASS head contact has priority over foot strike 
(Filename: E:\unity\Runtime/Export/Debug/Debug.bindings.h Line: 39)

FANSTRATEGY PASS fast head-height ball is timed by crossing moment 
(Filename: E:\unity\Runtime/Export/Debug/Debug.bindings.h Line: 39)

FANSTRATEGY PASS pause clears decisions 
(Filename: E:\unity\Runtime/Export/Debug/Debug.bindings.h Line: 39)

Unloading 4 Unused Serialized files (Serialized files now loaded: 0)
UnloadTime: 0.456700 ms

Unloading 37 unused Assets to reduce memory usage. Loaded Objects now: 1052.
Total: 1.367900 ms (FindLiveObjects: 0.041600 ms CreateObjectMapping: 0.009300 ms MarkObjects: 0.282700 ms  DeleteObjects: 1.033800 ms)

FANSTRATEGY PASS free reachable ball keeps native shooting skills=True 
(Filename: E:\unity\Runtime/Export/Debug/Debug.bindings.h Line: 39)

FANSTRATEGY PASS long separated shot selects existing leaf skill or classic power 
(Filename: E:\unity\Runtime/Export/Debug/Debug.bindings.h Line: 39)

FANSTRATEGY PASS low shot avoids competing head/jump 
(Filename: E:\unity\Runtime/Export/Debug/Debug.bindings.h Line: 39)

FANSTRATEGY PASS close shot uses available power instead of unavailable leaf skill 
(Filename: E:\unity\Runtime/Export/Debug/Debug.bindings.h Line: 39)

FANSTRATEGY PASS incoming fast low shot arms before entering current foot range 
(Filename: E:\unity\Runtime/Export/Debug/Debug.bindings.h Line: 39)

FANSTRATEGY PASS rear danger recovers goal side 
(Filename: E:\unity\Runtime/Export/Debug/Debug.bindings.h Line: 39)

FANSTRATEGY PASS rear ball does not cause futile forward strikes 
(Filename: E:\unity\Runtime/Export/Debug/Debug.bindings.h Line: 39)

FANSTRATEGY PASS high ball uses future trajectory plan 
(Filename: E:\unity\Runtime/Export/Debug/Debug.bindings.h Line: 39)

FANSTRATEGY PASS unreachable rising ball avoids random actions 
(Filename: E:\unity\Runtime/Export/Debug/Debug.bindings.h Line: 39)

FANSTRATEGY PASS rising ball anticipates descent 
(Filename: E:\unity\Runtime/Export/Debug/Debug.bindings.h Line: 39)

FANSTRATEGY PASS fast overhead pass avoids futile late jump 
(Filename: E:\unity\Runtime/Export/Debug/Debug.bindings.h Line: 39)

FANSTRATEGY PASS reachable descending ball schedules native jump 
(Filename: E:\unity\Runtime/Export/Debug/Debug.bindings.h Line: 39)

FANSTRATEGY PASS head contact has priority over foot strike 
(Filename: E:\unity\Runtime/Export/Debug/Debug.bindings.h Line: 39)

FANSTRATEGY PASS fast head-height ball is timed by crossing moment 
(Filename: E:\unity\Runtime/Export/Debug/Debug.bindings.h Line: 39)

FANSTRATEGY PASS pause clears decisions 
(Filename: E:\unity\Runtime/Export/Debug/Debug.bindings.h Line: 39)

Unloading 4 Unused Serialized files (Serialized files now loaded: 0)
UnloadTime: 0.893700 ms

Unloading 2 unused Assets to reduce memory usage. Loaded Objects now: 1058.
Total: 1.184800 ms (FindLiveObjects: 0.033900 ms CreateObjectMapping: 0.008600 ms MarkObjects: 0.238200 ms  DeleteObjects: 0.903800 ms)

FANSTRATEGY PASS incoming low ball executes native kick 
(Filename: E:\unity\Runtime/Export/Debug/Debug.bindings.h Line: 39)

FANSTRATEGY PASS incoming low ball reaches real Fan collision 
(Filename: E:\unity\Runtime/Export/Debug/Debug.bindings.h Line: 39)

FANSTRATEGY PASS power shooting uses eligible real foot contact 
(Filename: E:\unity\Runtime/Export/Debug/Debug.bindings.h Line: 39)

FANSTRATEGY PASS low interception avoids own goal 
(Filename: E:\unity\Runtime/Export/Debug/Debug.bindings.h Line: 39)

FANSTRATEGY PASS low interception keeps physical skeleton error=0.06955992 
(Filename: E:\unity\Runtime/Export/Debug/Debug.bindings.h Line: 39)

Unloading 4 Unused Serialized files (Serialized files now loaded: 0)
UnloadTime: 0.322400 ms

Unloading 3 unused Assets to reduce memory usage. Loaded Objects now: 1059.
Total: 1.102700 ms (FindLiveObjects: 0.035400 ms CreateObjectMapping: 0.009400 ms MarkObjects: 0.203200 ms  DeleteObjects: 0.854400 ms)

FANSTRATEGY PASS head-height pass executes native heading 
(Filename: E:\unity\Runtime/Export/Debug/Debug.bindings.h Line: 39)

FANSTRATEGY PASS existing header skill produces forward clearance 
(Filename: E:\unity\Runtime/Export/Debug/Debug.bindings.h Line: 39)

FANSTRATEGY PASS heading retains physical skeleton error=0.06557998 
(Filename: E:\unity\Runtime/Export/Debug/Debug.bindings.h Line: 39)

FANSTRATEGY COMPLETE checks=38 failures=0 
(Filename: E:\unity\Runtime/Export/Debug/Debug.bindings.h Line: 39)

Setting up 12 worker threads for Enlighten.
  Thread -> id: 344c -> priority: 1 
  Thread -> id: 85d0 -> priority: 1 
  Thread -> id: 8b88 -> priority: 1 
  Thread -> id: 4bc0 -> priority: 1 
  Thread -> id: 6d70 -> priority: 1 
  Thread -> id: 42ac -> priority: 1 
  Thread -> id: 4b10 -> priority: 1 
  Thread -> id: 46c4 -> priority: 1 
  Thread -> id: 8c88 -> priority: 1 
  Thread -> id: 92c -> priority: 1 
  Thread -> id: 9218 -> priority: 1 
  Thread -> id: 7ecc -> priority: 1 
Curl error 42: Callback aborted
 
(Filename:  Line: 867)

