Mono path[0] = 'C:/Users/Alienware/Documents/范志毅VS赵鹏/范志毅VS赵鹏 PC双人版（32位）/鑼冨織姣匳S璧甸箯 PC鍙屼汉鐗堬紙32浣嶏級/AI Mod Source/build/zhao-strategy-selfplay-experiment-worker-0/FanZhiYi_Data/Managed'
Mono config path = 'C:/Users/Alienware/Documents/范志毅VS赵鹏/范志毅VS赵鹏 PC双人版（32位）/鑼冨織姣匳S璧甸箯 PC鍙屼汉鐗堬紙32浣嶏級/AI Mod Source/build/zhao-strategy-selfplay-experiment-worker-0/MonoBleedingEdge/etc'
AS: AutoStreaming module initializing.Initialize engine version: 2019.4.33f1c1 (c2f94a8bebb3)
[Subsystems] Discovering subsystems at path C:/Users/Alienware/Documents/范志毅VS赵鹏/范志毅VS赵鹏 PC双人版（32位）/鑼冨織姣匳S璧甸箯 PC鍙屼汉鐗堬紙32浣嶏級/AI Mod Source/build/zhao-strategy-selfplay-experiment-worker-0/FanZhiYi_Data/UnitySubsystems
Forcing GfxDevice: Null
GfxDevice: creating device client; threaded=0
NullGfxDevice:
    Version:  NULL 1.0 [1.0]
    Renderer: Null Device
    Vendor:   Unity Technologies
Begin MonoManager ReloadAssembly
- Completed reload, in  2.046 seconds
Microsoft Media Foundation video decoding to texture disabled: graphics device is Null, only Direct3D 11 and Direct3D 12 (only on desktop) are supported for hardware-accelerated video decoding.
UnloadTime: 0.633700 ms
Unloading 5 Unused Serialized files (Serialized files now loaded: 0)
UnloadTime: 0.161700 ms

Unloading 145 unused Assets to reduce memory usage. Loaded Objects now: 1003.
Total: 0.602500 ms (FindLiveObjects: 0.056800 ms CreateObjectMapping: 0.009200 ms MarkObjects: 0.233300 ms  DeleteObjects: 0.302700 ms)

SELFPLAY GOALMAP x=-6.13 isPlayer1Goal=True 
(Filename: E:\unity\Runtime/Export/Debug/Debug.bindings.h Line: 39)

SELFPLAY GOALMAP x=6.18 isPlayer1Goal=False 
(Filename: E:\unity\Runtime/Export/Debug/Debug.bindings.h Line: 39)

SELFPLAY GOAL 1 scorer=Fan ZhaoReward=-1 total=1:0 
(Filename: E:\unity\Runtime/Export/Debug/Debug.bindings.h Line: 39)

SELFPLAY GOAL 2 scorer=Zhao ZhaoReward=1 total=1:1 
(Filename: E:\unity\Runtime/Export/Debug/Debug.bindings.h Line: 39)

SELFPLAY GOAL 3 scorer=Fan ZhaoReward=-1 total=2:1 
(Filename: E:\unity\Runtime/Export/Debug/Debug.bindings.h Line: 39)

SELFPLAY GOAL 4 scorer=Fan ZhaoReward=-1 total=3:1 
(Filename: E:\unity\Runtime/Export/Debug/Debug.bindings.h Line: 39)

SELFPLAY GOAL 5 scorer=Zhao ZhaoReward=1 total=3:2 
(Filename: E:\unity\Runtime/Export/Debug/Debug.bindings.h Line: 39)

SELFPLAY GOAL 6 scorer=Zhao ZhaoReward=1 total=3:3 
(Filename: E:\unity\Runtime/Export/Debug/Debug.bindings.h Line: 39)

SELFPLAY GOAL 7 scorer=Fan ZhaoReward=-1 total=4:3 
(Filename: E:\unity\Runtime/Export/Debug/Debug.bindings.h Line: 39)

SELFPLAY MATCH 1 goals=7 total=7 score=4:3 
(Filename: E:\unity\Runtime/Export/Debug/Debug.bindings.h Line: 39)

Unloading 4 Unused Serialized files (Serialized files now loaded: 0)
UnloadTime: 0.901100 ms

Unloading 37 unused Assets to reduce memory usage. Loaded Objects now: 1061.
Total: 1.256100 ms (FindLiveObjects: 0.043200 ms CreateObjectMapping: 0.010900 ms MarkObjects: 0.241400 ms  DeleteObjects: 0.960300 ms)

SELFPLAY GOALMAP x=-6.13 isPlayer1Goal=True 
(Filename: E:\unity\Runtime/Export/Debug/Debug.bindings.h Line: 39)

SELFPLAY GOALMAP x=6.18 isPlayer1Goal=False 
(Filename: E:\unity\Runtime/Export/Debug/Debug.bindings.h Line: 39)

SELFPLAY GOAL 8 scorer=Fan ZhaoReward=-1 total=5:3 
(Filename: E:\unity\Runtime/Export/Debug/Debug.bindings.h Line: 39)

SELFPLAY GOAL 9 scorer=Zhao ZhaoReward=1 total=5:4 
(Filename: E:\unity\Runtime/Export/Debug/Debug.bindings.h Line: 39)

SELFPLAY GOAL 10 scorer=Zhao ZhaoReward=1 total=5:5 
(Filename: E:\unity\Runtime/Export/Debug/Debug.bindings.h Line: 39)

SELFPLAY GOAL 11 scorer=Fan ZhaoReward=-1 total=6:5 
(Filename: E:\unity\Runtime/Export/Debug/Debug.bindings.h Line: 39)

SELFPLAY GOAL 12 scorer=Fan ZhaoReward=-1 total=7:5 
(Filename: E:\unity\Runtime/Export/Debug/Debug.bindings.h Line: 39)

SELFPLAY GOAL 13 scorer=Fan ZhaoReward=-1 total=8:5 
(Filename: E:\unity\Runtime/Export/Debug/Debug.bindings.h Line: 39)

SELFPLAY GOAL 14 scorer=Fan ZhaoReward=-1 total=9:5 
(Filename: E:\unity\Runtime/Export/Debug/Debug.bindings.h Line: 39)

SELFPLAY GOAL 15 scorer=Fan ZhaoReward=-1 total=10:5 
(Filename: E:\unity\Runtime/Export/Debug/Debug.bindings.h Line: 39)

SELFPLAY GOAL 16 scorer=Fan ZhaoReward=-1 total=11:5 
(Filename: E:\unity\Runtime/Export/Debug/Debug.bindings.h Line: 39)

SELFPLAY GOAL 17 scorer=Fan ZhaoReward=-1 total=12:5 
(Filename: E:\unity\Runtime/Export/Debug/Debug.bindings.h Line: 39)

SELFPLAY GOAL 18 scorer=Fan ZhaoReward=-1 total=13:5 
(Filename: E:\unity\Runtime/Export/Debug/Debug.bindings.h Line: 39)

SELFPLAY GOAL 19 scorer=Fan ZhaoReward=-1 total=14:5 
(Filename: E:\unity\Runtime/Export/Debug/Debug.bindings.h Line: 39)

SELFPLAY GOAL 20 scorer=Zhao ZhaoReward=1 total=14:6 
(Filename: E:\unity\Runtime/Export/Debug/Debug.bindings.h Line: 39)

SELFPLAY GOAL 21 scorer=Zhao ZhaoReward=1 total=14:7 
(Filename: E:\unity\Runtime/Export/Debug/Debug.bindings.h Line: 39)

SELFPLAY MATCH 2 goals=14 total=21 score=10:4 
(Filename: E:\unity\Runtime/Export/Debug/Debug.bindings.h Line: 39)

Unloading 4 Unused Serialized files (Serialized files now loaded: 0)
UnloadTime: 0.514700 ms

Unloading 4 unused Assets to reduce memory usage. Loaded Objects now: 1061.
Total: 1.158200 ms (FindLiveObjects: 0.038200 ms CreateObjectMapping: 0.008600 ms MarkObjects: 0.237900 ms  DeleteObjects: 0.873100 ms)

SELFPLAY GOALMAP x=-6.13 isPlayer1Goal=True 
(Filename: E:\unity\Runtime/Export/Debug/Debug.bindings.h Line: 39)

SELFPLAY GOALMAP x=6.18 isPlayer1Goal=False 
(Filename: E:\unity\Runtime/Export/Debug/Debug.bindings.h Line: 39)

SELFPLAY GOAL 22 scorer=Fan ZhaoReward=-1 total=15:7 
(Filename: E:\unity\Runtime/Export/Debug/Debug.bindings.h Line: 39)

SELFPLAY GOAL 23 scorer=Zhao ZhaoReward=1 total=15:8 
(Filename: E:\unity\Runtime/Export/Debug/Debug.bindings.h Line: 39)

SELFPLAY GOAL 24 scorer=Zhao ZhaoReward=1 total=15:9 
(Filename: E:\unity\Runtime/Export/Debug/Debug.bindings.h Line: 39)

SELFPLAY GOAL 25 scorer=Fan ZhaoReward=-1 total=16:9 
(Filename: E:\unity\Runtime/Export/Debug/Debug.bindings.h Line: 39)

SELFPLAY GOAL 26 scorer=Zhao ZhaoReward=1 total=16:10 
(Filename: E:\unity\Runtime/Export/Debug/Debug.bindings.h Line: 39)

SELFPLAY GOAL 27 scorer=Zhao ZhaoReward=1 total=16:11 
(Filename: E:\unity\Runtime/Export/Debug/Debug.bindings.h Line: 39)

SELFPLAY GOAL 28 scorer=Zhao ZhaoReward=1 total=16:12 
(Filename: E:\unity\Runtime/Export/Debug/Debug.bindings.h Line: 39)

SELFPLAY GOAL 29 scorer=Zhao ZhaoReward=1 total=16:13 
(Filename: E:\unity\Runtime/Export/Debug/Debug.bindings.h Line: 39)

SELFPLAY GOAL 30 scorer=Zhao ZhaoReward=1 total=16:14 
(Filename: E:\unity\Runtime/Export/Debug/Debug.bindings.h Line: 39)

SELFPLAY GOAL 31 scorer=Fan ZhaoReward=-1 total=17:14 
(Filename: E:\unity\Runtime/Export/Debug/Debug.bindings.h Line: 39)

SELFPLAY MATCH 3 goals=10 total=31 score=3:7 
(Filename: E:\unity\Runtime/Export/Debug/Debug.bindings.h Line: 39)

Unloading 4 Unused Serialized files (Serialized files now loaded: 0)
UnloadTime: 0.376700 ms

Unloading 4 unused Assets to reduce memory usage. Loaded Objects now: 1061.
Total: 1.166500 ms (FindLiveObjects: 0.033700 ms CreateObjectMapping: 0.009100 ms MarkObjects: 0.197400 ms  DeleteObjects: 0.926000 ms)

SELFPLAY GOALMAP x=-6.13 isPlayer1Goal=True 
(Filename: E:\unity\Runtime/Export/Debug/Debug.bindings.h Line: 39)

SELFPLAY GOALMAP x=6.18 isPlayer1Goal=False 
(Filename: E:\unity\Runtime/Export/Debug/Debug.bindings.h Line: 39)

SELFPLAY GOAL 32 scorer=Fan ZhaoReward=-1 total=18:14 
(Filename: E:\unity\Runtime/Export/Debug/Debug.bindings.h Line: 39)

SELFPLAY GOAL 33 scorer=Fan ZhaoReward=-1 total=19:14 
(Filename: E:\unity\Runtime/Export/Debug/Debug.bindings.h Line: 39)

SELFPLAY GOAL 34 scorer=Fan ZhaoReward=-1 total=20:14 
(Filename: E:\unity\Runtime/Export/Debug/Debug.bindings.h Line: 39)

SELFPLAY GOAL 35 scorer=Fan ZhaoReward=-1 total=21:14 
(Filename: E:\unity\Runtime/Export/Debug/Debug.bindings.h Line: 39)

SELFPLAY GOAL 36 scorer=Fan ZhaoReward=-1 total=22:14 
(Filename: E:\unity\Runtime/Export/Debug/Debug.bindings.h Line: 39)

SELFPLAY GOAL 37 scorer=Zhao ZhaoReward=1 total=22:15 
(Filename: E:\unity\Runtime/Export/Debug/Debug.bindings.h Line: 39)

SELFPLAY GOAL 38 scorer=Fan ZhaoReward=-1 total=23:15 
(Filename: E:\unity\Runtime/Export/Debug/Debug.bindings.h Line: 39)

SELFPLAY GOAL 39 scorer=Fan ZhaoReward=-1 total=24:15 
(Filename: E:\unity\Runtime/Export/Debug/Debug.bindings.h Line: 39)

SELFPLAY GOAL 40 scorer=Fan ZhaoReward=-1 total=25:15 
(Filename: E:\unity\Runtime/Export/Debug/Debug.bindings.h Line: 39)

SELFPLAY GOAL 41 scorer=Zhao ZhaoReward=1 total=25:16 
(Filename: E:\unity\Runtime/Export/Debug/Debug.bindings.h Line: 39)

SELFPLAY GOAL 42 scorer=Zhao ZhaoReward=1 total=25:17 
(Filename: E:\unity\Runtime/Export/Debug/Debug.bindings.h Line: 39)

SELFPLAY MATCH 4 goals=11 total=42 score=8:3 
(Filename: E:\unity\Runtime/Export/Debug/Debug.bindings.h Line: 39)

Unloading 4 Unused Serialized files (Serialized files now loaded: 0)
UnloadTime: 0.566800 ms

Unloading 4 unused Assets to reduce memory usage. Loaded Objects now: 1061.
Total: 1.156300 ms (FindLiveObjects: 0.034800 ms CreateObjectMapping: 0.008100 ms MarkObjects: 0.219100 ms  DeleteObjects: 0.893700 ms)

SELFPLAY GOALMAP x=-6.13 isPlayer1Goal=True 
(Filename: E:\unity\Runtime/Export/Debug/Debug.bindings.h Line: 39)

SELFPLAY GOALMAP x=6.18 isPlayer1Goal=False 
(Filename: E:\unity\Runtime/Export/Debug/Debug.bindings.h Line: 39)

SELFPLAY GOAL 43 scorer=Fan ZhaoReward=-1 total=26:17 
(Filename: E:\unity\Runtime/Export/Debug/Debug.bindings.h Line: 39)

SELFPLAY GOAL 44 scorer=Fan ZhaoReward=-1 total=27:17 
(Filename: E:\unity\Runtime/Export/Debug/Debug.bindings.h Line: 39)

SELFPLAY GOAL 45 scorer=Zhao ZhaoReward=1 total=27:18 
(Filename: E:\unity\Runtime/Export/Debug/Debug.bindings.h Line: 39)

SELFPLAY GOAL 46 scorer=Zhao ZhaoReward=1 total=27:19 
(Filename: E:\unity\Runtime/Export/Debug/Debug.bindings.h Line: 39)

SELFPLAY MATCH 5 goals=4 total=46 score=2:2 
(Filename: E:\unity\Runtime/Export/Debug/Debug.bindings.h Line: 39)

Unloading 4 Unused Serialized files (Serialized files now loaded: 0)
UnloadTime: 0.481200 ms

Unloading 4 unused Assets to reduce memory usage. Loaded Objects now: 1061.
Total: 1.234700 ms (FindLiveObjects: 0.039600 ms CreateObjectMapping: 0.009800 ms MarkObjects: 0.254100 ms  DeleteObjects: 0.930900 ms)

SELFPLAY GOALMAP x=-6.13 isPlayer1Goal=True 
(Filename: E:\unity\Runtime/Export/Debug/Debug.bindings.h Line: 39)

SELFPLAY GOALMAP x=6.18 isPlayer1Goal=False 
(Filename: E:\unity\Runtime/Export/Debug/Debug.bindings.h Line: 39)

SELFPLAY GOAL 47 scorer=Zhao ZhaoReward=1 total=27:20 
(Filename: E:\unity\Runtime/Export/Debug/Debug.bindings.h Line: 39)

SELFPLAY GOAL 48 scorer=Zhao ZhaoReward=1 total=27:21 
(Filename: E:\unity\Runtime/Export/Debug/Debug.bindings.h Line: 39)

SELFPLAY GOAL 49 scorer=Zhao ZhaoReward=1 total=27:22 
(Filename: E:\unity\Runtime/Export/Debug/Debug.bindings.h Line: 39)

SELFPLAY GOAL 50 scorer=Zhao ZhaoReward=1 total=27:23 
(Filename: E:\unity\Runtime/Export/Debug/Debug.bindings.h Line: 39)

SELFPLAY GOAL 51 scorer=Zhao ZhaoReward=1 total=27:24 
(Filename: E:\unity\Runtime/Export/Debug/Debug.bindings.h Line: 39)

SELFPLAY GOAL 52 scorer=Fan ZhaoReward=-1 total=28:24 
(Filename: E:\unity\Runtime/Export/Debug/Debug.bindings.h Line: 39)

SELFPLAY GOAL 53 scorer=Fan ZhaoReward=-1 total=29:24 
(Filename: E:\unity\Runtime/Export/Debug/Debug.bindings.h Line: 39)

SELFPLAY GOAL 54 scorer=Fan ZhaoReward=-1 total=30:24 
(Filename: E:\unity\Runtime/Export/Debug/Debug.bindings.h Line: 39)

SELFPLAY MATCH 6 goals=8 total=54 score=3:5 
(Filename: E:\unity\Runtime/Export/Debug/Debug.bindings.h Line: 39)

Unloading 4 Unused Serialized files (Serialized files now loaded: 0)
UnloadTime: 0.902000 ms

Unloading 4 unused Assets to reduce memory usage. Loaded Objects now: 1061.
Total: 1.224900 ms (FindLiveObjects: 0.051300 ms CreateObjectMapping: 0.020400 ms MarkObjects: 0.236000 ms  DeleteObjects: 0.916700 ms)

SELFPLAY GOALMAP x=-6.13 isPlayer1Goal=True 
(Filename: E:\unity\Runtime/Export/Debug/Debug.bindings.h Line: 39)

SELFPLAY GOALMAP x=6.18 isPlayer1Goal=False 
(Filename: E:\unity\Runtime/Export/Debug/Debug.bindings.h Line: 39)

SELFPLAY GOAL 55 scorer=Fan ZhaoReward=-1 total=31:24 
(Filename: E:\unity\Runtime/Export/Debug/Debug.bindings.h Line: 39)

SELFPLAY GOAL 56 scorer=Fan ZhaoReward=-1 total=32:24 
(Filename: E:\unity\Runtime/Export/Debug/Debug.bindings.h Line: 39)

SELFPLAY GOAL 57 scorer=Fan ZhaoReward=-1 total=33:24 
(Filename: E:\unity\Runtime/Export/Debug/Debug.bindings.h Line: 39)

SELFPLAY GOAL 58 scorer=Fan ZhaoReward=-1 total=34:24 
(Filename: E:\unity\Runtime/Export/Debug/Debug.bindings.h Line: 39)

SELFPLAY GOAL 59 scorer=Fan ZhaoReward=-1 total=35:24 
(Filename: E:\unity\Runtime/Export/Debug/Debug.bindings.h Line: 39)

SELFPLAY GOAL 60 scorer=Fan ZhaoReward=-1 total=36:24 
(Filename: E:\unity\Runtime/Export/Debug/Debug.bindings.h Line: 39)

SELFPLAY GOAL 61 scorer=Fan ZhaoReward=-1 total=37:24 
(Filename: E:\unity\Runtime/Export/Debug/Debug.bindings.h Line: 39)

SELFPLAY GOAL 62 scorer=Fan ZhaoReward=-1 total=38:24 
(Filename: E:\unity\Runtime/Export/Debug/Debug.bindings.h Line: 39)

SELFPLAY GOAL 63 scorer=Fan ZhaoReward=-1 total=39:24 
(Filename: E:\unity\Runtime/Export/Debug/Debug.bindings.h Line: 39)

SELFPLAY MATCH 7 goals=9 total=63 score=9:0 
(Filename: E:\unity\Runtime/Export/Debug/Debug.bindings.h Line: 39)

Unloading 4 Unused Serialized files (Serialized files now loaded: 0)
UnloadTime: 0.475200 ms

Unloading 4 unused Assets to reduce memory usage. Loaded Objects now: 1061.
Total: 1.229200 ms (FindLiveObjects: 0.041000 ms CreateObjectMapping: 0.018000 ms MarkObjects: 0.261600 ms  DeleteObjects: 0.908100 ms)

SELFPLAY GOALMAP x=-6.13 isPlayer1Goal=True 
(Filename: E:\unity\Runtime/Export/Debug/Debug.bindings.h Line: 39)

SELFPLAY GOALMAP x=6.18 isPlayer1Goal=False 
(Filename: E:\unity\Runtime/Export/Debug/Debug.bindings.h Line: 39)

SELFPLAY GOAL 64 scorer=Fan ZhaoReward=-1 total=40:24 
(Filename: E:\unity\Runtime/Export/Debug/Debug.bindings.h Line: 39)

SELFPLAY GOAL 65 scorer=Fan ZhaoReward=-1 total=41:24 
(Filename: E:\unity\Runtime/Export/Debug/Debug.bindings.h Line: 39)

SELFPLAY GOAL 66 scorer=Zhao ZhaoReward=1 total=41:25 
(Filename: E:\unity\Runtime/Export/Debug/Debug.bindings.h Line: 39)

SELFPLAY GOAL 67 scorer=Fan ZhaoReward=-1 total=42:25 
(Filename: E:\unity\Runtime/Export/Debug/Debug.bindings.h Line: 39)

SELFPLAY PROGRESS goals=67/100 matches=8 score=42:25 real=29.88971 
(Filename: E:\unity\Runtime/Export/Debug/Debug.bindings.h Line: 39)

SELFPLAY GOAL 68 scorer=Fan ZhaoReward=-1 total=43:25 
(Filename: E:\unity\Runtime/Export/Debug/Debug.bindings.h Line: 39)

SELFPLAY GOAL 69 scorer=Fan ZhaoReward=-1 total=44:25 
(Filename: E:\unity\Runtime/Export/Debug/Debug.bindings.h Line: 39)

SELFPLAY GOAL 70 scorer=Zhao ZhaoReward=1 total=44:26 
(Filename: E:\unity\Runtime/Export/Debug/Debug.bindings.h Line: 39)

SELFPLAY GOAL 71 scorer=Zhao ZhaoReward=1 total=44:27 
(Filename: E:\unity\Runtime/Export/Debug/Debug.bindings.h Line: 39)

SELFPLAY GOAL 72 scorer=Zhao ZhaoReward=1 total=44:28 
(Filename: E:\unity\Runtime/Export/Debug/Debug.bindings.h Line: 39)

SELFPLAY GOAL 73 scorer=Fan ZhaoReward=-1 total=45:28 
(Filename: E:\unity\Runtime/Export/Debug/Debug.bindings.h Line: 39)

SELFPLAY GOAL 74 scorer=Zhao ZhaoReward=1 total=45:29 
(Filename: E:\unity\Runtime/Export/Debug/Debug.bindings.h Line: 39)

SELFPLAY GOAL 75 scorer=Fan ZhaoReward=-1 total=46:29 
(Filename: E:\unity\Runtime/Export/Debug/Debug.bindings.h Line: 39)

SELFPLAY GOAL 76 scorer=Fan ZhaoReward=-1 total=47:29 
(Filename: E:\unity\Runtime/Export/Debug/Debug.bindings.h Line: 39)

SELFPLAY MATCH 8 goals=13 total=76 score=8:5 
(Filename: E:\unity\Runtime/Export/Debug/Debug.bindings.h Line: 39)

Unloading 4 Unused Serialized files (Serialized files now loaded: 0)
UnloadTime: 0.565900 ms

Unloading 4 unused Assets to reduce memory usage. Loaded Objects now: 1061.
Total: 1.202900 ms (FindLiveObjects: 0.034600 ms CreateObjectMapping: 0.008300 ms MarkObjects: 0.250300 ms  DeleteObjects: 0.909400 ms)

SELFPLAY GOALMAP x=-6.13 isPlayer1Goal=True 
(Filename: E:\unity\Runtime/Export/Debug/Debug.bindings.h Line: 39)

SELFPLAY GOALMAP x=6.18 isPlayer1Goal=False 
(Filename: E:\unity\Runtime/Export/Debug/Debug.bindings.h Line: 39)

SELFPLAY GOAL 77 scorer=Zhao ZhaoReward=1 total=47:30 
(Filename: E:\unity\Runtime/Export/Debug/Debug.bindings.h Line: 39)

SELFPLAY GOAL 78 scorer=Fan ZhaoReward=-1 total=48:30 
(Filename: E:\unity\Runtime/Export/Debug/Debug.bindings.h Line: 39)

SELFPLAY GOAL 79 scorer=Fan ZhaoReward=-1 total=49:30 
(Filename: E:\unity\Runtime/Export/Debug/Debug.bindings.h Line: 39)

SELFPLAY GOAL 80 scorer=Zhao ZhaoReward=1 total=49:31 
(Filename: E:\unity\Runtime/Export/Debug/Debug.bindings.h Line: 39)

SELFPLAY GOAL 81 scorer=Zhao ZhaoReward=1 total=49:32 
(Filename: E:\unity\Runtime/Export/Debug/Debug.bindings.h Line: 39)

SELFPLAY GOAL 82 scorer=Fan ZhaoReward=-1 total=50:32 
(Filename: E:\unity\Runtime/Export/Debug/Debug.bindings.h Line: 39)

SELFPLAY MATCH 9 goals=6 total=82 score=3:3 
(Filename: E:\unity\Runtime/Export/Debug/Debug.bindings.h Line: 39)

Unloading 4 Unused Serialized files (Serialized files now loaded: 0)
UnloadTime: 0.534600 ms

Unloading 4 unused Assets to reduce memory usage. Loaded Objects now: 1061.
Total: 1.318000 ms (FindLiveObjects: 0.036100 ms CreateObjectMapping: 0.008500 ms MarkObjects: 0.238900 ms  DeleteObjects: 1.034200 ms)

SELFPLAY GOALMAP x=-6.13 isPlayer1Goal=True 
(Filename: E:\unity\Runtime/Export/Debug/Debug.bindings.h Line: 39)

SELFPLAY GOALMAP x=6.18 isPlayer1Goal=False 
(Filename: E:\unity\Runtime/Export/Debug/Debug.bindings.h Line: 39)

SELFPLAY GOAL 83 scorer=Fan ZhaoReward=-1 total=51:32 
(Filename: E:\unity\Runtime/Export/Debug/Debug.bindings.h Line: 39)

SELFPLAY GOAL 84 scorer=Fan ZhaoReward=-1 total=52:32 
(Filename: E:\unity\Runtime/Export/Debug/Debug.bindings.h Line: 39)

SELFPLAY GOAL 85 scorer=Fan ZhaoReward=-1 total=53:32 
(Filename: E:\unity\Runtime/Export/Debug/Debug.bindings.h Line: 39)

SELFPLAY GOAL 86 scorer=Fan ZhaoReward=-1 total=54:32 
(Filename: E:\unity\Runtime/Export/Debug/Debug.bindings.h Line: 39)

SELFPLAY GOAL 87 scorer=Fan ZhaoReward=-1 total=55:32 
(Filename: E:\unity\Runtime/Export/Debug/Debug.bindings.h Line: 39)

SELFPLAY GOAL 88 scorer=Zhao ZhaoReward=1 total=55:33 
(Filename: E:\unity\Runtime/Export/Debug/Debug.bindings.h Line: 39)

SELFPLAY GOAL 89 scorer=Zhao ZhaoReward=1 total=55:34 
(Filename: E:\unity\Runtime/Export/Debug/Debug.bindings.h Line: 39)

SELFPLAY GOAL 90 scorer=Fan ZhaoReward=-1 total=56:34 
(Filename: E:\unity\Runtime/Export/Debug/Debug.bindings.h Line: 39)

SELFPLAY MATCH 10 goals=8 total=90 score=6:2 
(Filename: E:\unity\Runtime/Export/Debug/Debug.bindings.h Line: 39)

Unloading 4 Unused Serialized files (Serialized files now loaded: 0)
UnloadTime: 0.377800 ms

Unloading 4 unused Assets to reduce memory usage. Loaded Objects now: 1061.
Total: 1.271800 ms (FindLiveObjects: 0.045600 ms CreateObjectMapping: 0.009300 ms MarkObjects: 0.280800 ms  DeleteObjects: 0.935700 ms)

SELFPLAY GOALMAP x=-6.13 isPlayer1Goal=True 
(Filename: E:\unity\Runtime/Export/Debug/Debug.bindings.h Line: 39)

SELFPLAY GOALMAP x=6.18 isPlayer1Goal=False 
(Filename: E:\unity\Runtime/Export/Debug/Debug.bindings.h Line: 39)

SELFPLAY GOAL 91 scorer=Zhao ZhaoReward=1 total=56:35 
(Filename: E:\unity\Runtime/Export/Debug/Debug.bindings.h Line: 39)

SELFPLAY GOAL 92 scorer=Fan ZhaoReward=-1 total=57:35 
(Filename: E:\unity\Runtime/Export/Debug/Debug.bindings.h Line: 39)

SELFPLAY GOAL 93 scorer=Fan ZhaoReward=-1 total=58:35 
(Filename: E:\unity\Runtime/Export/Debug/Debug.bindings.h Line: 39)

SELFPLAY GOAL 94 scorer=Fan ZhaoReward=-1 total=59:35 
(Filename: E:\unity\Runtime/Export/Debug/Debug.bindings.h Line: 39)

SELFPLAY GOAL 95 scorer=Zhao ZhaoReward=1 total=59:36 
(Filename: E:\unity\Runtime/Export/Debug/Debug.bindings.h Line: 39)

SELFPLAY GOAL 96 scorer=Zhao ZhaoReward=1 total=59:37 
(Filename: E:\unity\Runtime/Export/Debug/Debug.bindings.h Line: 39)

SELFPLAY GOAL 97 scorer=Zhao ZhaoReward=1 total=59:38 
(Filename: E:\unity\Runtime/Export/Debug/Debug.bindings.h Line: 39)

SELFPLAY GOAL 98 scorer=Zhao ZhaoReward=1 total=59:39 
(Filename: E:\unity\Runtime/Export/Debug/Debug.bindings.h Line: 39)

SELFPLAY GOAL 99 scorer=Fan ZhaoReward=-1 total=60:39 
(Filename: E:\unity\Runtime/Export/Debug/Debug.bindings.h Line: 39)

SELFPLAY GOAL 100 scorer=Zhao ZhaoReward=1 total=60:40 
(Filename: E:\unity\Runtime/Export/Debug/Debug.bindings.h Line: 39)

SELFPLAY MATCH 11 goals=10 total=100 score=4:6 
(Filename: E:\unity\Runtime/Export/Debug/Debug.bindings.h Line: 39)

SELFPLAY COMPLETE goals=100 fan=60 zhao=40 matches=11 failures=0 
(Filename: E:\unity\Runtime/Export/Debug/Debug.bindings.h Line: 39)

Setting up 12 worker threads for Enlighten.
  Thread -> id: a65c -> priority: 1 
  Thread -> id: 8ec0 -> priority: 1 
  Thread -> id: d20 -> priority: 1 
  Thread -> id: 5550 -> priority: 1 
  Thread -> id: 8da8 -> priority: 1 
  Thread -> id: 8a4 -> priority: 1 
  Thread -> id: ce0 -> priority: 1 
  Thread -> id: 3690 -> priority: 1 
  Thread -> id: 7268 -> priority: 1 
  Thread -> id: 11d8 -> priority: 1 
  Thread -> id: 1780 -> priority: 1 
  Thread -> id: 78e4 -> priority: 1 

Mono path[0] = 'C:/Users/Alienware/Documents/范志毅VS赵鹏/范志毅VS赵鹏 PC双人版（32位）/鑼冨織姣匳S璧甸箯 PC鍙屼汉鐗堬紙32浣嶏級/AI Mod Source/build/zhao-strategy-selfplay-experiment-worker-1/FanZhiYi_Data/Managed'
Mono config path = 'C:/Users/Alienware/Documents/范志毅VS赵鹏/范志毅VS赵鹏 PC双人版（32位）/鑼冨織姣匳S璧甸箯 PC鍙屼汉鐗堬紙32浣嶏級/AI Mod Source/build/zhao-strategy-selfplay-experiment-worker-1/MonoBleedingEdge/etc'
AS: AutoStreaming module initializing.Initialize engine version: 2019.4.33f1c1 (c2f94a8bebb3)
[Subsystems] Discovering subsystems at path C:/Users/Alienware/Documents/范志毅VS赵鹏/范志毅VS赵鹏 PC双人版（32位）/鑼冨織姣匳S璧甸箯 PC鍙屼汉鐗堬紙32浣嶏級/AI Mod Source/build/zhao-strategy-selfplay-experiment-worker-1/FanZhiYi_Data/UnitySubsystems
Forcing GfxDevice: Null
GfxDevice: creating device client; threaded=0
NullGfxDevice:
    Version:  NULL 1.0 [1.0]
    Renderer: Null Device
    Vendor:   Unity Technologies
Begin MonoManager ReloadAssembly
- Completed reload, in  2.102 seconds
Microsoft Media Foundation video decoding to texture disabled: graphics device is Null, only Direct3D 11 and Direct3D 12 (only on desktop) are supported for hardware-accelerated video decoding.
UnloadTime: 0.690600 ms
Unloading 5 Unused Serialized files (Serialized files now loaded: 0)
UnloadTime: 0.165200 ms

Unloading 145 unused Assets to reduce memory usage. Loaded Objects now: 1003.
Total: 0.591600 ms (FindLiveObjects: 0.039300 ms CreateObjectMapping: 0.010800 ms MarkObjects: 0.243400 ms  DeleteObjects: 0.297600 ms)

SELFPLAY GOALMAP x=-6.13 isPlayer1Goal=True 
(Filename: E:\unity\Runtime/Export/Debug/Debug.bindings.h Line: 39)

SELFPLAY GOALMAP x=6.18 isPlayer1Goal=False 
(Filename: E:\unity\Runtime/Export/Debug/Debug.bindings.h Line: 39)

SELFPLAY GOAL 1 scorer=Fan ZhaoReward=-1 total=1:0 
(Filename: E:\unity\Runtime/Export/Debug/Debug.bindings.h Line: 39)

SELFPLAY GOAL 2 scorer=Zhao ZhaoReward=1 total=1:1 
(Filename: E:\unity\Runtime/Export/Debug/Debug.bindings.h Line: 39)

SELFPLAY GOAL 3 scorer=Fan ZhaoReward=-1 total=2:1 
(Filename: E:\unity\Runtime/Export/Debug/Debug.bindings.h Line: 39)

SELFPLAY GOAL 4 scorer=Fan ZhaoReward=-1 total=3:1 
(Filename: E:\unity\Runtime/Export/Debug/Debug.bindings.h Line: 39)

SELFPLAY GOAL 5 scorer=Zhao ZhaoReward=1 total=3:2 
(Filename: E:\unity\Runtime/Export/Debug/Debug.bindings.h Line: 39)

SELFPLAY GOAL 6 scorer=Zhao ZhaoReward=1 total=3:3 
(Filename: E:\unity\Runtime/Export/Debug/Debug.bindings.h Line: 39)

SELFPLAY GOAL 7 scorer=Zhao ZhaoReward=1 total=3:4 
(Filename: E:\unity\Runtime/Export/Debug/Debug.bindings.h Line: 39)

SELFPLAY GOAL 8 scorer=Zhao ZhaoReward=1 total=3:5 
(Filename: E:\unity\Runtime/Export/Debug/Debug.bindings.h Line: 39)

SELFPLAY MATCH 1 goals=8 total=8 score=3:5 
(Filename: E:\unity\Runtime/Export/Debug/Debug.bindings.h Line: 39)

Unloading 4 Unused Serialized files (Serialized files now loaded: 0)
UnloadTime: 0.992900 ms

Unloading 37 unused Assets to reduce memory usage. Loaded Objects now: 1061.
Total: 1.194100 ms (FindLiveObjects: 0.057600 ms CreateObjectMapping: 0.010300 ms MarkObjects: 0.231600 ms  DeleteObjects: 0.894100 ms)

SELFPLAY GOALMAP x=-6.13 isPlayer1Goal=True 
(Filename: E:\unity\Runtime/Export/Debug/Debug.bindings.h Line: 39)

SELFPLAY GOALMAP x=6.18 isPlayer1Goal=False 
(Filename: E:\unity\Runtime/Export/Debug/Debug.bindings.h Line: 39)

SELFPLAY GOAL 9 scorer=Zhao ZhaoReward=1 total=3:6 
(Filename: E:\unity\Runtime/Export/Debug/Debug.bindings.h Line: 39)

SELFPLAY GOAL 10 scorer=Fan ZhaoReward=-1 total=4:6 
(Filename: E:\unity\Runtime/Export/Debug/Debug.bindings.h Line: 39)

SELFPLAY GOAL 11 scorer=Zhao ZhaoReward=1 total=4:7 
(Filename: E:\unity\Runtime/Export/Debug/Debug.bindings.h Line: 39)

SELFPLAY GOAL 12 scorer=Zhao ZhaoReward=1 total=4:8 
(Filename: E:\unity\Runtime/Export/Debug/Debug.bindings.h Line: 39)

SELFPLAY GOAL 13 scorer=Zhao ZhaoReward=1 total=4:9 
(Filename: E:\unity\Runtime/Export/Debug/Debug.bindings.h Line: 39)

SELFPLAY GOAL 14 scorer=Zhao ZhaoReward=1 total=4:10 
(Filename: E:\unity\Runtime/Export/Debug/Debug.bindings.h Line: 39)

SELFPLAY MATCH 2 goals=6 total=14 score=1:5 
(Filename: E:\unity\Runtime/Export/Debug/Debug.bindings.h Line: 39)

Unloading 4 Unused Serialized files (Serialized files now loaded: 0)
UnloadTime: 0.400400 ms

Unloading 4 unused Assets to reduce memory usage. Loaded Objects now: 1061.
Total: 1.132200 ms (FindLiveObjects: 0.036900 ms CreateObjectMapping: 0.008400 ms MarkObjects: 0.249700 ms  DeleteObjects: 0.836500 ms)

SELFPLAY GOALMAP x=-6.13 isPlayer1Goal=True 
(Filename: E:\unity\Runtime/Export/Debug/Debug.bindings.h Line: 39)

SELFPLAY GOALMAP x=6.18 isPlayer1Goal=False 
(Filename: E:\unity\Runtime/Export/Debug/Debug.bindings.h Line: 39)

SELFPLAY GOAL 15 scorer=Zhao ZhaoReward=1 total=4:11 
(Filename: E:\unity\Runtime/Export/Debug/Debug.bindings.h Line: 39)

SELFPLAY GOAL 16 scorer=Fan ZhaoReward=-1 total=5:11 
(Filename: E:\unity\Runtime/Export/Debug/Debug.bindings.h Line: 39)

SELFPLAY GOAL 17 scorer=Zhao ZhaoReward=1 total=5:12 
(Filename: E:\unity\Runtime/Export/Debug/Debug.bindings.h Line: 39)

SELFPLAY GOAL 18 scorer=Zhao ZhaoReward=1 total=5:13 
(Filename: E:\unity\Runtime/Export/Debug/Debug.bindings.h Line: 39)

SELFPLAY GOAL 19 scorer=Zhao ZhaoReward=1 total=5:14 
(Filename: E:\unity\Runtime/Export/Debug/Debug.bindings.h Line: 39)

SELFPLAY GOAL 20 scorer=Zhao ZhaoReward=1 total=5:15 
(Filename: E:\unity\Runtime/Export/Debug/Debug.bindings.h Line: 39)

SELFPLAY GOAL 21 scorer=Fan ZhaoReward=-1 total=6:15 
(Filename: E:\unity\Runtime/Export/Debug/Debug.bindings.h Line: 39)

SELFPLAY MATCH 3 goals=7 total=21 score=2:5 
(Filename: E:\unity\Runtime/Export/Debug/Debug.bindings.h Line: 39)

Unloading 4 Unused Serialized files (Serialized files now loaded: 0)
UnloadTime: 0.607500 ms

Unloading 4 unused Assets to reduce memory usage. Loaded Objects now: 1061.
Total: 1.109500 ms (FindLiveObjects: 0.034200 ms CreateObjectMapping: 0.008500 ms MarkObjects: 0.215000 ms  DeleteObjects: 0.851600 ms)

SELFPLAY GOALMAP x=-6.13 isPlayer1Goal=True 
(Filename: E:\unity\Runtime/Export/Debug/Debug.bindings.h Line: 39)

SELFPLAY GOALMAP x=6.18 isPlayer1Goal=False 
(Filename: E:\unity\Runtime/Export/Debug/Debug.bindings.h Line: 39)

SELFPLAY GOAL 22 scorer=Fan ZhaoReward=-1 total=7:15 
(Filename: E:\unity\Runtime/Export/Debug/Debug.bindings.h Line: 39)

SELFPLAY GOAL 23 scorer=Fan ZhaoReward=-1 total=8:15 
(Filename: E:\unity\Runtime/Export/Debug/Debug.bindings.h Line: 39)

SELFPLAY GOAL 24 scorer=Fan ZhaoReward=-1 total=9:15 
(Filename: E:\unity\Runtime/Export/Debug/Debug.bindings.h Line: 39)

SELFPLAY GOAL 25 scorer=Fan ZhaoReward=-1 total=10:15 
(Filename: E:\unity\Runtime/Export/Debug/Debug.bindings.h Line: 39)

SELFPLAY GOAL 26 scorer=Fan ZhaoReward=-1 total=11:15 
(Filename: E:\unity\Runtime/Export/Debug/Debug.bindings.h Line: 39)

SELFPLAY GOAL 27 scorer=Fan ZhaoReward=-1 total=12:15 
(Filename: E:\unity\Runtime/Export/Debug/Debug.bindings.h Line: 39)

SELFPLAY MATCH 4 goals=6 total=27 score=6:0 
(Filename: E:\unity\Runtime/Export/Debug/Debug.bindings.h Line: 39)

Unloading 4 Unused Serialized files (Serialized files now loaded: 0)
UnloadTime: 0.303200 ms

Unloading 4 unused Assets to reduce memory usage. Loaded Objects now: 1061.
Total: 1.155400 ms (FindLiveObjects: 0.038200 ms CreateObjectMapping: 0.021400 ms MarkObjects: 0.224900 ms  DeleteObjects: 0.870700 ms)

SELFPLAY GOALMAP x=-6.13 isPlayer1Goal=True 
(Filename: E:\unity\Runtime/Export/Debug/Debug.bindings.h Line: 39)

SELFPLAY GOALMAP x=6.18 isPlayer1Goal=False 
(Filename: E:\unity\Runtime/Export/Debug/Debug.bindings.h Line: 39)

SELFPLAY GOAL 28 scorer=Fan ZhaoReward=-1 total=13:15 
(Filename: E:\unity\Runtime/Export/Debug/Debug.bindings.h Line: 39)

SELFPLAY GOAL 29 scorer=Zhao ZhaoReward=1 total=13:16 
(Filename: E:\unity\Runtime/Export/Debug/Debug.bindings.h Line: 39)

SELFPLAY GOAL 30 scorer=Zhao ZhaoReward=1 total=13:17 
(Filename: E:\unity\Runtime/Export/Debug/Debug.bindings.h Line: 39)

SELFPLAY GOAL 31 scorer=Zhao ZhaoReward=1 total=13:18 
(Filename: E:\unity\Runtime/Export/Debug/Debug.bindings.h Line: 39)

SELFPLAY GOAL 32 scorer=Fan ZhaoReward=-1 total=14:18 
(Filename: E:\unity\Runtime/Export/Debug/Debug.bindings.h Line: 39)

SELFPLAY GOAL 33 scorer=Fan ZhaoReward=-1 total=15:18 
(Filename: E:\unity\Runtime/Export/Debug/Debug.bindings.h Line: 39)

SELFPLAY GOAL 34 scorer=Fan ZhaoReward=-1 total=16:18 
(Filename: E:\unity\Runtime/Export/Debug/Debug.bindings.h Line: 39)

SELFPLAY GOAL 35 scorer=Fan ZhaoReward=-1 total=17:18 
(Filename: E:\unity\Runtime/Export/Debug/Debug.bindings.h Line: 39)

SELFPLAY GOAL 36 scorer=Fan ZhaoReward=-1 total=18:18 
(Filename: E:\unity\Runtime/Export/Debug/Debug.bindings.h Line: 39)

SELFPLAY GOAL 37 scorer=Fan ZhaoReward=-1 total=19:18 
(Filename: E:\unity\Runtime/Export/Debug/Debug.bindings.h Line: 39)

SELFPLAY MATCH 5 goals=10 total=37 score=7:3 
(Filename: E:\unity\Runtime/Export/Debug/Debug.bindings.h Line: 39)

Unloading 4 Unused Serialized files (Serialized files now loaded: 0)
UnloadTime: 0.372500 ms

Unloading 4 unused Assets to reduce memory usage. Loaded Objects now: 1061.
Total: 1.099300 ms (FindLiveObjects: 0.037000 ms CreateObjectMapping: 0.009400 ms MarkObjects: 0.209200 ms  DeleteObjects: 0.843500 ms)

SELFPLAY GOALMAP x=-6.13 isPlayer1Goal=True 
(Filename: E:\unity\Runtime/Export/Debug/Debug.bindings.h Line: 39)

SELFPLAY GOALMAP x=6.18 isPlayer1Goal=False 
(Filename: E:\unity\Runtime/Export/Debug/Debug.bindings.h Line: 39)

SELFPLAY GOAL 38 scorer=Zhao ZhaoReward=1 total=19:19 
(Filename: E:\unity\Runtime/Export/Debug/Debug.bindings.h Line: 39)

SELFPLAY GOAL 39 scorer=Fan ZhaoReward=-1 total=20:19 
(Filename: E:\unity\Runtime/Export/Debug/Debug.bindings.h Line: 39)

SELFPLAY GOAL 40 scorer=Zhao ZhaoReward=1 total=20:20 
(Filename: E:\unity\Runtime/Export/Debug/Debug.bindings.h Line: 39)

SELFPLAY GOAL 41 scorer=Zhao ZhaoReward=1 total=20:21 
(Filename: E:\unity\Runtime/Export/Debug/Debug.bindings.h Line: 39)

SELFPLAY GOAL 42 scorer=Fan ZhaoReward=-1 total=21:21 
(Filename: E:\unity\Runtime/Export/Debug/Debug.bindings.h Line: 39)

SELFPLAY GOAL 43 scorer=Zhao ZhaoReward=1 total=21:22 
(Filename: E:\unity\Runtime/Export/Debug/Debug.bindings.h Line: 39)

SELFPLAY MATCH 6 goals=6 total=43 score=2:4 
(Filename: E:\unity\Runtime/Export/Debug/Debug.bindings.h Line: 39)

Unloading 4 Unused Serialized files (Serialized files now loaded: 0)
UnloadTime: 0.680100 ms

Unloading 4 unused Assets to reduce memory usage. Loaded Objects now: 1061.
Total: 1.123800 ms (FindLiveObjects: 0.034100 ms CreateObjectMapping: 0.014400 ms MarkObjects: 0.239100 ms  DeleteObjects: 0.835800 ms)

SELFPLAY GOALMAP x=-6.13 isPlayer1Goal=True 
(Filename: E:\unity\Runtime/Export/Debug/Debug.bindings.h Line: 39)

SELFPLAY GOALMAP x=6.18 isPlayer1Goal=False 
(Filename: E:\unity\Runtime/Export/Debug/Debug.bindings.h Line: 39)

SELFPLAY GOAL 44 scorer=Fan ZhaoReward=-1 total=22:22 
(Filename: E:\unity\Runtime/Export/Debug/Debug.bindings.h Line: 39)

SELFPLAY GOAL 45 scorer=Zhao ZhaoReward=1 total=22:23 
(Filename: E:\unity\Runtime/Export/Debug/Debug.bindings.h Line: 39)

SELFPLAY GOAL 46 scorer=Zhao ZhaoReward=1 total=22:24 
(Filename: E:\unity\Runtime/Export/Debug/Debug.bindings.h Line: 39)

SELFPLAY GOAL 47 scorer=Zhao ZhaoReward=1 total=22:25 
(Filename: E:\unity\Runtime/Export/Debug/Debug.bindings.h Line: 39)

SELFPLAY MATCH 7 goals=4 total=47 score=1:3 
(Filename: E:\unity\Runtime/Export/Debug/Debug.bindings.h Line: 39)

Unloading 4 Unused Serialized files (Serialized files now loaded: 0)
UnloadTime: 0.496600 ms

Unloading 4 unused Assets to reduce memory usage. Loaded Objects now: 1061.
Total: 1.154600 ms (FindLiveObjects: 0.035600 ms CreateObjectMapping: 0.008600 ms MarkObjects: 0.218400 ms  DeleteObjects: 0.891800 ms)

SELFPLAY GOALMAP x=-6.13 isPlayer1Goal=True 
(Filename: E:\unity\Runtime/Export/Debug/Debug.bindings.h Line: 39)

SELFPLAY GOALMAP x=6.18 isPlayer1Goal=False 
(Filename: E:\unity\Runtime/Export/Debug/Debug.bindings.h Line: 39)

SELFPLAY GOAL 48 scorer=Fan ZhaoReward=-1 total=23:25 
(Filename: E:\unity\Runtime/Export/Debug/Debug.bindings.h Line: 39)

SELFPLAY GOAL 49 scorer=Fan ZhaoReward=-1 total=24:25 
(Filename: E:\unity\Runtime/Export/Debug/Debug.bindings.h Line: 39)

SELFPLAY GOAL 50 scorer=Fan ZhaoReward=-1 total=25:25 
(Filename: E:\unity\Runtime/Export/Debug/Debug.bindings.h Line: 39)

SELFPLAY PROGRESS goals=50/100 matches=8 score=25:25 real=29.90755 
(Filename: E:\unity\Runtime/Export/Debug/Debug.bindings.h Line: 39)

SELFPLAY GOAL 51 scorer=Zhao ZhaoReward=1 total=25:26 
(Filename: E:\unity\Runtime/Export/Debug/Debug.bindings.h Line: 39)

SELFPLAY GOAL 52 scorer=Fan ZhaoReward=-1 total=26:26 
(Filename: E:\unity\Runtime/Export/Debug/Debug.bindings.h Line: 39)

SELFPLAY GOAL 53 scorer=Fan ZhaoReward=-1 total=27:26 
(Filename: E:\unity\Runtime/Export/Debug/Debug.bindings.h Line: 39)

SELFPLAY GOAL 54 scorer=Zhao ZhaoReward=1 total=27:27 
(Filename: E:\unity\Runtime/Export/Debug/Debug.bindings.h Line: 39)

SELFPLAY GOAL 55 scorer=Zhao ZhaoReward=1 total=27:28 
(Filename: E:\unity\Runtime/Export/Debug/Debug.bindings.h Line: 39)

SELFPLAY GOAL 56 scorer=Fan ZhaoReward=-1 total=28:28 
(Filename: E:\unity\Runtime/Export/Debug/Debug.bindings.h Line: 39)

SELFPLAY GOAL 57 scorer=Zhao ZhaoReward=1 total=28:29 
(Filename: E:\unity\Runtime/Export/Debug/Debug.bindings.h Line: 39)

SELFPLAY MATCH 8 goals=10 total=57 score=6:4 
(Filename: E:\unity\Runtime/Export/Debug/Debug.bindings.h Line: 39)

Unloading 4 Unused Serialized files (Serialized files now loaded: 0)
UnloadTime: 0.511300 ms

Unloading 4 unused Assets to reduce memory usage. Loaded Objects now: 1061.
Total: 1.126800 ms (FindLiveObjects: 0.032200 ms CreateObjectMapping: 0.008300 ms MarkObjects: 0.198800 ms  DeleteObjects: 0.887400 ms)

SELFPLAY GOALMAP x=-6.13 isPlayer1Goal=True 
(Filename: E:\unity\Runtime/Export/Debug/Debug.bindings.h Line: 39)

SELFPLAY GOALMAP x=6.18 isPlayer1Goal=False 
(Filename: E:\unity\Runtime/Export/Debug/Debug.bindings.h Line: 39)

SELFPLAY GOAL 58 scorer=Fan ZhaoReward=-1 total=29:29 
(Filename: E:\unity\Runtime/Export/Debug/Debug.bindings.h Line: 39)

SELFPLAY GOAL 59 scorer=Zhao ZhaoReward=1 total=29:30 
(Filename: E:\unity\Runtime/Export/Debug/Debug.bindings.h Line: 39)

SELFPLAY GOAL 60 scorer=Fan ZhaoReward=-1 total=30:30 
(Filename: E:\unity\Runtime/Export/Debug/Debug.bindings.h Line: 39)

SELFPLAY GOAL 61 scorer=Fan ZhaoReward=-1 total=31:30 
(Filename: E:\unity\Runtime/Export/Debug/Debug.bindings.h Line: 39)

SELFPLAY GOAL 62 scorer=Zhao ZhaoReward=1 total=31:31 
(Filename: E:\unity\Runtime/Export/Debug/Debug.bindings.h Line: 39)

SELFPLAY GOAL 63 scorer=Fan ZhaoReward=-1 total=32:31 
(Filename: E:\unity\Runtime/Export/Debug/Debug.bindings.h Line: 39)

SELFPLAY GOAL 64 scorer=Fan ZhaoReward=-1 total=33:31 
(Filename: E:\unity\Runtime/Export/Debug/Debug.bindings.h Line: 39)

SELFPLAY GOAL 65 scorer=Fan ZhaoReward=-1 total=34:31 
(Filename: E:\unity\Runtime/Export/Debug/Debug.bindings.h Line: 39)

SELFPLAY GOAL 66 scorer=Fan ZhaoReward=-1 total=35:31 
(Filename: E:\unity\Runtime/Export/Debug/Debug.bindings.h Line: 39)

SELFPLAY GOAL 67 scorer=Zhao ZhaoReward=1 total=35:32 
(Filename: E:\unity\Runtime/Export/Debug/Debug.bindings.h Line: 39)

SELFPLAY GOAL 68 scorer=Fan ZhaoReward=-1 total=36:32 
(Filename: E:\unity\Runtime/Export/Debug/Debug.bindings.h Line: 39)

SELFPLAY MATCH 9 goals=11 total=68 score=8:3 
(Filename: E:\unity\Runtime/Export/Debug/Debug.bindings.h Line: 39)

Unloading 4 Unused Serialized files (Serialized files now loaded: 0)
UnloadTime: 0.550400 ms

Unloading 4 unused Assets to reduce memory usage. Loaded Objects now: 1061.
Total: 1.169600 ms (FindLiveObjects: 0.034900 ms CreateObjectMapping: 0.008800 ms MarkObjects: 0.215600 ms  DeleteObjects: 0.910000 ms)

SELFPLAY GOALMAP x=-6.13 isPlayer1Goal=True 
(Filename: E:\unity\Runtime/Export/Debug/Debug.bindings.h Line: 39)

SELFPLAY GOALMAP x=6.18 isPlayer1Goal=False 
(Filename: E:\unity\Runtime/Export/Debug/Debug.bindings.h Line: 39)

SELFPLAY GOAL 69 scorer=Fan ZhaoReward=-1 total=37:32 
(Filename: E:\unity\Runtime/Export/Debug/Debug.bindings.h Line: 39)

SELFPLAY GOAL 70 scorer=Fan ZhaoReward=-1 total=38:32 
(Filename: E:\unity\Runtime/Export/Debug/Debug.bindings.h Line: 39)

SELFPLAY GOAL 71 scorer=Fan ZhaoReward=-1 total=39:32 
(Filename: E:\unity\Runtime/Export/Debug/Debug.bindings.h Line: 39)

SELFPLAY MATCH 10 goals=3 total=71 score=3:0 
(Filename: E:\unity\Runtime/Export/Debug/Debug.bindings.h Line: 39)

Unloading 4 Unused Serialized files (Serialized files now loaded: 0)
UnloadTime: 0.299600 ms

Unloading 4 unused Assets to reduce memory usage. Loaded Objects now: 1061.
Total: 1.378800 ms (FindLiveObjects: 0.042800 ms CreateObjectMapping: 0.008800 ms MarkObjects: 0.311300 ms  DeleteObjects: 1.015600 ms)

SELFPLAY GOALMAP x=-6.13 isPlayer1Goal=True 
(Filename: E:\unity\Runtime/Export/Debug/Debug.bindings.h Line: 39)

SELFPLAY GOALMAP x=6.18 isPlayer1Goal=False 
(Filename: E:\unity\Runtime/Export/Debug/Debug.bindings.h Line: 39)

SELFPLAY GOAL 72 scorer=Zhao ZhaoReward=1 total=39:33 
(Filename: E:\unity\Runtime/Export/Debug/Debug.bindings.h Line: 39)

SELFPLAY GOAL 73 scorer=Zhao ZhaoReward=1 total=39:34 
(Filename: E:\unity\Runtime/Export/Debug/Debug.bindings.h Line: 39)

SELFPLAY GOAL 74 scorer=Zhao ZhaoReward=1 total=39:35 
(Filename: E:\unity\Runtime/Export/Debug/Debug.bindings.h Line: 39)

SELFPLAY GOAL 75 scorer=Fan ZhaoReward=-1 total=40:35 
(Filename: E:\unity\Runtime/Export/Debug/Debug.bindings.h Line: 39)

SELFPLAY GOAL 76 scorer=Zhao ZhaoReward=1 total=40:36 
(Filename: E:\unity\Runtime/Export/Debug/Debug.bindings.h Line: 39)

SELFPLAY MATCH 11 goals=5 total=76 score=1:4 
(Filename: E:\unity\Runtime/Export/Debug/Debug.bindings.h Line: 39)

Unloading 4 Unused Serialized files (Serialized files now loaded: 0)
UnloadTime: 0.291900 ms

Unloading 4 unused Assets to reduce memory usage. Loaded Objects now: 1061.
Total: 1.265100 ms (FindLiveObjects: 0.037500 ms CreateObjectMapping: 0.009600 ms MarkObjects: 0.206200 ms  DeleteObjects: 1.011400 ms)

SELFPLAY GOALMAP x=-6.13 isPlayer1Goal=True 
(Filename: E:\unity\Runtime/Export/Debug/Debug.bindings.h Line: 39)

SELFPLAY GOALMAP x=6.18 isPlayer1Goal=False 
(Filename: E:\unity\Runtime/Export/Debug/Debug.bindings.h Line: 39)

SELFPLAY GOAL 77 scorer=Fan ZhaoReward=-1 total=41:36 
(Filename: E:\unity\Runtime/Export/Debug/Debug.bindings.h Line: 39)

SELFPLAY GOAL 78 scorer=Fan ZhaoReward=-1 total=42:36 
(Filename: E:\unity\Runtime/Export/Debug/Debug.bindings.h Line: 39)

SELFPLAY GOAL 79 scorer=Fan ZhaoReward=-1 total=43:36 
(Filename: E:\unity\Runtime/Export/Debug/Debug.bindings.h Line: 39)

SELFPLAY GOAL 80 scorer=Fan ZhaoReward=-1 total=44:36 
(Filename: E:\unity\Runtime/Export/Debug/Debug.bindings.h Line: 39)

SELFPLAY GOAL 81 scorer=Fan ZhaoReward=-1 total=45:36 
(Filename: E:\unity\Runtime/Export/Debug/Debug.bindings.h Line: 39)

SELFPLAY MATCH 12 goals=5 total=81 score=5:0 
(Filename: E:\unity\Runtime/Export/Debug/Debug.bindings.h Line: 39)

Unloading 4 Unused Serialized files (Serialized files now loaded: 0)
UnloadTime: 0.346700 ms

Unloading 4 unused Assets to reduce memory usage. Loaded Objects now: 1061.
Total: 1.426500 ms (FindLiveObjects: 0.030200 ms CreateObjectMapping: 0.007600 ms MarkObjects: 0.208300 ms  DeleteObjects: 1.180200 ms)

SELFPLAY GOALMAP x=-6.13 isPlayer1Goal=True 
(Filename: E:\unity\Runtime/Export/Debug/Debug.bindings.h Line: 39)

SELFPLAY GOALMAP x=6.18 isPlayer1Goal=False 
(Filename: E:\unity\Runtime/Export/Debug/Debug.bindings.h Line: 39)

SELFPLAY GOAL 82 scorer=Zhao ZhaoReward=1 total=45:37 
(Filename: E:\unity\Runtime/Export/Debug/Debug.bindings.h Line: 39)

SELFPLAY GOAL 83 scorer=Zhao ZhaoReward=1 total=45:38 
(Filename: E:\unity\Runtime/Export/Debug/Debug.bindings.h Line: 39)

SELFPLAY GOAL 84 scorer=Fan ZhaoReward=-1 total=46:38 
(Filename: E:\unity\Runtime/Export/Debug/Debug.bindings.h Line: 39)

SELFPLAY MATCH 13 goals=3 total=84 score=1:2 
(Filename: E:\unity\Runtime/Export/Debug/Debug.bindings.h Line: 39)

Unloading 4 Unused Serialized files (Serialized files now loaded: 0)
UnloadTime: 0.270500 ms

Unloading 4 unused Assets to reduce memory usage. Loaded Objects now: 1061.
Total: 1.001900 ms (FindLiveObjects: 0.032800 ms CreateObjectMapping: 0.009100 ms MarkObjects: 0.195000 ms  DeleteObjects: 0.764500 ms)

SELFPLAY GOALMAP x=-6.13 isPlayer1Goal=True 
(Filename: E:\unity\Runtime/Export/Debug/Debug.bindings.h Line: 39)

SELFPLAY GOALMAP x=6.18 isPlayer1Goal=False 
(Filename: E:\unity\Runtime/Export/Debug/Debug.bindings.h Line: 39)

SELFPLAY GOAL 85 scorer=Fan ZhaoReward=-1 total=47:38 
(Filename: E:\unity\Runtime/Export/Debug/Debug.bindings.h Line: 39)

SELFPLAY GOAL 86 scorer=Zhao ZhaoReward=1 total=47:39 
(Filename: E:\unity\Runtime/Export/Debug/Debug.bindings.h Line: 39)

SELFPLAY GOAL 87 scorer=Zhao ZhaoReward=1 total=47:40 
(Filename: E:\unity\Runtime/Export/Debug/Debug.bindings.h Line: 39)

SELFPLAY GOAL 88 scorer=Zhao ZhaoReward=1 total=47:41 
(Filename: E:\unity\Runtime/Export/Debug/Debug.bindings.h Line: 39)

SELFPLAY GOAL 89 scorer=Zhao ZhaoReward=1 total=47:42 
(Filename: E:\unity\Runtime/Export/Debug/Debug.bindings.h Line: 39)

SELFPLAY GOAL 90 scorer=Zhao ZhaoReward=1 total=47:43 
(Filename: E:\unity\Runtime/Export/Debug/Debug.bindings.h Line: 39)

SELFPLAY GOAL 91 scorer=Fan ZhaoReward=-1 total=48:43 
(Filename: E:\unity\Runtime/Export/Debug/Debug.bindings.h Line: 39)

SELFPLAY GOAL 92 scorer=Fan ZhaoReward=-1 total=49:43 
(Filename: E:\unity\Runtime/Export/Debug/Debug.bindings.h Line: 39)

SELFPLAY GOAL 93 scorer=Fan ZhaoReward=-1 total=50:43 
(Filename: E:\unity\Runtime/Export/Debug/Debug.bindings.h Line: 39)

SELFPLAY GOAL 94 scorer=Fan ZhaoReward=-1 total=51:43 
(Filename: E:\unity\Runtime/Export/Debug/Debug.bindings.h Line: 39)

SELFPLAY MATCH 14 goals=10 total=94 score=5:5 
(Filename: E:\unity\Runtime/Export/Debug/Debug.bindings.h Line: 39)

Unloading 4 Unused Serialized files (Serialized files now loaded: 0)
UnloadTime: 0.372400 ms

Unloading 4 unused Assets to reduce memory usage. Loaded Objects now: 1061.
Total: 1.435700 ms (FindLiveObjects: 0.124600 ms CreateObjectMapping: 0.008800 ms MarkObjects: 0.283000 ms  DeleteObjects: 1.018800 ms)

SELFPLAY GOALMAP x=-6.13 isPlayer1Goal=True 
(Filename: E:\unity\Runtime/Export/Debug/Debug.bindings.h Line: 39)

SELFPLAY GOALMAP x=6.18 isPlayer1Goal=False 
(Filename: E:\unity\Runtime/Export/Debug/Debug.bindings.h Line: 39)

SELFPLAY GOAL 95 scorer=Fan ZhaoReward=-1 total=52:43 
(Filename: E:\unity\Runtime/Export/Debug/Debug.bindings.h Line: 39)

SELFPLAY GOAL 96 scorer=Fan ZhaoReward=-1 total=53:43 
(Filename: E:\unity\Runtime/Export/Debug/Debug.bindings.h Line: 39)

SELFPLAY GOAL 97 scorer=Fan ZhaoReward=-1 total=54:43 
(Filename: E:\unity\Runtime/Export/Debug/Debug.bindings.h Line: 39)

SELFPLAY GOAL 98 scorer=Fan ZhaoReward=-1 total=55:43 
(Filename: E:\unity\Runtime/Export/Debug/Debug.bindings.h Line: 39)

SELFPLAY GOAL 99 scorer=Fan ZhaoReward=-1 total=56:43 
(Filename: E:\unity\Runtime/Export/Debug/Debug.bindings.h Line: 39)

SELFPLAY GOAL 100 scorer=Zhao ZhaoReward=1 total=56:44 
(Filename: E:\unity\Runtime/Export/Debug/Debug.bindings.h Line: 39)

SELFPLAY MATCH 15 goals=6 total=100 score=5:1 
(Filename: E:\unity\Runtime/Export/Debug/Debug.bindings.h Line: 39)

SELFPLAY COMPLETE goals=100 fan=56 zhao=44 matches=15 failures=0 
(Filename: E:\unity\Runtime/Export/Debug/Debug.bindings.h Line: 39)

Setting up 12 worker threads for Enlighten.
  Thread -> id: 612c -> priority: 1 
  Thread -> id: 6bc0 -> priority: 1 
  Thread -> id: 2de8 -> priority: 1 
  Thread -> id: a370 -> priority: 1 
  Thread -> id: 908c -> priority: 1 
  Thread -> id: 8304 -> priority: 1 
  Thread -> id: 9240 -> priority: 1 
  Thread -> id: 3a8c -> priority: 1 
  Thread -> id: 9d5c -> priority: 1 
  Thread -> id: 31a8 -> priority: 1 
  Thread -> id: 5878 -> priority: 1 
  Thread -> id: 72ec -> priority: 1 

SELFPLAY COMPLETE goals=200 fan=116 zhao=84 workers=2 failures=0
