Mono path[0] = 'C:/Users/Alienware/Documents/范志毅VS赵鹏/范志毅VS赵鹏 PC双人版（32位）/鑼冨織姣匳S璧甸箯 PC鍙屼汉鐗堬紙32浣嶏級/AI Mod Source/build/zhao-strategy-test-player-original/FanZhiYi_Data/Managed'
Mono config path = 'C:/Users/Alienware/Documents/范志毅VS赵鹏/范志毅VS赵鹏 PC双人版（32位）/鑼冨織姣匳S璧甸箯 PC鍙屼汉鐗堬紙32浣嶏級/AI Mod Source/build/zhao-strategy-test-player-original/MonoBleedingEdge/etc'
AS: AutoStreaming module initializing.Initialize engine version: 2019.4.33f1c1 (c2f94a8bebb3)
[Subsystems] Discovering subsystems at path C:/Users/Alienware/Documents/范志毅VS赵鹏/范志毅VS赵鹏 PC双人版（32位）/鑼冨織姣匳S璧甸箯 PC鍙屼汉鐗堬紙32浣嶏級/AI Mod Source/build/zhao-strategy-test-player-original/FanZhiYi_Data/UnitySubsystems
GfxDevice: creating device client; threaded=1
Direct3D:
    Version:  Direct3D 11.0 [level 11.1]
    Renderer: NVIDIA GeForce RTX 5070 Laptop GPU (ID=0x2d58)
    Vendor:   (null)
    VRAM:     3072 MB
    Driver:   32.0.15.9608
Begin MonoManager ReloadAssembly
- Completed reload, in  0.114 seconds
<RI> Initializing input.
<RI> Input initialized.
<RI> Initialized touch support.
UnloadTime: 0.724200 ms
Unloading 5 Unused Serialized files (Serialized files now loaded: 0)
UnloadTime: 0.199700 ms

Unloading 143 unused Assets to reduce memory usage. Loaded Objects now: 1009.
Total: 0.796400 ms (FindLiveObjects: 0.060400 ms CreateObjectMapping: 0.019700 ms MarkObjects: 0.306900 ms  DeleteObjects: 0.409000 ms)

DROP HEIGHT floor=-1.81 shin=1.5284 radius=0.2585001 low=-1.0458 
(Filename: E:\unity\Runtime/Export/Debug/Debug.bindings.h Line: 39)

DROP PASS standing thigh reference follows edition size 
(Filename: E:\unity\Runtime/Export/Debug/Debug.bindings.h Line: 39)

DROP PASS front ball flying away does not auto drop 
(Filename: E:\unity\Runtime/Export/Debug/Debug.bindings.h Line: 39)

DROP PASS stationary ball does not auto drop 
(Filename: E:\unity\Runtime/Export/Debug/Debug.bindings.h Line: 39)

DROP PASS rear incoming ball requires manual key 
(Filename: E:\unity\Runtime/Export/Debug/Debug.bindings.h Line: 39)

DROP PASS high incoming ball stays above fixed standing thigh threshold 
(Filename: E:\unity\Runtime/Export/Debug/Debug.bindings.h Line: 39)

DROP PASS steep downward ball is not low flat flight 
(Filename: E:\unity\Runtime/Export/Debug/Debug.bindings.h Line: 39)

DROP PASS distant low ball does not cause premature drop 
(Filename: E:\unity\Runtime/Export/Debug/Debug.bindings.h Line: 39)

DROP PASS near front low flat incoming ball is eligible 
(Filename: E:\unity\Runtime/Export/Debug/Debug.bindings.h Line: 39)

DROP PASS upper thigh ball is eligible below standing top 
(Filename: E:\unity\Runtime/Export/Debug/Debug.bindings.h Line: 39)

DROP PASS ball crossing thigh upper edge is rejected 
(Filename: E:\unity\Runtime/Export/Debug/Debug.bindings.h Line: 39)

DROP PASS paused game does not auto drop 
(Filename: E:\unity\Runtime/Export/Debug/Debug.bindings.h Line: 39)

DROP PASS stopped rally does not auto drop 
(Filename: E:\unity\Runtime/Export/Debug/Debug.bindings.h Line: 39)

DROP PASS manual S with front ball cannot bypass automatic conditions 
(Filename: E:\unity\Runtime/Export/Debug/Debug.bindings.h Line: 39)

Unloading 4 Unused Serialized files (Serialized files now loaded: 0)
UnloadTime: 1.313900 ms

Unloading 37 unused Assets to reduce memory usage. Loaded Objects now: 1058.
Total: 1.350000 ms (FindLiveObjects: 0.060200 ms CreateObjectMapping: 0.014300 ms MarkObjects: 0.182700 ms  DeleteObjects: 1.092600 ms)

DROP PASS grounded player does not trigger air descent 
(Filename: E:\unity\Runtime/Export/Debug/Debug.bindings.h Line: 39)

Unloading 4 Unused Serialized files (Serialized files now loaded: 0)
UnloadTime: 0.483000 ms

Unloading 2 unused Assets to reduce memory usage. Loaded Objects now: 1058.
Total: 2.070200 ms (FindLiveObjects: 0.070100 ms CreateObjectMapping: 0.019800 ms MarkObjects: 0.423800 ms  DeleteObjects: 1.555800 ms)

DROP PASS skills=False rear=False press=False remap=False semi-auto activation follows front/rear rules 
(Filename: E:\unity\Runtime/Export/Debug/Debug.bindings.h Line: 39)

DROP PASS skills=False rear=False press=False remap=False descent preserves connected skeleton 
(Filename: E:\unity\Runtime/Export/Debug/Debug.bindings.h Line: 39)

DROP PASS skills=False rear=False press=False remap=False all native joints retained 
(Filename: E:\unity\Runtime/Export/Debug/Debug.bindings.h Line: 39)

Unloading 4 Unused Serialized files (Serialized files now loaded: 0)
UnloadTime: 0.352200 ms

Unloading 2 unused Assets to reduce memory usage. Loaded Objects now: 1058.
Total: 1.418000 ms (FindLiveObjects: 0.031000 ms CreateObjectMapping: 0.008200 ms MarkObjects: 0.178200 ms  DeleteObjects: 1.200200 ms)

DROP PASS skills=False rear=True press=True remap=False semi-auto activation follows front/rear rules 
(Filename: E:\unity\Runtime/Export/Debug/Debug.bindings.h Line: 39)

DROP PASS skills=False rear=True press=True remap=False descent preserves connected skeleton 
(Filename: E:\unity\Runtime/Export/Debug/Debug.bindings.h Line: 39)

DROP PASS skills=False rear=True press=True remap=False all native joints retained 
(Filename: E:\unity\Runtime/Export/Debug/Debug.bindings.h Line: 39)

Unloading 4 Unused Serialized files (Serialized files now loaded: 0)
UnloadTime: 0.351400 ms

Unloading 2 unused Assets to reduce memory usage. Loaded Objects now: 1058.
Total: 1.453800 ms (FindLiveObjects: 0.091100 ms CreateObjectMapping: 0.016400 ms MarkObjects: 0.274000 ms  DeleteObjects: 1.071600 ms)

DROP PASS skills=True rear=False press=False remap=False semi-auto activation follows front/rear rules 
(Filename: E:\unity\Runtime/Export/Debug/Debug.bindings.h Line: 39)

DROP PASS skills=True rear=False press=False remap=False descent preserves connected skeleton 
(Filename: E:\unity\Runtime/Export/Debug/Debug.bindings.h Line: 39)

DROP PASS skills=True rear=False press=False remap=False all native joints retained 
(Filename: E:\unity\Runtime/Export/Debug/Debug.bindings.h Line: 39)

DROP PASS skills=True rear=False press=False remap=False fast descent stays bounded 
(Filename: E:\unity\Runtime/Export/Debug/Debug.bindings.h Line: 39)

DROP PASS skills=True rear=False press=False remap=False lands through actual ground collision 
(Filename: E:\unity\Runtime/Export/Debug/Debug.bindings.h Line: 39)

DROP PASS skills=True rear=False press=False remap=False landing ends assistance 
(Filename: E:\unity\Runtime/Export/Debug/Debug.bindings.h Line: 39)

DROP PASS skills=True rear=False press=False remap=False reset clears animation 
(Filename: E:\unity\Runtime/Export/Debug/Debug.bindings.h Line: 39)

Unloading 4 Unused Serialized files (Serialized files now loaded: 0)
UnloadTime: 0.260700 ms

Unloading 2 unused Assets to reduce memory usage. Loaded Objects now: 1058.
Total: 1.132400 ms (FindLiveObjects: 0.050100 ms CreateObjectMapping: 0.011800 ms MarkObjects: 0.170300 ms  DeleteObjects: 0.899900 ms)

DROP PASS skills=True rear=True press=False remap=False semi-auto activation follows front/rear rules 
(Filename: E:\unity\Runtime/Export/Debug/Debug.bindings.h Line: 39)

DROP PASS skills=True rear=True press=False remap=False descent preserves connected skeleton 
(Filename: E:\unity\Runtime/Export/Debug/Debug.bindings.h Line: 39)

DROP PASS skills=True rear=True press=False remap=False all native joints retained 
(Filename: E:\unity\Runtime/Export/Debug/Debug.bindings.h Line: 39)

Unloading 4 Unused Serialized files (Serialized files now loaded: 0)
UnloadTime: 0.428200 ms

Unloading 2 unused Assets to reduce memory usage. Loaded Objects now: 1058.
Total: 1.464500 ms (FindLiveObjects: 0.034900 ms CreateObjectMapping: 0.008900 ms MarkObjects: 0.190500 ms  DeleteObjects: 1.230000 ms)

DROP PASS skills=True rear=True press=True remap=False semi-auto activation follows front/rear rules 
(Filename: E:\unity\Runtime/Export/Debug/Debug.bindings.h Line: 39)

DROP PASS skills=True rear=True press=True remap=False descent preserves connected skeleton 
(Filename: E:\unity\Runtime/Export/Debug/Debug.bindings.h Line: 39)

DROP PASS skills=True rear=True press=True remap=False all native joints retained 
(Filename: E:\unity\Runtime/Export/Debug/Debug.bindings.h Line: 39)

DROP PASS skills=True rear=True press=True remap=False fast descent stays bounded 
(Filename: E:\unity\Runtime/Export/Debug/Debug.bindings.h Line: 39)

DROP PASS skills=True rear=True press=True remap=False lands through actual ground collision 
(Filename: E:\unity\Runtime/Export/Debug/Debug.bindings.h Line: 39)

DROP PASS skills=True rear=True press=True remap=False landing ends assistance 
(Filename: E:\unity\Runtime/Export/Debug/Debug.bindings.h Line: 39)

DROP PASS skills=True rear=True press=True remap=False reset clears animation 
(Filename: E:\unity\Runtime/Export/Debug/Debug.bindings.h Line: 39)

Unloading 4 Unused Serialized files (Serialized files now loaded: 0)
UnloadTime: 0.259500 ms

Unloading 2 unused Assets to reduce memory usage. Loaded Objects now: 1058.
Total: 1.461600 ms (FindLiveObjects: 0.033300 ms CreateObjectMapping: 0.009400 ms MarkObjects: 0.199900 ms  DeleteObjects: 1.218600 ms)

DROP PASS custom down key accepted 
(Filename: E:\unity\Runtime/Export/Debug/Debug.bindings.h Line: 39)

DROP PASS skills=True rear=True press=True remap=True semi-auto activation follows front/rear rules 
(Filename: E:\unity\Runtime/Export/Debug/Debug.bindings.h Line: 39)

DROP PASS skills=True rear=True press=True remap=True descent preserves connected skeleton 
(Filename: E:\unity\Runtime/Export/Debug/Debug.bindings.h Line: 39)

DROP PASS skills=True rear=True press=True remap=True all native joints retained 
(Filename: E:\unity\Runtime/Export/Debug/Debug.bindings.h Line: 39)

DROP PASS skills=True rear=True press=True remap=True fast descent stays bounded 
(Filename: E:\unity\Runtime/Export/Debug/Debug.bindings.h Line: 39)

DROP PASS skills=True rear=True press=True remap=True lands through actual ground collision 
(Filename: E:\unity\Runtime/Export/Debug/Debug.bindings.h Line: 39)

DROP PASS skills=True rear=True press=True remap=True landing ends assistance 
(Filename: E:\unity\Runtime/Export/Debug/Debug.bindings.h Line: 39)

DROP PASS skills=True rear=True press=True remap=True reset clears animation 
(Filename: E:\unity\Runtime/Export/Debug/Debug.bindings.h Line: 39)

DROP COMPLETE checks=45 failures=0 
(Filename: E:\unity\Runtime/Export/Debug/Debug.bindings.h Line: 39)

Setting up 12 worker threads for Enlighten.
  Thread -> id: 7bb4 -> priority: 1 
  Thread -> id: 7018 -> priority: 1 
  Thread -> id: a21c -> priority: 1 
  Thread -> id: a52c -> priority: 1 
  Thread -> id: 6ae8 -> priority: 1 
  Thread -> id: 51d4 -> priority: 1 
  Thread -> id: 6328 -> priority: 1 
  Thread -> id: a0b4 -> priority: 1 
  Thread -> id: 55a0 -> priority: 1 
  Thread -> id: 5898 -> priority: 1 
  Thread -> id: 9690 -> priority: 1 
  Thread -> id: 9d50 -> priority: 1 
Curl error 42: Callback aborted
 
(Filename:  Line: 867)

