Mono path[0] = 'C:/Users/Alienware/Documents/范志毅VS赵鹏/范志毅VS赵鹏 PC双人版（32位）/鑼冨織姣匳S璧甸箯 PC鍙屼汉鐗堬紙32浣嶏級/AI Mod Source/build/zhao-strategy-test-player-experiment/FanZhiYi_Data/Managed'
Mono config path = 'C:/Users/Alienware/Documents/范志毅VS赵鹏/范志毅VS赵鹏 PC双人版（32位）/鑼冨織姣匳S璧甸箯 PC鍙屼汉鐗堬紙32浣嶏級/AI Mod Source/build/zhao-strategy-test-player-experiment/MonoBleedingEdge/etc'
AS: AutoStreaming module initializing.Initialize engine version: 2019.4.33f1c1 (c2f94a8bebb3)
[Subsystems] Discovering subsystems at path C:/Users/Alienware/Documents/范志毅VS赵鹏/范志毅VS赵鹏 PC双人版（32位）/鑼冨織姣匳S璧甸箯 PC鍙屼汉鐗堬紙32浣嶏級/AI Mod Source/build/zhao-strategy-test-player-experiment/FanZhiYi_Data/UnitySubsystems
GfxDevice: creating device client; threaded=1
Direct3D:
    Version:  Direct3D 11.0 [level 11.1]
    Renderer: NVIDIA GeForce RTX 5070 Laptop GPU (ID=0x2d58)
    Vendor:   (null)
    VRAM:     3072 MB
    Driver:   32.0.15.9608
Begin MonoManager ReloadAssembly
- Completed reload, in  0.132 seconds
<RI> Initializing input.
<RI> Input initialized.
<RI> Initialized touch support.
UnloadTime: 0.526400 ms
Unloading 5 Unused Serialized files (Serialized files now loaded: 0)
UnloadTime: 0.209800 ms

Unloading 143 unused Assets to reduce memory usage. Loaded Objects now: 1009.
Total: 0.625600 ms (FindLiveObjects: 0.042100 ms CreateObjectMapping: 0.011300 ms MarkObjects: 0.238300 ms  DeleteObjects: 0.333700 ms)

BALANCE HEADER Zhao before=(-4.1, -1.2) after=(-3.7, -1.1) 
(Filename: E:\unity\Runtime/Export/Debug/Debug.bindings.h Line: 39)

BALANCE PASS header skills=False fan=False rear=False command=True one reduction only reduced=1 assisted=0 
(Filename: E:\unity\Runtime/Export/Debug/Debug.bindings.h Line: 39)

BALANCE PASS header skills=False fan=False rear=False command=True velocity is exactly 90% of prior header 
(Filename: E:\unity\Runtime/Export/Debug/Debug.bindings.h Line: 39)

BALANCE PASS header skills=False fan=False rear=False command=True real head contact or reachable native assisted strike 
(Filename: E:\unity\Runtime/Export/Debug/Debug.bindings.h Line: 39)

BALANCE PASS header skills=False fan=False rear=False command=True skeleton stable error=0.01246627 
(Filename: E:\unity\Runtime/Export/Debug/Debug.bindings.h Line: 39)

Unloading 4 Unused Serialized files (Serialized files now loaded: 0)
UnloadTime: 0.605900 ms

Unloading 38 unused Assets to reduce memory usage. Loaded Objects now: 1058.
Total: 1.231100 ms (FindLiveObjects: 0.118400 ms CreateObjectMapping: 0.017400 ms MarkObjects: 0.233000 ms  DeleteObjects: 0.862000 ms)

BALANCE HEADER Zhao before=(-2.6, -0.8) after=(-2.4, -0.7) 
(Filename: E:\unity\Runtime/Export/Debug/Debug.bindings.h Line: 39)

BALANCE PASS header skills=True fan=False rear=False command=True one reduction only reduced=1 assisted=0 
(Filename: E:\unity\Runtime/Export/Debug/Debug.bindings.h Line: 39)

BALANCE PASS header skills=True fan=False rear=False command=True velocity is exactly 90% of prior header 
(Filename: E:\unity\Runtime/Export/Debug/Debug.bindings.h Line: 39)

BALANCE PASS header skills=True fan=False rear=False command=True real head contact or reachable native assisted strike 
(Filename: E:\unity\Runtime/Export/Debug/Debug.bindings.h Line: 39)

BALANCE PASS header skills=True fan=False rear=False command=True skeleton stable error=0.01848887 
(Filename: E:\unity\Runtime/Export/Debug/Debug.bindings.h Line: 39)

Unloading 4 Unused Serialized files (Serialized files now loaded: 0)
UnloadTime: 1.140600 ms

Unloading 3 unused Assets to reduce memory usage. Loaded Objects now: 1064.
Total: 1.270100 ms (FindLiveObjects: 0.074000 ms CreateObjectMapping: 0.020500 ms MarkObjects: 0.313000 ms  DeleteObjects: 0.862000 ms)

BALANCE HEADER Fan before=(3.5, -0.5) after=(3.2, -0.5) 
(Filename: E:\unity\Runtime/Export/Debug/Debug.bindings.h Line: 39)

BALANCE PASS header skills=False fan=True rear=False command=True one reduction only reduced=1 assisted=0 
(Filename: E:\unity\Runtime/Export/Debug/Debug.bindings.h Line: 39)

BALANCE PASS header skills=False fan=True rear=False command=True velocity is exactly 90% of prior header 
(Filename: E:\unity\Runtime/Export/Debug/Debug.bindings.h Line: 39)

BALANCE PASS header skills=False fan=True rear=False command=True real head contact or reachable native assisted strike 
(Filename: E:\unity\Runtime/Export/Debug/Debug.bindings.h Line: 39)

BALANCE PASS header skills=False fan=True rear=False command=True skeleton stable error=0.01181721 
(Filename: E:\unity\Runtime/Export/Debug/Debug.bindings.h Line: 39)

Unloading 4 Unused Serialized files (Serialized files now loaded: 0)
UnloadTime: 0.387300 ms

Unloading 3 unused Assets to reduce memory usage. Loaded Objects now: 1060.
Total: 1.152800 ms (FindLiveObjects: 0.047500 ms CreateObjectMapping: 0.012400 ms MarkObjects: 0.259700 ms  DeleteObjects: 0.832900 ms)

BALANCE PASS header skills=True fan=True rear=False command=True one reduction only reduced=0 assisted=1 
(Filename: E:\unity\Runtime/Export/Debug/Debug.bindings.h Line: 39)

BALANCE PASS header skills=True fan=True rear=False command=True velocity is exactly 90% of prior header 
(Filename: E:\unity\Runtime/Export/Debug/Debug.bindings.h Line: 39)

BALANCE PASS header skills=True fan=True rear=False command=True real head contact or reachable native assisted strike 
(Filename: E:\unity\Runtime/Export/Debug/Debug.bindings.h Line: 39)

BALANCE PASS header skills=True fan=True rear=False command=True skeleton stable error=0.01111487 
(Filename: E:\unity\Runtime/Export/Debug/Debug.bindings.h Line: 39)

Unloading 4 Unused Serialized files (Serialized files now loaded: 0)
UnloadTime: 0.275500 ms

Unloading 2 unused Assets to reduce memory usage. Loaded Objects now: 1060.
Total: 1.070000 ms (FindLiveObjects: 0.031700 ms CreateObjectMapping: 0.008300 ms MarkObjects: 0.177100 ms  DeleteObjects: 0.852400 ms)

BALANCE HEADER Fan before=(-0.5, 0.2) after=(-0.4, 0.2) 
(Filename: E:\unity\Runtime/Export/Debug/Debug.bindings.h Line: 39)

BALANCE PASS header skills=True fan=True rear=True command=True one reduction only reduced=1 assisted=0 
(Filename: E:\unity\Runtime/Export/Debug/Debug.bindings.h Line: 39)

BALANCE PASS header skills=True fan=True rear=True command=True velocity is exactly 90% of prior header 
(Filename: E:\unity\Runtime/Export/Debug/Debug.bindings.h Line: 39)

BALANCE PASS header skills=True fan=True rear=True command=True real head contact or reachable native assisted strike 
(Filename: E:\unity\Runtime/Export/Debug/Debug.bindings.h Line: 39)

BALANCE PASS header skills=True fan=True rear=True command=True skeleton stable error=0.009806653 
(Filename: E:\unity\Runtime/Export/Debug/Debug.bindings.h Line: 39)

Unloading 4 Unused Serialized files (Serialized files now loaded: 0)
UnloadTime: 0.274300 ms

Unloading 2 unused Assets to reduce memory usage. Loaded Objects now: 1060.
Total: 1.017800 ms (FindLiveObjects: 0.032900 ms CreateObjectMapping: 0.008600 ms MarkObjects: 0.192400 ms  DeleteObjects: 0.783500 ms)

BALANCE PASS header skills=False fan=False rear=False command=False passive head collision is unchanged 
(Filename: E:\unity\Runtime/Export/Debug/Debug.bindings.h Line: 39)

BALANCE PASS header skills=False fan=False rear=False command=False passive physical fixture touched head 
(Filename: E:\unity\Runtime/Export/Debug/Debug.bindings.h Line: 39)

BALANCE PASS header skills=False fan=False rear=False command=False skeleton stable error=0.007761279 
(Filename: E:\unity\Runtime/Export/Debug/Debug.bindings.h Line: 39)

Unloading 4 Unused Serialized files (Serialized files now loaded: 0)
UnloadTime: 0.337400 ms

Unloading 2 unused Assets to reduce memory usage. Loaded Objects now: 1060.
Total: 1.096800 ms (FindLiveObjects: 0.053300 ms CreateObjectMapping: 0.017000 ms MarkObjects: 0.207600 ms  DeleteObjects: 0.818800 ms)

BALANCE PASS existing real head contact before command fan=False 
(Filename: E:\unity\Runtime/Export/Debug/Debug.bindings.h Line: 39)

BALANCE HEADER Zhao before=(0.1, 0.1) after=(0.1, 0.1) 
(Filename: E:\unity\Runtime/Export/Debug/Debug.bindings.h Line: 39)

BALANCE PASS ongoing head contact reduced once on release fan=False reduced=1 
(Filename: E:\unity\Runtime/Export/Debug/Debug.bindings.h Line: 39)

BALANCE PASS ongoing head release velocity is exactly 90% fan=False 
(Filename: E:\unity\Runtime/Export/Debug/Debug.bindings.h Line: 39)

BALANCE PASS ongoing head contact keeps native skeleton fan=False 
(Filename: E:\unity\Runtime/Export/Debug/Debug.bindings.h Line: 39)

Unloading 4 Unused Serialized files (Serialized files now loaded: 0)
UnloadTime: 0.261600 ms

Unloading 3 unused Assets to reduce memory usage. Loaded Objects now: 1064.
Total: 1.146600 ms (FindLiveObjects: 0.067800 ms CreateObjectMapping: 0.017500 ms MarkObjects: 0.243200 ms  DeleteObjects: 0.817700 ms)

BALANCE PASS existing real head contact before command fan=True 
(Filename: E:\unity\Runtime/Export/Debug/Debug.bindings.h Line: 39)

BALANCE HEADER Fan before=(-0.3, 0.4) after=(-0.3, 0.4) 
(Filename: E:\unity\Runtime/Export/Debug/Debug.bindings.h Line: 39)

BALANCE PASS ongoing head contact reduced once on release fan=True reduced=1 
(Filename: E:\unity\Runtime/Export/Debug/Debug.bindings.h Line: 39)

BALANCE PASS ongoing head release velocity is exactly 90% fan=True 
(Filename: E:\unity\Runtime/Export/Debug/Debug.bindings.h Line: 39)

BALANCE PASS ongoing head contact keeps native skeleton fan=True 
(Filename: E:\unity\Runtime/Export/Debug/Debug.bindings.h Line: 39)

Unloading 4 Unused Serialized files (Serialized files now loaded: 0)
UnloadTime: 0.332600 ms

Unloading 3 unused Assets to reduce memory usage. Loaded Objects now: 1060.
Total: 1.309100 ms (FindLiveObjects: 0.054200 ms CreateObjectMapping: 0.019200 ms MarkObjects: 0.238400 ms  DeleteObjects: 0.996800 ms)

BALANCE PASS classic manual backward speed retained 
(Filename: E:\unity\Runtime/Export/Debug/Debug.bindings.h Line: 39)

Unloading 4 Unused Serialized files (Serialized files now loaded: 0)
UnloadTime: 0.261400 ms

Unloading 2 unused Assets to reduce memory usage. Loaded Objects now: 1060.
Total: 1.350400 ms (FindLiveObjects: 0.070200 ms CreateObjectMapping: 0.018200 ms MarkObjects: 0.272200 ms  DeleteObjects: 0.989300 ms)

BALANCE PASS front ball keeps original manual retreat 
(Filename: E:\unity\Runtime/Export/Debug/Debug.bindings.h Line: 39)

BALANCE PASS original skill retreat speed retained 
(Filename: E:\unity\Runtime/Export/Debug/Debug.bindings.h Line: 39)

BALANCE PASS rear ball alone cannot auto activate 
(Filename: E:\unity\Runtime/Export/Debug/Debug.bindings.h Line: 39)

BALANCE PASS auto retreat never exceeds twice ordinary native speed 
(Filename: E:\unity\Runtime/Export/Debug/Debug.bindings.h Line: 39)

BALANCE PASS stationary reachable ball uses less than maximum speed 
(Filename: E:\unity\Runtime/Export/Debug/Debug.bindings.h Line: 39)

BALANCE PASS fast rear ball reaches the two-times cap 
(Filename: E:\unity\Runtime/Export/Debug/Debug.bindings.h Line: 39)

BALANCE PASS tap continues bounded automatic retreat 
(Filename: E:\unity\Runtime/Export/Debug/Debug.bindings.h Line: 39)

BALANCE PASS opposite steering cancels rescue 
(Filename: E:\unity\Runtime/Export/Debug/Debug.bindings.h Line: 39)

BALANCE PASS manual kick cancels automatic retreat 
(Filename: E:\unity\Runtime/Export/Debug/Debug.bindings.h Line: 39)

BALANCE PASS pause clears auto commands 
(Filename: E:\unity\Runtime/Export/Debug/Debug.bindings.h Line: 39)

BALANCE PASS round reset clears rescue and balance 
(Filename: E:\unity\Runtime/Export/Debug/Debug.bindings.h Line: 39)

BALANCE PASS unreachable rescue has a time limit 
(Filename: E:\unity\Runtime/Export/Debug/Debug.bindings.h Line: 39)

BALANCE PASS tight own-goal space brakes instead of running through rear ball 
(Filename: E:\unity\Runtime/Export/Debug/Debug.bindings.h Line: 39)

Unloading 4 Unused Serialized files (Serialized files now loaded: 0)
UnloadTime: 0.345600 ms

Unloading 2 unused Assets to reduce memory usage. Loaded Objects now: 1060.
Total: 1.349900 ms (FindLiveObjects: 0.052700 ms CreateObjectMapping: 0.015600 ms MarkObjects: 0.252300 ms  DeleteObjects: 1.028800 ms)

BALANCE RETREAT low frame=0 body=(-2.0, -0.4) ball=(-0.2, -1.6) velocity=(-0.1, 0.1) tilt=11.2562 headed=False waiting=True height=2.15242 width=0.5137253 head=(-2.1, 0.1, 0.2) deadline=2.6 
(Filename: E:\unity\Runtime/Export/Debug/Debug.bindings.h Line: 39)

BALANCE RETREAT low frame=20 body=(-1.2, 1.3) ball=(-0.2, -1.6) velocity=(3.6, 2.4) tilt=-0.04275047 headed=False waiting=False height=2.15242 width=0.5137253 head=(-1.2, 1.8, 0.2) deadline=2.2 
(Filename: E:\unity\Runtime/Export/Debug/Debug.bindings.h Line: 39)

BALANCE RETREAT low frame=40 body=(0.0, 1.4) ball=(-0.2, -1.6) velocity=(2.9, -1.6) tilt=-2.228138 headed=False waiting=False height=2.15242 width=0.5137253 head=(0.1, 1.9, 0.2) deadline=1.8 
(Filename: E:\unity\Runtime/Export/Debug/Debug.bindings.h Line: 39)

BALANCE RETREAT low frame=60 body=(0.4, -0.1) ball=(-0.2, -1.6) velocity=(0.2, -5.6) tilt=5.762843 headed=False waiting=False height=2.15242 width=0.5137253 head=(0.3, 0.4, 0.2) deadline=-13.26 
(Filename: E:\unity\Runtime/Export/Debug/Debug.bindings.h Line: 39)

BALANCE RETREAT low frame=80 body=(0.4, -0.5) ball=(-0.2, -1.6) velocity=(-0.8, 2.4) tilt=15.70974 headed=False waiting=False height=2.15242 width=0.5137253 head=(0.3, 0.1, 0.2) deadline=-13.66 
(Filename: E:\unity\Runtime/Export/Debug/Debug.bindings.h Line: 39)

BALANCE RETREAT low frame=100 body=(0.4, -0.3) ball=(-0.4, -1.6) velocity=(0.0, -1.7) tilt=5.422921 headed=False waiting=False height=2.15242 width=0.5137253 head=(0.3, 0.2, 0.2) deadline=-14.06 
(Filename: E:\unity\Runtime/Export/Debug/Debug.bindings.h Line: 39)

BALANCE RETREAT low frame=120 body=(0.3, -0.4) ball=(-0.7, -1.6) velocity=(-0.1, -0.1) tilt=9.00112 headed=False waiting=False height=2.15242 width=0.5137253 head=(0.2, 0.1, 0.2) deadline=-14.46 
(Filename: E:\unity\Runtime/Export/Debug/Debug.bindings.h Line: 39)

BALANCE RETREAT low frame=140 body=(0.2, -0.4) ball=(-1.0, -1.6) velocity=(0.0, 0.0) tilt=11.23877 headed=False waiting=False height=2.15242 width=0.5137253 head=(0.1, 0.1, 0.2) deadline=-14.86 
(Filename: E:\unity\Runtime/Export/Debug/Debug.bindings.h Line: 39)

BALANCE RETREAT low frame=160 body=(0.3, -0.4) ball=(-1.3, -1.6) velocity=(0.2, 0.0) tilt=9.375879 headed=False waiting=False height=2.15242 width=0.5137253 head=(0.2, 0.1, 0.2) deadline=-15.26 
(Filename: E:\unity\Runtime/Export/Debug/Debug.bindings.h Line: 39)

BALANCE RETREAT low frame=180 body=(0.3, -0.4) ball=(-1.6, -1.6) velocity=(-0.1, 0.0) tilt=8.989979 headed=False waiting=False height=2.15242 width=0.5137253 head=(0.2, 0.1, 0.2) deadline=-15.66 
(Filename: E:\unity\Runtime/Export/Debug/Debug.bindings.h Line: 39)

BALANCE RETREAT low frame=200 body=(0.3, -0.4) ball=(-1.9, -1.6) velocity=(-0.1, 0.0) tilt=10.76028 headed=False waiting=False height=2.15242 width=0.5137253 head=(0.2, 0.1, 0.2) deadline=-16.06 
(Filename: E:\unity\Runtime/Export/Debug/Debug.bindings.h Line: 39)

BALANCE PASS low gap=1.8 nearGoal=False falling=False no own goal during rescue 
(Filename: E:\unity\Runtime/Export/Debug/Debug.bindings.h Line: 39)

BALANCE PASS low gap=1.8 nearGoal=False falling=False all joints stay connected error=0.06249917 
(Filename: E:\unity\Runtime/Export/Debug/Debug.bindings.h Line: 39)

BALANCE PASS low gap=1.8 nearGoal=False falling=False native skeleton retained 
(Filename: E:\unity\Runtime/Export/Debug/Debug.bindings.h Line: 39)

BALANCE PASS low gap=1.8 nearGoal=False falling=False balanced after recovery tilt=10.83722 
(Filename: E:\unity\Runtime/Export/Debug/Debug.bindings.h Line: 39)

BALANCE PASS low gap=1.8 nearGoal=False falling=False native jump clears low ball 
(Filename: E:\unity\Runtime/Export/Debug/Debug.bindings.h Line: 39)

BALANCE PASS low gap=1.8 nearGoal=False falling=False reaches goal side of ball 
(Filename: E:\unity\Runtime/Export/Debug/Debug.bindings.h Line: 39)

BALANCE PASS low gap=1.8 nearGoal=False falling=False bounded auto action ended 
(Filename: E:\unity\Runtime/Export/Debug/Debug.bindings.h Line: 39)

Unloading 4 Unused Serialized files (Serialized files now loaded: 0)
UnloadTime: 0.299700 ms

Unloading 2 unused Assets to reduce memory usage. Loaded Objects now: 1060.
Total: 1.410900 ms (FindLiveObjects: 0.063400 ms CreateObjectMapping: 0.018500 ms MarkObjects: 0.262700 ms  DeleteObjects: 1.065900 ms)

BALANCE RETREAT low frame=0 body=(3.5, -0.4) ball=(4.6, -1.6) velocity=(-0.1, 0.1) tilt=11.54543 headed=False waiting=True height=2.15242 width=0.5137253 head=(3.4, 0.1, 0.2) deadline=2.6 
(Filename: E:\unity\Runtime/Export/Debug/Debug.bindings.h Line: 39)

BALANCE RETREAT low frame=20 body=(4.2, 1.2) ball=(4.6, -1.6) velocity=(3.5, 2.3) tilt=0.3105428 headed=False waiting=False height=2.15242 width=0.5137253 head=(4.2, 1.8, 0.2) deadline=2.200001 
(Filename: E:\unity\Runtime/Export/Debug/Debug.bindings.h Line: 39)

BALANCE RETREAT low frame=40 body=(5.1, 1.3) ball=(4.6, -1.6) velocity=(0.2, -1.7) tilt=-2.108964 headed=False waiting=False height=2.15242 width=0.5137253 head=(5.1, 1.8, 0.2) deadline=1.799999 
(Filename: E:\unity\Runtime/Export/Debug/Debug.bindings.h Line: 39)

BALANCE RETREAT low frame=60 body=(5.1, -0.2) ball=(4.6, -1.6) velocity=(0.2, -5.6) tilt=5.741637 headed=False waiting=False height=2.15242 width=0.5137253 head=(5.1, 0.3, 0.2) deadline=-18 
(Filename: E:\unity\Runtime/Export/Debug/Debug.bindings.h Line: 39)

BALANCE RETREAT low frame=80 body=(5.2, -0.4) ball=(4.5, -1.6) velocity=(0.1, 0.0) tilt=8.92514 headed=False waiting=False height=2.15242 width=0.5137253 head=(5.1, 0.1, 0.2) deadline=-18.4 
(Filename: E:\unity\Runtime/Export/Debug/Debug.bindings.h Line: 39)

BALANCE RETREAT low frame=100 body=(5.1, -0.4) ball=(4.0, -1.6) velocity=(-0.1, 0.1) tilt=11.06536 headed=False waiting=False height=2.15242 width=0.5137253 head=(5.0, 0.1, 0.2) deadline=-18.8 
(Filename: E:\unity\Runtime/Export/Debug/Debug.bindings.h Line: 39)

BALANCE RETREAT low frame=120 body=(5.2, -0.4) ball=(3.5, -1.6) velocity=(0.1, 0.0) tilt=9.341274 headed=False waiting=False height=2.15242 width=0.5137253 head=(5.1, 0.1, 0.2) deadline=-19.2 
(Filename: E:\unity\Runtime/Export/Debug/Debug.bindings.h Line: 39)

BALANCE RETREAT low frame=140 body=(5.2, -0.4) ball=(3.0, -1.6) velocity=(-0.1, 0.0) tilt=9.542972 headed=False waiting=False height=2.15242 width=0.5137253 head=(5.1, 0.1, 0.2) deadline=-19.6 
(Filename: E:\unity\Runtime/Export/Debug/Debug.bindings.h Line: 39)

BALANCE RETREAT low frame=160 body=(5.1, -0.4) ball=(2.6, -1.6) velocity=(0.0, 0.0) tilt=10.79096 headed=False waiting=False height=2.15242 width=0.5137253 head=(5.0, 0.1, 0.2) deadline=-20 
(Filename: E:\unity\Runtime/Export/Debug/Debug.bindings.h Line: 39)

BALANCE RETREAT low frame=180 body=(5.2, -0.4) ball=(2.1, -1.6) velocity=(0.1, 0.0) tilt=9.660306 headed=False waiting=False height=2.15242 width=0.5137253 head=(5.1, 0.1, 0.2) deadline=-20.4 
(Filename: E:\unity\Runtime/Export/Debug/Debug.bindings.h Line: 39)

BALANCE RETREAT low frame=200 body=(5.2, -0.4) ball=(1.6, -1.6) velocity=(-0.1, 0.0) tilt=9.796146 headed=False waiting=False height=2.15242 width=0.5137253 head=(5.1, 0.1, 0.2) deadline=-20.8 
(Filename: E:\unity\Runtime/Export/Debug/Debug.bindings.h Line: 39)

BALANCE PASS low gap=1.1 nearGoal=True falling=False no own goal during rescue 
(Filename: E:\unity\Runtime/Export/Debug/Debug.bindings.h Line: 39)

BALANCE PASS low gap=1.1 nearGoal=True falling=False all joints stay connected error=0.01765053 
(Filename: E:\unity\Runtime/Export/Debug/Debug.bindings.h Line: 39)

BALANCE PASS low gap=1.1 nearGoal=True falling=False native skeleton retained 
(Filename: E:\unity\Runtime/Export/Debug/Debug.bindings.h Line: 39)

BALANCE PASS low gap=1.1 nearGoal=True falling=False balanced after recovery tilt=10.45618 
(Filename: E:\unity\Runtime/Export/Debug/Debug.bindings.h Line: 39)

BALANCE PASS low gap=1.1 nearGoal=True falling=False native jump clears low ball 
(Filename: E:\unity\Runtime/Export/Debug/Debug.bindings.h Line: 39)

BALANCE PASS low gap=1.1 nearGoal=True falling=False reaches goal side of ball 
(Filename: E:\unity\Runtime/Export/Debug/Debug.bindings.h Line: 39)

BALANCE PASS low gap=1.1 nearGoal=True falling=False bounded auto action ended 
(Filename: E:\unity\Runtime/Export/Debug/Debug.bindings.h Line: 39)

Unloading 4 Unused Serialized files (Serialized files now loaded: 0)
UnloadTime: 0.277400 ms

Unloading 2 unused Assets to reduce memory usage. Loaded Objects now: 1060.
Total: 1.232400 ms (FindLiveObjects: 0.052700 ms CreateObjectMapping: 0.007800 ms MarkObjects: 0.167900 ms  DeleteObjects: 1.003700 ms)

BALANCE RETREAT head frame=0 body=(-2.0, -0.4) ball=(-0.2, 0.1) velocity=(0.1, 0.1) tilt=11.2513 headed=False waiting=False height=2.15242 width=0.5137253 head=(-2.1, 0.1, 0.2) deadline=2.6 
(Filename: E:\unity\Runtime/Export/Debug/Debug.bindings.h Line: 39)

BALANCE RETREAT head frame=20 body=(-0.8, -1.0) ball=(-0.2, 0.1) velocity=(3.1, -1.2) tilt=5.118186 headed=True waiting=False height=2.15242 width=0.5137253 head=(-0.9, -0.5, 0.2) deadline=2.200001 
(Filename: E:\unity\Runtime/Export/Debug/Debug.bindings.h Line: 39)

BALANCE CLEARANCE (9.0, 3.8) 
(Filename: E:\unity\Runtime/Export/Debug/Debug.bindings.h Line: 39)

BALANCE RETREAT head frame=40 body=(-0.7, -0.4) ball=(0.5, 0.5) velocity=(-0.6, 2.1) tilt=-43.53819 headed=True waiting=False height=2.15242 width=0.5137253 head=(-0.4, 0.0, 0.2) deadline=-22.34 
(Filename: E:\unity\Runtime/Export/Debug/Debug.bindings.h Line: 39)

BALANCE RETREAT head frame=60 body=(-0.8, -0.4) ball=(4.1, 2.0) velocity=(0.0, 0.2) tilt=9.234152 headed=True waiting=False height=2.15242 width=0.5137253 head=(-0.9, 0.1, 0.2) deadline=-22.74 
(Filename: E:\unity\Runtime/Export/Debug/Debug.bindings.h Line: 39)

BALANCE RETREAT head frame=80 body=(-0.7, -0.4) ball=(7.7, 3.5) velocity=(0.1, 0.0) tilt=10.32674 headed=False waiting=False height=2.15242 width=0.5137253 head=(-0.8, 0.1, 0.2) deadline=-23.14 
(Filename: E:\unity\Runtime/Export/Debug/Debug.bindings.h Line: 39)

BALANCE RETREAT head frame=100 body=(-0.7, -0.4) ball=(6.7, 4.7) velocity=(0.0, 0.0) tilt=9.730436 headed=False waiting=False height=2.15242 width=0.5137253 head=(-0.8, 0.1, 0.2) deadline=-23.54 
(Filename: E:\unity\Runtime/Export/Debug/Debug.bindings.h Line: 39)

BALANCE RETREAT head frame=120 body=(-0.7, -0.4) ball=(4.2, 4.5) velocity=(-0.1, 0.0) tilt=9.883303 headed=False waiting=False height=2.15242 width=0.5137253 head=(-0.8, 0.1, 0.2) deadline=-23.94 
(Filename: E:\unity\Runtime/Export/Debug/Debug.bindings.h Line: 39)

BALANCE RETREAT head frame=140 body=(-0.7, -0.4) ball=(2.0, 3.6) velocity=(0.0, 0.0) tilt=10.12177 headed=False waiting=False height=2.15242 width=0.5137253 head=(-0.8, 0.1, 0.2) deadline=-24.34 
(Filename: E:\unity\Runtime/Export/Debug/Debug.bindings.h Line: 39)

BALANCE RETREAT head frame=160 body=(-0.7, -0.4) ball=(-0.3, 2.8) velocity=(0.0, 0.0) tilt=9.850801 headed=False waiting=False height=2.15242 width=0.5137253 head=(-0.8, 0.1, 0.2) deadline=-24.74 
(Filename: E:\unity\Runtime/Export/Debug/Debug.bindings.h Line: 39)

BALANCE RETREAT head frame=180 body=(6.1, -0.2) ball=(3.6, 3.3) velocity=(0.0, -1.2) tilt=9.081281 headed=False waiting=False height=2.15242 width=0.5137253 head=(6.0, 0.3, 0.2) deadline=-25.14 
(Filename: E:\unity\Runtime/Export/Debug/Debug.bindings.h Line: 39)

BALANCE RETREAT head frame=200 body=(6.0, -0.4) ball=(3.6, 3.3) velocity=(-0.3, 0.1) tilt=9.360988 headed=False waiting=False height=2.15242 width=0.5137253 head=(5.9, 0.1, 0.2) deadline=-25.54 
(Filename: E:\unity\Runtime/Export/Debug/Debug.bindings.h Line: 39)

BALANCE PASS head gap=1.8 nearGoal=False falling=False no own goal during rescue 
(Filename: E:\unity\Runtime/Export/Debug/Debug.bindings.h Line: 39)

BALANCE PASS head gap=1.8 nearGoal=False falling=False all joints stay connected error=0.07380412 
(Filename: E:\unity\Runtime/Export/Debug/Debug.bindings.h Line: 39)

BALANCE PASS head gap=1.8 nearGoal=False falling=False native skeleton retained 
(Filename: E:\unity\Runtime/Export/Debug/Debug.bindings.h Line: 39)

BALANCE PASS head gap=1.8 nearGoal=False falling=False balanced after recovery tilt=13.98224 
(Filename: E:\unity\Runtime/Export/Debug/Debug.bindings.h Line: 39)

BALANCE PASS head gap=1.8 nearGoal=False falling=False real backward waist arch degrees=-59.36166 
(Filename: E:\unity\Runtime/Export/Debug/Debug.bindings.h Line: 39)

BALANCE PASS head gap=1.8 nearGoal=False falling=False native header and real safe-clearance collision count=1 
(Filename: E:\unity\Runtime/Export/Debug/Debug.bindings.h Line: 39)

BALANCE PASS head gap=1.8 nearGoal=False falling=False heads ball out or safely away 
(Filename: E:\unity\Runtime/Export/Debug/Debug.bindings.h Line: 39)

BALANCE PASS head gap=1.8 nearGoal=False falling=False bounded auto action ended 
(Filename: E:\unity\Runtime/Export/Debug/Debug.bindings.h Line: 39)

Unloading 4 Unused Serialized files (Serialized files now loaded: 0)
UnloadTime: 0.290100 ms

Unloading 4 unused Assets to reduce memory usage. Loaded Objects now: 1064.
Total: 1.221600 ms (FindLiveObjects: 0.053200 ms CreateObjectMapping: 0.016500 ms MarkObjects: 0.244900 ms  DeleteObjects: 0.906500 ms)

BALANCE RETREAT head frame=0 body=(3.5, -0.4) ball=(4.6, 0.1) velocity=(0.3, 0.1) tilt=11.5392 headed=False waiting=False height=2.15242 width=0.5137253 head=(3.4, 0.1, 0.2) deadline=2.6 
(Filename: E:\unity\Runtime/Export/Debug/Debug.bindings.h Line: 39)

BALANCE CLEARANCE (-7.2, 7.2) 
(Filename: E:\unity\Runtime/Export/Debug/Debug.bindings.h Line: 39)

BALANCE RETREAT head frame=20 body=(4.1, -0.5) ball=(3.5, 1.3) velocity=(0.0, 1.8) tilt=-30.84485 headed=True waiting=False height=2.15242 width=0.5137253 head=(4.2, 0.0, 0.2) deadline=-26.68 
(Filename: E:\unity\Runtime/Export/Debug/Debug.bindings.h Line: 39)

BALANCE RETREAT head frame=40 body=(4.1, -0.4) ball=(0.6, 4.2) velocity=(0.3, -0.5) tilt=20.09579 headed=True waiting=False height=2.15242 width=0.5137253 head=(3.9, 0.1, 0.2) deadline=-27.08 
(Filename: E:\unity\Runtime/Export/Debug/Debug.bindings.h Line: 39)

BALANCE RETREAT head frame=60 body=(4.1, -0.4) ball=(-1.4, 3.5) velocity=(0.0, 0.0) tilt=9.999717 headed=True waiting=False height=2.15242 width=0.5137253 head=(4.0, 0.1, 0.2) deadline=-27.48 
(Filename: E:\unity\Runtime/Export/Debug/Debug.bindings.h Line: 39)

BALANCE RETREAT head frame=80 body=(4.1, -0.4) ball=(-2.9, 1.2) velocity=(0.0, 0.0) tilt=8.691739 headed=True waiting=False height=2.15242 width=0.5137253 head=(4.0, 0.1, 0.2) deadline=-27.88 
(Filename: E:\unity\Runtime/Export/Debug/Debug.bindings.h Line: 39)

BALANCE RETREAT head frame=100 body=(4.1, -0.4) ball=(-4.5, -1.1) velocity=(-0.1, 0.0) tilt=8.874754 headed=True waiting=False height=2.15242 width=0.5137253 head=(4.0, 0.1, 0.2) deadline=-28.28 
(Filename: E:\unity\Runtime/Export/Debug/Debug.bindings.h Line: 39)

BALANCE RETREAT head frame=120 body=(4.1, -0.4) ball=(-5.2, -0.1) velocity=(0.0, 0.0) tilt=9.518781 headed=True waiting=False height=2.15242 width=0.5137253 head=(4.0, 0.1, 0.2) deadline=-28.68 
(Filename: E:\unity\Runtime/Export/Debug/Debug.bindings.h Line: 39)

BALANCE RETREAT head frame=140 body=(4.1, -0.4) ball=(-5.7, 1.7) velocity=(0.0, 0.0) tilt=8.836047 headed=True waiting=False height=2.15242 width=0.5137253 head=(4.0, 0.1, 0.2) deadline=-29.08 
(Filename: E:\unity\Runtime/Export/Debug/Debug.bindings.h Line: 39)

BALANCE RETREAT head frame=160 body=(4.1, -0.4) ball=(-4.2, 1.3) velocity=(0.0, 0.0) tilt=8.902407 headed=True waiting=False height=2.15242 width=0.5137253 head=(4.0, 0.1, 0.2) deadline=-29.48 
(Filename: E:\unity\Runtime/Export/Debug/Debug.bindings.h Line: 39)

BALANCE RETREAT head frame=180 body=(4.1, -0.4) ball=(-2.7, 1.0) velocity=(0.0, 0.0) tilt=9.371538 headed=True waiting=False height=2.15242 width=0.5137253 head=(4.0, 0.1, 0.2) deadline=-29.88 
(Filename: E:\unity\Runtime/Export/Debug/Debug.bindings.h Line: 39)

BALANCE RETREAT head frame=200 body=(4.1, -0.4) ball=(-1.2, 0.7) velocity=(0.0, 0.0) tilt=8.952578 headed=True waiting=False height=2.15242 width=0.5137253 head=(4.0, 0.1, 0.2) deadline=-30.28 
(Filename: E:\unity\Runtime/Export/Debug/Debug.bindings.h Line: 39)

BALANCE PASS head gap=1.1 nearGoal=True falling=False no own goal during rescue 
(Filename: E:\unity\Runtime/Export/Debug/Debug.bindings.h Line: 39)

BALANCE PASS head gap=1.1 nearGoal=True falling=False all joints stay connected error=0.1041687 
(Filename: E:\unity\Runtime/Export/Debug/Debug.bindings.h Line: 39)

BALANCE PASS head gap=1.1 nearGoal=True falling=False native skeleton retained 
(Filename: E:\unity\Runtime/Export/Debug/Debug.bindings.h Line: 39)

BALANCE PASS head gap=1.1 nearGoal=True falling=False balanced after recovery tilt=9.308838 
(Filename: E:\unity\Runtime/Export/Debug/Debug.bindings.h Line: 39)

BALANCE PASS head gap=1.1 nearGoal=True falling=False real backward waist arch degrees=-41.88666 
(Filename: E:\unity\Runtime/Export/Debug/Debug.bindings.h Line: 39)

BALANCE PASS head gap=1.1 nearGoal=True falling=False native header and real safe-clearance collision count=1 
(Filename: E:\unity\Runtime/Export/Debug/Debug.bindings.h Line: 39)

BALANCE PASS head gap=1.1 nearGoal=True falling=False heads ball out or safely away 
(Filename: E:\unity\Runtime/Export/Debug/Debug.bindings.h Line: 39)

BALANCE PASS head gap=1.1 nearGoal=True falling=False bounded auto action ended 
(Filename: E:\unity\Runtime/Export/Debug/Debug.bindings.h Line: 39)

Unloading 4 Unused Serialized files (Serialized files now loaded: 0)
UnloadTime: 0.365700 ms

Unloading 3 unused Assets to reduce memory usage. Loaded Objects now: 1064.
Total: 1.503800 ms (FindLiveObjects: 0.051600 ms CreateObjectMapping: 0.016200 ms MarkObjects: 0.310700 ms  DeleteObjects: 1.124800 ms)

BALANCE RETREAT low frame=0 body=(-2.0, -0.4) ball=(-0.2, -1.6) velocity=(-0.1, 0.1) tilt=11.2562 headed=False waiting=True height=2.15242 width=0.5137253 head=(-2.1, 0.1, 0.2) deadline=2.6 
(Filename: E:\unity\Runtime/Export/Debug/Debug.bindings.h Line: 39)

BALANCE RETREAT low frame=20 body=(-0.9, 1.3) ball=(0.4, -1.6) velocity=(5.5, 2.4) tilt=-0.4187233 headed=False waiting=False height=2.15242 width=0.5137253 head=(-0.9, 1.8, 0.2) deadline=2.199999 
(Filename: E:\unity\Runtime/Export/Debug/Debug.bindings.h Line: 39)

BALANCE RETREAT low frame=40 body=(0.7, 1.4) ball=(0.9, -1.6) velocity=(3.7, -1.6) tilt=-2.318319 headed=False waiting=False height=2.15242 width=0.5137253 head=(0.8, 1.9, 0.2) deadline=1.799999 
(Filename: E:\unity\Runtime/Export/Debug/Debug.bindings.h Line: 39)

BALANCE RETREAT low frame=60 body=(1.6, -0.1) ball=(1.4, -1.6) velocity=(0.2, -5.5) tilt=6.124362 headed=False waiting=True height=2.15242 width=0.5137253 head=(1.6, 0.4, 0.2) deadline=1.4 
(Filename: E:\unity\Runtime/Export/Debug/Debug.bindings.h Line: 39)

BALANCE RETREAT low frame=80 body=(1.6, -0.3) ball=(1.5, -1.6) velocity=(-0.2, 1.2) tilt=7.691049 headed=False waiting=True height=2.15242 width=0.5137253 head=(1.5, 0.2, 0.2) deadline=1 
(Filename: E:\unity\Runtime/Export/Debug/Debug.bindings.h Line: 39)

BALANCE RETREAT low frame=100 body=(1.7, 0.0) ball=(1.4, -1.6) velocity=(0.2, -0.4) tilt=4.820132 headed=False waiting=False height=2.15242 width=0.5137253 head=(1.6, 0.5, 0.2) deadline=-33.02 
(Filename: E:\unity\Runtime/Export/Debug/Debug.bindings.h Line: 39)

BALANCE RETREAT low frame=120 body=(1.7, -0.1) ball=(1.3, -1.6) velocity=(-0.1, 0.1) tilt=-1.81869 headed=False waiting=False height=2.15242 width=0.5137253 head=(1.6, 0.4, 0.2) deadline=-33.42 
(Filename: E:\unity\Runtime/Export/Debug/Debug.bindings.h Line: 39)

BALANCE RETREAT low frame=140 body=(1.7, -0.1) ball=(1.4, -1.6) velocity=(0.0, 0.0) tilt=2.555393 headed=False waiting=False height=2.15242 width=0.5137253 head=(1.6, 0.5, 0.2) deadline=-33.82 
(Filename: E:\unity\Runtime/Export/Debug/Debug.bindings.h Line: 39)

BALANCE RETREAT low frame=160 body=(1.7, -0.1) ball=(1.3, -1.6) velocity=(0.0, -0.1) tilt=0.1231314 headed=False waiting=False height=2.15242 width=0.5137253 head=(1.6, 0.4, 0.2) deadline=-34.22 
(Filename: E:\unity\Runtime/Export/Debug/Debug.bindings.h Line: 39)

BALANCE RETREAT low frame=180 body=(1.6, -0.1) ball=(1.3, -1.6) velocity=(-0.2, 0.1) tilt=1.164297 headed=False waiting=False height=2.15242 width=0.5137253 head=(1.5, 0.4, 0.2) deadline=-34.62 
(Filename: E:\unity\Runtime/Export/Debug/Debug.bindings.h Line: 39)

BALANCE RETREAT low frame=200 body=(1.5, -0.1) ball=(1.3, -1.6) velocity=(-0.3, -0.1) tilt=0.8601788 headed=False waiting=False height=2.15242 width=0.5137253 head=(1.5, 0.4, 0.2) deadline=-35.02 
(Filename: E:\unity\Runtime/Export/Debug/Debug.bindings.h Line: 39)

BALANCE PASS low gap=1.8 nearGoal=False falling=False no own goal during rescue 
(Filename: E:\unity\Runtime/Export/Debug/Debug.bindings.h Line: 39)

BALANCE PASS low gap=1.8 nearGoal=False falling=False all joints stay connected error=0.1399399 
(Filename: E:\unity\Runtime/Export/Debug/Debug.bindings.h Line: 39)

BALANCE PASS low gap=1.8 nearGoal=False falling=False native skeleton retained 
(Filename: E:\unity\Runtime/Export/Debug/Debug.bindings.h Line: 39)

BALANCE PASS low gap=1.8 nearGoal=False falling=False balanced after recovery tilt=1.243286 
(Filename: E:\unity\Runtime/Export/Debug/Debug.bindings.h Line: 39)

BALANCE PASS low gap=1.8 nearGoal=False falling=False native jump clears low ball 
(Filename: E:\unity\Runtime/Export/Debug/Debug.bindings.h Line: 39)

BALANCE PASS low gap=1.8 nearGoal=False falling=False reaches goal side of ball 
(Filename: E:\unity\Runtime/Export/Debug/Debug.bindings.h Line: 39)

BALANCE PASS low gap=1.8 nearGoal=False falling=False bounded auto action ended 
(Filename: E:\unity\Runtime/Export/Debug/Debug.bindings.h Line: 39)

Unloading 4 Unused Serialized files (Serialized files now loaded: 0)
UnloadTime: 0.300700 ms

Unloading 2 unused Assets to reduce memory usage. Loaded Objects now: 1060.
Total: 1.431600 ms (FindLiveObjects: 0.052800 ms CreateObjectMapping: 0.016600 ms MarkObjects: 0.194600 ms  DeleteObjects: 1.167100 ms)

BALANCE RETREAT head frame=0 body=(-2.0, -0.4) ball=(-0.2, 0.1) velocity=(0.1, 0.1) tilt=11.2513 headed=False waiting=False height=2.15242 width=0.5137253 head=(-2.1, 0.1, 0.2) deadline=2.599998 
(Filename: E:\unity\Runtime/Export/Debug/Debug.bindings.h Line: 39)

BALANCE RETREAT head frame=20 body=(-1.5, -0.4) ball=(-0.2, -1.6) velocity=(-1.1, 1.7) tilt=-8.24053 headed=False waiting=True height=2.15242 width=0.5137253 head=(-1.5, 0.2, 0.2) deadline=2.199997 
(Filename: E:\unity\Runtime/Export/Debug/Debug.bindings.h Line: 39)

BALANCE RETREAT head frame=40 body=(-1.3, -0.5) ball=(-0.2, -0.3) velocity=(3.3, -2.1) tilt=23.45951 headed=False waiting=False height=2.15242 width=0.5137253 head=(-1.5, -0.1, 0.2) deadline=1.799999 
(Filename: E:\unity\Runtime/Export/Debug/Debug.bindings.h Line: 39)

BALANCE RETREAT head frame=60 body=(-0.9, -0.1) ball=(-0.2, -0.6) velocity=(0.1, 2.2) tilt=13.52613 headed=False waiting=True height=2.15242 width=0.5137253 head=(-1.1, 0.4, 0.2) deadline=1.399998 
(Filename: E:\unity\Runtime/Export/Debug/Debug.bindings.h Line: 39)

BALANCE RETREAT head frame=80 body=(-0.9, -0.2) ball=(-0.2, -1.1) velocity=(0.1, -2.1) tilt=1.978472 headed=False waiting=True height=2.15242 width=0.5137253 head=(-1.0, 0.3, 0.2) deadline=0.9999962 
(Filename: E:\unity\Runtime/Export/Debug/Debug.bindings.h Line: 39)

BALANCE RETREAT head frame=100 body=(-0.9, 0.7) ball=(-0.2, -0.8) velocity=(-0.3, 3.2) tilt=8.737087 headed=False waiting=True height=2.15242 width=0.5137253 head=(-1.0, 1.2, 0.2) deadline=1.260002 
(Filename: E:\unity\Runtime/Export/Debug/Debug.bindings.h Line: 39)

BALANCE RETREAT head frame=120 body=(-0.1, 1.2) ball=(-0.2, -1.3) velocity=(3.6, -0.5) tilt=1.410809 headed=False waiting=False height=2.15242 width=0.5137253 head=(-0.1, 1.7, 0.2) deadline=0.8600006 
(Filename: E:\unity\Runtime/Export/Debug/Debug.bindings.h Line: 39)

BALANCE RETREAT head frame=140 body=(0.2, 0.1) ball=(-0.2, -1.2) velocity=(0.0, -4.6) tilt=-2.182323 headed=False waiting=True height=2.15242 width=0.5137253 head=(0.3, 0.6, 0.2) deadline=0.4600029 
(Filename: E:\unity\Runtime/Export/Debug/Debug.bindings.h Line: 39)

BALANCE RETREAT head frame=160 body=(0.2, -0.4) ball=(-0.6, -1.6) velocity=(0.3, 1.6) tilt=2.629493 headed=False waiting=False height=2.15242 width=0.5137253 head=(0.2, 0.1, 0.2) deadline=-38.96 
(Filename: E:\unity\Runtime/Export/Debug/Debug.bindings.h Line: 39)

BALANCE RETREAT head frame=180 body=(0.3, -0.4) ball=(-1.2, -1.6) velocity=(-0.1, 0.0) tilt=10.9567 headed=False waiting=False height=2.15242 width=0.5137253 head=(0.2, 0.1, 0.2) deadline=-39.36 
(Filename: E:\unity\Runtime/Export/Debug/Debug.bindings.h Line: 39)

BALANCE RETREAT head frame=200 body=(0.3, -0.4) ball=(-1.8, -1.6) velocity=(0.0, 0.0) tilt=10.15975 headed=False waiting=False height=2.15242 width=0.5137253 head=(0.2, 0.1, 0.2) deadline=-39.76 
(Filename: E:\unity\Runtime/Export/Debug/Debug.bindings.h Line: 39)

BALANCE PASS head gap=1.8 nearGoal=False falling=True no own goal during rescue 
(Filename: E:\unity\Runtime/Export/Debug/Debug.bindings.h Line: 39)

BALANCE PASS head gap=1.8 nearGoal=False falling=True all joints stay connected error=0.0717435 
(Filename: E:\unity\Runtime/Export/Debug/Debug.bindings.h Line: 39)

BALANCE PASS head gap=1.8 nearGoal=False falling=True native skeleton retained 
(Filename: E:\unity\Runtime/Export/Debug/Debug.bindings.h Line: 39)

BALANCE PASS head gap=1.8 nearGoal=False falling=True balanced after recovery tilt=10.75516 
(Filename: E:\unity\Runtime/Export/Debug/Debug.bindings.h Line: 39)

BALANCE PASS head gap=1.8 nearGoal=False falling=True native header and real safe-clearance collision count=0 
(Filename: E:\unity\Runtime/Export/Debug/Debug.bindings.h Line: 39)

BALANCE PASS head gap=1.8 nearGoal=False falling=True heads ball out or safely away 
(Filename: E:\unity\Runtime/Export/Debug/Debug.bindings.h Line: 39)

BALANCE PASS head gap=1.8 nearGoal=False falling=True bounded auto action ended 
(Filename: E:\unity\Runtime/Export/Debug/Debug.bindings.h Line: 39)

Unloading 4 Unused Serialized files (Serialized files now loaded: 0)
UnloadTime: 0.403100 ms

Unloading 3 unused Assets to reduce memory usage. Loaded Objects now: 1060.
Total: 1.342800 ms (FindLiveObjects: 0.033600 ms CreateObjectMapping: 0.008500 ms MarkObjects: 0.255200 ms  DeleteObjects: 1.045200 ms)

BALANCE RETREAT high frame=0 body=(-2.0, -0.4) ball=(0.0, 2.1) velocity=(0.5, -0.3) tilt=13.35788 headed=False waiting=False height=2.15242 width=0.5137253 head=(-2.1, 0.1, 0.2) deadline=2.589737 
(Filename: E:\unity\Runtime/Export/Debug/Debug.bindings.h Line: 39)

BALANCE RETREAT high frame=20 body=(-0.8, -1.0) ball=(0.0, 2.1) velocity=(3.2, -1.7) tilt=7.51195 headed=False waiting=False height=2.15242 width=0.5137253 head=(-0.9, -0.5, 0.2) deadline=2.189739 
(Filename: E:\unity\Runtime/Export/Debug/Debug.bindings.h Line: 39)

BALANCE RETREAT high frame=40 body=(0.3, -1.2) ball=(0.0, 2.1) velocity=(2.1, 0.8) tilt=6.472614 headed=False waiting=False height=2.15242 width=0.5137253 head=(0.3, -0.6, 0.2) deadline=1.789738 
(Filename: E:\unity\Runtime/Export/Debug/Debug.bindings.h Line: 39)

BALANCE RETREAT high frame=60 body=(0.3, -0.2) ball=(0.0, 2.1) velocity=(-0.6, 3.3) tilt=-5.091393 headed=False waiting=False height=2.15242 width=0.5137253 head=(0.2, 0.3, 0.2) deadline=-41.72 
(Filename: E:\unity\Runtime/Export/Debug/Debug.bindings.h Line: 39)

BALANCE RETREAT high frame=80 body=(0.3, 0.2) ball=(0.0, 2.1) velocity=(0.1, -0.8) tilt=2.141521 headed=False waiting=False height=2.15242 width=0.5137253 head=(0.3, 0.8, 0.2) deadline=-42.12 
(Filename: E:\unity\Runtime/Export/Debug/Debug.bindings.h Line: 39)

BALANCE RETREAT high frame=100 body=(0.3, -0.4) ball=(0.0, 2.1) velocity=(-0.3, 0.2) tilt=22.89581 headed=False waiting=False height=2.15242 width=0.5137253 head=(0.2, 0.0, 0.2) deadline=-42.52 
(Filename: E:\unity\Runtime/Export/Debug/Debug.bindings.h Line: 39)

BALANCE RETREAT high frame=120 body=(0.2, -0.4) ball=(0.0, 2.1) velocity=(-0.2, -0.1) tilt=13.26887 headed=False waiting=False height=2.15242 width=0.5137253 head=(0.1, 0.1, 0.2) deadline=-42.92 
(Filename: E:\unity\Runtime/Export/Debug/Debug.bindings.h Line: 39)

BALANCE RETREAT high frame=140 body=(0.2, -0.4) ball=(0.0, 2.1) velocity=(0.2, 0.0) tilt=11.8337 headed=False waiting=False height=2.15242 width=0.5137253 head=(0.1, 0.1, 0.2) deadline=-43.32 
(Filename: E:\unity\Runtime/Export/Debug/Debug.bindings.h Line: 39)

BALANCE RETREAT high frame=160 body=(0.3, -0.4) ball=(0.0, 2.1) velocity=(0.2, 0.0) tilt=9.98989 headed=False waiting=False height=2.15242 width=0.5137253 head=(0.2, 0.1, 0.2) deadline=-43.72 
(Filename: E:\unity\Runtime/Export/Debug/Debug.bindings.h Line: 39)

BALANCE RETREAT high frame=180 body=(0.3, -0.4) ball=(0.0, 2.1) velocity=(-0.1, 0.0) tilt=9.86268 headed=False waiting=False height=2.15242 width=0.5137253 head=(0.2, 0.1, 0.2) deadline=-44.12 
(Filename: E:\unity\Runtime/Export/Debug/Debug.bindings.h Line: 39)

BALANCE RETREAT high frame=200 body=(0.2, -0.4) ball=(0.0, 2.1) velocity=(0.0, 0.0) tilt=10.64181 headed=False waiting=False height=2.15242 width=0.5137253 head=(0.1, 0.1, 0.2) deadline=-44.52 
(Filename: E:\unity\Runtime/Export/Debug/Debug.bindings.h Line: 39)

BALANCE PASS high gap=2 nearGoal=False falling=False no own goal during rescue 
(Filename: E:\unity\Runtime/Export/Debug/Debug.bindings.h Line: 39)

BALANCE PASS high gap=2 nearGoal=False falling=False all joints stay connected error=0.05625654 
(Filename: E:\unity\Runtime/Export/Debug/Debug.bindings.h Line: 39)

BALANCE PASS high gap=2 nearGoal=False falling=False native skeleton retained 
(Filename: E:\unity\Runtime/Export/Debug/Debug.bindings.h Line: 39)

BALANCE PASS high gap=2 nearGoal=False falling=False balanced after recovery tilt=10.73212 
(Filename: E:\unity\Runtime/Export/Debug/Debug.bindings.h Line: 39)

BALANCE PASS high gap=2 nearGoal=False falling=False above-height ball does not request header 
(Filename: E:\unity\Runtime/Export/Debug/Debug.bindings.h Line: 39)

BALANCE PASS high gap=2 nearGoal=False falling=False high ball keeps ground running 
(Filename: E:\unity\Runtime/Export/Debug/Debug.bindings.h Line: 39)

BALANCE PASS high gap=2 nearGoal=False falling=False fast ground run reaches goal side peak=3.394024 
(Filename: E:\unity\Runtime/Export/Debug/Debug.bindings.h Line: 39)

BALANCE PASS high gap=2 nearGoal=False falling=False bounded auto action ended 
(Filename: E:\unity\Runtime/Export/Debug/Debug.bindings.h Line: 39)

Unloading 4 Unused Serialized files (Serialized files now loaded: 0)
UnloadTime: 0.352300 ms

Unloading 2 unused Assets to reduce memory usage. Loaded Objects now: 1060.
Total: 1.221100 ms (FindLiveObjects: 0.034000 ms CreateObjectMapping: 0.008100 ms MarkObjects: 0.192200 ms  DeleteObjects: 0.986500 ms)

BALANCE RETREAT high frame=0 body=(2.6, -0.4) ball=(4.6, 2.1) velocity=(0.8, -0.4) tilt=13.9253 headed=False waiting=False height=2.15242 width=0.5137253 head=(2.5, 0.1, 0.2) deadline=2.588581 
(Filename: E:\unity\Runtime/Export/Debug/Debug.bindings.h Line: 39)

BALANCE RETREAT high frame=20 body=(3.7, -0.8) ball=(4.6, 0.4) velocity=(0.2, 2.3) tilt=2.591067 headed=False waiting=True height=2.15242 width=0.5137253 head=(3.6, -0.3, 0.2) deadline=2.18858 
(Filename: E:\unity\Runtime/Export/Debug/Debug.bindings.h Line: 39)

BALANCE RETREAT high frame=40 body=(3.8, -0.4) ball=(4.6, -0.8) velocity=(-0.1, -1.0) tilt=12.38023 headed=False waiting=True height=2.15242 width=0.5137253 head=(3.7, 0.1, 0.2) deadline=1.788582 
(Filename: E:\unity\Runtime/Export/Debug/Debug.bindings.h Line: 39)

BALANCE RETREAT high frame=60 body=(4.7, -0.8) ball=(4.6, 0.8) velocity=(3.2, -1.6) tilt=6.612378 headed=False waiting=False height=2.15242 width=0.5137253 head=(4.6, -0.3, 0.2) deadline=1.38858 
(Filename: E:\unity\Runtime/Export/Debug/Debug.bindings.h Line: 39)

BALANCE RETREAT high frame=80 body=(5.0, -0.4) ball=(4.6, 0.8) velocity=(-1.9, 4.2) tilt=4.388091 headed=False waiting=False height=2.15242 width=0.5137253 head=(4.9, 0.2, 0.2) deadline=-46.88 
(Filename: E:\unity\Runtime/Export/Debug/Debug.bindings.h Line: 39)

BALANCE RETREAT high frame=100 body=(5.0, 0.1) ball=(3.8, 0.5) velocity=(0.3, -0.6) tilt=5.365713 headed=False waiting=False height=2.15242 width=0.5137253 head=(4.9, 0.7, 0.2) deadline=-47.28 
(Filename: E:\unity\Runtime/Export/Debug/Debug.bindings.h Line: 39)

BALANCE RETREAT high frame=120 body=(5.0, -0.5) ball=(2.8, -1.1) velocity=(-0.2, 0.6) tilt=24.55146 headed=False waiting=False height=2.15242 width=0.5137253 head=(4.8, 0.0, 0.2) deadline=-47.68 
(Filename: E:\unity\Runtime/Export/Debug/Debug.bindings.h Line: 39)

BALANCE RETREAT high frame=140 body=(5.0, -0.4) ball=(2.1, -0.4) velocity=(0.1, -0.1) tilt=12.79383 headed=False waiting=False height=2.15242 width=0.5137253 head=(4.8, 0.1, 0.2) deadline=-48.08 
(Filename: E:\unity\Runtime/Export/Debug/Debug.bindings.h Line: 39)

BALANCE RETREAT high frame=160 body=(5.0, -0.4) ball=(1.3, -0.3) velocity=(0.1, 0.0) tilt=10.81631 headed=False waiting=False height=2.15242 width=0.5137253 head=(4.9, 0.1, 0.2) deadline=-48.48 
(Filename: E:\unity\Runtime/Export/Debug/Debug.bindings.h Line: 39)

BALANCE RETREAT high frame=180 body=(5.0, -0.4) ball=(0.6, -1.5) velocity=(0.0, 0.0) tilt=10.12379 headed=False waiting=False height=2.15242 width=0.5137253 head=(4.9, 0.1, 0.2) deadline=-48.88 
(Filename: E:\unity\Runtime/Export/Debug/Debug.bindings.h Line: 39)

BALANCE RETREAT high frame=200 body=(5.0, -0.4) ball=(-0.1, -0.7) velocity=(0.0, 0.0) tilt=10.41133 headed=False waiting=False height=2.15242 width=0.5137253 head=(4.9, 0.1, 0.2) deadline=-49.28 
(Filename: E:\unity\Runtime/Export/Debug/Debug.bindings.h Line: 39)

BALANCE PASS high gap=2 nearGoal=True falling=True no own goal during rescue 
(Filename: E:\unity\Runtime/Export/Debug/Debug.bindings.h Line: 39)

BALANCE PASS high gap=2 nearGoal=True falling=True all joints stay connected error=0.06042917 
(Filename: E:\unity\Runtime/Export/Debug/Debug.bindings.h Line: 39)

BALANCE PASS high gap=2 nearGoal=True falling=True native skeleton retained 
(Filename: E:\unity\Runtime/Export/Debug/Debug.bindings.h Line: 39)

BALANCE PASS high gap=2 nearGoal=True falling=True balanced after recovery tilt=10.5094 
(Filename: E:\unity\Runtime/Export/Debug/Debug.bindings.h Line: 39)

BALANCE PASS high gap=2 nearGoal=True falling=True bounded auto action ended 
(Filename: E:\unity\Runtime/Export/Debug/Debug.bindings.h Line: 39)

BALANCE COMPLETE checks=102 failures=0 
(Filename: E:\unity\Runtime/Export/Debug/Debug.bindings.h Line: 39)

Setting up 12 worker threads for Enlighten.
  Thread -> id: 8250 -> priority: 1 
  Thread -> id: 61f8 -> priority: 1 
  Thread -> id: 3aac -> priority: 1 
  Thread -> id: 8eb0 -> priority: 1 
  Thread -> id: 9a10 -> priority: 1 
  Thread -> id: 5d0c -> priority: 1 
  Thread -> id: 4004 -> priority: 1 
  Thread -> id: 1a50 -> priority: 1 
  Thread -> id: 7e3c -> priority: 1 
  Thread -> id: a514 -> priority: 1 
  Thread -> id: 8080 -> priority: 1 
  Thread -> id: 6938 -> priority: 1 
Curl error 42: Callback aborted
 
(Filename:  Line: 867)

